V2-165-62      E2a 10 cm forward  drop  0.0 cm: instantaneous out of reach | reference out of reach
V2-165-62      E2a 10 cm forward  drop  2.5 cm: instantaneous ok, margin 30.0° (ankle inv) | reference ok, margin 29.5° (ankle inv)
V2-165-62      E2a 10 cm forward  drop  5.0 cm: instantaneous ok, margin 29.6° (ankle inv) | reference ok, margin 29.1° (ankle inv)
V2-165-62      E2a 10 cm forward  drop  7.5 cm: instantaneous ok, margin 27.1° (ankle DF) | reference ok, margin 26.7° (ankle DF)
V2-165-62      E2a 10 cm forward  drop 10.0 cm: instantaneous ok, margin 23.4° (ankle DF) | reference ok, margin 23.0° (ankle DF)
V2-165-62      E2b 10 cm lateral  drop  0.0 cm: instantaneous out of reach | reference out of reach
V2-165-62      E2b 10 cm lateral  drop  2.5 cm: instantaneous ok, margin 20.5° (ankle inv) | reference ok, margin 20.4° (ankle inv)
V2-165-62      E2b 10 cm lateral  drop  5.0 cm: instantaneous ok, margin 19.5° (ankle inv) | reference ok, margin 19.4° (ankle inv)
V2-165-62      E2b 10 cm lateral  drop  7.5 cm: instantaneous ok, margin 18.5° (ankle inv) | reference ok, margin 18.4° (ankle inv)
V2-165-62      E2b 10 cm lateral  drop 10.0 cm: instantaneous ok, margin 17.4° (ankle inv) | reference ok, margin 17.3° (ankle inv)
V2-165-62      E2a' 5 cm forward  drop  0.0 cm: instantaneous ok, margin 13.6° (knee flex) | reference ok, margin 13.6° (knee flex)
V2-165-62      E2a' 5 cm forward  drop  2.5 cm: instantaneous ok, margin 28.7° (ankle inv) | reference ok, margin 28.5° (ankle inv)
V2-165-62      E2a' 5 cm forward  drop  5.0 cm: instantaneous ok, margin 27.2° (ankle DF) | reference ok, margin 26.8° (ankle DF)
V2-165-62      E2a' 5 cm forward  drop  7.5 cm: instantaneous ok, margin 22.8° (ankle DF) | reference ok, margin 22.3° (ankle DF)
V2-165-62      E2a' 5 cm forward  drop 10.0 cm: instantaneous ok, margin 19.0° (ankle DF) | reference ok, margin 18.5° (ankle DF)
V2-165-62      E2b' 5 cm lateral  drop  0.0 cm: instantaneous out of reach | reference out of reach
V2-165-62      E2b' 5 cm lateral  drop  2.5 cm: instantaneous ok, margin 23.9° (ankle inv) | reference ok, margin 23.9° (ankle inv)
V2-165-62      E2b' 5 cm lateral  drop  5.0 cm: instantaneous ok, margin 23.1° (ankle inv) | reference ok, margin 23.1° (ankle inv)
V2-165-62      E2b' 5 cm lateral  drop  7.5 cm: instantaneous ok, margin 21.5° (ankle DF) | reference ok, margin 20.7° (ankle DF)
V2-165-62      E2b' 5 cm lateral  drop 10.0 cm: instantaneous ok, margin 17.4° (ankle DF) | reference ok, margin 16.6° (ankle DF)
V2-175-70      E2a 10 cm forward  drop  0.0 cm: instantaneous ok, margin 6.8° (knee flex) | reference ok, margin 6.8° (knee flex)
V2-175-70      E2a 10 cm forward  drop  2.5 cm: instantaneous ok, margin 29.7° (ankle inv) | reference ok, margin 29.5° (ankle inv)
V2-175-70      E2a 10 cm forward  drop  5.0 cm: instantaneous ok, margin 29.3° (ankle inv) | reference ok, margin 29.1° (ankle inv)
V2-175-70      E2a 10 cm forward  drop  7.5 cm: instantaneous ok, margin 27.2° (ankle DF) | reference ok, margin 27.1° (ankle DF)
V2-175-70      E2a 10 cm forward  drop 10.0 cm: instantaneous ok, margin 23.7° (ankle DF) | reference ok, margin 23.5° (ankle DF)
V2-175-70      E2b 10 cm lateral  drop  0.0 cm: instantaneous out of reach | reference out of reach
V2-175-70      E2b 10 cm lateral  drop  2.5 cm: instantaneous ok, margin 20.9° (ankle inv) | reference ok, margin 20.9° (ankle inv)
V2-175-70      E2b 10 cm lateral  drop  5.0 cm: instantaneous ok, margin 20.0° (ankle inv) | reference ok, margin 20.0° (ankle inv)
V2-175-70      E2b 10 cm lateral  drop  7.5 cm: instantaneous ok, margin 19.1° (ankle inv) | reference ok, margin 19.0° (ankle inv)
V2-175-70      E2b 10 cm lateral  drop 10.0 cm: instantaneous ok, margin 18.1° (ankle inv) | reference ok, margin 18.1° (ankle inv)
V2-175-70      E2a' 5 cm forward  drop  0.0 cm: instantaneous ok, margin 13.5° (knee flex) | reference ok, margin 13.5° (knee flex)
V2-175-70      E2a' 5 cm forward  drop  2.5 cm: instantaneous ok, margin 28.6° (ankle inv) | reference ok, margin 28.5° (ankle inv)
V2-175-70      E2a' 5 cm forward  drop  5.0 cm: instantaneous ok, margin 27.5° (ankle DF) | reference ok, margin 27.3° (ankle DF)
V2-175-70      E2a' 5 cm forward  drop  7.5 cm: instantaneous ok, margin 23.2° (ankle DF) | reference ok, margin 23.0° (ankle DF)
V2-175-70      E2a' 5 cm forward  drop 10.0 cm: instantaneous ok, margin 19.5° (ankle DF) | reference ok, margin 19.3° (ankle DF)
V2-175-70      E2b' 5 cm lateral  drop  0.0 cm: instantaneous out of reach | reference out of reach
V2-175-70      E2b' 5 cm lateral  drop  2.5 cm: instantaneous ok, margin 24.2° (ankle inv) | reference ok, margin 24.2° (ankle inv)
V2-175-70      E2b' 5 cm lateral  drop  5.0 cm: instantaneous ok, margin 23.5° (ankle inv) | reference ok, margin 23.5° (ankle inv)
V2-175-70      E2b' 5 cm lateral  drop  7.5 cm: instantaneous ok, margin 21.8° (ankle DF) | reference ok, margin 21.5° (ankle DF)
V2-175-70      E2b' 5 cm lateral  drop 10.0 cm: instantaneous ok, margin 17.8° (ankle DF) | reference ok, margin 17.5° (ankle DF)
V2-REF         E2a 10 cm forward  drop  0.0 cm: instantaneous ok, margin 7.6° (knee flex) | reference ok, margin 7.6° (knee flex)
V2-REF         E2a 10 cm forward  drop  2.5 cm: instantaneous ok, margin 29.4° (ankle inv) | reference ok, margin 29.5° (ankle inv)
V2-REF         E2a 10 cm forward  drop  5.0 cm: instantaneous ok, margin 29.0° (ankle inv) | reference ok, margin 29.1° (ankle inv)
V2-REF         E2a 10 cm forward  drop  7.5 cm: instantaneous ok, margin 27.3° (ankle DF) | reference ok, margin 27.3° (ankle DF)
V2-REF         E2a 10 cm forward  drop 10.0 cm: instantaneous ok, margin 23.8° (ankle DF) | reference ok, margin 23.8° (ankle DF)
V2-REF         E2b 10 cm lateral  drop  0.0 cm: instantaneous out of reach | reference out of reach
V2-REF         E2b 10 cm lateral  drop  2.5 cm: instantaneous ok, margin 21.2° (ankle inv) | reference ok, margin 21.2° (ankle inv)
V2-REF         E2b 10 cm lateral  drop  5.0 cm: instantaneous ok, margin 20.3° (ankle inv) | reference ok, margin 20.3° (ankle inv)
V2-REF         E2b 10 cm lateral  drop  7.5 cm: instantaneous ok, margin 19.5° (ankle inv) | reference ok, margin 19.5° (ankle inv)
V2-REF         E2b 10 cm lateral  drop 10.0 cm: instantaneous ok, margin 18.5° (ankle inv) | reference ok, margin 18.6° (ankle inv)
V2-REF         E2a' 5 cm forward  drop  0.0 cm: instantaneous ok, margin 13.3° (knee flex) | reference ok, margin 13.3° (knee flex)
V2-REF         E2a' 5 cm forward  drop  2.5 cm: instantaneous ok, margin 28.5° (ankle inv) | reference ok, margin 28.6° (ankle inv)
V2-REF         E2a' 5 cm forward  drop  5.0 cm: instantaneous ok, margin 27.6° (ankle DF) | reference ok, margin 27.7° (ankle DF)
V2-REF         E2a' 5 cm forward  drop  7.5 cm: instantaneous ok, margin 23.4° (ankle DF) | reference ok, margin 23.4° (ankle DF)
V2-REF         E2a' 5 cm forward  drop 10.0 cm: instantaneous ok, margin 19.7° (ankle DF) | reference ok, margin 19.8° (ankle DF)
V2-REF         E2b' 5 cm lateral  drop  0.0 cm: instantaneous out of reach | reference out of reach
V2-REF         E2b' 5 cm lateral  drop  2.5 cm: instantaneous ok, margin 24.4° (ankle inv) | reference ok, margin 24.4° (ankle inv)
V2-REF         E2b' 5 cm lateral  drop  5.0 cm: instantaneous ok, margin 23.7° (ankle inv) | reference ok, margin 23.7° (ankle inv)
V2-REF         E2b' 5 cm lateral  drop  7.5 cm: instantaneous ok, margin 21.9° (ankle DF) | reference ok, margin 22.0° (ankle DF)
V2-REF         E2b' 5 cm lateral  drop 10.0 cm: instantaneous ok, margin 18.0° (ankle DF) | reference ok, margin 18.1° (ankle DF)
V2-190-85      E2a 10 cm forward  drop  0.0 cm: instantaneous ok, margin 8.2° (knee flex) | reference ok, margin 8.2° (knee flex)
V2-190-85      E2a 10 cm forward  drop  2.5 cm: instantaneous ok, margin 29.2° (ankle inv) | reference ok, margin 29.4° (ankle inv)
V2-190-85      E2a 10 cm forward  drop  5.0 cm: instantaneous ok, margin 28.8° (ankle inv) | reference ok, margin 29.1° (ankle inv)
V2-190-85      E2a 10 cm forward  drop  7.5 cm: instantaneous ok, margin 27.3° (ankle DF) | reference ok, margin 27.6° (ankle DF)
V2-190-85      E2a 10 cm forward  drop 10.0 cm: instantaneous ok, margin 23.9° (ankle DF) | reference ok, margin 24.2° (ankle DF)
V2-190-85      E2b 10 cm lateral  drop  0.0 cm: instantaneous out of reach | reference out of reach
V2-190-85      E2b 10 cm lateral  drop  2.5 cm: instantaneous ok, margin 21.2° (knee flex) | reference ok, margin 21.2° (knee flex)
V2-190-85      E2b 10 cm lateral  drop  5.0 cm: instantaneous ok, margin 20.7° (ankle inv) | reference ok, margin 20.7° (ankle inv)
V2-190-85      E2b 10 cm lateral  drop  7.5 cm: instantaneous ok, margin 19.9° (ankle inv) | reference ok, margin 19.9° (ankle inv)
V2-190-85      E2b 10 cm lateral  drop 10.0 cm: instantaneous ok, margin 19.0° (ankle inv) | reference ok, margin 19.0° (ankle inv)
V2-190-85      E2a' 5 cm forward  drop  0.0 cm: instantaneous ok, margin 13.2° (knee flex) | reference ok, margin 13.2° (knee flex)
V2-190-85      E2a' 5 cm forward  drop  2.5 cm: instantaneous ok, margin 28.5° (ankle inv) | reference ok, margin 28.6° (ankle inv)
V2-190-85      E2a' 5 cm forward  drop  5.0 cm: instantaneous ok, margin 27.7° (ankle DF) | reference ok, margin 28.0° (ankle DF)
V2-190-85      E2a' 5 cm forward  drop  7.5 cm: instantaneous ok, margin 23.6° (ankle DF) | reference ok, margin 23.9° (ankle DF)
V2-190-85      E2a' 5 cm forward  drop 10.0 cm: instantaneous ok, margin 20.0° (ankle DF) | reference ok, margin 20.4° (ankle DF)
V2-190-85      E2b' 5 cm lateral  drop  0.0 cm: instantaneous out of reach | reference out of reach
V2-190-85      E2b' 5 cm lateral  drop  2.5 cm: instantaneous ok, margin 24.6° (ankle inv) | reference ok, margin 24.5° (ankle inv)
V2-190-85      E2b' 5 cm lateral  drop  5.0 cm: instantaneous ok, margin 23.9° (ankle inv) | reference ok, margin 23.9° (ankle inv)
V2-190-85      E2b' 5 cm lateral  drop  7.5 cm: instantaneous ok, margin 22.0° (ankle DF) | reference ok, margin 22.5° (ankle DF)
V2-190-85      E2b' 5 cm lateral  drop 10.0 cm: instantaneous ok, margin 18.2° (ankle DF) | reference ok, margin 18.7° (ankle DF)
V2-198-92      E2a 10 cm forward  drop  0.0 cm: instantaneous ok, margin 8.6° (knee flex) | reference ok, margin 8.6° (knee flex)
V2-198-92      E2a 10 cm forward  drop  2.5 cm: instantaneous ok, margin 29.0° (ankle inv) | reference ok, margin 29.4° (ankle inv)
V2-198-92      E2a 10 cm forward  drop  5.0 cm: instantaneous ok, margin 28.6° (ankle inv) | reference ok, margin 29.1° (ankle inv)
V2-198-92      E2a 10 cm forward  drop  7.5 cm: instantaneous ok, margin 27.4° (ankle DF) | reference ok, margin 27.9° (ankle DF)
V2-198-92      E2a 10 cm forward  drop 10.0 cm: instantaneous ok, margin 24.0° (ankle DF) | reference ok, margin 24.5° (ankle DF)
V2-198-92      E2b 10 cm lateral  drop  0.0 cm: instantaneous out of reach | reference out of reach
V2-198-92      E2b 10 cm lateral  drop  2.5 cm: instantaneous ok, margin 21.1° (knee flex) | reference ok, margin 21.1° (knee flex)
V2-198-92      E2b 10 cm lateral  drop  5.0 cm: instantaneous ok, margin 21.0° (ankle inv) | reference ok, margin 21.1° (ankle inv)
V2-198-92      E2b 10 cm lateral  drop  7.5 cm: instantaneous ok, margin 20.3° (ankle inv) | reference ok, margin 20.3° (ankle inv)
V2-198-92      E2b 10 cm lateral  drop 10.0 cm: instantaneous ok, margin 19.5° (ankle inv) | reference ok, margin 19.5° (ankle inv)
V2-198-92      E2a' 5 cm forward  drop  0.0 cm: instantaneous ok, margin 13.1° (knee flex) | reference ok, margin 13.1° (knee flex)
V2-198-92      E2a' 5 cm forward  drop  2.5 cm: instantaneous ok, margin 28.4° (ankle inv) | reference ok, margin 28.6° (ankle inv)
V2-198-92      E2a' 5 cm forward  drop  5.0 cm: instantaneous ok, margin 27.9° (ankle DF) | reference ok, margin 28.2° (ankle inv)
V2-198-92      E2a' 5 cm forward  drop  7.5 cm: instantaneous ok, margin 23.8° (ankle DF) | reference ok, margin 24.3° (ankle DF)
V2-198-92      E2a' 5 cm forward  drop 10.0 cm: instantaneous ok, margin 20.3° (ankle DF) | reference ok, margin 20.9° (ankle DF)
V2-198-92      E2b' 5 cm lateral  drop  0.0 cm: instantaneous out of reach | reference out of reach
V2-198-92      E2b' 5 cm lateral  drop  2.5 cm: instantaneous ok, margin 24.8° (ankle inv) | reference ok, margin 24.7° (ankle inv)
V2-198-92      E2b' 5 cm lateral  drop  5.0 cm: instantaneous ok, margin 24.2° (ankle inv) | reference ok, margin 24.1° (ankle inv)
V2-198-92      E2b' 5 cm lateral  drop  7.5 cm: instantaneous ok, margin 22.2° (ankle DF) | reference ok, margin 23.0° (ankle DF)
V2-198-92      E2b' 5 cm lateral  drop 10.0 cm: instantaneous ok, margin 18.5° (ankle DF) | reference ok, margin 19.3° (ankle DF)
V2-long-legs   E2a 10 cm forward  drop  0.0 cm: instantaneous ok, margin 8.4° (knee flex) | reference ok, margin 8.4° (knee flex)
V2-long-legs   E2a 10 cm forward  drop  2.5 cm: instantaneous ok, margin 29.5° (ankle inv) | reference ok, margin 29.8° (ankle inv)
V2-long-legs   E2a 10 cm forward  drop  5.0 cm: instantaneous ok, margin 29.2° (ankle inv) | reference ok, margin 29.4° (ankle inv)
V2-long-legs   E2a 10 cm forward  drop  7.5 cm: instantaneous ok, margin 27.2° (ankle DF) | reference ok, margin 27.5° (ankle DF)
V2-long-legs   E2a 10 cm forward  drop 10.0 cm: instantaneous ok, margin 23.8° (ankle DF) | reference ok, margin 24.0° (ankle DF)
V2-long-legs   E2b 10 cm lateral  drop  0.0 cm: instantaneous out of reach | reference out of reach
V2-long-legs   E2b 10 cm lateral  drop  2.5 cm: instantaneous ok, margin 21.7° (knee flex) | reference ok, margin 21.7° (knee flex)
V2-long-legs   E2b 10 cm lateral  drop  5.0 cm: instantaneous ok, margin 21.1° (ankle inv) | reference ok, margin 21.1° (ankle inv)
V2-long-legs   E2b 10 cm lateral  drop  7.5 cm: instantaneous ok, margin 20.3° (ankle inv) | reference ok, margin 20.3° (ankle inv)
V2-long-legs   E2b 10 cm lateral  drop 10.0 cm: instantaneous ok, margin 19.5° (ankle inv) | reference ok, margin 19.5° (ankle inv)
V2-long-legs   E2a' 5 cm forward  drop  0.0 cm: instantaneous ok, margin 13.2° (knee flex) | reference ok, margin 13.2° (knee flex)
V2-long-legs   E2a' 5 cm forward  drop  2.5 cm: instantaneous ok, margin 28.8° (ankle inv) | reference ok, margin 28.9° (ankle inv)
V2-long-legs   E2a' 5 cm forward  drop  5.0 cm: instantaneous ok, margin 27.6° (ankle DF) | reference ok, margin 27.9° (ankle DF)
V2-long-legs   E2a' 5 cm forward  drop  7.5 cm: instantaneous ok, margin 23.5° (ankle DF) | reference ok, margin 23.8° (ankle DF)
V2-long-legs   E2a' 5 cm forward  drop 10.0 cm: instantaneous ok, margin 19.9° (ankle DF) | reference ok, margin 20.3° (ankle DF)
V2-long-legs   E2b' 5 cm lateral  drop  0.0 cm: instantaneous out of reach | reference out of reach
V2-long-legs   E2b' 5 cm lateral  drop  2.5 cm: instantaneous ok, margin 24.9° (ankle inv) | reference ok, margin 24.9° (ankle inv)
V2-long-legs   E2b' 5 cm lateral  drop  5.0 cm: instantaneous ok, margin 24.3° (ankle inv) | reference ok, margin 24.3° (ankle inv)
V2-long-legs   E2b' 5 cm lateral  drop  7.5 cm: instantaneous ok, margin 21.9° (ankle DF) | reference ok, margin 22.4° (ankle DF)
V2-long-legs   E2b' 5 cm lateral  drop 10.0 cm: instantaneous ok, margin 18.1° (ankle DF) | reference ok, margin 18.7° (ankle DF)
V2-short-legs  E2a 10 cm forward  drop  0.0 cm: instantaneous ok, margin 5.9° (knee flex) | reference ok, margin 5.9° (knee flex)
V2-short-legs  E2a 10 cm forward  drop  2.5 cm: instantaneous ok, margin 29.3° (ankle inv) | reference ok, margin 29.1° (ankle inv)
V2-short-legs  E2a 10 cm forward  drop  5.0 cm: instantaneous ok, margin 29.0° (ankle inv) | reference ok, margin 28.7° (ankle inv)
V2-short-legs  E2a 10 cm forward  drop  7.5 cm: instantaneous ok, margin 27.4° (ankle DF) | reference ok, margin 27.2° (ankle DF)
V2-short-legs  E2a 10 cm forward  drop 10.0 cm: instantaneous ok, margin 23.8° (ankle DF) | reference ok, margin 23.6° (ankle DF)
V2-short-legs  E2b 10 cm lateral  drop  0.0 cm: instantaneous out of reach | reference out of reach
V2-short-legs  E2b 10 cm lateral  drop  2.5 cm: instantaneous ok, margin 20.5° (ankle inv) | reference ok, margin 20.5° (ankle inv)
V2-short-legs  E2b 10 cm lateral  drop  5.0 cm: instantaneous ok, margin 19.5° (ankle inv) | reference ok, margin 19.5° (ankle inv)
V2-short-legs  E2b 10 cm lateral  drop  7.5 cm: instantaneous ok, margin 18.6° (ankle inv) | reference ok, margin 18.5° (ankle inv)
V2-short-legs  E2b 10 cm lateral  drop 10.0 cm: instantaneous ok, margin 17.6° (ankle inv) | reference ok, margin 17.5° (ankle inv)
V2-short-legs  E2a' 5 cm forward  drop  0.0 cm: instantaneous ok, margin 13.5° (knee flex) | reference ok, margin 13.5° (knee flex)
V2-short-legs  E2a' 5 cm forward  drop  2.5 cm: instantaneous ok, margin 28.3° (ankle inv) | reference ok, margin 28.2° (ankle inv)
V2-short-legs  E2a' 5 cm forward  drop  5.0 cm: instantaneous ok, margin 27.6° (ankle DF) | reference ok, margin 27.4° (ankle DF)
V2-short-legs  E2a' 5 cm forward  drop  7.5 cm: instantaneous ok, margin 23.3° (ankle DF) | reference ok, margin 23.0° (ankle DF)
V2-short-legs  E2a' 5 cm forward  drop 10.0 cm: instantaneous ok, margin 19.6° (ankle DF) | reference ok, margin 19.3° (ankle DF)
V2-short-legs  E2b' 5 cm lateral  drop  0.0 cm: instantaneous out of reach | reference out of reach
V2-short-legs  E2b' 5 cm lateral  drop  2.5 cm: instantaneous ok, margin 23.7° (ankle inv) | reference ok, margin 23.7° (ankle inv)
V2-short-legs  E2b' 5 cm lateral  drop  5.0 cm: instantaneous ok, margin 23.0° (ankle inv) | reference ok, margin 23.0° (ankle inv)
V2-short-legs  E2b' 5 cm lateral  drop  7.5 cm: instantaneous ok, margin 21.9° (ankle DF) | reference ok, margin 21.5° (ankle DF)
V2-short-legs  E2b' 5 cm lateral  drop 10.0 cm: instantaneous ok, margin 17.9° (ankle DF) | reference ok, margin 17.5° (ankle DF)
V1-matched     E2a 10 cm forward  drop  0.0 cm: instantaneous ok, margin 8.2° (knee flex) | reference ok, margin 8.2° (knee flex)
V1-matched     E2a 10 cm forward  drop  2.5 cm: instantaneous ok, margin 29.3° (ankle inv) | reference ok, margin 29.4° (ankle inv)
V1-matched     E2a 10 cm forward  drop  5.0 cm: instantaneous ok, margin 28.9° (ankle inv) | reference ok, margin 29.1° (ankle inv)
V1-matched     E2a 10 cm forward  drop  7.5 cm: instantaneous ok, margin 27.4° (ankle DF) | reference ok, margin 27.6° (ankle DF)
V1-matched     E2a 10 cm forward  drop 10.0 cm: instantaneous ok, margin 24.0° (ankle DF) | reference ok, margin 24.2° (ankle DF)
V1-matched     E2b 10 cm lateral  drop  0.0 cm: instantaneous out of reach | reference out of reach
V1-matched     E2b 10 cm lateral  drop  2.5 cm: instantaneous ok, margin 21.2° (knee flex) | reference ok, margin 21.2° (knee flex)
V1-matched     E2b 10 cm lateral  drop  5.0 cm: instantaneous ok, margin 20.7° (ankle inv) | reference ok, margin 20.7° (ankle inv)
V1-matched     E2b 10 cm lateral  drop  7.5 cm: instantaneous ok, margin 19.9° (ankle inv) | reference ok, margin 19.9° (ankle inv)
V1-matched     E2b 10 cm lateral  drop 10.0 cm: instantaneous ok, margin 19.0° (ankle inv) | reference ok, margin 19.0° (ankle inv)
V1-matched     E2a' 5 cm forward  drop  0.0 cm: instantaneous ok, margin 13.2° (knee flex) | reference ok, margin 13.2° (knee flex)
V1-matched     E2a' 5 cm forward  drop  2.5 cm: instantaneous ok, margin 28.5° (ankle inv) | reference ok, margin 28.6° (ankle inv)
V1-matched     E2a' 5 cm forward  drop  5.0 cm: instantaneous ok, margin 27.9° (ankle DF) | reference ok, margin 28.0° (ankle DF)
V1-matched     E2a' 5 cm forward  drop  7.5 cm: instantaneous ok, margin 23.7° (ankle DF) | reference ok, margin 23.9° (ankle DF)
V1-matched     E2a' 5 cm forward  drop 10.0 cm: instantaneous ok, margin 20.2° (ankle DF) | reference ok, margin 20.4° (ankle DF)
V1-matched     E2b' 5 cm lateral  drop  0.0 cm: instantaneous out of reach | reference out of reach
V1-matched     E2b' 5 cm lateral  drop  2.5 cm: instantaneous ok, margin 24.5° (ankle inv) | reference ok, margin 24.5° (ankle inv)
V1-matched     E2b' 5 cm lateral  drop  5.0 cm: instantaneous ok, margin 23.9° (ankle inv) | reference ok, margin 23.9° (ankle inv)
V1-matched     E2b' 5 cm lateral  drop  7.5 cm: instantaneous ok, margin 22.2° (ankle DF) | reference ok, margin 22.5° (ankle DF)
V1-matched     E2b' 5 cm lateral  drop 10.0 cm: instantaneous ok, margin 18.4° (ankle DF) | reference ok, margin 18.7° (ankle DF)
