     KV4b R φ 0° T 2.5: held 0.02°, rot 4.770° vs law 4.770° (Δ 0.000°)
     KV4b R φ 0° T 5: held 0.04°, rot 7.470° vs law 7.469° (Δ 0.000°)
     KV4b R φ 0° T 10: held 0.07°, rot 11.300° vs law 11.300° (Δ 0.000°)
     KV4b R φ 0° T -2.5: held -0.02°, rot -3.844° vs law -3.844° (Δ 0.000°)
     KV4b R φ 0° T -5: held -0.03°, rot -6.319° vs law -6.319° (Δ 0.000°)
     KV4b R φ 0° T -10: held -0.06°, rot -9.916° vs law -9.916° (Δ 0.000°)
     KV4b R φ 10° T 2.5: held 10.02°, rot 8.175° vs law 8.175° (Δ 0.000°)
     KV4b R φ 10° T 5: held 10.03°, rot 10.873° vs law 10.873° (Δ 0.000°)
     KV4b R φ 10° T 10: held 10.06°, rot 14.700° vs law 14.699° (Δ 0.000°)
     KV4b R φ 10° T -2.5: held 9.99°, rot -1.585° vs law -1.585° (Δ 0.000°)
     KV4b R φ 10° T -5: held 9.99°, rot -4.582° vs law -4.582° (Δ 0.000°)
     KV4b R φ 10° T -10: held 9.99°, rot -8.697° vs law -8.697° (Δ 0.000°)
     KV4b R φ 20° T 2.5: held 20.01°, rot 11.035° vs law 11.035° (Δ -0.000°)
     KV4b R φ 20° T 5: held 20.03°, rot 13.731° vs law 13.731° (Δ 0.000°)
     KV4b R φ 20° T 10: held 20.05°, rot 17.555° vs law 17.555° (Δ 0.000°)
     KV4b R φ 20° T -2.5: held 20.00°, rot -1.560° vs law -1.560° (Δ 0.000°)
     KV4b R φ 20° T -5: held 20.00°, rot -5.565° vs law -5.565° (Δ -0.000°)
     KV4b R φ 20° T -10: held 20.02°, rot -10.552° vs law -10.552° (Δ -0.000°)
     KV4b R φ 30° T 2.5: held 30.01°, rot 13.396° vs law 13.396° (Δ -0.000°)
     KV4b R φ 30° T 5: held 30.02°, rot 16.090° vs law 16.091° (Δ -0.000°)
     KV4b R φ 30° T 10: held 30.04°, rot 19.912° vs law 19.912° (Δ -0.000°)
     KV4b R φ 30° T -2.5: held 30.00°, rot -2.007° vs law -2.005° (Δ -0.002°)
     KV4b R φ 30° T -5: held 30.00°, rot -6.709° vs law -6.709° (Δ 0.000°)
     KV4b R φ 30° T -10: held 30.00°, rot -12.203° vs law -12.203° (Δ 0.000°)
     KV4b R φ 40° T 2.5: held 40.01°, rot 15.303° vs law 15.303° (Δ -0.000°)
     KV4b R φ 40° T 5: held 40.02°, rot 17.997° vs law 17.997° (Δ -0.000°)
     KV4b R φ 40° T 10: held 40.03°, rot 21.817° vs law 21.817° (Δ -0.000°)
     KV4b R φ 40° T -2.5: held 39.99°, rot -0.597° vs law -0.594° (Δ -0.003°)
     KV4b R φ 40° T -5: held 39.98°, rot -5.400° vs law -5.400° (Δ 0.000°)
     KV4b R φ 40° T -10: held 39.97°, rot -10.966° vs law -10.967° (Δ 0.000°)
     KV4b R φ 90° T 2.5: held 90.00°, rot 19.647° vs law 19.647° (Δ -0.000°)
     KV4b R φ 90° T 5: held 90.00°, rot 22.340° vs law 22.340° (Δ -0.000°)
     KV4b R φ 90° T 10: held 90.00°, rot 26.157° vs law 26.157° (Δ -0.000°)
     KV4b R φ 90° T -2.5: held 90.00°, rot 3.750° vs law 3.753° (Δ -0.003°)
     KV4b R φ 90° T -5: held 90.00°, rot -1.052° vs law -1.052° (Δ -0.000°)
     KV4b R φ 90° T -10: held 90.00°, rot -6.615° vs law -6.615° (Δ 0.000°)
     KV4b L φ 20° T 2.5: held 20.01°, rot 11.035° vs law 11.035° (Δ -0.000°)
     KV4b L φ 20° T 5: held 20.03°, rot 13.731° vs law 13.731° (Δ -0.000°)
     KV4b L φ 20° T 10: held 20.05°, rot 17.555° vs law 17.555° (Δ -0.000°)
     KV4b L φ 20° T -2.5: held 20.00°, rot -1.560° vs law -1.560° (Δ 0.000°)
     KV4b L φ 20° T -5: held 20.00°, rot -5.565° vs law -5.565° (Δ -0.000°)
     KV4b L φ 20° T -10: held 20.02°, rot -10.552° vs law -10.552° (Δ -0.000°)
PASS KV4b plant static rotation vs the bench law at the held flexion; held flexion: 0 / 42 outside (worst Δ 0.003°, worst flex error 0.07°) (limit max(0.3°, 3 %); flex ≤ 1.5°)
     KV3b φ 0–30° T 0: per cycle W_el 1.3e+0, 2.0e+0, 2.7e+0, 3.5e+0 J; closure 1.3e+0, 2.0e+0, 2.7e+0, 3.5e+0 J; [report: implicit dissipation 2.4e-1, 3.8e-1, 5.6e-1, 7.9e-1; closure + it 1.6e+0, 2.3e+0, 3.2e+0, 4.3e+0]; W_act 0.279, 0.293, 0.306, 0.320; D 1.618, 2.241, 2.965, 3.828
     KV3b φ 0–30° T 5: per cycle W_el 2.9e-2, 2.9e-2, 3.0e-2, 3.0e-2 J; closure 2.8e-2, 2.8e-2, 2.8e-2, 2.8e-2 J; [report: implicit dissipation 1.3e-2, 1.3e-2, 1.3e-2, 1.3e-2; closure + it 4.0e-2, 4.1e-2, 4.1e-2, 4.1e-2]; W_act 0.269, 0.276, 0.282, 0.288; D 0.296, 0.303, 0.310, 0.315
     KV3b φ 0–30° T -5: per cycle W_el 1.6e-2, 1.6e-2, 1.6e-2, 1.6e-2 J; closure 1.6e-2, 1.6e-2, 1.6e-2, 1.6e-2 J; [report: implicit dissipation 3.1e-3, 3.1e-3, 3.1e-3, 3.1e-3; closure + it 1.9e-2, 1.9e-2, 1.9e-2, 1.9e-2]; W_act 0.264, 0.272, 0.278, 0.283; D 0.280, 0.287, 0.293, 0.299
     KV3b φ 0–120° T 0: per cycle W_el 1.4e+1, 1.4e+1, 1.3e+1, 1.3e+1 J; closure 1.4e+1, 1.4e+1, 1.3e+1, 1.3e+1 J; [report: implicit dissipation 4.0e+0, 3.9e+0, 3.8e+0, 3.6e+0; closure + it 1.8e+1, 1.7e+1, 1.7e+1, 1.6e+1]; W_act 4.557, 4.537, 4.533, 4.507; D 18.510, 18.099, 17.841, 17.204
     KV3b φ 0–120° T 5: per cycle W_el 8.3e-2, 8.4e-2, 8.2e-2, 8.2e-2 J; closure -1.7e-2, -1.7e-2, -1.7e-2, -1.7e-2 J; [report: implicit dissipation 1.2e-1, 1.1e-1, 1.1e-1, 1.1e-1; closure + it 1.1e-1, 9.7e-2, 9.7e-2, 9.7e-2]; W_act 4.427, 4.424, 4.424, 4.424; D 4.409, 4.407, 4.407, 4.407
     KV3b φ 0–120° T -5: per cycle W_el 6.8e-2, 8.2e-2, 8.8e-2, 8.7e-2 J; closure -2.4e-2, -1.0e-2, -5.6e-3, -6.1e-3 J; [report: implicit dissipation 4.7e-2, 5.0e-2, 5.4e-2, 5.4e-2; closure + it 2.3e-2, 4.0e-2, 4.8e-2, 4.7e-2]; W_act 4.346, 4.349, 4.349, 4.349; D 4.321, 4.336, 4.341, 4.340
FAIL KV3b closed flexion cycles: elastic passive work per cycle; ledger closure; no amplitude growth: 20 cycle violations; max amplitude growth 19.16 % (limit |W_el| ≤ 0.02 J + 1 % ∮|P_el|; |closure| ≤ 0.05 J; growth ≤ 5 %)
FAIL KV6b passive reference path followed with the axial free (0 → 40 → 0°): worst excess beyond slack + 1° = 4.173°; axial change 0 → 30° = 9.54° (limit ≤ 0; 8.6 ± 1.5°)
     KV7b φ 0° internal: at capacity 3.01° beyond the bound (14.07°); at 40 N·m θ 19.68°; min engine margin 46.3°; hold closure 2.7e-3 J
     KV7b φ 0° external: at capacity 3.01° beyond the bound (-12.57°); at 40 N·m θ -18.16°; min engine margin 41.8°; hold closure 6.1e-3 J
     KV7b φ 30° internal: at capacity 3.01° beyond the bound (22.66°); at 40 N·m θ 28.24°; min engine margin 37.7°; hold closure 7.1e-4 J
     KV7b φ 30° external: at capacity 3.01° beyond the bound (-15.68°); at 40 N·m θ -21.33°; min engine margin 38.7°; hold closure -1.8e-3 J
     KV7b φ 90° internal: at capacity 3.01° beyond the bound (28.88°); at 40 N·m θ 34.46°; min engine margin 31.5°; hold closure 3.5e-3 J
     KV7b φ 90° external: at capacity 3.01° beyond the bound (-10.12°); at 40 N·m θ -15.77°; min engine margin 44.2°; hold closure -1.1e-2 J
PASS KV7b end-stop engages at bound + 3°; no Jolt-stop contact; hold closure: 0 / 6 violations (limit 3 ± 0.75°; margin ≥ 0.25°; ≤ 0.05 J)
     KV8 180 Hz: KV4b true, KV3b false, KV6b false (Δ0→30 7.41°), KV7b true
     KV8 240 Hz: KV4b true, KV3b false, KV6b false (Δ0→30 9.54°), KV7b true
     KV8 480 Hz: KV4b true, KV3b false, KV6b false (Δ0→30 2.35°), KV7b true
FAIL KV8 180 / 240 / 480 Hz: KV3b, KV4b, KV6b, KV7b criteria hold; KV4b static rotation spread: all criteria false; KV4b spread 0.007° (limit all; ≤ 0.3°)
     KV2b kv4b R0 240Hz: |W_pas + ΔU + D| 2.57e+0 J (signed 2.57e+0; implicit dissipation 1.65e+0; + it: 4.21e+0) (lim 0.202)
     KV2b kv4b R10 240Hz: |W_pas + ΔU + D| 3.27e+0 J (signed 3.27e+0; implicit dissipation 1.83e+0; + it: 5.10e+0) (lim 0.230)
     KV2b kv4b R20 240Hz: |W_pas + ΔU + D| 4.51e+0 J (signed 4.51e+0; implicit dissipation 1.95e+0; + it: 6.46e+0) (lim 0.273)
     KV2b kv4b R30 240Hz: |W_pas + ΔU + D| 7.41e+0 J (signed 7.41e+0; implicit dissipation 2.41e+0; + it: 9.82e+0) (lim 0.322)
     KV2b kv4b R40 240Hz: |W_pas + ΔU + D| 8.43e+0 J (signed 8.43e+0; implicit dissipation 2.70e+0; + it: 1.11e+1) (lim 0.333)
     KV2b kv4b R90 240Hz: |W_pas + ΔU + D| 7.45e+0 J (signed 7.45e+0; implicit dissipation 2.22e+0; + it: 9.68e+0) (lim 0.304)
     KV2b kv4b L20 240Hz: |W_pas + ΔU + D| 4.50e+0 J (signed 4.50e+0; implicit dissipation 1.98e+0; + it: 6.48e+0) (lim 0.274)
     KV2b kv3b 0-30 T0 240Hz: |W_pas + ΔU + D| 1.03e+1 J (signed 1.03e+1; implicit dissipation 2.10e+0; + it: 1.24e+1) (lim 0.117)
     KV2b kv3b 0-30 T5 240Hz: |W_pas + ΔU + D| 6.70e-1 J (signed 6.70e-1; implicit dissipation 5.27e-1; + it: 1.20e+0) (lim 0.096)
     KV2b kv3b 0-30 T-5 240Hz: |W_pas + ΔU + D| 4.35e-1 J (signed 4.35e-1; implicit dissipation 3.91e-1; + it: 8.26e-1) (lim 0.112)
     KV2b kv3b 0-120 T0 240Hz: |W_pas + ΔU + D| 5.99e+1 J (signed 5.99e+1; implicit dissipation 1.71e+1; + it: 7.70e+1) (lim 0.922)
     KV2b kv3b 0-120 T5 240Hz: |W_pas + ΔU + D| 9.33e-1 J (signed 9.33e-1; implicit dissipation 1.03e+0; + it: 1.96e+0) (lim 0.506)
     KV2b kv3b 0-120 T-5 240Hz: |W_pas + ΔU + D| 7.55e-1 J (signed 7.55e-1; implicit dissipation 6.32e-1; + it: 1.39e+0) (lim 0.507)
     KV2b kv6b 240Hz: |W_pas + ΔU + D| 5.94e+0 J (signed 5.94e+0; implicit dissipation 7.74e-1; + it: 6.72e+0) (lim 0.056)
     KV2b kv7b 30 − 240Hz: |W_pas + ΔU + D| 5.02e-1 J (signed 5.02e-1; implicit dissipation 1.43e-1; + it: 6.45e-1) (lim 0.128)
     KV2b kv7b 90 − 240Hz: |W_pas + ΔU + D| 5.60e-1 J (signed 5.60e-1; implicit dissipation 1.58e-1; + it: 7.18e-1) (lim 0.131)
     KV2b kv4b R20 180Hz: |W_pas + ΔU + D| 3.49e+0 J (signed 3.49e+0; implicit dissipation 2.04e+0; + it: 5.52e+0) (lim 0.221)
     KV2b kv3b 0-30 T5 180Hz: |W_pas + ΔU + D| 4.45e-1 J (signed 4.45e-1; implicit dissipation 5.42e-1; + it: 9.87e-1) (lim 0.085)
     KV2b kv6b 180Hz: |W_pas + ΔU + D| 2.84e+0 J (signed 2.84e+0; implicit dissipation 4.31e-1; + it: 3.27e+0) (lim 0.036)
     KV2b kv7b 30 − 180Hz: |W_pas + ΔU + D| 3.79e-1 J (signed 3.79e-1; implicit dissipation 1.48e-1; + it: 5.27e-1) (lim 0.122)
     KV2b kv4b R20 240Hz: |W_pas + ΔU + D| 4.51e+0 J (signed 4.51e+0; implicit dissipation 1.95e+0; + it: 6.46e+0) (lim 0.273)
     KV2b kv3b 0-30 T5 240Hz: |W_pas + ΔU + D| 6.70e-1 J (signed 6.70e-1; implicit dissipation 5.27e-1; + it: 1.20e+0) (lim 0.096)
     KV2b kv6b 240Hz: |W_pas + ΔU + D| 5.94e+0 J (signed 5.94e+0; implicit dissipation 7.74e-1; + it: 6.72e+0) (lim 0.056)
     KV2b kv7b 30 − 240Hz: |W_pas + ΔU + D| 5.02e-1 J (signed 5.02e-1; implicit dissipation 1.43e-1; + it: 6.45e-1) (lim 0.128)
     KV2b kv4b R20 480Hz: |W_pas + ΔU + D| 1.35e+1 J (signed 1.35e+1; implicit dissipation 2.31e+0; + it: 1.58e+1) (lim 0.548)
     KV2b kv3b 0-30 T5 480Hz: |W_pas + ΔU + D| 1.64e+0 J (signed 1.64e+0; implicit dissipation 5.23e-1; + it: 2.16e+0) (lim 0.141)
     KV2b kv6b 480Hz: |W_pas + ΔU + D| 3.47e+1 J (signed 3.47e+1; implicit dissipation 3.09e+0; + it: 3.77e+1) (lim 0.270)
     KV2b kv7b 30 + 480Hz: |W_pas + ΔU + D| 1.25e-1 J (signed 1.25e-1; implicit dissipation 3.40e-2; + it: 1.59e-1) (lim 0.105)
     KV2b kv7b 30 − 480Hz: |W_pas + ΔU + D| 1.00e+0 J (signed 1.00e+0; implicit dissipation 1.58e-1; + it: 1.16e+0) (lim 0.167)
FAIL KV2b passive work = −ΔU − viscous loss in every rig run: 29 / 35 runs outside (limit ≤ 0.02 J + 2 % ∫|P_pas|)
     report (erratum view): with the implicit-drive dissipation added and the strict residual dissipative (≤ 0): 0 / 35 runs within the same limit
FAIL KV2b′.ab elastic part creates no energy (W_el + ΔU ≤ 0.02 J + 0.5 % ∫|P_el|); viscous part dissipative (W_visc ≤ 0.02 J) — every rig run: kv4b_R0_240: W_el + ΔU 2.48e+0 J (lim 0.072), W_visc -3.92e+0 J | kv4b_R10_240: W_el + ΔU 3.18e+0 J (lim 0.080), W_visc -4.75e+0 J | kv4b_R20_240: W_el + ΔU 4.41e+0 J (lim 0.093), W_visc -6.03e+0 J | kv4b_R30_240: W_el + ΔU 7.29e+0 J (lim 0.115), W_visc -9.13e+0 J (limit all)
     KV2b′.c kv4b_R20: |W_el + ΔU| 3.37e+0 / 4.41e+0 / 1.34e+1 J at 180 / 240 / 480 Hz → order -1.60
     KV2b′.c kv3b_0_30_5: |W_el + ΔU| 4.16e-1 / 6.45e-1 / 1.62e+0 J at 180 / 240 / 480 Hz → order -1.33
     KV2b′.c kv6b: |W_el + ΔU| 2.82e+0 / 5.91e+0 / 3.46e+1 J at 180 / 240 / 480 Hz → order -2.55
     KV2b′.c kv7b_30_1: |W_el + ΔU| 4.06e-2 / 6.43e-2 / 1.24e-1 J at 180 / 240 / 480 Hz → order -0.95
     KV2b′.c kv7b_30_-1: |W_el + ΔU| 3.74e-1 / 4.98e-1 / 1.00e+0 J at 180 / 240 / 480 Hz → order -1.01
FAIL KV2b′.c consistency: the elastic energy mismatch converges with the timestep (order ≥ 0.5, monotone), or stays below 5 mJ: kv4b_R20, kv3b_0_30_5, kv6b, kv7b_30_1, kv7b_30_-1 (limit all)
FAIL KV3b′ closed cycles: no energy creation (closure ≤ +0.05 J), no net elastic energy per cycle, no pumping (energy at the same phase non-increasing): 0-30 T0 c1: closure 1.338 | 0-30 T0 c1: W_el 1.329 | 0-30 T0 c2: closure 1.953 | 0-30 T0 c2: W_el 1.936 (limit all)

2 / 9 rig checks pass
