     KV4b R φ 0° T 2.5: held 0.01°, rot 3.780° vs law 4.768° (Δ -0.989°)
     KV4b R φ 0° T 5: held 0.03°, rot 6.223° vs law 7.466° (Δ -1.244°)
     KV4b R φ 0° T 10: held 0.06°, rot 9.955° vs law 11.294° (Δ -1.340°)
     KV4b R φ 0° T -2.5: held -0.01°, rot -3.115° vs law -3.843° (Δ 0.728°)
     KV4b R φ 0° T -5: held -0.02°, rot -5.341° vs law -6.317° (Δ 0.976°)
     KV4b R φ 0° T -10: held -0.05°, rot -8.800° vs law -9.912° (Δ 1.112°)
     KV4b R φ 10° T 2.5: held 10.01°, rot 7.185° vs law 8.174° (Δ -0.989°)
     KV4b R φ 10° T 5: held 10.02°, rot 9.627° vs law 10.870° (Δ -1.244°)
     KV4b R φ 10° T 10: held 10.05°, rot 13.356° vs law 14.696° (Δ -1.340°)
     KV4b R φ 10° T -2.5: held 9.99°, rot -0.437° vs law -1.585° (Δ 1.148°)
     KV4b R φ 10° T -5: held 9.99°, rot -3.132° vs law -4.582° (Δ 1.449°)
     KV4b R φ 10° T -10: held 9.99°, rot -7.167° vs law -8.696° (Δ 1.530°)
     KV4b R φ 20° T 2.5: held 20.01°, rot 10.045° vs law 11.034° (Δ -0.989°)
     KV4b R φ 20° T 5: held 20.02°, rot 12.486° vs law 13.729° (Δ -1.244°)
     KV4b R φ 20° T 10: held 20.04°, rot 16.212° vs law 17.552° (Δ -1.340°)
     KV4b R φ 20° T -2.5: held 20.00°, rot 0.871° vs law -1.560° (Δ 2.432°)
     KV4b R φ 20° T -5: held 20.00°, rot -2.828° vs law -5.564° (Δ 2.736°)
     KV4b R φ 20° T -10: held 20.01°, rot -8.023° vs law -10.549° (Δ 2.526°)
     KV4b R φ 30° T 2.5: held 30.01°, rot 12.406° vs law 13.395° (Δ -0.989°)
     KV4b R φ 30° T 5: held 30.02°, rot 14.846° vs law 16.089° (Δ -1.244°)
     KV4b R φ 30° T 10: held 30.03°, rot 18.571° vs law 19.910° (Δ -1.340°)
     KV4b R φ 30° T -2.5: held 30.00°, rot 1.958° vs law -2.005° (Δ 3.963°)
     KV4b R φ 30° T -5: held 30.00°, rot -2.603° vs law -6.709° (Δ 4.105°)
     KV4b R φ 30° T -10: held 30.00°, rot -8.743° vs law -12.203° (Δ 3.461°)
     KV4b R φ 40° T 2.5: held 40.01°, rot 14.314° vs law 15.303° (Δ -0.989°)
     KV4b R φ 40° T 5: held 40.01°, rot 16.753° vs law 17.996° (Δ -1.244°)
     KV4b R φ 40° T 10: held 40.03°, rot 20.476° vs law 21.816° (Δ -1.340°)
     KV4b R φ 40° T -2.5: held 40.00°, rot 3.662° vs law -0.594° (Δ 4.256°)
     KV4b R φ 40° T -5: held 39.99°, rot -1.044° vs law -5.399° (Δ 4.355°)
     KV4b R φ 40° T -10: held 39.98°, rot -7.342° vs law -10.965° (Δ 3.623°)
     KV4b R φ 90° T 2.5: held 90.00°, rot 18.659° vs law 19.647° (Δ -0.989°)
     KV4b R φ 90° T 5: held 90.00°, rot 21.097° vs law 22.340° (Δ -1.243°)
     KV4b R φ 90° T 10: held 90.00°, rot 24.817° vs law 26.157° (Δ -1.340°)
     KV4b R φ 90° T -2.5: held 90.00°, rot 8.008° vs law 3.753° (Δ 4.256°)
     KV4b R φ 90° T -5: held 90.00°, rot 3.304° vs law -1.052° (Δ 4.355°)
     KV4b R φ 90° T -10: held 90.00°, rot -2.992° vs law -6.615° (Δ 3.623°)
     KV4b L φ 20° T 2.5: held 20.01°, rot 10.045° vs law 11.034° (Δ -0.989°)
     KV4b L φ 20° T 5: held 20.02°, rot 12.486° vs law 13.729° (Δ -1.244°)
     KV4b L φ 20° T 10: held 20.04°, rot 16.212° vs law 17.552° (Δ -1.340°)
     KV4b L φ 20° T -2.5: held 20.00°, rot 0.871° vs law -1.560° (Δ 2.432°)
     KV4b L φ 20° T -5: held 20.00°, rot -2.828° vs law -5.564° (Δ 2.736°)
     KV4b L φ 20° T -10: held 20.01°, rot -8.023° vs law -10.549° (Δ 2.526°)
FAIL KV4b plant static rotation vs the bench law at the held flexion; held flexion: 42 / 42 outside (worst Δ 4.355°, worst flex error 0.06°) (limit max(0.3°, 3 %); flex ≤ 1.5°)
     KV3b φ 0–30° T 0: per cycle W_el 1.9e-2, 1.9e-2, 1.9e-2, 2.0e-2 J; closure 1.9e-2, 1.9e-2, 1.9e-2, 1.9e-2 J; [report: implicit dissipation 1.9e-5, 1.9e-5, 1.9e-5, 1.9e-5; closure + it 1.9e-2, 1.9e-2, 1.9e-2, 1.9e-2]; W_act 0.277, 0.284, 0.291, 0.296; D 0.295, 0.303, 0.309, 0.315
     KV3b φ 0–30° T 5: per cycle W_el 3.4e-3, 3.8e-3, 4.0e-3, 4.2e-3 J; closure 2.3e-3, 2.6e-3, 2.9e-3, 3.1e-3 J; [report: implicit dissipation 1.2e-2, 1.2e-2, 1.2e-2, 1.2e-2; closure + it 1.4e-2, 1.4e-2, 1.5e-2, 1.5e-2]; W_act 0.294, 0.301, 0.308, 0.313; D 0.295, 0.303, 0.309, 0.314
     KV3b φ 0–30° T -5: per cycle W_el 7.1e-3, 7.1e-3, 7.1e-3, 7.1e-3 J; closure 7.2e-3, 7.1e-3, 7.1e-3, 7.2e-3 J; [report: implicit dissipation 1.6e-3, 1.6e-3, 1.6e-3, 1.6e-3; closure + it 8.8e-3, 8.7e-3, 8.7e-3, 8.7e-3]; W_act 0.271, 0.279, 0.285, 0.290; D 0.278, 0.285, 0.292, 0.297
     KV3b φ 0–120° T 0: per cycle W_el 5.1e-2, 5.0e-2, 5.1e-2, 5.1e-2 J; closure -4.3e-2, -4.5e-2, -4.4e-2, -4.4e-2 J; [report: implicit dissipation 2.9e-2, 3.5e-2, 3.9e-2, 4.0e-2; closure + it -1.4e-2, -1.0e-2, -4.7e-3, -4.0e-3]; W_act 4.416, 4.427, 4.427, 4.427; D 4.373, 4.382, 4.383, 4.383
     KV3b φ 0–120° T 5: per cycle W_el -2.7e-2, -2.9e-2, -2.9e-2, -2.9e-2 J; closure -1.3e-1, -1.3e-1, -1.3e-1, -1.3e-1 J; [report: implicit dissipation 1.1e-1, 1.1e-1, 1.1e-1, 1.1e-1; closure + it -2.1e-2, -2.2e-2, -2.2e-2, -2.2e-2]; W_act 4.530, 4.526, 4.526, 4.526; D 4.402, 4.399, 4.399, 4.399
     KV3b φ 0–120° T -5: per cycle W_el 1.2e-3, 1.7e-3, 2.9e-3, 3.2e-3 J; closure -9.1e-2, -9.1e-2, -9.0e-2, -8.9e-2 J; [report: implicit dissipation 3.7e-2, 3.7e-2, 3.7e-2, 3.7e-2; closure + it -5.3e-2, -5.3e-2, -5.3e-2, -5.3e-2]; W_act 4.388, 4.396, 4.396, 4.395; D 4.295, 4.303, 4.304, 4.304
FAIL KV3b closed flexion cycles: elastic passive work per cycle; ledger closure; no amplitude growth: 12 cycle violations; max amplitude growth 4.32 % (limit |W_el| ≤ 0.02 J + 1 % ∮|P_el|; |closure| ≤ 0.05 J; growth ≤ 5 %)
PASS KV6b passive reference path followed with the axial free (0 → 40 → 0°): worst excess beyond slack + 1° = 0.000°; axial change 0 → 30° = 8.56° (limit ≤ 0; 8.6 ± 1.5°)
     KV7b φ 0° internal: at capacity 2.26° beyond the bound (14.06°); at 40 N·m θ 18.96°; min engine margin 47.0°; hold closure 2.9e-3 J
     KV7b φ 0° external: at capacity 2.33° beyond the bound (-12.56°); at 40 N·m θ -17.49°; min engine margin 42.5°; hold closure 3.9e-3 J
     KV7b φ 30° internal: at capacity 2.26° beyond the bound (22.65°); at 40 N·m θ 27.52°; min engine margin 38.5°; hold closure -4.0e-4 J
     KV7b φ 30° external: at capacity 1.79° beyond the bound (-15.68°); at 40 N·m θ -20.18°; min engine margin 39.8°; hold closure -1.6e-3 J
     KV7b φ 90° internal: at capacity 2.26° beyond the bound (28.88°); at 40 N·m θ 33.74°; min engine margin 32.2°; hold closure -7.5e-4 J
     KV7b φ 90° external: at capacity 1.75° beyond the bound (-10.12°); at 40 N·m θ -14.59°; min engine margin 45.4°; hold closure 4.4e-3 J
FAIL KV7b end-stop engages at bound + 3°; no Jolt-stop contact; hold closure: 2 / 6 violations (limit 3 ± 0.75°; margin ≥ 0.25°; ≤ 0.05 J)
     KV8 180 Hz: KV4b false, KV3b true, KV6b true (Δ0→30 8.56°), KV7b false
     KV8 240 Hz: KV4b false, KV3b true, KV6b true (Δ0→30 8.56°), KV7b false
     KV8 480 Hz: KV4b false, KV3b true, KV6b true (Δ0→30 8.56°), KV7b false
FAIL KV8 180 / 240 / 480 Hz: KV3b, KV4b, KV6b, KV7b criteria hold; KV4b static rotation spread: all criteria false; KV4b spread 0.000° (limit all; ≤ 0.3°)
     KV2b kv4b R0 240Hz: |W_pas + ΔU + D| 5.13e-1 J (signed -5.13e-1; implicit dissipation 4.01e-1; + it: -1.12e-1) (lim 0.086)
     KV2b kv4b R10 240Hz: |W_pas + ΔU + D| 5.71e-1 J (signed -5.71e-1; implicit dissipation 4.02e-1; + it: -1.69e-1) (lim 0.091)
     KV2b kv4b R20 240Hz: |W_pas + ΔU + D| 7.31e-1 J (signed -7.31e-1; implicit dissipation 4.00e-1; + it: -3.31e-1) (lim 0.100)
     KV2b kv4b R30 240Hz: |W_pas + ΔU + D| 8.97e-1 J (signed -8.97e-1; implicit dissipation 3.97e-1; + it: -5.01e-1) (lim 0.107)
     KV2b kv4b R40 240Hz: |W_pas + ΔU + D| 9.27e-1 J (signed -9.27e-1; implicit dissipation 3.96e-1; + it: -5.31e-1) (lim 0.109)
     KV2b kv4b R90 240Hz: |W_pas + ΔU + D| 9.28e-1 J (signed -9.28e-1; implicit dissipation 3.96e-1; + it: -5.32e-1) (lim 0.109)
     KV2b kv4b L20 240Hz: |W_pas + ΔU + D| 7.31e-1 J (signed -7.31e-1; implicit dissipation 4.00e-1; + it: -3.30e-1) (lim 0.100)
     KV2b kv3b 0-30 T0 240Hz: |W_pas + ΔU + D| 9.52e-2 J (signed 9.52e-2; implicit dissipation 8.84e-5; + it: 9.53e-2) (lim 0.048)
     KV2b kv3b 0-30 T5 240Hz: |W_pas + ΔU + D| 1.30e-1 J (signed -1.30e-1; implicit dissipation 1.41e-1; + it: 1.12e-2) (lim 0.075)
     KV2b kv3b 0-30 T-5 240Hz: |W_pas + ΔU + D| 8.99e-2 J (signed -8.99e-2; implicit dissipation 8.85e-2; + it: -1.41e-3) (lim 0.061)
     KV2b kv7b 0 + 240Hz: |W_pas + ΔU + D| 6.41e-1 J (signed -6.41e-1; implicit dissipation 2.42e-2; + it: -6.17e-1) (lim 0.103)
     KV2b kv7b 0 − 240Hz: |W_pas + ΔU + D| 5.46e-1 J (signed -5.46e-1; implicit dissipation 2.26e-2; + it: -5.23e-1) (lim 0.100)
     KV2b kv7b 30 + 240Hz: |W_pas + ΔU + D| 6.41e-1 J (signed -6.41e-1; implicit dissipation 2.41e-2; + it: -6.17e-1) (lim 0.103)
     KV2b kv7b 30 − 240Hz: |W_pas + ΔU + D| 1.48e+0 J (signed -1.48e+0; implicit dissipation 3.11e-2; + it: -1.44e+0) (lim 0.128)
     KV2b kv7b 90 + 240Hz: |W_pas + ΔU + D| 6.40e-1 J (signed -6.40e-1; implicit dissipation 2.40e-2; + it: -6.16e-1) (lim 0.103)
     KV2b kv7b 90 − 240Hz: |W_pas + ΔU + D| 1.54e+0 J (signed -1.54e+0; implicit dissipation 3.14e-2; + it: -1.51e+0) (lim 0.130)
     KV2b kv4b R20 180Hz: |W_pas + ΔU + D| 8.06e-1 J (signed -8.06e-1; implicit dissipation 5.03e-1; + it: -3.03e-1) (lim 0.096)
     KV2b kv3b 0-30 T5 180Hz: |W_pas + ΔU + D| 1.44e-1 J (signed -1.44e-1; implicit dissipation 1.82e-1; + it: 3.78e-2) (lim 0.075)
     KV2b kv7b 30 + 180Hz: |W_pas + ΔU + D| 6.50e-1 J (signed -6.50e-1; implicit dissipation 3.19e-2; + it: -6.18e-1) (lim 0.103)
     KV2b kv7b 30 − 180Hz: |W_pas + ΔU + D| 1.48e+0 J (signed -1.48e+0; implicit dissipation 4.13e-2; + it: -1.44e+0) (lim 0.128)
     KV2b kv4b R20 240Hz: |W_pas + ΔU + D| 7.31e-1 J (signed -7.31e-1; implicit dissipation 4.00e-1; + it: -3.31e-1) (lim 0.100)
     KV2b kv3b 0-30 T5 240Hz: |W_pas + ΔU + D| 1.30e-1 J (signed -1.30e-1; implicit dissipation 1.41e-1; + it: 1.12e-2) (lim 0.075)
     KV2b kv7b 30 + 240Hz: |W_pas + ΔU + D| 6.41e-1 J (signed -6.41e-1; implicit dissipation 2.41e-2; + it: -6.17e-1) (lim 0.103)
     KV2b kv7b 30 − 240Hz: |W_pas + ΔU + D| 1.48e+0 J (signed -1.48e+0; implicit dissipation 3.11e-2; + it: -1.44e+0) (lim 0.128)
     KV2b kv4b R20 480Hz: |W_pas + ΔU + D| 5.62e-1 J (signed -5.62e-1; implicit dissipation 2.35e-1; + it: -3.26e-1) (lim 0.109)
     KV2b kv3b 0-30 T5 480Hz: |W_pas + ΔU + D| 1.03e-1 J (signed -1.03e-1; implicit dissipation 7.85e-2; + it: -2.49e-2) (lim 0.077)
     KV2b kv7b 30 + 480Hz: |W_pas + ΔU + D| 6.23e-1 J (signed -6.23e-1; implicit dissipation 1.21e-2; + it: -6.11e-1) (lim 0.103)
     KV2b kv7b 30 − 480Hz: |W_pas + ΔU + D| 1.44e+0 J (signed -1.44e+0; implicit dissipation 1.56e-2; + it: -1.43e+0) (lim 0.128)
FAIL KV2b passive work = −ΔU − viscous loss in every rig run: 28 / 35 runs outside (limit ≤ 0.02 J + 2 % ∫|P_pas|)
     report (erratum view): with the implicit-drive dissipation added and the strict residual dissipative (≤ 0): 7 / 35 runs within the same limit
FAIL KV2b′.ab elastic part creates no energy (W_el + ΔU ≤ 0.02 J + 0.5 % ∫|P_el|); viscous part dissipative (W_visc ≤ 0.02 J) — every rig run: kv3b_0_30_0_240: W_el + ΔU 9.51e-2 J (lim 0.020), W_visc -1.50e+0 J | kv3b_0_120_0_240: W_el + ΔU 2.50e-1 J (lim 0.025), W_visc -2.17e+1 J (limit all)
     KV2b′.c kv4b_R20: |W_el + ΔU| 8.52e-1 / 7.61e-1 / 5.71e-1 J at 180 / 240 / 480 Hz → order 0.41
     KV2b′.c kv3b_0_30_5: |W_el + ΔU| 1.55e-1 / 1.37e-1 / 1.06e-1 J at 180 / 240 / 480 Hz → order 0.38
     KV2b′.c kv6b: |W_el + ΔU| 6.48e-3 / 6.48e-3 / 6.48e-3 J at 180 / 240 / 480 Hz → order 0.00
     KV2b′.c kv7b_30_1: |W_el + ΔU| 6.50e-1 / 6.41e-1 / 6.23e-1 J at 180 / 240 / 480 Hz → order 0.04
     KV2b′.c kv7b_30_-1: |W_el + ΔU| 1.48e+0 / 1.48e+0 / 1.44e+0 J at 180 / 240 / 480 Hz → order 0.03
FAIL KV2b′.c consistency: the elastic energy mismatch converges with the timestep (order ≥ 0.5, monotone), or stays below 5 mJ: kv4b_R20, kv3b_0_30_5, kv6b, kv7b_30_1, kv7b_30_-1 (limit all)
FAIL KV3b′ closed cycles: no energy creation (closure ≤ +0.05 J), no net elastic energy per cycle, no pumping (energy at the same phase non-increasing): 0-120 T0 c1: W_el 0.051 | 0-120 T0 c2: W_el 0.049 | 0-120 T0 c3: W_el 0.050 | 0-120 T0 c4: W_el 0.050 (limit all)

1 / 9 rig checks pass
