V2-REF U:R h0 f0.15 l0 y0: it 30 err 4.7147e-3 kkt 1.78e-9 atB 000000 | it500: 44 err 4.7147e-3 kkt 1.18e-11 atB 000000 Δx 2.94e-6
V2-REF U:R h0 f0.15 l0 y30: it 30 err 4.7147e-3 kkt 2.30e-9 atB 000000 | it500: 47 err 4.7147e-3 kkt 8.56e-12 atB 000000 Δx 4.51e-6
V2-REF U:R h0 f0.15 l0 y-30: it 30 err 4.7147e-3 kkt 1.35e-9 atB 000000 | it500: 44 err 4.7147e-3 kkt 1.39e-11 atB 000000 Δx 2.64e-6
V2-REF U:R h0 f0.15 l0 y45: it 17 err 4.8008e-3 kkt 1.18e-13 atB 100000 | it500: 17 err 4.8008e-3 kkt 1.18e-13 atB 100000 Δx 0.00e+0
V2-REF U:R h0 f0.15 l0 y-45: it 30 err 4.7147e-3 kkt 2.55e-9 atB 000000 | it500: 45 err 4.7147e-3 kkt 1.36e-11 atB 000000 Δx 5.19e-6
V2-REF U:R h0 f0.3 l0 y0: it 30 err 3.6147e-2 kkt 3.06e-7 atB 000000 | it500: 61 err 3.6147e-2 kkt 8.88e-11 atB 000000 Δx 7.22e-5
V2-REF U:R h0 f0.3 l0 y30: it 30 err 3.6147e-2 kkt 3.22e-7 atB 000000 | it500: 65 err 3.6147e-2 kkt 9.08e-11 atB 000000 Δx 7.67e-5
V2-REF U:R h0 f0.3 l0 y-30: it 30 err 3.6147e-2 kkt 2.58e-7 atB 000000 | it500: 62 err 3.6147e-2 kkt 8.03e-11 atB 000000 Δx 6.15e-5
V2-REF U:R h0 f0.3 l0 y45: it 30 err 4.6856e-2 kkt 7.24e-7 atB 100000 | it500: 53 err 4.6856e-2 kkt 1.92e-10 atB 100000 Δx 3.85e-5
V2-REF U:R h0 f0.3 l0 y-45: it 30 err 3.6147e-2 kkt 9.71e-8 atB 000000 | it500: 58 err 3.6147e-2 kkt 1.20e-10 atB 000000 Δx 2.33e-5
V2-REF U:R h0 f0.45 l0 y0: it 24 err 9.0337e-2 kkt 2.22e-11 atB 000000 | it500: 24 err 9.0337e-2 kkt 2.22e-11 atB 000000 Δx 0.00e+0
V2-REF U:R h0 f0.45 l0 y30: it 25 err 9.0337e-2 kkt 1.31e-10 atB 000000 | it500: 25 err 9.0337e-2 kkt 1.31e-10 atB 000000 Δx 0.00e+0
V2-REF U:R h0 f0.45 l0 y-30: it 21 err 9.0337e-2 kkt 3.18e-10 atB 000000 | it500: 21 err 9.0337e-2 kkt 3.18e-10 atB 000000 Δx 0.00e+0
V2-REF U:R h0 f0.45 l0 y45: it 27 err 1.1158e-1 kkt 1.64e-10 atB 100000 | it500: 27 err 1.1158e-1 kkt 1.64e-10 atB 100000 Δx 0.00e+0
V2-REF U:R h0 f0.45 l0 y-45: it 24 err 9.0337e-2 kkt 2.55e-11 atB 000000 | it500: 24 err 9.0337e-2 kkt 2.55e-11 atB 000000 Δx 0.00e+0
V2-REF U:R h0 f0 l0.1 y0: it 9 err 1.5605e-2 kkt 1.85e-12 atB 000000 | it500: 9 err 1.5605e-2 kkt 1.85e-12 atB 000000 Δx 0.00e+0
V2-REF U:R h0 f0 l0.1 y30: it 7 err 1.5605e-2 kkt 1.83e-10 atB 000000 | it500: 7 err 1.5605e-2 kkt 1.83e-10 atB 000000 Δx 0.00e+0
V2-REF U:R h0 f0 l0.1 y-30: it 7 err 1.5605e-2 kkt 5.36e-10 atB 000000 | it500: 7 err 1.5605e-2 kkt 5.36e-10 atB 000000 Δx 0.00e+0
V2-REF U:R h0 f0 l0.1 y45: it 12 err 1.5605e-2 kkt 2.41e-12 atB 000000 | it500: 12 err 1.5605e-2 kkt 2.41e-12 atB 000000 Δx 0.00e+0
V2-REF U:R h0 f0 l0.1 y-45: it 30 err 1.6982e-2 kkt 1.68e-9 atB 100000 | it500: 38 err 1.6982e-2 kkt 4.15e-11 atB 100000 Δx 1.63e-7
V2-REF U:R h0 f0 l0.2 y0: it 30 err 4.3420e-2 kkt 4.59e-8 atB 000000 | it500: 55 err 4.3420e-2 kkt 4.31e-11 atB 000000 Δx 9.00e-6
V2-REF U:R h0 f0 l0.2 y30: it 30 err 4.3420e-2 kkt 1.04e-7 atB 000000 | it500: 54 err 4.3420e-2 kkt 6.84e-11 atB 000000 Δx 2.24e-5
V2-REF U:R h0 f0 l0.2 y-30: it 30 err 4.3420e-2 kkt 8.28e-8 atB 000000 | it500: 53 err 4.3420e-2 kkt 1.36e-10 atB 000000 Δx 1.78e-5
V2-REF U:R h0 f0 l0.2 y45: it 30 err 4.3420e-2 kkt 1.13e-7 atB 000000 | it500: 55 err 4.3420e-2 kkt 1.31e-10 atB 000000 Δx 2.55e-5
V2-REF U:R h0 f0 l0.2 y-45: it 30 err 7.0311e-2 kkt 1.68e-7 atB 100000 | it500: 46 err 7.0311e-2 kkt 6.22e-10 atB 100000 Δx 7.12e-6
V2-REF U:R h0 f0.3 l0.1 y0: it 30 err 5.2529e-2 kkt 4.21e-9 atB 000000 | it500: 42 err 5.2529e-2 kkt 6.90e-11 atB 000000 Δx 5.95e-7
V2-REF U:R h0 f0.3 l0.1 y30: it 30 err 5.2529e-2 kkt 9.61e-9 atB 000000 | it500: 40 err 5.2529e-2 kkt 1.69e-10 atB 000000 Δx 1.56e-6
V2-REF U:R h0 f0.3 l0.1 y-30: it 30 err 5.2529e-2 kkt 9.50e-9 atB 000000 | it500: 42 err 5.2529e-2 kkt 8.11e-11 atB 000000 Δx 1.64e-6
V2-REF U:R h0 f0.3 l0.1 y45: it 30 err 5.2529e-2 kkt 8.92e-9 atB 000000 | it500: 44 err 5.2529e-2 kkt 1.40e-10 atB 000000 Δx 1.68e-6
V2-REF U:R h0 f0.3 l0.1 y-45: it 30 err 5.2529e-2 kkt 4.87e-9 atB 000000 | it500: 43 err 5.2529e-2 kkt 6.18e-11 atB 000000 Δx 9.22e-7
V2-REF U:R h0.05 f0.3 l0 y45: it 16 err 1.5612e-2 kkt 2.48e-12 atB 100000 | it500: 16 err 1.5612e-2 kkt 2.48e-12 atB 100000 Δx 0.00e+0
V2-REF U:R h0.05 f0.45 l0 y0: it 30 err 4.5749e-2 kkt 2.78e-8 atB 000000 | it500: 45 err 4.5749e-2 kkt 1.56e-10 atB 000000 Δx 4.83e-6
V2-REF U:R h0.05 f0.45 l0 y30: it 30 err 4.5749e-2 kkt 4.01e-8 atB 000000 | it500: 49 err 4.5749e-2 kkt 6.07e-11 atB 000000 Δx 8.11e-6
V2-REF U:R h0.05 f0.45 l0 y-30: it 30 err 4.5749e-2 kkt 4.08e-8 atB 000000 | it500: 50 err 4.5749e-2 kkt 1.02e-10 atB 000000 Δx 8.19e-6
V2-REF U:R h0.05 f0.45 l0 y45: it 30 err 8.1362e-2 kkt 2.29e-7 atB 100000 | it500: 52 err 8.1362e-2 kkt 2.92e-10 atB 100000 Δx 3.45e-5
V2-REF U:R h0.05 f0.45 l0 y-45: it 30 err 4.5749e-2 kkt 4.30e-8 atB 000000 | it500: 46 err 4.5749e-2 kkt 1.85e-10 atB 000000 Δx 8.76e-6
V2-REF U:R h0.05 f0 l0.2 y-45: it 23 err 5.3278e-2 kkt 1.76e-10 atB 100000 | it500: 23 err 5.3278e-2 kkt 1.76e-10 atB 100000 Δx 0.00e+0
V2-REF U:R h0.05 f0.3 l0.1 y0: it 30 err 6.0094e-3 kkt 8.18e-11 atB 000000 | it500: 37 err 6.0094e-3 kkt 4.63e-12 atB 000000 Δx 9.00e-8
V2-REF U:R h0.05 f0.3 l0.1 y30: it 30 err 6.0094e-3 kkt 9.62e-11 atB 000000 | it500: 38 err 6.0094e-3 kkt 9.51e-12 atB 000000 Δx 1.17e-7
V2-REF U:R h0.05 f0.3 l0.1 y-30: it 30 err 6.0094e-3 kkt 1.49e-10 atB 000000 | it500: 35 err 6.0094e-3 kkt 1.32e-11 atB 000000 Δx 1.91e-7
V2-REF U:R h0.05 f0.3 l0.1 y45: it 30 err 6.0094e-3 kkt 2.16e-10 atB 000000 | it500: 37 err 6.0094e-3 kkt 1.24e-11 atB 000000 Δx 3.35e-7
V2-REF U:R h0.05 f0.3 l0.1 y-45: it 30 err 6.0094e-3 kkt 1.00e-10 atB 000000 | it500: 36 err 6.0094e-3 kkt 1.12e-11 atB 000000 Δx 1.42e-7
V2-REF T5 h0 f0.15 l0 y0: it 30 err 4.9334e-3 kkt 1.02e-9 atB 000000 | it500: 46 err 4.9334e-3 kkt 5.11e-12 atB 000000 Δx 1.59e-6
V2-REF T5 h0 f0.15 l0 y30: it 30 err 4.9334e-3 kkt 1.62e-9 atB 000000 | it500: 44 err 4.9334e-3 kkt 8.81e-12 atB 000000 Δx 2.98e-6
V2-REF T5 h0 f0.15 l0 y-30: it 30 err 4.9334e-3 kkt 8.07e-10 atB 000000 | it500: 42 err 4.9334e-3 kkt 1.58e-11 atB 000000 Δx 1.47e-6
V2-REF T5 h0 f0.15 l0 y45: it 15 err 5.0612e-3 kkt 7.56e-13 atB 100000 | it500: 15 err 5.0612e-3 kkt 7.56e-13 atB 100000 Δx 0.00e+0
V2-REF T5 h0 f0.15 l0 y-45: it 30 err 4.9334e-3 kkt 8.23e-10 atB 000000 | it500: 43 err 4.9334e-3 kkt 6.72e-12 atB 000000 Δx 1.63e-6
V2-REF T5 h0 f0.3 l0 y0: it 30 err 3.6498e-2 kkt 2.85e-7 atB 000000 | it500: 60 err 3.6498e-2 kkt 1.32e-10 atB 000000 Δx 6.66e-5
V2-REF T5 h0 f0.3 l0 y30: it 30 err 3.6498e-2 kkt 3.00e-7 atB 000000 | it500: 61 err 3.6498e-2 kkt 8.62e-11 atB 000000 Δx 7.09e-5
V2-REF T5 h0 f0.3 l0 y-30: it 30 err 3.6498e-2 kkt 2.48e-7 atB 000000 | it500: 62 err 3.6498e-2 kkt 9.11e-11 atB 000000 Δx 5.85e-5
V2-REF T5 h0 f0.3 l0 y45: it 30 err 4.7598e-2 kkt 1.84e-6 atB 100000 | it500: 60 err 4.7598e-2 kkt 4.04e-10 atB 100000 Δx 9.92e-5
V2-REF T5 h0 f0.3 l0 y-45: it 30 err 3.6498e-2 kkt 9.88e-8 atB 000000 | it500: 55 err 3.6498e-2 kkt 1.44e-10 atB 000000 Δx 2.35e-5
V2-REF T5 h0 f0.45 l0 y0: it 20 err 9.0801e-2 kkt 2.45e-10 atB 000000 | it500: 20 err 9.0801e-2 kkt 2.45e-10 atB 000000 Δx 0.00e+0
V2-REF T5 h0 f0.45 l0 y30: it 23 err 9.0801e-2 kkt 2.27e-10 atB 000000 | it500: 23 err 9.0801e-2 kkt 2.27e-10 atB 000000 Δx 0.00e+0
V2-REF T5 h0 f0.45 l0 y-30: it 21 err 9.0801e-2 kkt 2.88e-10 atB 000000 | it500: 21 err 9.0801e-2 kkt 2.88e-10 atB 000000 Δx 0.00e+0
V2-REF T5 h0 f0.45 l0 y45: it 23 err 1.1213e-1 kkt 4.25e-10 atB 100000 | it500: 23 err 1.1213e-1 kkt 4.25e-10 atB 100000 Δx 0.00e+0
V2-REF T5 h0 f0.45 l0 y-45: it 22 err 9.0801e-2 kkt 1.20e-10 atB 000000 | it500: 22 err 9.0801e-2 kkt 1.20e-10 atB 000000 Δx 0.00e+0
V2-REF T5 h0 f0 l0.1 y0: it 9 err 1.4728e-2 kkt 2.62e-11 atB 000000 | it500: 9 err 1.4728e-2 kkt 2.62e-11 atB 000000 Δx 0.00e+0
V2-REF T5 h0 f0 l0.1 y30: it 10 err 1.4728e-2 kkt 3.25e-11 atB 000000 | it500: 10 err 1.4728e-2 kkt 3.25e-11 atB 000000 Δx 0.00e+0
V2-REF T5 h0 f0 l0.1 y-30: it 11 err 1.4728e-2 kkt 9.16e-12 atB 000000 | it500: 11 err 1.4728e-2 kkt 9.16e-12 atB 000000 Δx 0.00e+0
V2-REF T5 h0 f0 l0.1 y45: it 11 err 1.4728e-2 kkt 2.02e-12 atB 000000 | it500: 11 err 1.4728e-2 kkt 2.02e-12 atB 000000 Δx 0.00e+0
V2-REF T5 h0 f0 l0.1 y-45: it 29 err 1.5775e-2 kkt 5.69e-11 atB 100000 | it500: 29 err 1.5775e-2 kkt 5.69e-11 atB 100000 Δx 0.00e+0
V2-REF T5 h0 f0 l0.2 y0: it 30 err 4.1649e-2 kkt 6.60e-8 atB 000000 | it500: 52 err 4.1649e-2 kkt 1.83e-10 atB 000000 Δx 1.36e-5
V2-REF T5 h0 f0 l0.2 y30: it 30 err 4.1649e-2 kkt 1.44e-7 atB 000000 | it500: 53 err 4.1649e-2 kkt 1.76e-10 atB 000000 Δx 3.26e-5
V2-REF T5 h0 f0 l0.2 y-30: it 30 err 4.1649e-2 kkt 1.20e-7 atB 000000 | it500: 55 err 4.1649e-2 kkt 1.21e-10 atB 000000 Δx 2.65e-5
V2-REF T5 h0 f0 l0.2 y45: it 30 err 4.1649e-2 kkt 1.60e-7 atB 000000 | it500: 57 err 4.1649e-2 kkt 7.00e-11 atB 000000 Δx 3.71e-5
V2-REF T5 h0 f0 l0.2 y-45: it 30 err 6.7805e-2 kkt 6.02e-5 atB 100000 | it500: 184 err 6.7805e-2 kkt 4.33e-10 atB 100000 Δx 2.71e-3
V2-REF T5 h0 f0.3 l0.1 y0: it 30 err 5.1963e-2 kkt 4.63e-9 atB 000000 | it500: 42 err 5.1963e-2 kkt 1.22e-10 atB 000000 Δx 6.59e-7
V2-REF T5 h0 f0.3 l0.1 y30: it 30 err 5.1963e-2 kkt 1.09e-8 atB 000000 | it500: 44 err 5.1963e-2 kkt 3.09e-10 atB 000000 Δx 1.85e-6
V2-REF T5 h0 f0.3 l0.1 y-30: it 30 err 5.1963e-2 kkt 1.07e-8 atB 000000 | it500: 44 err 5.1963e-2 kkt 4.18e-11 atB 000000 Δx 1.89e-6
V2-REF T5 h0 f0.3 l0.1 y45: it 30 err 5.1963e-2 kkt 1.02e-8 atB 000000 | it500: 40 err 5.1963e-2 kkt 1.95e-10 atB 000000 Δx 1.92e-6
V2-REF T5 h0 f0.3 l0.1 y-45: it 30 err 5.1963e-2 kkt 6.01e-9 atB 000000 | it500: 41 err 5.1963e-2 kkt 7.89e-11 atB 000000 Δx 1.14e-6
V2-REF T5 h0.05 f0.3 l0 y45: it 14 err 1.7033e-2 kkt 4.57e-11 atB 100000 | it500: 14 err 1.7033e-2 kkt 4.57e-11 atB 100000 Δx 0.00e+0
V2-REF T5 h0.05 f0.45 l0 y0: it 30 err 4.6177e-2 kkt 2.39e-8 atB 000000 | it500: 47 err 4.6177e-2 kkt 8.96e-11 atB 000000 Δx 4.10e-6
V2-REF T5 h0.05 f0.45 l0 y30: it 30 err 4.6177e-2 kkt 3.64e-8 atB 000000 | it500: 46 err 4.6177e-2 kkt 1.42e-10 atB 000000 Δx 7.32e-6
V2-REF T5 h0.05 f0.45 l0 y-30: it 30 err 4.6177e-2 kkt 3.72e-8 atB 000000 | it500: 48 err 4.6177e-2 kkt 1.23e-10 atB 000000 Δx 7.36e-6
V2-REF T5 h0.05 f0.45 l0 y45: it 30 err 8.1982e-2 kkt 2.14e-7 atB 100000 | it500: 54 err 8.1982e-2 kkt 3.47e-10 atB 100000 Δx 3.27e-5
V2-REF T5 h0.05 f0.45 l0 y-45: it 30 err 4.6177e-2 kkt 3.89e-8 atB 000000 | it500: 50 err 4.6177e-2 kkt 9.17e-11 atB 000000 Δx 7.90e-6
V2-REF T5 h0.05 f0 l0.2 y-45: it 17 err 4.9992e-2 kkt 1.11e-10 atB 100000 | it500: 17 err 4.9992e-2 kkt 1.11e-10 atB 100000 Δx 0.00e+0
V2-REF T5 h0.05 f0.3 l0.1 y0: it 30 err 5.3538e-3 kkt 4.27e-10 atB 000000 | it500: 38 err 5.3538e-3 kkt 1.54e-11 atB 000000 Δx 5.73e-7
V2-REF T5 h0.05 f0.3 l0.1 y30: it 30 err 5.3538e-3 kkt 6.52e-10 atB 000000 | it500: 41 err 5.3538e-3 kkt 1.05e-11 atB 000000 Δx 1.02e-6
V2-REF T5 h0.05 f0.3 l0.1 y-30: it 30 err 5.3538e-3 kkt 6.20e-10 atB 000000 | it500: 41 err 5.3538e-3 kkt 6.35e-12 atB 000000 Δx 1.03e-6
V2-REF T5 h0.05 f0.3 l0.1 y45: it 30 err 5.3538e-3 kkt 5.78e-10 atB 000000 | it500: 41 err 5.3538e-3 kkt 6.27e-12 atB 000000 Δx 1.08e-6
V2-REF T5 h0.05 f0.3 l0.1 y-45: it 30 err 5.3538e-3 kkt 4.33e-10 atB 000000 | it500: 39 err 5.3538e-3 kkt 1.63e-11 atB 000000 Δx 7.75e-7
V2-short-legs U:R h0 f0.15 l0 y0: it 30 err 5.2297e-3 kkt 8.68e-10 atB 000000 | it500: 42 err 5.2297e-3 kkt 8.34e-12 atB 000000 Δx 1.34e-6
V2-short-legs U:R h0 f0.15 l0 y30: it 30 err 5.2297e-3 kkt 1.37e-9 atB 000000 | it500: 49 err 5.2297e-3 kkt 8.22e-12 atB 000000 Δx 2.59e-6
V2-short-legs U:R h0 f0.15 l0 y-30: it 30 err 5.2297e-3 kkt 6.42e-10 atB 000000 | it500: 45 err 5.2297e-3 kkt 1.14e-11 atB 000000 Δx 1.14e-6
V2-short-legs U:R h0 f0.15 l0 y45: it 16 err 1.4948e-2 kkt 1.84e-12 atB 100000 | it500: 16 err 1.4948e-2 kkt 1.84e-12 atB 100000 Δx 0.00e+0
V2-short-legs U:R h0 f0.15 l0 y-45: it 30 err 5.2297e-3 kkt 6.21e-10 atB 000000 | it500: 41 err 5.2297e-3 kkt 1.41e-11 atB 000000 Δx 1.20e-6
V2-short-legs U:R h0 f0.3 l0 y0: it 30 err 3.8388e-2 kkt 1.65e-7 atB 000000 | it500: 61 err 3.8388e-2 kkt 7.54e-11 atB 000000 Δx 3.87e-5
V2-short-legs U:R h0 f0.3 l0 y30: it 30 err 3.8388e-2 kkt 2.77e-7 atB 000000 | it500: 61 err 3.8388e-2 kkt 7.31e-11 atB 000000 Δx 6.56e-5
V2-short-legs U:R h0 f0.3 l0 y-30: it 30 err 3.8388e-2 kkt 2.31e-7 atB 000000 | it500: 61 err 3.8388e-2 kkt 1.50e-10 atB 000000 Δx 5.46e-5
V2-short-legs U:R h0 f0.3 l0 y45: it 30 err 7.2619e-2 kkt 1.88e-5 atB 100000 | it500: 85 err 7.2619e-2 kkt 4.39e-10 atB 100000 Δx 6.49e-4
V2-short-legs U:R h0 f0.3 l0 y-45: it 30 err 3.8388e-2 kkt 7.06e-8 atB 000000 | it500: 58 err 3.8388e-2 kkt 2.22e-10 atB 000000 Δx 1.68e-5
V2-short-legs U:R h0 f0.45 l0 y0: it 18 err 9.5157e-2 kkt 5.57e-10 atB 000000 | it500: 18 err 9.5157e-2 kkt 5.57e-10 atB 000000 Δx 0.00e+0
V2-short-legs U:R h0 f0.45 l0 y30: it 24 err 9.5157e-2 kkt 1.63e-11 atB 000000 | it500: 24 err 9.5157e-2 kkt 1.63e-11 atB 000000 Δx 0.00e+0
V2-short-legs U:R h0 f0.45 l0 y-30: it 24 err 9.5157e-2 kkt 9.65e-11 atB 000000 | it500: 24 err 9.5157e-2 kkt 9.65e-11 atB 000000 Δx 0.00e+0
V2-short-legs U:R h0 f0.45 l0 y45: it 29 err 1.4130e-1 kkt 9.67e-10 atB 100000 | it500: 29 err 1.4130e-1 kkt 9.67e-10 atB 100000 Δx 0.00e+0
V2-short-legs U:R h0 f0.45 l0 y-45: it 21 err 9.5157e-2 kkt 2.28e-10 atB 000000 | it500: 21 err 9.5157e-2 kkt 2.28e-10 atB 000000 Δx 0.00e+0
V2-short-legs U:R h0 f0 l0.1 y0: it 8 err 1.6563e-2 kkt 9.13e-13 atB 000000 | it500: 8 err 1.6563e-2 kkt 9.13e-13 atB 000000 Δx 0.00e+0
V2-short-legs U:R h0 f0 l0.1 y30: it 9 err 1.6563e-2 kkt 1.73e-11 atB 000000 | it500: 9 err 1.6563e-2 kkt 1.73e-11 atB 000000 Δx 0.00e+0
V2-short-legs U:R h0 f0 l0.1 y-30: it 9 err 1.6563e-2 kkt 8.38e-13 atB 000000 | it500: 9 err 1.6563e-2 kkt 8.38e-13 atB 000000 Δx 0.00e+0
V2-short-legs U:R h0 f0 l0.1 y45: it 9 err 1.6563e-2 kkt 1.70e-11 atB 000000 | it500: 9 err 1.6563e-2 kkt 1.70e-11 atB 000000 Δx 0.00e+0
V2-short-legs U:R h0 f0 l0.1 y-45: it 8 err 1.6563e-2 kkt 1.16e-11 atB 000000 | it500: 8 err 1.6563e-2 kkt 1.16e-11 atB 000000 Δx 0.00e+0
V2-short-legs U:R h0 f0 l0.2 y0: it 30 err 4.5787e-2 kkt 4.07e-8 atB 000000 | it500: 52 err 4.5787e-2 kkt 1.01e-10 atB 000000 Δx 8.04e-6
V2-short-legs U:R h0 f0 l0.2 y30: it 30 err 4.5787e-2 kkt 9.41e-8 atB 000000 | it500: 52 err 4.5787e-2 kkt 1.65e-10 atB 000000 Δx 2.08e-5
V2-short-legs U:R h0 f0 l0.2 y-30: it 30 err 4.5787e-2 kkt 7.33e-8 atB 000000 | it500: 51 err 4.5787e-2 kkt 9.00e-11 atB 000000 Δx 1.58e-5
V2-short-legs U:R h0 f0 l0.2 y45: it 30 err 4.5787e-2 kkt 1.03e-7 atB 000000 | it500: 58 err 4.5787e-2 kkt 4.91e-11 atB 000000 Δx 2.35e-5
V2-short-legs U:R h0 f0 l0.2 y-45: it 30 err 5.4636e-2 kkt 1.16e-7 atB 100000 | it500: 52 err 5.4636e-2 kkt 1.41e-10 atB 100000 Δx 1.98e-5
V2-short-legs U:R h0 f0.3 l0.1 y0: it 30 err 5.5586e-2 kkt 3.47e-9 atB 000000 | it500: 42 err 5.5586e-2 kkt 1.86e-10 atB 000000 Δx 4.75e-7
V2-short-legs U:R h0 f0.3 l0.1 y30: it 30 err 5.5586e-2 kkt 7.50e-9 atB 000000 | it500: 43 err 5.5586e-2 kkt 1.39e-10 atB 000000 Δx 1.26e-6
V2-short-legs U:R h0 f0.3 l0.1 y-30: it 30 err 5.5586e-2 kkt 7.80e-9 atB 000000 | it500: 42 err 5.5586e-2 kkt 9.68e-11 atB 000000 Δx 1.31e-6
V2-short-legs U:R h0 f0.3 l0.1 y45: it 30 err 6.0845e-2 kkt 7.49e-4 atB 100000 | it500: 500 err 6.0669e-2 kkt 4.52e-9 atB 100000 Δx 3.29e-2
V2-short-legs U:R h0 f0.3 l0.1 y-45: it 30 err 5.5586e-2 kkt 3.27e-9 atB 000000 | it500: 40 err 5.5586e-2 kkt 5.53e-11 atB 000000 Δx 6.15e-7
V2-short-legs U:R h0.05 f0.3 l0 y45: it 22 err 4.8168e-2 kkt 3.80e-10 atB 100000 | it500: 22 err 4.8168e-2 kkt 3.80e-10 atB 100000 Δx 0.00e+0
V2-short-legs U:R h0.05 f0.45 l0 y0: it 30 err 5.1102e-2 kkt 1.28e-8 atB 000000 | it500: 43 err 5.1102e-2 kkt 1.40e-10 atB 000000 Δx 2.06e-6
V2-short-legs U:R h0.05 f0.45 l0 y30: it 30 err 5.1102e-2 kkt 1.84e-8 atB 000000 | it500: 47 err 5.1102e-2 kkt 8.05e-11 atB 000000 Δx 3.60e-6
V2-short-legs U:R h0.05 f0.45 l0 y-30: it 30 err 5.1102e-2 kkt 1.97e-8 atB 000000 | it500: 42 err 5.1102e-2 kkt 2.20e-10 atB 000000 Δx 3.56e-6
V2-short-legs U:R h0.05 f0.45 l0 y45: it 30 err 1.1783e-1 kkt 8.88e-7 atB 100000 | it500: 57 err 1.1783e-1 kkt 6.65e-10 atB 100000 Δx 1.18e-4
V2-short-legs U:R h0.05 f0.45 l0 y-45: it 30 err 5.1102e-2 kkt 1.97e-8 atB 000000 | it500: 47 err 5.1102e-2 kkt 1.16e-10 atB 000000 Δx 3.87e-6
V2-short-legs U:R h0.05 f0 l0.2 y-45: it 20 err 3.3760e-2 kkt 1.46e-10 atB 100000 | it500: 20 err 3.3760e-2 kkt 1.46e-10 atB 100000 Δx 0.00e+0
V2-short-legs U:R h0.05 f0.3 l0.1 y0: it 24 err 9.4391e-3 kkt 2.83e-11 atB 000000 | it500: 24 err 9.4391e-3 kkt 2.83e-11 atB 000000 Δx 0.00e+0
V2-short-legs U:R h0.05 f0.3 l0.1 y30: it 26 err 9.4391e-3 kkt 6.89e-12 atB 000000 | it500: 26 err 9.4391e-3 kkt 6.89e-12 atB 000000 Δx 0.00e+0
V2-short-legs U:R h0.05 f0.3 l0.1 y-30: it 23 err 9.4391e-3 kkt 5.34e-12 atB 000000 | it500: 23 err 9.4391e-3 kkt 5.34e-12 atB 000000 Δx 0.00e+0
V2-short-legs U:R h0.05 f0.3 l0.1 y45: it 29 err 1.8900e-2 kkt 3.83e-11 atB 100000 | it500: 29 err 1.8900e-2 kkt 3.83e-11 atB 100000 Δx 0.00e+0
V2-short-legs U:R h0.05 f0.3 l0.1 y-45: it 24 err 9.4391e-3 kkt 1.32e-11 atB 000000 | it500: 24 err 9.4391e-3 kkt 1.32e-11 atB 000000 Δx 0.00e+0
V2-short-legs T5 h0 f0.15 l0 y0: it 30 err 5.4619e-3 kkt 4.84e-10 atB 000000 | it500: 44 err 5.4619e-3 kkt 4.99e-12 atB 000000 Δx 7.01e-7
V2-short-legs T5 h0 f0.15 l0 y30: it 30 err 5.4619e-3 kkt 9.24e-10 atB 000000 | it500: 42 err 5.4619e-3 kkt 1.41e-11 atB 000000 Δx 1.63e-6
V2-short-legs T5 h0 f0.15 l0 y-30: it 30 err 5.4619e-3 kkt 3.70e-10 atB 000000 | it500: 40 err 5.4619e-3 kkt 9.83e-12 atB 000000 Δx 6.07e-7
V2-short-legs T5 h0 f0.15 l0 y45: it 19 err 1.7948e-2 kkt 2.19e-12 atB 100000 | it500: 19 err 1.7948e-2 kkt 2.19e-12 atB 100000 Δx 0.00e+0
V2-short-legs T5 h0 f0.15 l0 y-45: it 30 err 5.4619e-3 kkt 3.49e-10 atB 000000 | it500: 39 err 5.4619e-3 kkt 9.67e-12 atB 000000 Δx 6.59e-7
V2-short-legs T5 h0 f0.3 l0 y0: it 30 err 3.8758e-2 kkt 1.45e-7 atB 000000 | it500: 58 err 3.8758e-2 kkt 2.10e-10 atB 000000 Δx 3.37e-5
V2-short-legs T5 h0 f0.3 l0 y30: it 30 err 3.8758e-2 kkt 2.58e-7 atB 000000 | it500: 56 err 3.8758e-2 kkt 2.37e-10 atB 000000 Δx 6.06e-5
V2-short-legs T5 h0 f0.3 l0 y-30: it 30 err 3.8758e-2 kkt 2.19e-7 atB 000000 | it500: 60 err 3.8758e-2 kkt 6.71e-11 atB 000000 Δx 5.13e-5
V2-short-legs T5 h0 f0.3 l0 y45: it 30 err 7.7042e-2 kkt 3.79e-5 atB 100000 | it500: 92 err 7.7041e-2 kkt 5.65e-10 atB 100000 Δx 1.23e-3
V2-short-legs T5 h0 f0.3 l0 y-45: it 30 err 3.8758e-2 kkt 7.12e-8 atB 000000 | it500: 54 err 3.8758e-2 kkt 1.15e-10 atB 000000 Δx 1.68e-5
V2-short-legs T5 h0 f0.45 l0 y0: it 22 err 9.5643e-2 kkt 1.20e-10 atB 000000 | it500: 22 err 9.5643e-2 kkt 1.20e-10 atB 000000 Δx 0.00e+0
V2-short-legs T5 h0 f0.45 l0 y30: it 22 err 9.5643e-2 kkt 8.84e-11 atB 000000 | it500: 22 err 9.5643e-2 kkt 8.84e-11 atB 000000 Δx 0.00e+0
V2-short-legs T5 h0 f0.45 l0 y-30: it 22 err 9.5643e-2 kkt 1.37e-10 atB 000000 | it500: 22 err 9.5643e-2 kkt 1.37e-10 atB 000000 Δx 0.00e+0
V2-short-legs T5 h0 f0.45 l0 y45: it 30 err 1.4544e-1 kkt 4.27e-10 atB 100000 | it500: 31 err 1.4544e-1 kkt 4.22e-10 atB 100000 Δx 2.14e-14
V2-short-legs T5 h0 f0.45 l0 y-45: it 22 err 9.5643e-2 kkt 8.95e-11 atB 000000 | it500: 22 err 9.5643e-2 kkt 8.95e-11 atB 000000 Δx 0.00e+0
V2-short-legs T5 h0 f0 l0.1 y0: it 11 err 1.5575e-2 kkt 1.58e-12 atB 000000 | it500: 11 err 1.5575e-2 kkt 1.58e-12 atB 000000 Δx 0.00e+0
V2-short-legs T5 h0 f0 l0.1 y30: it 14 err 1.5575e-2 kkt 2.99e-12 atB 000000 | it500: 14 err 1.5575e-2 kkt 2.99e-12 atB 000000 Δx 0.00e+0
V2-short-legs T5 h0 f0 l0.1 y-30: it 10 err 1.5575e-2 kkt 5.32e-12 atB 000000 | it500: 10 err 1.5575e-2 kkt 5.32e-12 atB 000000 Δx 0.00e+0
V2-short-legs T5 h0 f0 l0.1 y45: it 11 err 1.5575e-2 kkt 9.99e-12 atB 000000 | it500: 11 err 1.5575e-2 kkt 9.99e-12 atB 000000 Δx 0.00e+0
V2-short-legs T5 h0 f0 l0.1 y-45: it 11 err 1.5575e-2 kkt 1.45e-11 atB 000000 | it500: 11 err 1.5575e-2 kkt 1.45e-11 atB 000000 Δx 0.00e+0
V2-short-legs T5 h0 f0 l0.2 y0: it 30 err 4.3802e-2 kkt 6.00e-8 atB 000000 | it500: 51 err 4.3802e-2 kkt 1.42e-10 atB 000000 Δx 1.25e-5
V2-short-legs T5 h0 f0 l0.2 y30: it 30 err 4.3802e-2 kkt 1.36e-7 atB 000000 | it500: 56 err 4.3802e-2 kkt 1.17e-10 atB 000000 Δx 3.13e-5
V2-short-legs T5 h0 f0 l0.2 y-30: it 30 err 4.3802e-2 kkt 1.09e-7 atB 000000 | it500: 55 err 4.3802e-2 kkt 1.02e-10 atB 000000 Δx 2.41e-5
V2-short-legs T5 h0 f0 l0.2 y45: it 30 err 4.3802e-2 kkt 1.51e-7 atB 000000 | it500: 56 err 4.3802e-2 kkt 4.41e-10 atB 000000 Δx 3.53e-5
V2-short-legs T5 h0 f0 l0.2 y-45: it 30 err 4.9975e-2 kkt 1.22e-7 atB 100000 | it500: 54 err 4.9975e-2 kkt 2.33e-10 atB 100000 Δx 2.25e-5
V2-short-legs T5 h0 f0 l-0.08 y45: it 10 err 2.5735e-3 kkt 3.28e-13 atB 100000 | it500: 10 err 2.5735e-3 kkt 3.28e-13 atB 100000 Δx 0.00e+0
V2-short-legs T5 h0 f0.3 l0.1 y0: it 30 err 5.4932e-2 kkt 3.86e-9 atB 000000 | it500: 38 err 5.4932e-2 kkt 2.09e-10 atB 000000 Δx 5.34e-7
V2-short-legs T5 h0 f0.3 l0.1 y30: it 30 err 5.4932e-2 kkt 8.60e-9 atB 000000 | it500: 44 err 5.4932e-2 kkt 1.12e-10 atB 000000 Δx 1.48e-6
V2-short-legs T5 h0 f0.3 l0.1 y-30: it 30 err 5.4932e-2 kkt 8.95e-9 atB 000000 | it500: 43 err 5.4932e-2 kkt 1.73e-10 atB 000000 Δx 1.51e-6
V2-short-legs T5 h0 f0.3 l0.1 y45: it 30 err 6.1966e-2 kkt 1.17e-4 atB 100000 | it500: 500 err 6.1962e-2 kkt 1.80e-6 atB 100000 Δx 4.99e-3
V2-short-legs T5 h0 f0.3 l0.1 y-45: it 30 err 5.4932e-2 kkt 4.10e-9 atB 000000 | it500: 38 err 5.4932e-2 kkt 1.62e-10 atB 000000 Δx 7.56e-7
V2-short-legs T5 h0.05 f0.3 l0 y45: it 28 err 5.3602e-2 kkt 1.46e-11 atB 100000 | it500: 28 err 5.3602e-2 kkt 1.46e-11 atB 100000 Δx 0.00e+0
V2-short-legs T5 h0.05 f0.45 l0 y0: it 30 err 5.1546e-2 kkt 1.09e-8 atB 000000 | it500: 40 err 5.1546e-2 kkt 2.45e-10 atB 000000 Δx 1.72e-6
V2-short-legs T5 h0.05 f0.45 l0 y30: it 30 err 5.1546e-2 kkt 1.67e-8 atB 000000 | it500: 46 err 5.1546e-2 kkt 8.99e-11 atB 000000 Δx 3.25e-6
V2-short-legs T5 h0.05 f0.45 l0 y-30: it 30 err 5.1546e-2 kkt 1.80e-8 atB 000000 | it500: 46 err 5.1546e-2 kkt 1.48e-10 atB 000000 Δx 3.20e-6
V2-short-legs T5 h0.05 f0.45 l0 y45: it 30 err 1.2280e-1 kkt 1.22e-6 atB 100000 | it500: 62 err 1.2280e-1 kkt 7.18e-10 atB 100000 Δx 1.65e-4
V2-short-legs T5 h0.05 f0.45 l0 y-45: it 30 err 5.1546e-2 kkt 1.77e-8 atB 000000 | it500: 46 err 5.1546e-2 kkt 1.71e-10 atB 000000 Δx 3.45e-6
V2-short-legs T5 h0.05 f0 l0.2 y-45: it 20 err 2.6739e-2 kkt 1.98e-10 atB 100000 | it500: 20 err 2.6739e-2 kkt 1.98e-10 atB 100000 Δx 0.00e+0
V2-short-legs T5 h0.05 f0.3 l0.1 y0: it 21 err 8.6786e-3 kkt 4.85e-11 atB 000000 | it500: 21 err 8.6786e-3 kkt 4.85e-11 atB 000000 Δx 0.00e+0
V2-short-legs T5 h0.05 f0.3 l0.1 y30: it 24 err 8.6786e-3 kkt 2.33e-11 atB 000000 | it500: 24 err 8.6786e-3 kkt 2.33e-11 atB 000000 Δx 0.00e+0
V2-short-legs T5 h0.05 f0.3 l0.1 y-30: it 24 err 8.6786e-3 kkt 4.95e-12 atB 000000 | it500: 24 err 8.6786e-3 kkt 4.95e-12 atB 000000 Δx 0.00e+0
V2-short-legs T5 h0.05 f0.3 l0.1 y45: it 29 err 2.1804e-2 kkt 1.60e-10 atB 100000 | it500: 29 err 2.1804e-2 kkt 1.60e-10 atB 100000 Δx 0.00e+0
V2-short-legs T5 h0.05 f0.3 l0.1 y-45: it 25 err 8.6786e-3 kkt 1.80e-11 atB 000000 | it500: 25 err 8.6786e-3 kkt 1.80e-11 atB 000000 Δx 0.00e+0
V2-198-92 U:R h0 f0.15 l0 y0: it 30 err 4.0672e-3 kkt 4.63e-9 atB 000000 | it500: 48 err 4.0672e-3 kkt 1.36e-11 atB 000000 Δx 8.28e-6
V2-198-92 U:R h0 f0.15 l0 y30: it 30 err 4.0672e-3 kkt 3.97e-9 atB 000000 | it500: 49 err 4.0672e-3 kkt 9.31e-12 atB 000000 Δx 8.00e-6
V2-198-92 U:R h0 f0.15 l0 y-30: it 30 err 4.0672e-3 kkt 6.41e-9 atB 000000 | it500: 52 err 4.0672e-3 kkt 7.90e-12 atB 000000 Δx 1.34e-5
V2-198-92 U:R h0 f0.15 l0 y45: it 30 err 4.0672e-3 kkt 6.56e-9 atB 000000 | it500: 50 err 4.0672e-3 kkt 1.67e-11 atB 000000 Δx 1.39e-5
V2-198-92 U:R h0 f0.15 l0 y-45: it 14 err 4.4502e-3 kkt 1.12e-13 atB 100000 | it500: 14 err 4.4502e-3 kkt 1.12e-13 atB 100000 Δx 0.00e+0
V2-198-92 U:R h0 f0.3 l0 y0: it 30 err 3.3048e-2 kkt 3.76e-7 atB 000000 | it500: 64 err 3.3048e-2 kkt 8.54e-11 atB 000000 Δx 8.88e-5
V2-198-92 U:R h0 f0.3 l0 y30: it 30 err 3.3048e-2 kkt 3.90e-7 atB 000000 | it500: 64 err 3.3048e-2 kkt 9.29e-11 atB 000000 Δx 9.33e-5
V2-198-92 U:R h0 f0.3 l0 y-30: it 30 err 3.3048e-2 kkt 3.00e-7 atB 000000 | it500: 63 err 3.3048e-2 kkt 7.33e-11 atB 000000 Δx 7.21e-5
V2-198-92 U:R h0 f0.3 l0 y45: it 30 err 3.3048e-2 kkt 4.09e-7 atB 000000 | it500: 61 err 3.3048e-2 kkt 1.71e-10 atB 000000 Δx 9.87e-5
V2-198-92 U:R h0 f0.3 l0 y-45: it 30 err 3.3048e-2 kkt 2.10e-7 atB 000000 | it500: 63 err 3.3048e-2 kkt 1.34e-10 atB 000000 Δx 5.08e-5
V2-198-92 U:R h0 f0.45 l0 y0: it 20 err 8.3365e-2 kkt 3.88e-10 atB 000000 | it500: 20 err 8.3365e-2 kkt 3.88e-10 atB 000000 Δx 0.00e+0
V2-198-92 U:R h0 f0.45 l0 y30: it 21 err 8.3365e-2 kkt 7.30e-11 atB 000000 | it500: 21 err 8.3365e-2 kkt 7.30e-11 atB 000000 Δx 0.00e+0
V2-198-92 U:R h0 f0.45 l0 y-30: it 23 err 8.3365e-2 kkt 1.51e-10 atB 000000 | it500: 23 err 8.3365e-2 kkt 1.51e-10 atB 000000 Δx 0.00e+0
V2-198-92 U:R h0 f0.45 l0 y45: it 26 err 8.3365e-2 kkt 1.64e-11 atB 000000 | it500: 26 err 8.3365e-2 kkt 1.64e-11 atB 000000 Δx 0.00e+0
V2-198-92 U:R h0 f0.45 l0 y-45: it 23 err 8.3365e-2 kkt 9.28e-11 atB 000000 | it500: 23 err 8.3365e-2 kkt 9.28e-11 atB 000000 Δx 0.00e+0
V2-198-92 U:R h0 f0 l0.1 y0: it 11 err 1.5031e-2 kkt 4.50e-13 atB 000000 | it500: 11 err 1.5031e-2 kkt 4.50e-13 atB 000000 Δx 0.00e+0
V2-198-92 U:R h0 f0 l0.1 y30: it 7 err 1.5031e-2 kkt 3.47e-11 atB 000000 | it500: 7 err 1.5031e-2 kkt 3.47e-11 atB 000000 Δx 0.00e+0
V2-198-92 U:R h0 f0 l0.1 y-30: it 10 err 1.5031e-2 kkt 2.20e-12 atB 000000 | it500: 10 err 1.5031e-2 kkt 2.20e-12 atB 000000 Δx 0.00e+0
V2-198-92 U:R h0 f0 l0.1 y45: it 10 err 1.5031e-2 kkt 4.66e-13 atB 000000 | it500: 10 err 1.5031e-2 kkt 4.66e-13 atB 000000 Δx 0.00e+0
V2-198-92 U:R h0 f0 l0.1 y-45: it 29 err 4.4187e-2 kkt 2.39e-10 atB 100000 | it500: 29 err 4.4187e-2 kkt 2.39e-10 atB 100000 Δx 0.00e+0
V2-198-92 U:R h0 f0 l0.2 y0: it 30 err 4.1597e-2 kkt 3.87e-8 atB 000000 | it500: 48 err 4.1597e-2 kkt 1.60e-10 atB 000000 Δx 7.06e-6
V2-198-92 U:R h0 f0 l0.2 y30: it 30 err 4.1597e-2 kkt 8.81e-8 atB 000000 | it500: 52 err 4.1597e-2 kkt 1.74e-10 atB 000000 Δx 1.70e-5
V2-198-92 U:R h0 f0 l0.2 y-30: it 30 err 4.1597e-2 kkt 6.92e-8 atB 000000 | it500: 51 err 4.1597e-2 kkt 1.53e-10 atB 000000 Δx 1.45e-5
V2-198-92 U:R h0 f0 l0.2 y45: it 30 err 4.1597e-2 kkt 8.97e-8 atB 000000 | it500: 52 err 4.1597e-2 kkt 1.62e-10 atB 000000 Δx 1.96e-5
V2-198-92 U:R h0 f0 l0.2 y-45: it 30 err 1.0538e-1 kkt 9.55e-6 atB 100000 | it500: 77 err 1.0538e-1 kkt 3.25e-10 atB 100000 Δx 2.07e-4
V2-198-92 U:R h0 f0.3 l0.1 y0: it 30 err 4.9102e-2 kkt 4.43e-9 atB 000000 | it500: 37 err 4.9102e-2 kkt 2.62e-10 atB 000000 Δx 5.77e-7
V2-198-92 U:R h0 f0.3 l0.1 y30: it 30 err 4.9102e-2 kkt 1.09e-8 atB 000000 | it500: 42 err 4.9102e-2 kkt 1.38e-10 atB 000000 Δx 1.65e-6
V2-198-92 U:R h0 f0.3 l0.1 y-30: it 30 err 4.9102e-2 kkt 1.00e-8 atB 000000 | it500: 43 err 4.9102e-2 kkt 8.07e-11 atB 000000 Δx 1.75e-6
V2-198-92 U:R h0 f0.3 l0.1 y45: it 30 err 4.9102e-2 kkt 9.76e-9 atB 000000 | it500: 43 err 4.9102e-2 kkt 9.72e-11 atB 000000 Δx 1.77e-6
V2-198-92 U:R h0 f0.3 l0.1 y-45: it 30 err 6.3509e-2 kkt 3.17e-8 atB 100000 | it500: 46 err 6.3509e-2 kkt 2.33e-10 atB 100000 Δx 4.23e-6
V2-198-92 U:R h0.05 f0.45 l0 y0: it 30 err 3.8068e-2 kkt 9.08e-8 atB 000000 | it500: 51 err 3.8068e-2 kkt 1.65e-10 atB 000000 Δx 1.77e-5
V2-198-92 U:R h0.05 f0.45 l0 y30: it 30 err 3.8068e-2 kkt 1.26e-7 atB 000000 | it500: 57 err 3.8068e-2 kkt 1.02e-10 atB 000000 Δx 2.72e-5
V2-198-92 U:R h0.05 f0.45 l0 y-30: it 30 err 3.8068e-2 kkt 1.30e-7 atB 000000 | it500: 56 err 3.8068e-2 kkt 5.76e-11 atB 000000 Δx 2.82e-5
V2-198-92 U:R h0.05 f0.45 l0 y45: it 30 err 3.8093e-2 kkt 1.27e-7 atB 100000 | it500: 54 err 3.8093e-2 kkt 1.56e-10 atB 100000 Δx 2.75e-5
V2-198-92 U:R h0.05 f0.45 l0 y-45: it 30 err 3.8068e-2 kkt 1.37e-7 atB 000000 | it500: 53 err 3.8068e-2 kkt 1.55e-10 atB 000000 Δx 2.98e-5
V2-198-92 U:R h0.05 f0 l0.1 y-45: it 13 err 1.9625e-2 kkt 1.19e-12 atB 100000 | it500: 13 err 1.9625e-2 kkt 1.19e-12 atB 100000 Δx 0.00e+0
V2-198-92 U:R h0.05 f0 l0.2 y-45: it 30 err 8.9234e-2 kkt 1.60e-10 atB 100000 | it500: 30 err 8.9234e-2 kkt 1.60e-10 atB 100000 Δx 0.00e+0
V2-198-92 U:R h0.05 f0.3 l0.1 y0: it 20 err 2.1634e-3 kkt 1.43e-11 atB 000000 | it500: 20 err 2.1634e-3 kkt 1.43e-11 atB 000000 Δx 0.00e+0
V2-198-92 U:R h0.05 f0.3 l0.1 y30: it 22 err 2.1634e-3 kkt 6.68e-12 atB 000000 | it500: 22 err 2.1634e-3 kkt 6.68e-12 atB 000000 Δx 0.00e+0
V2-198-92 U:R h0.05 f0.3 l0.1 y-30: it 22 err 2.1634e-3 kkt 3.76e-12 atB 000000 | it500: 22 err 2.1634e-3 kkt 3.76e-12 atB 000000 Δx 0.00e+0
V2-198-92 U:R h0.05 f0.3 l0.1 y45: it 22 err 2.1634e-3 kkt 1.07e-11 atB 000000 | it500: 22 err 2.1634e-3 kkt 1.07e-11 atB 000000 Δx 0.00e+0
V2-198-92 U:R h0.05 f0.3 l0.1 y-45: it 12 err 4.4197e-2 kkt 4.44e-11 atB 100100 | it500: 12 err 4.4197e-2 kkt 4.44e-11 atB 100100 Δx 0.00e+0
V2-198-92 T5 h0 f0.15 l0 y0: it 30 err 4.2601e-3 kkt 3.33e-9 atB 000000 | it500: 48 err 4.2601e-3 kkt 7.03e-12 atB 000000 Δx 5.60e-6
V2-198-92 T5 h0 f0.15 l0 y30: it 30 err 4.2601e-3 kkt 3.07e-9 atB 000000 | it500: 51 err 4.2601e-3 kkt 5.65e-12 atB 000000 Δx 5.73e-6
V2-198-92 T5 h0 f0.15 l0 y-30: it 30 err 4.2601e-3 kkt 2.18e-9 atB 000000 | it500: 47 err 4.2601e-3 kkt 1.39e-11 atB 000000 Δx 4.42e-6
V2-198-92 T5 h0 f0.15 l0 y45: it 30 err 4.2601e-3 kkt 4.80e-9 atB 000000 | it500: 52 err 4.2601e-3 kkt 1.06e-11 atB 000000 Δx 9.90e-6
V2-198-92 T5 h0 f0.15 l0 y-45: it 18 err 1.2031e-2 kkt 1.88e-12 atB 100000 | it500: 18 err 1.2031e-2 kkt 1.88e-12 atB 100000 Δx 0.00e+0
V2-198-92 T5 h0 f0.3 l0 y0: it 30 err 3.3345e-2 kkt 3.54e-7 atB 000000 | it500: 59 err 3.3345e-2 kkt 2.04e-10 atB 000000 Δx 8.27e-5
V2-198-92 T5 h0 f0.3 l0 y30: it 30 err 3.3345e-2 kkt 3.64e-7 atB 000000 | it500: 64 err 3.3345e-2 kkt 2.14e-10 atB 000000 Δx 8.66e-5
V2-198-92 T5 h0 f0.3 l0 y-30: it 30 err 3.3345e-2 kkt 3.02e-7 atB 000000 | it500: 62 err 3.3345e-2 kkt 1.15e-10 atB 000000 Δx 7.19e-5
V2-198-92 T5 h0 f0.3 l0 y45: it 30 err 3.3345e-2 kkt 3.82e-7 atB 000000 | it500: 60 err 3.3345e-2 kkt 1.90e-10 atB 000000 Δx 9.15e-5
V2-198-92 T5 h0 f0.3 l0 y-45: it 30 err 3.6073e-2 kkt 2.62e-5 atB 100000 | it500: 118 err 3.6073e-2 kkt 1.27e-10 atB 100000 Δx 1.95e-3
V2-198-92 T5 h0 f0.45 l0 y0: it 19 err 8.3753e-2 kkt 3.50e-10 atB 000000 | it500: 19 err 8.3753e-2 kkt 3.50e-10 atB 000000 Δx 0.00e+0
V2-198-92 T5 h0 f0.45 l0 y30: it 20 err 8.3753e-2 kkt 9.12e-11 atB 000000 | it500: 20 err 8.3753e-2 kkt 9.12e-11 atB 000000 Δx 0.00e+0
V2-198-92 T5 h0 f0.45 l0 y-30: it 26 err 8.3753e-2 kkt 4.83e-11 atB 000000 | it500: 26 err 8.3753e-2 kkt 4.83e-11 atB 000000 Δx 0.00e+0
V2-198-92 T5 h0 f0.45 l0 y45: it 26 err 8.3753e-2 kkt 6.49e-11 atB 000000 | it500: 26 err 8.3753e-2 kkt 6.49e-11 atB 000000 Δx 0.00e+0
V2-198-92 T5 h0 f0.45 l0 y-45: it 28 err 8.3987e-2 kkt 1.65e-11 atB 100000 | it500: 28 err 8.3987e-2 kkt 1.65e-11 atB 100000 Δx 0.00e+0
V2-198-92 T5 h0 f0 l0.1 y0: it 7 err 1.4145e-2 kkt 1.00e-10 atB 000000 | it500: 7 err 1.4145e-2 kkt 1.00e-10 atB 000000 Δx 0.00e+0
V2-198-92 T5 h0 f0 l0.1 y30: it 10 err 1.4145e-2 kkt 5.91e-12 atB 000000 | it500: 10 err 1.4145e-2 kkt 5.91e-12 atB 000000 Δx 0.00e+0
V2-198-92 T5 h0 f0 l0.1 y-30: it 7 err 1.4145e-2 kkt 7.93e-11 atB 000000 | it500: 7 err 1.4145e-2 kkt 7.93e-11 atB 000000 Δx 0.00e+0
V2-198-92 T5 h0 f0 l0.1 y45: it 12 err 1.4145e-2 kkt 2.69e-11 atB 000000 | it500: 12 err 1.4145e-2 kkt 2.69e-11 atB 000000 Δx 0.00e+0
V2-198-92 T5 h0 f0 l0.1 y-45: it 30 err 5.5166e-2 kkt 1.21e-10 atB 100000 | it500: 31 err 5.5166e-2 kkt 6.35e-11 atB 100000 Δx 5.20e-9
V2-198-92 T5 h0 f0 l0.2 y0: it 30 err 3.9795e-2 kkt 5.90e-8 atB 000000 | it500: 51 err 3.9795e-2 kkt 1.26e-10 atB 000000 Δx 1.15e-5
V2-198-92 T5 h0 f0 l0.2 y30: it 30 err 3.9795e-2 kkt 1.26e-7 atB 000000 | it500: 54 err 3.9795e-2 kkt 1.17e-10 atB 000000 Δx 2.54e-5
V2-198-92 T5 h0 f0 l0.2 y-30: it 30 err 3.9795e-2 kkt 1.05e-7 atB 000000 | it500: 51 err 3.9795e-2 kkt 1.72e-10 atB 000000 Δx 2.27e-5
V2-198-92 T5 h0 f0 l0.2 y45: it 30 err 3.9795e-2 kkt 1.31e-7 atB 000000 | it500: 54 err 3.9795e-2 kkt 1.08e-10 atB 000000 Δx 2.93e-5
V2-198-92 T5 h0 f0 l0.2 y-45: it 30 err 1.1741e-1 kkt 1.55e-4 atB 100000 | it500: 79 err 1.1740e-1 kkt 4.38e-10 atB 100000 Δx 2.75e-3
V2-198-92 T5 h0 f0.3 l0.1 y0: it 30 err 4.8463e-2 kkt 5.03e-9 atB 000000 | it500: 44 err 4.8463e-2 kkt 8.80e-11 atB 000000 Δx 7.00e-7
V2-198-92 T5 h0 f0.3 l0.1 y30: it 30 err 4.8463e-2 kkt 1.28e-8 atB 000000 | it500: 41 err 4.8463e-2 kkt 2.44e-10 atB 000000 Δx 1.92e-6
V2-198-92 T5 h0 f0.3 l0.1 y-30: it 30 err 4.8463e-2 kkt 1.15e-8 atB 000000 | it500: 45 err 4.8463e-2 kkt 8.34e-11 atB 000000 Δx 2.09e-6
V2-198-92 T5 h0 f0.3 l0.1 y45: it 30 err 4.8463e-2 kkt 1.15e-8 atB 000000 | it500: 43 err 4.8463e-2 kkt 6.94e-11 atB 000000 Δx 2.09e-6
V2-198-92 T5 h0 f0.3 l0.1 y-45: it 30 err 7.7674e-2 kkt 3.54e-8 atB 100000 | it500: 41 err 7.7674e-2 kkt 6.52e-10 atB 100000 Δx 4.19e-6
V2-198-92 T5 h0.05 f0.3 l0 y-45: it 12 err 4.6992e-3 kkt 8.19e-13 atB 100000 | it500: 12 err 4.6992e-3 kkt 8.19e-13 atB 100000 Δx 0.00e+0
V2-198-92 T5 h0.05 f0.45 l0 y0: it 30 err 3.8416e-2 kkt 7.89e-8 atB 000000 | it500: 52 err 3.8416e-2 kkt 1.00e-10 atB 000000 Δx 1.53e-5
V2-198-92 T5 h0.05 f0.45 l0 y30: it 30 err 3.8416e-2 kkt 1.17e-7 atB 000000 | it500: 55 err 3.8416e-2 kkt 3.18e-10 atB 000000 Δx 2.50e-5
V2-198-92 T5 h0.05 f0.45 l0 y-30: it 30 err 3.8416e-2 kkt 1.21e-7 atB 000000 | it500: 56 err 3.8416e-2 kkt 4.96e-11 atB 000000 Δx 2.59e-5
V2-198-92 T5 h0.05 f0.45 l0 y45: it 30 err 3.8416e-2 kkt 1.21e-7 atB 000000 | it500: 55 err 3.8416e-2 kkt 1.07e-10 atB 000000 Δx 2.62e-5
V2-198-92 T5 h0.05 f0.45 l0 y-45: it 30 err 3.9119e-2 kkt 1.13e-7 atB 100000 | it500: 59 err 3.9119e-2 kkt 5.48e-11 atB 100000 Δx 2.42e-5
V2-198-92 T5 h0.05 f0 l0.1 y-45: it 12 err 3.0870e-2 kkt 9.20e-11 atB 100000 | it500: 12 err 3.0870e-2 kkt 9.20e-11 atB 100000 Δx 0.00e+0
V2-198-92 T5 h0.05 f0 l0.2 y-45: it 30 err 1.0067e-1 kkt 4.58e-10 atB 100000 | it500: 30 err 1.0067e-1 kkt 4.58e-10 atB 100000 Δx 0.00e+0
V2-198-92 T5 h0.05 f0.3 l0.1 y0: it 10 err 1.4322e-3 kkt 1.40e-13 atB 000000 | it500: 10 err 1.4322e-3 kkt 1.40e-13 atB 000000 Δx 0.00e+0
V2-198-92 T5 h0.05 f0.3 l0.1 y30: it 10 err 1.4322e-3 kkt 4.53e-13 atB 000000 | it500: 10 err 1.4322e-3 kkt 4.53e-13 atB 000000 Δx 0.00e+0
V2-198-92 T5 h0.05 f0.3 l0.1 y-30: it 10 err 1.4322e-3 kkt 2.39e-13 atB 000000 | it500: 10 err 1.4322e-3 kkt 2.39e-13 atB 000000 Δx 0.00e+0
V2-198-92 T5 h0.05 f0.3 l0.1 y45: it 13 err 1.4322e-3 kkt 9.40e-13 atB 000000 | it500: 13 err 1.4322e-3 kkt 9.40e-13 atB 000000 Δx 0.00e+0
V2-198-92 T5 h0.05 f0.3 l0.1 y-45: it 30 err 6.3123e-2 kkt 2.34e-6 atB 100000 | it500: 67 err 6.3123e-2 kkt 8.47e-11 atB 100000 Δx 8.16e-5
