rx_miss            NEAR MISS         kp 57 lead 2.5 ticks fail: AST-C1 (stand-in tracking 10.39 mm)
rx_free_leg        RECOVERABLE       NO PROMOTION FRAME no valid predictive promotion frame in W = [41, 49]: P5_footDeg+P14_bodyVel+P15_angVel+P17_angMom+HGA_comVsAuth+HGT_extension
rx_planted_leg     PLANTED-LEG FALL  kp 45 lead 2.75 ticks fail: CG-3, CG-2
rx_jog             PLANTED-LEG FALL  kp 45 lead 2.75 ticks fail: CG-3, CG-2
rx_sprint          NEAR MISS         kp 66 lead 0.5 ticks fail: NM
rx_square          other             NO PROMOTION FRAME no valid predictive promotion frame in W = [50, 60]: P9_footContact_R+HGA_comVsAuth+P14_bodyVel+P15_angVel+P5_footDeg+P17_angMom
rx_glancing        PLANTED-LEG FALL  kp 64 lead 0.75 ticks PASS
rx_lateral         PLANTED-LEG FALL  kp 48 lead 1 ticks fail: CG-1, CG-3, CG-4, CG-5, CG-6, CG-2
rx_rear_diag       RECOVERABLE       kp 43 lead 1 ticks fail: CG-4, CG-5, CG-6, CG-2
rx_front_diag      PLANTED-LEG FALL  kp 55 lead 0.5 ticks fail: CG-4, CG-5, CG-6, CG-2, tackler discontinuity 12 mm
rx_rear            other             NO PROMOTION FRAME no valid predictive promotion frame in W = [30, 51]: P9_footContact_R+HGA_comVsAuth+P14_bodyVel+P15_angVel+P5_footDeg+P17_angMom+HGT_extension+P11_renderedBootP
rx_standing        RECOVERABLE       NO PROMOTION FRAME no valid predictive promotion frame in W = [40, 50]: P5_footDeg+HGA_comVsAuth+HGT_extension
rx_airborne        NEAR MISS         kp 60 lead 0.5 ticks PASS
rx_early_stance    other             kp 53 lead 3.5 ticks fail: CG-1, CG-3, CG-4, CG-5, CG-6, AST-C1 (stand-in tracking 11.7 mm)
rx_late_stance     other             kp 49 lead 5.75 ticks fail: CG-1, CG-4
rx_facing_front    PLANTED-LEG FALL  kp 51 lead 0.25 ticks fail: CG-1
rx_side_standing   PLANTED-LEG FALL  kp 59 lead 0.5 ticks fail: CG-6, tackler discontinuity 10.8 mm
rx_behind_standing RECOVERABLE       kp 50 lead 0.5 ticks PASS
rx_heavy           NEAR MISS         kp 66 lead 0.5 ticks fail: NM
rx_light           NEAR MISS         kp 66 lead 0.5 ticks fail: NM
sl_win             other             NO PROMOTION FRAME no valid predictive promotion frame in W = [64, 71]: P14_bodyVel+P15_angVel+P16_comVel+P17_angMom+HGA_comVsAuth+HGT_extension
sl_early           NEAR MISS         NO PROMOTION FRAME predictor never fires
sl_late            NEAR MISS         NO PROMOTION FRAME predictor never fires
sl_from_behind     PLANTED-LEG FALL  NO PROMOTION FRAME no valid predictive promotion frame in W = [75, 85]: P17_angMom+HGT_extension+HGA_comVsAuth+P15_angVel+P9_footContact_R+P11_renderedBootPenMm+P7_twistDeg
sl_left            other             kp 70 lead 3.5 ticks fail: CG-1, CG-3, CG-4, CG-5, CG-6, CG-2, AST-C1 (stand-in tracking 14.52 mm)
sl_loose           other             kp 135 lead 9.25 ticks fail: CG-4, CG-5, CG-6, CG-2
