# B_R55, art foot, vFootMax 7 (non-physiological): swing target vs L ankle, swing-hip/knee effort, leg-leg contacts
2.000 STAND   RECOVERABLE_HIP tgt -                 u - | L ankle -0.220,0.174,0.045 | hip 18% knee 1% | legs - | trunk 6
2.025 SWING   STEPPING        tgt -0.221,0.178,0.045 u 0.04 | L ankle -0.225,0.179,0.033 | hip 30% knee 32% | legs - | trunk 6
2.050 SWING   STEPPING        tgt -0.221,0.209,0.045 u 0.10 | L ankle -0.221,0.199,-0.009 | hip 72% knee 1% | legs - | trunk 7
2.075 SWING   STEPPING        tgt -0.218,0.263,0.048 u 0.17 | L ankle -0.207,0.245,-0.045 | hip 39% knee 6% | legs - | trunk 7
2.100 SWING   STEPPING        tgt -0.188,0.305,0.070 u 0.23 | L ankle -0.182,0.295,-0.057 | hip 100%SAT knee 16% | legs - | trunk 7
2.125 SWING   STEPPING        tgt -0.115,0.314,0.119 u 0.29 | L ankle -0.151,0.322,-0.038 | hip 100%SAT knee 17% | legs - | trunk 8
2.150 SWING   STEPPING        tgt -0.004,0.307,0.170 u 0.35 | L ankle -0.115,0.326,0.006 | hip 100%SAT knee 5% | legs - | trunk 8
2.175 SWING   STEPPING        tgt 0.125,0.300,0.193 u 0.42 | L ankle -0.065,0.315,0.057 | hip 100%SAT knee 16% | legs - | trunk 9
2.200 SWING   STEPPING        tgt 0.250,0.292,0.166 u 0.48 | L ankle 0.007,0.293,0.100 | hip 100%SAT knee 22% | legs - | trunk 10
2.225 SWING   STEPPING        tgt 0.352,0.283,0.100 u 0.54 | L ankle 0.093,0.272,0.132 | hip 100%SAT knee 15% | legs foot_L-shin_R -17mm foot_L-foot_R -17mm | trunk 12
2.250 SWING   STEPPING        tgt 0.421,0.275,0.024 u 0.60 | L ankle 0.174,0.251,0.147 | hip 100%SAT knee 5% | legs thigh_L-thigh_R -6mm foot_L-shin_R -12mm foot_L-foot_R -2mm | trunk 13
2.275 SWING   STEPPING        tgt 0.457,0.261,-0.026 u 0.67 | L ankle 0.197,0.237,0.153 | hip 100%SAT knee 41% | legs thigh_L-thigh_R -0mm foot_L-shin_R -17mm foot_L-foot_R 1mm | trunk 14
2.300 SWING   STEPPING        tgt 0.467,0.229,-0.041 u 0.73 | L ankle 0.195,0.233,0.156 | hip 100%SAT knee 100%SAT | legs thigh_L-thigh_R -0mm foot_L-foot_R 4mm | trunk 15
2.325 SWING   STEPPING        tgt 0.467,0.185,-0.042 u 0.79 | L ankle 0.200,0.233,0.162 | hip 100%SAT knee 100%SAT | legs thigh_L-thigh_R 0mm foot_L-foot_R 4mm | trunk 17
2.350 SWING   STEPPING        tgt 0.467,0.142,-0.042 u 0.85 | L ankle 0.198,0.237,0.171 | hip 100%SAT knee 100%SAT | legs thigh_L-thigh_R 0mm foot_L-foot_R 5mm | trunk 19
2.375 SWING   STEPPING        tgt 0.467,0.113,-0.042 u 0.92 | L ankle 0.192,0.245,0.184 | hip 100%SAT knee 70% | legs thigh_L-thigh_R 0mm foot_L-foot_R 4mm | trunk 22
2.400 SWING   STEPPING        tgt 0.467,0.104,-0.042 u 0.98 | L ankle 0.174,0.251,0.207 | hip 100%SAT knee 23% | legs thigh_L-thigh_R 0mm foot_L-foot_R 3mm | trunk 25
2.425 DESCEND STEPPING        tgt 0.467,0.102,-0.042 u 1.00 | L ankle 0.157,0.258,0.228 | hip 66% knee 18% | legs thigh_L-thigh_R 0mm foot_L-foot_R 3mm | trunk 28
2.450 DESCEND STEPPING        tgt 0.467,0.100,-0.042 u 1.00 | L ankle 0.147,0.264,0.242 | hip 100%SAT knee 20% | legs thigh_L-thigh_R 0mm foot_L-foot_R 3mm | trunk 30
2.475 DESCEND STEPPING        tgt 0.467,0.098,-0.042 u 1.00 | L ankle 0.141,0.266,0.254 | hip 100%SAT knee 19% | legs thigh_L-thigh_R 0mm foot_L-foot_R 4mm | trunk 32
2.500 DESCEND STEPPING        tgt 0.467,0.096,-0.042 u 1.00 | L ankle 0.137,0.264,0.267 | hip 77% knee 18% | legs thigh_L-thigh_R 0mm foot_L-foot_R 4mm | trunk 33
2.525 DESCEND STEPPING        tgt 0.467,0.094,-0.042 u 1.00 | L ankle 0.133,0.259,0.280 | hip 79% knee 16% | legs thigh_L-thigh_R 0mm foot_L-foot_R 4mm | trunk 34
2.550 DESCEND STEPPING        tgt 0.467,0.092,-0.042 u 1.00 | L ankle 0.125,0.250,0.290 | hip 71% knee 13% | legs thigh_L-thigh_R 0mm foot_L-foot_R 5mm | trunk 36
2.575 DESCEND STEPPING        tgt 0.467,0.090,-0.042 u 1.00 | L ankle 0.115,0.237,0.295 | hip 39% knee 11% | legs thigh_L-thigh_R -0mm foot_L-foot_R 5mm | trunk 37
2.600 DESCEND STEPPING        tgt 0.467,0.088,-0.042 u 1.00 | L ankle 0.103,0.230,0.291 | hip 53% knee 13% | legs thigh_L-thigh_R -1mm foot_L-foot_R 8mm | trunk 39
2.625 DESCEND STEPPING        tgt 0.467,0.086,-0.042 u 1.00 | L ankle 0.100,0.234,0.286 | hip 63% knee 2% | legs thigh_L-thigh_R -0mm foot_L-foot_R 6mm | trunk 41
2.650 DESCEND STEPPING        tgt 0.467,0.084,-0.042 u 1.00 | L ankle 0.104,0.248,0.286 | hip 100%SAT knee 13% | legs thigh_L-thigh_R -0mm foot_L-foot_R 5mm | trunk 44
2.675 DESCEND STEPPING        tgt 0.467,0.082,-0.042 u 1.00 | L ankle 0.104,0.260,0.284 | hip 95% knee 8% | legs thigh_L-thigh_R -0mm foot_L-foot_R 3mm | trunk 46
2.700 DESCEND STEPPING        tgt 0.467,0.080,-0.042 u 1.00 | L ankle 0.107,0.268,0.285 | hip 85% knee 7% | legs thigh_L-thigh_R -0mm foot_L-foot_R 2mm | trunk 47
2.725 DESCEND STEPPING        tgt 0.467,0.078,-0.042 u 1.00 | L ankle 0.110,0.271,0.285 | hip 74% knee 11% | legs thigh_L-thigh_R -0mm foot_L-foot_R 3mm | trunk 49
2.750 DESCEND STEPPING        tgt 0.467,0.076,-0.042 u 1.00 | L ankle 0.106,0.271,0.281 | hip 76% knee 7% | legs thigh_L-thigh_R -0mm foot_L-foot_R 3mm | trunk 50
STEP_FAILED_FELL {"foot":"L","stage":"FAILED","status":"FAILED","fail":"no ground contact after the planned touchdown","tStepNeeded":2.004,"liftoffAfterNeedS":0.008,"touchdownAfterNeedS":null,"recoveredAfterNeedS":nul
