# 1. physiological cap (vFootMax 4.5), art-fitted foot (approved) — candidates at the first STEP_NEEDED
foot box (art) he 16.4 × 14.9 × 35.8 cm · crossover true
  t 2.004 ξ 0.287,-0.001 com 0.234,0.018 v 0.16,-0.06 loads L -0 R 769 Lc -0.223,0.144 Rc 0.161,0.086
    {"sw":"L","want":[0.448,0.057],"target":[-0.034,0.119],"xtd":[0.37,-0.001],"T":0.288,"margin":-0.127,"reasons":["crossover 80 cm + 19 cm lift in 0.39 s needs a 5.5 m/s foot (max 4.5)"]}
    null
B_R55              FELL_NO_STEP           NO STEP: best foothold leaves ξ 12.7 cm outside the new support | hash 13522dfa
  t 1.379 ξ 0.287,0.006 com 0.175,0.021 v 0.34,-0.05 loads L -0 R 769 Lc -0.223,0.145 Rc 0.161,0.086
    {"sw":"L","want":[0.448,0.064],"target":[-0.034,0.122],"xtd":[0.37,0.006],"T":0.288,"margin":-0.127,"reasons":["crossover 80 cm + 19 cm lift in 0.39 s needs a 5.4 m/s foot (max 4.5)"]}
    null
B_R65              FELL_NO_STEP           NO STEP: best foothold leaves ξ 12.7 cm outside the new support | hash 5ca84a7f
  t 1.050 ξ 0.327,0.027 com 0.026,0.029 v 0.91,-0.00 loads L 123 R 499 Lc -0.159,0.086 Rc 0.161,0.086
    {"sw":"L","want":[0.59,0.086],"target":[-0.034,0.086],"xtd":[0.455,0.028],"T":0.275,"margin":-0.213,"reasons":["crossover 88 cm + 19 cm lift in 0.40 s needs a 6.0 m/s foot (max 4.5)"]}
    {"sw":"R","want":[1.349,0.086],"target":[0.766,0.086],"xtd":[1.2,0.028],"T":0.371,"margin":-0.352,"reasons":["R leg cannot reach (65 cm from the hip at touchdown)","swing 119 cm in 0.40 s needs a 8.8 m/s foot (max 4.5)"]}
B_R75              FELL_NO_STEP           NO STEP: best foothold leaves ξ 21.3 cm outside the new support | hash 654226e2
  t 2.017 ξ -0.288,-0.001 com -0.235,0.018 v -0.16,-0.06 loads L 770 R -0 Lc -0.162,0.086 Rc 0.222,0.143
    null
    {"sw":"R","want":[-0.448,0.057],"target":[0.033,0.118],"xtd":[-0.37,-0.001],"T":0.288,"margin":-0.126,"reasons":["crossover 80 cm + 19 cm lift in 0.39 s needs a 5.4 m/s foot (max 4.5)"]}
B_L55              FELL_NO_STEP           NO STEP: best foothold leaves ξ 12.6 cm outside the new support | hash 70ede4bc
  t 1.054 ξ -0.301,0.027 com -0.027,0.029 v -0.83,-0.00 loads L 557 R 166 Lc -0.162,0.086 Rc 0.157,0.086
    {"sw":"L","want":[-1.258,0.086],"target":[-0.767,0.086],"xtd":[-1.117,0.028],"T":0.371,"margin":-0.267,"reasons":["L leg cannot reach (60 cm from the hip at touchdown)","swing 110 cm in 0.40 s needs a 8.2 m/s foot (max 4.5)"]}
    {"sw":"R","want":[-0.484,0.086],"target":[0.033,0.086],"xtd":[-0.394,0.028],"T":0.275,"margin":-0.15,"reasons":["crossover 79 cm + 19 cm lift in 0.38 s needs a 5.1 m/s foot (max 4.5)"]}
B_L70              FELL_NO_STEP           NO STEP: best foothold leaves ξ 15.0 cm outside the new support | hash a18d1fb7
  t 1.725 ξ 0.296,0.300 com 0.218,0.222 v 0.24,0.24 loads L -0 R 771 Lc -0.187,0.028 Rc 0.160,0.087
    {"sw":"L","want":[0.493,0.493],"reasons":["crossover 84 cm + 19 cm lift in 0.40 s needs a 6.3 m/s foot (max 4.5)"]}
    null
B_FR70             FELL_NO_STEP           NO STEP: no reachable foothold (neither foot) | hash b755de68
  t 1.308 ξ 0.295,0.300 com 0.156,0.172 v 0.42,0.39 loads L -0 R 684 Lc -0.218,0.067 Rc 0.160,0.087
    {"sw":"L","want":[0.486,0.493],"reasons":["crossover 83 cm + 19 cm lift in 0.40 s needs a 6.3 m/s foot (max 4.5)"]}
    null
B_FR90             FELL_NO_STEP           NO STEP: no reachable foothold (neither foot) | hash 414b84ac
  t 1.042 ξ 0.332,0.028 com 0.022,0.029 v 0.94,-0.00 loads L 98 R 517 Lc -0.159,0.086 Rc 0.161,0.086
    {"sw":"L","want":[0.607,0.086],"target":[-0.034,0.086],"xtd":[0.467,0.028],"T":0.275,"margin":-0.224,"reasons":["crossover 89 cm + 19 cm lift in 0.40 s needs a 6.2 m/s foot (max 4.5)"]}
    {"sw":"R","want":[1.365,0.086],"target":[0.766,0.086],"xtd":[1.215,0.029],"T":0.371,"margin":-0.367,"reasons":["R leg cannot reach (66 cm from the hip at touchdown)","swing 120 cm in 0.40 s needs a 9.0 m/s foot (max 4.5)"]}
C_proj_R90         FELL_NO_STEP           NO STEP: best foothold leaves ξ 22.4 cm outside the new support | hash 771bf6c0
  t 1.054 ξ 0.286,0.030 com 0.026,0.032 v 0.79,-0.01 loads L 248 R 622 Lc -0.159,0.086 Rc 0.161,0.086
    {"sw":"L","want":[0.437,0.088],"target":[-0.034,0.087],"xtd":[0.362,0.03],"T":0.275,"margin":-0.12,"reasons":["crossover 75 cm + 19 cm lift in 0.37 s needs a 5.2 m/s foot (max 4.5)"]}
    {"sw":"R","want":[1.212,0.089],"target":[0.766,0.088],"xtd":[1.075,0.031],"T":0.371,"margin":-0.227,"reasons":["R leg cannot reach (58 cm from the hip at touchdown)","swing 105 cm in 0.40 s needs a 7.8 m/s foot (max 4.5)"]}
D_late_R65_100ms   FELL_NO_STEP           NO STEP: best foothold leaves ξ 12.0 cm outside the new support | hash 5badff9e

# 2. physiological cap, boot-sized foot box (EXPERIMENT, not the approved body)
foot box (human) he 10.5 × 8.8 × 29.0 cm · crossover true
  t 1.592 ξ 0.257,-0.008 com 0.186,0.012 v 0.21,-0.06 loads L -0 R 770 Lc -0.237,0.145 Rc 0.160,0.074
    {"sw":"L","want":[0.415,0.038],"target":[0.025,0.102],"xtd":[0.345,-0.008],"T":0.303,"margin":-0.132,"reasons":["crossover 75 cm + 13 cm lift in 0.38 s needs a 5.5 m/s foot (max 4.5)"]}
    null
B_R55              FELL_NO_STEP           NO STEP: best foothold leaves ξ 13.2 cm outside the new support | hash 962f0080
  t 1.050 ξ 0.281,0.028 com 0.022,0.029 v 0.78,-0.00 loads L 38 R 633 Lc -0.160,0.074 Rc 0.161,0.074
    {"sw":"L","want":[0.489,0.074],"target":[0.025,0.074],"xtd":[0.395,0.029],"T":0.287,"margin":-0.182,"reasons":["crossover 75 cm + 13 cm lift in 0.38 s needs a 5.1 m/s foot (max 4.5)"]}
    {"sw":"R","want":[1.262,0.081],"target":[0.765,0.078],"xtd":[1.118,0.035],"T":0.371,"margin":-0.3,"reasons":["R leg cannot reach (62 cm from the hip at touchdown)","swing 110 cm in 0.40 s needs a 8.2 m/s foot (max 4.5)"]}
B_R65              FELL_NO_STEP           NO STEP: best foothold leaves ξ 18.2 cm outside the new support | hash ef8ed2c6
  t 1.046 ξ 0.301,0.028 com 0.022,0.029 v 0.85,-0.00 loads L 71 R 572 Lc -0.160,0.074 Rc 0.161,0.074
    {"sw":"L","want":[0.569,0.074],"target":[0.025,0.074],"xtd":[0.443,0.029],"T":0.287,"margin":-0.23,"reasons":["crossover 82 cm + 13 cm lift in 0.40 s needs a 5.7 m/s foot (max 4.5)"]}
    {"sw":"R","want":[1.331,0.081],"target":[0.765,0.078],"xtd":[1.181,0.035],"T":0.371,"margin":-0.363,"reasons":["R leg cannot reach (65 cm from the hip at touchdown)","swing 117 cm in 0.40 s needs a 8.7 m/s foot (max 4.5)"]}
B_R75              FELL_NO_STEP           NO STEP: best foothold leaves ξ 23.0 cm outside the new support | hash cd55c88b
  t 1.600 ξ -0.258,-0.008 com -0.187,0.011 v -0.21,-0.06 loads L 771 R -0 Lc -0.162,0.074 Rc 0.236,0.146
    null
    {"sw":"R","want":[-0.415,0.037],"target":[-0.026,0.102],"xtd":[-0.345,-0.008],"T":0.303,"margin":-0.131,"reasons":["crossover 75 cm + 13 cm lift in 0.38 s needs a 5.5 m/s foot (max 4.5)"]}
B_L55              FELL_NO_STEP           NO STEP: best foothold leaves ξ 13.1 cm outside the new support | hash 1f4fe984
  t 1.050 ξ -0.304,0.028 com -0.024,0.029 v -0.85,-0.00 loads L 528 R 53 Lc -0.162,0.074 Rc 0.158,0.074
    {"sw":"L","want":[-1.338,0.083],"target":[-0.767,0.079],"xtd":[-1.188,0.036],"T":0.371,"margin":-0.369,"reasons":["L leg cannot reach (66 cm from the hip at touchdown)","swing 118 cm in 0.40 s needs a 8.8 m/s foot (max 4.5)"]}
    {"sw":"R","want":[-0.578,0.073],"target":[-0.025,0.073],"xtd":[-0.449,0.028],"T":0.287,"margin":-0.235,"reasons":["crossover 83 cm + 13 cm lift in 0.40 s needs a 5.8 m/s foot (max 4.5)"]}
B_L70              FELL_NO_STEP           NO STEP: best foothold leaves ξ 23.5 cm outside the new support | hash 176a177e
  t 1.546 ξ 0.230,0.272 com 0.165,0.192 v 0.20,0.24 loads L -0 R 772 Lc -0.170,0.005 Rc 0.160,0.074
    {"sw":"L","want":[0.32,0.5],"reasons":["crossover 70 cm + 13 cm lift in 0.39 s needs a 5.8 m/s foot (max 4.5)"]}
    null
B_FR70             FELL_NO_STEP           NO STEP: no reachable foothold (neither foot) | hash 98e844f
  t 1.050 ξ 0.277,0.299 com 0.021,0.050 v 0.77,0.75 loads L 171 R 711 Lc -0.160,0.074 Rc 0.161,0.075
    {"sw":"L","want":[0.484,0.589],"target":[0.025,0.223],"xtd":[0.393,0.437],"T":0.297,"margin":-0.28,"reasons":["crossover 83 cm + 13 cm lift in 0.40 s needs a 6.2 m/s foot (max 4.5)"]}
    {"sw":"R","want":[1.249,0.574],"target":[0.71,0.327],"xtd":[1.107,0.495],"T":0.371,"margin":-0.345,"reasons":["R leg cannot reach (64 cm from the hip at touchdown)","swing 120 cm in 0.40 s needs a 8.9 m/s foot (max 4.5)"]}
B_FR90             FELL_NO_STEP           NO STEP: best foothold leaves ξ 28.0 cm outside the new support | hash 5ff2f037

# 3. cap lifted to 7 m/s (NON-PHYSIOLOGICAL mechanics test): the crossover is chosen and executed
foot box (art) he 16.4 × 14.9 × 35.8 cm · crossover true
B_R55              STEP_FAILED_FELL       L step · liftoff 0.008 · td - · no ground contact after the planned touchdown | hash 1dd9046b
B_R65              STEP_FAILED_FELL       L step · liftoff 0.008 · td - · no ground contact after the planned touchdown | hash 8eb044a6
B_R75              STEP_FAILED_FELL       L step · liftoff 0.029 · td - · no ground contact after the planned touchdown | hash b66a3950
foot box (human) he 10.5 × 8.8 × 29.0 cm · crossover true
B_R55              STEP_FAILED_FELL       L step · liftoff 0.008 · td - · no ground contact after the planned touchdown | hash 3e4a5f84
B_R65              STEP_FAILED_FELL       L step · liftoff 0.025 · td - · no ground contact after the planned touchdown | hash 9f4926a5
