rx_miss            L1     kp 59 lead 0.5    v2     s 0.421 vY0 -0.45 dur 30.00 coherent 1 (NM2_Bsat5pct) PR2 rev2/pi1 23.5/32
rx_miss            L1     kp 59 lead 0.5    smooth s 0.421 vY0 0.13 dur 30.00 coherent 1 (NM2_Bsat5pct) PR2 rev2/pi1 36.3/8.7
rx_miss            L1     kp 59 lead 0.5    vert0  s 0.421 vY0 -0.45 dur 30.00 coherent 1 (NM2_Bsat5pct) PR2 rev2/pi1 17.7/33
rx_miss            L2     kp 58 lead 1.5    v2     s 0.348 vY0 0.86 dur 30.00 coherent 1 (NM2_slip) PR2 rev2/pi1 33.1/57.1
rx_miss            L2     kp 58 lead 1.5    smooth s 0.348 vY0 0.30 dur 30.00 coherent 1 (NM2_Bsat5pct) PR2 rev2/pi1 49.6/35.2
rx_miss            L2     kp 58 lead 1.5    vert0  s 0.348 vY0 0.86 dur 30.00 coherent 1 (NM2_Bsat5pct) PR2 rev2/pi1 43.9/52.3
Aborted(OOM)
file:///Users/zainrahman/Downloads/FC%20Simulator%20worktrees/physical-character-v2/sandbox/visual/physchar2/vendor/jolt-physics.wasm-compat.js:5
console.log.bind(console),fa=console.error.bind(console),ha=!1;function caa(a){for(var b=0,d=a.length,c=new Uint8Array(d),f;b<d;++b)f=a.charCodeAt(b),c[b]=~f>>8&f;return c}var ia=!1;function daa(){var a=Module.preRun;a&&(typeof a=="function"&&(a=[a]),ja.push(...a));ka(ja)}function eaa(){var a=Module.postRun;a&&(typeof a=="function"&&(a=[a]),la.push(...a));ka(la)}function ma(a){Module.onAbort?.(a);a=`Aborted(${a})`;fa(a);ha=!0;throw new WebAssembly.RuntimeError(a+". Build with -sASSERTIONS for more info.");
                                                                                                                                                                                                                                                                                                                                                                                                                                                    ^

RuntimeError: Aborted(OOM). Build with -sASSERTIONS for more info.
    at ma (file:///Users/zainrahman/Downloads/FC%20Simulator%20worktrees/physical-character-v2/sandbox/visual/physchar2/vendor/jolt-physics.wasm-compat.js:5:437)
    at h (file:///Users/zainrahman/Downloads/FC%20Simulator%20worktrees/physical-character-v2/sandbox/visual/physchar2/vendor/jolt-physics.wasm-compat.js:75:64)
    at wasm://wasm/007b6306:wasm-function[296]:0x1d9b4
    at wasm://wasm/007b6306:wasm-function[53]:0xe03e
    at wasm://wasm/007b6306:wasm-function[1167]:0x75caf
    at wasm://wasm/007b6306:wasm-function[106]:0x141df
    at wasm://wasm/007b6306:wasm-function[3590]:0x1a4544
    at new $$ (file:///Users/zainrahman/Downloads/FC%20Simulator%20worktrees/physical-character-v2/sandbox/visual/physchar2/vendor/jolt-physics.wasm-compat.js:1847:1)
    at new V2JoltWorld (file:///Users/zainrahman/Downloads/FC%20Simulator%20worktrees/physical-character-v2/sandbox/visual/physchar2/core/v2_jolt.js:53:17)
    at new G1Sim (file:///Users/zainrahman/Downloads/FC%20Simulator%20worktrees/physical-character-v2/sandbox/visual/physchar2/gates/v2_g1.js:140:14)

Node.js v22.19.0
FAIL rx_miss
rx_free_leg        L1     kp 48 lead 1.25   v2     s 0.731 vY0 3.93 dur 1.25 coherent 1 (NM2_Bsat5pct) PR2 rev2/pi1 59.5/71.5
rx_free_leg        L1     kp 48 lead 1.25   smooth s 0.731 vY0 2.03 dur 1.25 coherent 1 (NM2_Bsat5pct) PR2 rev2/pi1 86.2/28.7
rx_free_leg        L1     kp 48 lead 1.25   vert0  s 0.731 vY0 3.93 dur 1.25 coherent 1 (NM2_Bsat5pct) PR2 rev2/pi1 55.9/61.1
rx_free_leg        L2     kp 47 lead 2.25   v2     s 0.211 vY0 2.45 dur 2.25 coherent 1 (NM2_Bsat5pct) PR2 rev2/pi1 33.8/91.1
rx_free_leg        L2     kp 47 lead 2.25   smooth s 0.211 vY0 1.23 dur 2.25 coherent 1 (NM2_Bsat5pct) PR2 rev2/pi1 38.9/84.5
rx_free_leg        L2     kp 47 lead 2.25   vert0  s 0.211 vY0 2.45 dur 2.25 coherent 1 (NM2_Bsat5pct) PR2 rev2/pi1 40.5/104
Aborted(OOM)
file:///Users/zainrahman/Downloads/FC%20Simulator%20worktrees/physical-character-v2/sandbox/visual/physchar2/vendor/jolt-physics.wasm-compat.js:5
console.log.bind(console),fa=console.error.bind(console),ha=!1;function caa(a){for(var b=0,d=a.length,c=new Uint8Array(d),f;b<d;++b)f=a.charCodeAt(b),c[b]=~f>>8&f;return c}var ia=!1;function daa(){var a=Module.preRun;a&&(typeof a=="function"&&(a=[a]),ja.push(...a));ka(ja)}function eaa(){var a=Module.postRun;a&&(typeof a=="function"&&(a=[a]),la.push(...a));ka(la)}function ma(a){Module.onAbort?.(a);a=`Aborted(${a})`;fa(a);ha=!0;throw new WebAssembly.RuntimeError(a+". Build with -sASSERTIONS for more info.");
                                                                                                                                                                                                                                                                                                                                                                                                                                                    ^

RuntimeError: Aborted(OOM). Build with -sASSERTIONS for more info.
    at ma (file:///Users/zainrahman/Downloads/FC%20Simulator%20worktrees/physical-character-v2/sandbox/visual/physchar2/vendor/jolt-physics.wasm-compat.js:5:437)
    at h (file:///Users/zainrahman/Downloads/FC%20Simulator%20worktrees/physical-character-v2/sandbox/visual/physchar2/vendor/jolt-physics.wasm-compat.js:75:64)
    at wasm://wasm/007b6306:wasm-function[296]:0x1d9b4
    at wasm://wasm/007b6306:wasm-function[53]:0xe03e
    at wasm://wasm/007b6306:wasm-function[1167]:0x75caf
    at wasm://wasm/007b6306:wasm-function[106]:0x141df
    at wasm://wasm/007b6306:wasm-function[3590]:0x1a4544
    at new $$ (file:///Users/zainrahman/Downloads/FC%20Simulator%20worktrees/physical-character-v2/sandbox/visual/physchar2/vendor/jolt-physics.wasm-compat.js:1847:1)
    at new V2JoltWorld (file:///Users/zainrahman/Downloads/FC%20Simulator%20worktrees/physical-character-v2/sandbox/visual/physchar2/core/v2_jolt.js:53:17)
    at new G1Sim (file:///Users/zainrahman/Downloads/FC%20Simulator%20worktrees/physical-character-v2/sandbox/visual/physchar2/gates/v2_g1.js:140:14)

Node.js v22.19.0
FAIL rx_free_leg
rx_planted_leg     L1     kp 47 lead 0.75   v2     s 0.298 vY0 2.25 dur 1.00 coherent 1 (NM2_Bsat5pct) PR2 rev2/pi1 27.7/49.3
rx_planted_leg     L1     kp 47 lead 0.75   smooth s 0.298 vY0 0.12 dur 1.00 coherent 1 (NM2_Bsat5pct) PR2 rev2/pi1 32.7/47.9
rx_planted_leg     L1     kp 47 lead 0.75   vert0  s 0.298 vY0 2.25 dur 1.00 coherent 1 (NM2_Bsat5pct) PR2 rev2/pi1 40.8/44.3
rx_planted_leg     L2     kp 46 lead 1.75   v2     s 0.325 vY0 -1.75 dur 1.75 coherent 1 (NM2_Bsat5pct) PR2 rev2/pi1 41.9/49.5
rx_planted_leg     L2     kp 46 lead 1.75   smooth s 0.325 vY0 -0.92 dur 1.75 coherent 1 (NM2_Bsat5pct) PR2 rev2/pi1 42.7/41.7
rx_planted_leg     L2     kp 46 lead 1.75   vert0  s 0.325 vY0 -1.75 dur 1.75 coherent 1 (NM2_slip) PR2 rev2/pi1 40.2/28.6
Aborted(OOM)
file:///Users/zainrahman/Downloads/FC%20Simulator%20worktrees/physical-character-v2/sandbox/visual/physchar2/vendor/jolt-physics.wasm-compat.js:5
console.log.bind(console),fa=console.error.bind(console),ha=!1;function caa(a){for(var b=0,d=a.length,c=new Uint8Array(d),f;b<d;++b)f=a.charCodeAt(b),c[b]=~f>>8&f;return c}var ia=!1;function daa(){var a=Module.preRun;a&&(typeof a=="function"&&(a=[a]),ja.push(...a));ka(ja)}function eaa(){var a=Module.postRun;a&&(typeof a=="function"&&(a=[a]),la.push(...a));ka(la)}function ma(a){Module.onAbort?.(a);a=`Aborted(${a})`;fa(a);ha=!0;throw new WebAssembly.RuntimeError(a+". Build with -sASSERTIONS for more info.");
                                                                                                                                                                                                                                                                                                                                                                                                                                                    ^

RuntimeError: Aborted(OOM). Build with -sASSERTIONS for more info.
    at ma (file:///Users/zainrahman/Downloads/FC%20Simulator%20worktrees/physical-character-v2/sandbox/visual/physchar2/vendor/jolt-physics.wasm-compat.js:5:437)
    at h (file:///Users/zainrahman/Downloads/FC%20Simulator%20worktrees/physical-character-v2/sandbox/visual/physchar2/vendor/jolt-physics.wasm-compat.js:75:64)
    at wasm://wasm/007b6306:wasm-function[296]:0x1d9b4
    at wasm://wasm/007b6306:wasm-function[53]:0xe03e
    at wasm://wasm/007b6306:wasm-function[1167]:0x75caf
    at wasm://wasm/007b6306:wasm-function[106]:0x141df
    at wasm://wasm/007b6306:wasm-function[3590]:0x1a4544
    at new $$ (file:///Users/zainrahman/Downloads/FC%20Simulator%20worktrees/physical-character-v2/sandbox/visual/physchar2/vendor/jolt-physics.wasm-compat.js:1847:1)
    at new V2JoltWorld (file:///Users/zainrahman/Downloads/FC%20Simulator%20worktrees/physical-character-v2/sandbox/visual/physchar2/core/v2_jolt.js:53:17)
    at new G1Sim (file:///Users/zainrahman/Downloads/FC%20Simulator%20worktrees/physical-character-v2/sandbox/visual/physchar2/gates/v2_g1.js:140:14)

Node.js v22.19.0
FAIL rx_planted_leg
rx_jog             L1     kp 47 lead 0.75   v2     s 0.298 vY0 2.25 dur 1.00 coherent 1 (NM2_Bsat5pct) PR2 rev2/pi1 27.7/49.3
rx_jog             L1     kp 47 lead 0.75   smooth s 0.298 vY0 0.12 dur 1.00 coherent 1 (NM2_Bsat5pct) PR2 rev2/pi1 32.7/47.9
rx_jog             L1     kp 47 lead 0.75   vert0  s 0.298 vY0 2.25 dur 1.00 coherent 1 (NM2_Bsat5pct) PR2 rev2/pi1 40.8/44.3
rx_jog             L2     kp 46 lead 1.75   v2     s 0.325 vY0 -1.75 dur 1.75 coherent 1 (NM2_Bsat5pct) PR2 rev2/pi1 41.9/49.5
rx_jog             L2     kp 46 lead 1.75   smooth s 0.325 vY0 -0.92 dur 1.75 coherent 1 (NM2_Bsat5pct) PR2 rev2/pi1 42.7/41.7
rx_jog             L2     kp 46 lead 1.75   vert0  s 0.325 vY0 -1.75 dur 1.75 coherent 1 (NM2_slip) PR2 rev2/pi1 40.2/28.6
Aborted(OOM)
file:///Users/zainrahman/Downloads/FC%20Simulator%20worktrees/physical-character-v2/sandbox/visual/physchar2/vendor/jolt-physics.wasm-compat.js:5
console.log.bind(console),fa=console.error.bind(console),ha=!1;function caa(a){for(var b=0,d=a.length,c=new Uint8Array(d),f;b<d;++b)f=a.charCodeAt(b),c[b]=~f>>8&f;return c}var ia=!1;function daa(){var a=Module.preRun;a&&(typeof a=="function"&&(a=[a]),ja.push(...a));ka(ja)}function eaa(){var a=Module.postRun;a&&(typeof a=="function"&&(a=[a]),la.push(...a));ka(la)}function ma(a){Module.onAbort?.(a);a=`Aborted(${a})`;fa(a);ha=!0;throw new WebAssembly.RuntimeError(a+". Build with -sASSERTIONS for more info.");
                                                                                                                                                                                                                                                                                                                                                                                                                                                    ^

RuntimeError: Aborted(OOM). Build with -sASSERTIONS for more info.
    at ma (file:///Users/zainrahman/Downloads/FC%20Simulator%20worktrees/physical-character-v2/sandbox/visual/physchar2/vendor/jolt-physics.wasm-compat.js:5:437)
    at h (file:///Users/zainrahman/Downloads/FC%20Simulator%20worktrees/physical-character-v2/sandbox/visual/physchar2/vendor/jolt-physics.wasm-compat.js:75:64)
    at wasm://wasm/007b6306:wasm-function[296]:0x1d9b4
    at wasm://wasm/007b6306:wasm-function[53]:0xe03e
    at wasm://wasm/007b6306:wasm-function[1167]:0x75caf
    at wasm://wasm/007b6306:wasm-function[106]:0x141df
    at wasm://wasm/007b6306:wasm-function[3590]:0x1a4544
    at new $$ (file:///Users/zainrahman/Downloads/FC%20Simulator%20worktrees/physical-character-v2/sandbox/visual/physchar2/vendor/jolt-physics.wasm-compat.js:1847:1)
    at new V2JoltWorld (file:///Users/zainrahman/Downloads/FC%20Simulator%20worktrees/physical-character-v2/sandbox/visual/physchar2/core/v2_jolt.js:53:17)
    at new G1Sim (file:///Users/zainrahman/Downloads/FC%20Simulator%20worktrees/physical-character-v2/sandbox/visual/physchar2/gates/v2_g1.js:140:14)

Node.js v22.19.0
FAIL rx_jog
rx_sprint          L1     kp 66 lead 0.5    v2     s 0.623 vY0 -6.66 dur 30.00 coherent 1 (RC4_pelvisHeight) PR2 rev2/pi1 120.6/153.2
rx_sprint          L1     kp 66 lead 0.5    smooth s 0.623 vY0 -0.16 dur 30.00 coherent 1 (NM2_Bsat5pct) PR2 rev2/pi1 105.4/54.7
rx_sprint          L1     kp 66 lead 0.5    vert0  s 0.623 vY0 -6.66 dur 30.00 coherent 1 (NM2_Bsat5pct) PR2 rev2/pi1 110/114.4
rx_sprint          L2     kp 65 lead 1.5    v2     s 0.365 vY0 2.73 dur 30.00 coherent 1 (NM2_Bsat5pct) PR2 rev2/pi1 43/131.1
rx_sprint          L2     kp 65 lead 1.5    smooth s 0.365 vY0 -0.51 dur 30.00 coherent 1 (NM2_Bsat5pct) PR2 rev2/pi1 49.7/85.2
rx_sprint          L2     kp 65 lead 1.5    vert0  s 0.365 vY0 2.73 dur 30.00 coherent 1 (NM2_Bsat5pct) PR2 rev2/pi1 35.9/85.9
Aborted(OOM)
file:///Users/zainrahman/Downloads/FC%20Simulator%20worktrees/physical-character-v2/sandbox/visual/physchar2/vendor/jolt-physics.wasm-compat.js:5
console.log.bind(console),fa=console.error.bind(console),ha=!1;function caa(a){for(var b=0,d=a.length,c=new Uint8Array(d),f;b<d;++b)f=a.charCodeAt(b),c[b]=~f>>8&f;return c}var ia=!1;function daa(){var a=Module.preRun;a&&(typeof a=="function"&&(a=[a]),ja.push(...a));ka(ja)}function eaa(){var a=Module.postRun;a&&(typeof a=="function"&&(a=[a]),la.push(...a));ka(la)}function ma(a){Module.onAbort?.(a);a=`Aborted(${a})`;fa(a);ha=!0;throw new WebAssembly.RuntimeError(a+". Build with -sASSERTIONS for more info.");
                                                                                                                                                                                                                                                                                                                                                                                                                                                    ^

RuntimeError: Aborted(OOM). Build with -sASSERTIONS for more info.
    at ma (file:///Users/zainrahman/Downloads/FC%20Simulator%20worktrees/physical-character-v2/sandbox/visual/physchar2/vendor/jolt-physics.wasm-compat.js:5:437)
    at h (file:///Users/zainrahman/Downloads/FC%20Simulator%20worktrees/physical-character-v2/sandbox/visual/physchar2/vendor/jolt-physics.wasm-compat.js:75:64)
    at wasm://wasm/007b6306:wasm-function[296]:0x1d9b4
    at wasm://wasm/007b6306:wasm-function[53]:0xe03e
    at wasm://wasm/007b6306:wasm-function[1167]:0x75caf
    at wasm://wasm/007b6306:wasm-function[106]:0x141df
    at wasm://wasm/007b6306:wasm-function[3590]:0x1a4544
    at new $$ (file:///Users/zainrahman/Downloads/FC%20Simulator%20worktrees/physical-character-v2/sandbox/visual/physchar2/vendor/jolt-physics.wasm-compat.js:1847:1)
    at new V2JoltWorld (file:///Users/zainrahman/Downloads/FC%20Simulator%20worktrees/physical-character-v2/sandbox/visual/physchar2/core/v2_jolt.js:53:17)
    at new G1Sim (file:///Users/zainrahman/Downloads/FC%20Simulator%20worktrees/physical-character-v2/sandbox/visual/physchar2/gates/v2_g1.js:140:14)

Node.js v22.19.0
FAIL rx_sprint
rx_square          L1     kp 60 lead 0.5    v2     s 0.761 vY0 -1.97 dur 1.00 coherent 1 (NM2_Bsat5pct) PR2 rev2/pi1 52.3/45.7
rx_square          L1     kp 60 lead 0.5    smooth s 0.761 vY0 -0.18 dur 1.00 coherent 1 (NM2_Bsat5pct) PR2 rev2/pi1 87.8/74.6
rx_square          L1     kp 60 lead 0.5    vert0  s 0.761 vY0 -1.97 dur 1.00 coherent 1 (NM2_Bsat5pct) PR2 rev2/pi1 46.1/70.4
rx_square          L2     kp 59 lead 1.5    v2     s 0.490 vY0 2.59 dur 1.50 coherent 1 (NM2_Bsat5pct) PR2 rev2/pi1 39.9/90.5
rx_square          L2     kp 59 lead 1.5    smooth s 0.490 vY0 0.05 dur 1.50 coherent 1 (NM2_Bsat5pct) PR2 rev2/pi1 53.2/85.9
rx_square          L2     kp 59 lead 1.5    vert0  s 0.490 vY0 2.59 dur 1.50 coherent 1 (NM2_Bsat5pct) PR2 rev2/pi1 65.5/76.4
Aborted(OOM)
file:///Users/zainrahman/Downloads/FC%20Simulator%20worktrees/physical-character-v2/sandbox/visual/physchar2/vendor/jolt-physics.wasm-compat.js:5
console.log.bind(console),fa=console.error.bind(console),ha=!1;function caa(a){for(var b=0,d=a.length,c=new Uint8Array(d),f;b<d;++b)f=a.charCodeAt(b),c[b]=~f>>8&f;return c}var ia=!1;function daa(){var a=Module.preRun;a&&(typeof a=="function"&&(a=[a]),ja.push(...a));ka(ja)}function eaa(){var a=Module.postRun;a&&(typeof a=="function"&&(a=[a]),la.push(...a));ka(la)}function ma(a){Module.onAbort?.(a);a=`Aborted(${a})`;fa(a);ha=!0;throw new WebAssembly.RuntimeError(a+". Build with -sASSERTIONS for more info.");
                                                                                                                                                                                                                                                                                                                                                                                                                                                    ^

RuntimeError: Aborted(OOM). Build with -sASSERTIONS for more info.
    at ma (file:///Users/zainrahman/Downloads/FC%20Simulator%20worktrees/physical-character-v2/sandbox/visual/physchar2/vendor/jolt-physics.wasm-compat.js:5:437)
    at h (file:///Users/zainrahman/Downloads/FC%20Simulator%20worktrees/physical-character-v2/sandbox/visual/physchar2/vendor/jolt-physics.wasm-compat.js:75:64)
    at wasm://wasm/007b6306:wasm-function[296]:0x1d9b4
    at wasm://wasm/007b6306:wasm-function[53]:0xe03e
    at wasm://wasm/007b6306:wasm-function[1167]:0x75caf
    at wasm://wasm/007b6306:wasm-function[106]:0x141df
    at wasm://wasm/007b6306:wasm-function[3590]:0x1a4544
    at new $$ (file:///Users/zainrahman/Downloads/FC%20Simulator%20worktrees/physical-character-v2/sandbox/visual/physchar2/vendor/jolt-physics.wasm-compat.js:1847:1)
    at new V2JoltWorld (file:///Users/zainrahman/Downloads/FC%20Simulator%20worktrees/physical-character-v2/sandbox/visual/physchar2/core/v2_jolt.js:53:17)
    at new G1Sim (file:///Users/zainrahman/Downloads/FC%20Simulator%20worktrees/physical-character-v2/sandbox/visual/physchar2/gates/v2_g1.js:140:14)

Node.js v22.19.0
FAIL rx_square
rx_glancing        L1     kp 64 lead 0.75   v2     s 0.509 vY0 -3.37 dur 1.00 coherent 1 (NM2_Bsat5pct) PR2 rev2/pi1 33.2/47.3
rx_glancing        L1     kp 64 lead 0.75   smooth s 0.509 vY0 -0.79 dur 1.00 coherent 1 (NM2_Bsat5pct) PR2 rev2/pi1 39.7/30
rx_glancing        L1     kp 64 lead 0.75   vert0  s 0.509 vY0 -3.37 dur 1.00 coherent 1 (NM2_Bsat5pct) PR2 rev2/pi1 45/36.7
rx_glancing        L2     kp 63 lead 1.75   v2     s 0.151 vY0 -1.74 dur 1.75 coherent 1 (NM2_Bsat5pct) PR2 rev2/pi1 33.8/59.6
rx_glancing        L2     kp 63 lead 1.75   smooth s 0.151 vY0 -0.92 dur 1.75 coherent 1 (NM2_Bsat5pct) PR2 rev2/pi1 37.1/34.9
rx_glancing        L2     kp 63 lead 1.75   vert0  s 0.151 vY0 -1.74 dur 1.75 coherent 1 (NM2_Bsat5pct) PR2 rev2/pi1 27.7/65.3
Aborted(OOM)
file:///Users/zainrahman/Downloads/FC%20Simulator%20worktrees/physical-character-v2/sandbox/visual/physchar2/vendor/jolt-physics.wasm-compat.js:5
console.log.bind(console),fa=console.error.bind(console),ha=!1;function caa(a){for(var b=0,d=a.length,c=new Uint8Array(d),f;b<d;++b)f=a.charCodeAt(b),c[b]=~f>>8&f;return c}var ia=!1;function daa(){var a=Module.preRun;a&&(typeof a=="function"&&(a=[a]),ja.push(...a));ka(ja)}function eaa(){var a=Module.postRun;a&&(typeof a=="function"&&(a=[a]),la.push(...a));ka(la)}function ma(a){Module.onAbort?.(a);a=`Aborted(${a})`;fa(a);ha=!0;throw new WebAssembly.RuntimeError(a+". Build with -sASSERTIONS for more info.");
                                                                                                                                                                                                                                                                                                                                                                                                                                                    ^

RuntimeError: Aborted(OOM). Build with -sASSERTIONS for more info.
    at ma (file:///Users/zainrahman/Downloads/FC%20Simulator%20worktrees/physical-character-v2/sandbox/visual/physchar2/vendor/jolt-physics.wasm-compat.js:5:437)
    at h (file:///Users/zainrahman/Downloads/FC%20Simulator%20worktrees/physical-character-v2/sandbox/visual/physchar2/vendor/jolt-physics.wasm-compat.js:75:64)
    at wasm://wasm/007b6306:wasm-function[296]:0x1d9b4
    at wasm://wasm/007b6306:wasm-function[53]:0xe03e
    at wasm://wasm/007b6306:wasm-function[1167]:0x75caf
    at wasm://wasm/007b6306:wasm-function[106]:0x141df
    at wasm://wasm/007b6306:wasm-function[3590]:0x1a4544
    at new $$ (file:///Users/zainrahman/Downloads/FC%20Simulator%20worktrees/physical-character-v2/sandbox/visual/physchar2/vendor/jolt-physics.wasm-compat.js:1847:1)
    at new V2JoltWorld (file:///Users/zainrahman/Downloads/FC%20Simulator%20worktrees/physical-character-v2/sandbox/visual/physchar2/core/v2_jolt.js:53:17)
    at new G1Sim (file:///Users/zainrahman/Downloads/FC%20Simulator%20worktrees/physical-character-v2/sandbox/visual/physchar2/gates/v2_g1.js:140:14)

Node.js v22.19.0
FAIL rx_glancing
rx_lateral         L1     kp 48 lead 1      v2     s 1.212 vY0 2.69 dur 1.00 coherent 1 (NM2_Bsat5pct) PR2 rev2/pi1 65.5/167.7
rx_lateral         L1     kp 48 lead 1      smooth s 1.212 vY0 -0.86 dur 1.00 coherent 1 (NM2_Bsat5pct) PR2 rev2/pi1 89/48
rx_lateral         L1     kp 48 lead 1      vert0  s 1.212 vY0 2.69 dur 1.00 coherent 1 (NM2_Bsat5pct) PR2 rev2/pi1 35.4/156.5
rx_lateral         L2     kp 47 lead 2      v2     s 0.921 vY0 -4.76 dur 2.00 coherent 1 (NM2_Bsat5pct) PR2 rev2/pi1 66.6/164.3
rx_lateral         L2     kp 47 lead 2      smooth s 0.921 vY0 -0.07 dur 2.00 coherent 1 (NM2_Bsat5pct) PR2 rev2/pi1 111.8/89.5
rx_lateral         L2     kp 47 lead 2      vert0  s 0.921 vY0 -4.76 dur 2.00 coherent 1 (NM2_Bsat5pct) PR2 rev2/pi1 91.2/147.7
Aborted(OOM)
file:///Users/zainrahman/Downloads/FC%20Simulator%20worktrees/physical-character-v2/sandbox/visual/physchar2/vendor/jolt-physics.wasm-compat.js:5
console.log.bind(console),fa=console.error.bind(console),ha=!1;function caa(a){for(var b=0,d=a.length,c=new Uint8Array(d),f;b<d;++b)f=a.charCodeAt(b),c[b]=~f>>8&f;return c}var ia=!1;function daa(){var a=Module.preRun;a&&(typeof a=="function"&&(a=[a]),ja.push(...a));ka(ja)}function eaa(){var a=Module.postRun;a&&(typeof a=="function"&&(a=[a]),la.push(...a));ka(la)}function ma(a){Module.onAbort?.(a);a=`Aborted(${a})`;fa(a);ha=!0;throw new WebAssembly.RuntimeError(a+". Build with -sASSERTIONS for more info.");
                                                                                                                                                                                                                                                                                                                                                                                                                                                    ^

RuntimeError: Aborted(OOM). Build with -sASSERTIONS for more info.
    at ma (file:///Users/zainrahman/Downloads/FC%20Simulator%20worktrees/physical-character-v2/sandbox/visual/physchar2/vendor/jolt-physics.wasm-compat.js:5:437)
    at h (file:///Users/zainrahman/Downloads/FC%20Simulator%20worktrees/physical-character-v2/sandbox/visual/physchar2/vendor/jolt-physics.wasm-compat.js:75:64)
    at wasm://wasm/007b6306:wasm-function[296]:0x1d9b4
    at wasm://wasm/007b6306:wasm-function[53]:0xe03e
    at wasm://wasm/007b6306:wasm-function[1167]:0x75caf
    at wasm://wasm/007b6306:wasm-function[106]:0x141df
    at wasm://wasm/007b6306:wasm-function[3590]:0x1a4544
    at new $$ (file:///Users/zainrahman/Downloads/FC%20Simulator%20worktrees/physical-character-v2/sandbox/visual/physchar2/vendor/jolt-physics.wasm-compat.js:1847:1)
    at new V2JoltWorld (file:///Users/zainrahman/Downloads/FC%20Simulator%20worktrees/physical-character-v2/sandbox/visual/physchar2/core/v2_jolt.js:53:17)
    at new G1Sim (file:///Users/zainrahman/Downloads/FC%20Simulator%20worktrees/physical-character-v2/sandbox/visual/physchar2/gates/v2_g1.js:140:14)

Node.js v22.19.0
FAIL rx_lateral
rx_rear_diag       L1     kp 43 lead 1      v2     s 0.120 vY0 -0.77 dur 1.00 coherent 1 (NM2_Bsat5pct) PR2 rev2/pi1 18/31.8
rx_rear_diag       L1     kp 43 lead 1      smooth s 0.120 vY0 -0.33 dur 1.00 coherent 1 (NM2_Bsat5pct) PR2 rev2/pi1 26.5/29.1
rx_rear_diag       L1     kp 43 lead 1      vert0  s 0.120 vY0 -0.77 dur 1.00 coherent 1 (NM2_Bsat5pct) PR2 rev2/pi1 21.8/40.3
rx_rear_diag       L2     kp 42 lead 2      v2     s 0.064 vY0 -1.48 dur 2.00 coherent 1 (NM2_Bsat5pct) PR2 rev2/pi1 36.5/21.5
rx_rear_diag       L2     kp 42 lead 2      smooth s 0.064 vY0 -0.06 dur 2.00 coherent 1 (NM2_Bsat5pct) PR2 rev2/pi1 30.3/27.9
rx_rear_diag       L2     kp 42 lead 2      vert0  s 0.064 vY0 -1.48 dur 2.00 coherent 1 (NM2_Bsat5pct) PR2 rev2/pi1 28.2/28.4
Aborted(OOM)
file:///Users/zainrahman/Downloads/FC%20Simulator%20worktrees/physical-character-v2/sandbox/visual/physchar2/vendor/jolt-physics.wasm-compat.js:5
console.log.bind(console),fa=console.error.bind(console),ha=!1;function caa(a){for(var b=0,d=a.length,c=new Uint8Array(d),f;b<d;++b)f=a.charCodeAt(b),c[b]=~f>>8&f;return c}var ia=!1;function daa(){var a=Module.preRun;a&&(typeof a=="function"&&(a=[a]),ja.push(...a));ka(ja)}function eaa(){var a=Module.postRun;a&&(typeof a=="function"&&(a=[a]),la.push(...a));ka(la)}function ma(a){Module.onAbort?.(a);a=`Aborted(${a})`;fa(a);ha=!0;throw new WebAssembly.RuntimeError(a+". Build with -sASSERTIONS for more info.");
                                                                                                                                                                                                                                                                                                                                                                                                                                                    ^

RuntimeError: Aborted(OOM). Build with -sASSERTIONS for more info.
    at ma (file:///Users/zainrahman/Downloads/FC%20Simulator%20worktrees/physical-character-v2/sandbox/visual/physchar2/vendor/jolt-physics.wasm-compat.js:5:437)
    at h (file:///Users/zainrahman/Downloads/FC%20Simulator%20worktrees/physical-character-v2/sandbox/visual/physchar2/vendor/jolt-physics.wasm-compat.js:75:64)
    at wasm://wasm/007b6306:wasm-function[296]:0x1d9b4
    at wasm://wasm/007b6306:wasm-function[53]:0xe03e
    at wasm://wasm/007b6306:wasm-function[1167]:0x75caf
    at wasm://wasm/007b6306:wasm-function[106]:0x141df
    at wasm://wasm/007b6306:wasm-function[3590]:0x1a4544
    at new $$ (file:///Users/zainrahman/Downloads/FC%20Simulator%20worktrees/physical-character-v2/sandbox/visual/physchar2/vendor/jolt-physics.wasm-compat.js:1847:1)
    at new V2JoltWorld (file:///Users/zainrahman/Downloads/FC%20Simulator%20worktrees/physical-character-v2/sandbox/visual/physchar2/core/v2_jolt.js:53:17)
    at new G1Sim (file:///Users/zainrahman/Downloads/FC%20Simulator%20worktrees/physical-character-v2/sandbox/visual/physchar2/gates/v2_g1.js:140:14)

Node.js v22.19.0
FAIL rx_rear_diag
rx_front_diag      L1     kp 55 lead 0.5    v2     s 0.604 vY0 0.67 dur 1.00 coherent 1 (NM2_Bsat5pct) PR2 rev2/pi1 63.2/74
rx_front_diag      L1     kp 55 lead 0.5    smooth s 0.604 vY0 -1.21 dur 1.00 coherent 1 (NM2_Bsat5pct) PR2 rev2/pi1 57.4/47.5
rx_front_diag      L1     kp 55 lead 0.5    vert0  s 0.604 vY0 0.67 dur 1.00 coherent 1 (NM2_Bsat5pct) PR2 rev2/pi1 62.6/67.4
rx_front_diag      L2     kp 54 lead 1.5    v2     s 0.956 vY0 0.18 dur 1.50 coherent 1 (NM2_Bsat5pct) PR2 rev2/pi1 40.8/135.6
rx_front_diag      L2     kp 54 lead 1.5    smooth s 0.956 vY0 -0.39 dur 1.50 coherent 1 (NM2_Bmean25pct) PR2 rev2/pi1 77.4/51.4
rx_front_diag      L2     kp 54 lead 1.5    vert0  s 0.956 vY0 0.18 dur 1.50 coherent 1 (NM2_Bsat5pct) PR2 rev2/pi1 38.5/135.1
Aborted(OOM)
file:///Users/zainrahman/Downloads/FC%20Simulator%20worktrees/physical-character-v2/sandbox/visual/physchar2/vendor/jolt-physics.wasm-compat.js:5
console.log.bind(console),fa=console.error.bind(console),ha=!1;function caa(a){for(var b=0,d=a.length,c=new Uint8Array(d),f;b<d;++b)f=a.charCodeAt(b),c[b]=~f>>8&f;return c}var ia=!1;function daa(){var a=Module.preRun;a&&(typeof a=="function"&&(a=[a]),ja.push(...a));ka(ja)}function eaa(){var a=Module.postRun;a&&(typeof a=="function"&&(a=[a]),la.push(...a));ka(la)}function ma(a){Module.onAbort?.(a);a=`Aborted(${a})`;fa(a);ha=!0;throw new WebAssembly.RuntimeError(a+". Build with -sASSERTIONS for more info.");
                                                                                                                                                                                                                                                                                                                                                                                                                                                    ^

RuntimeError: Aborted(OOM). Build with -sASSERTIONS for more info.
    at ma (file:///Users/zainrahman/Downloads/FC%20Simulator%20worktrees/physical-character-v2/sandbox/visual/physchar2/vendor/jolt-physics.wasm-compat.js:5:437)
    at h (file:///Users/zainrahman/Downloads/FC%20Simulator%20worktrees/physical-character-v2/sandbox/visual/physchar2/vendor/jolt-physics.wasm-compat.js:75:64)
    at wasm://wasm/007b6306:wasm-function[296]:0x1d9b4
    at wasm://wasm/007b6306:wasm-function[53]:0xe03e
    at wasm://wasm/007b6306:wasm-function[1167]:0x75caf
    at wasm://wasm/007b6306:wasm-function[106]:0x141df
    at wasm://wasm/007b6306:wasm-function[3590]:0x1a4544
    at new $$ (file:///Users/zainrahman/Downloads/FC%20Simulator%20worktrees/physical-character-v2/sandbox/visual/physchar2/vendor/jolt-physics.wasm-compat.js:1847:1)
    at new V2JoltWorld (file:///Users/zainrahman/Downloads/FC%20Simulator%20worktrees/physical-character-v2/sandbox/visual/physchar2/core/v2_jolt.js:53:17)
    at new G1Sim (file:///Users/zainrahman/Downloads/FC%20Simulator%20worktrees/physical-character-v2/sandbox/visual/physchar2/gates/v2_g1.js:140:14)

Node.js v22.19.0
FAIL rx_front_diag
rx_rear            L1     kp 51 lead 0.75   v2     s 0.597 vY0 -3.26 dur 1.00 coherent 1 (NM2_Bsat5pct) PR2 rev2/pi1 65.4/122.9
rx_rear            L1     kp 51 lead 0.75   smooth s 0.597 vY0 -0.53 dur 1.00 coherent 1 (NM2_Bsat5pct) PR2 rev2/pi1 82.8/73.7
rx_rear            L1     kp 51 lead 0.75   vert0  s 0.597 vY0 -3.26 dur 1.00 coherent 1 (NM2_Bsat5pct) PR2 rev2/pi1 57.9/93.9
rx_rear            L2     kp 50 lead 1.75   v2     s 0.777 vY0 2.09 dur 1.75 coherent 1 (NM2_Bsat5pct) PR2 rev2/pi1 48.5/80.7
rx_rear            L2     kp 50 lead 1.75   smooth s 0.777 vY0 0.60 dur 1.75 coherent 1 (NM2_Bsat5pct) PR2 rev2/pi1 73.7/93.7
rx_rear            L2     kp 50 lead 1.75   vert0  s 0.777 vY0 2.09 dur 1.75 coherent 1 (NM2_Bsat5pct) PR2 rev2/pi1 73.6/51
Aborted(OOM)
file:///Users/zainrahman/Downloads/FC%20Simulator%20worktrees/physical-character-v2/sandbox/visual/physchar2/vendor/jolt-physics.wasm-compat.js:5
console.log.bind(console),fa=console.error.bind(console),ha=!1;function caa(a){for(var b=0,d=a.length,c=new Uint8Array(d),f;b<d;++b)f=a.charCodeAt(b),c[b]=~f>>8&f;return c}var ia=!1;function daa(){var a=Module.preRun;a&&(typeof a=="function"&&(a=[a]),ja.push(...a));ka(ja)}function eaa(){var a=Module.postRun;a&&(typeof a=="function"&&(a=[a]),la.push(...a));ka(la)}function ma(a){Module.onAbort?.(a);a=`Aborted(${a})`;fa(a);ha=!0;throw new WebAssembly.RuntimeError(a+". Build with -sASSERTIONS for more info.");
                                                                                                                                                                                                                                                                                                                                                                                                                                                    ^

RuntimeError: Aborted(OOM). Build with -sASSERTIONS for more info.
    at ma (file:///Users/zainrahman/Downloads/FC%20Simulator%20worktrees/physical-character-v2/sandbox/visual/physchar2/vendor/jolt-physics.wasm-compat.js:5:437)
    at h (file:///Users/zainrahman/Downloads/FC%20Simulator%20worktrees/physical-character-v2/sandbox/visual/physchar2/vendor/jolt-physics.wasm-compat.js:75:64)
    at wasm://wasm/007b6306:wasm-function[296]:0x1d9b4
    at wasm://wasm/007b6306:wasm-function[53]:0xe03e
    at wasm://wasm/007b6306:wasm-function[1167]:0x75caf
    at wasm://wasm/007b6306:wasm-function[106]:0x141df
    at wasm://wasm/007b6306:wasm-function[3590]:0x1a4544
    at new $$ (file:///Users/zainrahman/Downloads/FC%20Simulator%20worktrees/physical-character-v2/sandbox/visual/physchar2/vendor/jolt-physics.wasm-compat.js:1847:1)
    at new V2JoltWorld (file:///Users/zainrahman/Downloads/FC%20Simulator%20worktrees/physical-character-v2/sandbox/visual/physchar2/core/v2_jolt.js:53:17)
    at new G1Sim (file:///Users/zainrahman/Downloads/FC%20Simulator%20worktrees/physical-character-v2/sandbox/visual/physchar2/gates/v2_g1.js:140:14)

Node.js v22.19.0
FAIL rx_rear
rx_standing        L1     kp 50 lead 0.5    v2     s 0.318 vY0 0.08 dur 1.00 coherent 1 (NM2_Bsat5pct) PR2 rev2/pi1 28.2/25.7
rx_standing        L1     kp 50 lead 0.5    smooth s 0.318 vY0 0.13 dur 1.00 coherent 1 (NM2_Bmean25pct) PR2 rev2/pi1 46.2/8
rx_standing        L1     kp 50 lead 0.5    vert0  s 0.318 vY0 0.08 dur 1.00 coherent 1 (NM2_Bsat5pct) PR2 rev2/pi1 28.2/25.7
rx_standing        L2     kp 49 lead 1.5    v2     s 0.116 vY0 0.06 dur 1.50 coherent 1 (NM2_Bsat5pct) PR2 rev2/pi1 12.4/43.5
rx_standing        L2     kp 49 lead 1.5    smooth s 0.116 vY0 0.04 dur 1.50 coherent 1 (NM2_Bmean25pct) PR2 rev2/pi1 13.6/44.7
rx_standing        L2     kp 49 lead 1.5    vert0  s 0.116 vY0 0.06 dur 1.50 coherent 1 (NM2_Bsat5pct) PR2 rev2/pi1 12.4/43.5
Aborted(OOM)
file:///Users/zainrahman/Downloads/FC%20Simulator%20worktrees/physical-character-v2/sandbox/visual/physchar2/vendor/jolt-physics.wasm-compat.js:5
console.log.bind(console),fa=console.error.bind(console),ha=!1;function caa(a){for(var b=0,d=a.length,c=new Uint8Array(d),f;b<d;++b)f=a.charCodeAt(b),c[b]=~f>>8&f;return c}var ia=!1;function daa(){var a=Module.preRun;a&&(typeof a=="function"&&(a=[a]),ja.push(...a));ka(ja)}function eaa(){var a=Module.postRun;a&&(typeof a=="function"&&(a=[a]),la.push(...a));ka(la)}function ma(a){Module.onAbort?.(a);a=`Aborted(${a})`;fa(a);ha=!0;throw new WebAssembly.RuntimeError(a+". Build with -sASSERTIONS for more info.");
                                                                                                                                                                                                                                                                                                                                                                                                                                                    ^

RuntimeError: Aborted(OOM). Build with -sASSERTIONS for more info.
    at ma (file:///Users/zainrahman/Downloads/FC%20Simulator%20worktrees/physical-character-v2/sandbox/visual/physchar2/vendor/jolt-physics.wasm-compat.js:5:437)
    at h (file:///Users/zainrahman/Downloads/FC%20Simulator%20worktrees/physical-character-v2/sandbox/visual/physchar2/vendor/jolt-physics.wasm-compat.js:75:64)
    at wasm://wasm/007b6306:wasm-function[296]:0x1d9b4
    at wasm://wasm/007b6306:wasm-function[53]:0xe03e
    at wasm://wasm/007b6306:wasm-function[1167]:0x75caf
    at wasm://wasm/007b6306:wasm-function[106]:0x141df
    at wasm://wasm/007b6306:wasm-function[3590]:0x1a4544
    at new $$ (file:///Users/zainrahman/Downloads/FC%20Simulator%20worktrees/physical-character-v2/sandbox/visual/physchar2/vendor/jolt-physics.wasm-compat.js:1847:1)
    at new V2JoltWorld (file:///Users/zainrahman/Downloads/FC%20Simulator%20worktrees/physical-character-v2/sandbox/visual/physchar2/core/v2_jolt.js:53:17)
    at new G1Sim (file:///Users/zainrahman/Downloads/FC%20Simulator%20worktrees/physical-character-v2/sandbox/visual/physchar2/gates/v2_g1.js:140:14)

Node.js v22.19.0
FAIL rx_standing
rx_airborne        L1     kp 60 lead 0.5    v2     s 0.650 vY0 0.13 dur 30.00 coherent 1 (NM2_Bsat5pct) PR2 rev2/pi1 55.8/45.2
rx_airborne        L1     kp 60 lead 0.5    smooth s 0.650 vY0 0.51 dur 30.00 coherent 1 (NM2_Bsat5pct) PR2 rev2/pi1 68.3/100.6
rx_airborne        L1     kp 60 lead 0.5    vert0  s 0.650 vY0 0.13 dur 30.00 coherent 1 (NM2_Bsat5pct) PR2 rev2/pi1 54.1/44.4
rx_airborne        L2     kp 59 lead 1.5    v2     s 0.072 vY0 1.31 dur 30.00 coherent 1 (NM2_Bsat5pct) PR2 rev2/pi1 31.3/70.8
rx_airborne        L2     kp 59 lead 1.5    smooth s 0.072 vY0 0.03 dur 30.00 coherent 1 (NM2_Bsat5pct) PR2 rev2/pi1 47/52.5
rx_airborne        L2     kp 59 lead 1.5    vert0  s 0.072 vY0 1.31 dur 30.00 coherent 1 (NM2_Bsat5pct) PR2 rev2/pi1 34.3/75.9
Aborted(OOM)
file:///Users/zainrahman/Downloads/FC%20Simulator%20worktrees/physical-character-v2/sandbox/visual/physchar2/vendor/jolt-physics.wasm-compat.js:5
console.log.bind(console),fa=console.error.bind(console),ha=!1;function caa(a){for(var b=0,d=a.length,c=new Uint8Array(d),f;b<d;++b)f=a.charCodeAt(b),c[b]=~f>>8&f;return c}var ia=!1;function daa(){var a=Module.preRun;a&&(typeof a=="function"&&(a=[a]),ja.push(...a));ka(ja)}function eaa(){var a=Module.postRun;a&&(typeof a=="function"&&(a=[a]),la.push(...a));ka(la)}function ma(a){Module.onAbort?.(a);a=`Aborted(${a})`;fa(a);ha=!0;throw new WebAssembly.RuntimeError(a+". Build with -sASSERTIONS for more info.");
                                                                                                                                                                                                                                                                                                                                                                                                                                                    ^

RuntimeError: Aborted(OOM). Build with -sASSERTIONS for more info.
    at ma (file:///Users/zainrahman/Downloads/FC%20Simulator%20worktrees/physical-character-v2/sandbox/visual/physchar2/vendor/jolt-physics.wasm-compat.js:5:437)
    at h (file:///Users/zainrahman/Downloads/FC%20Simulator%20worktrees/physical-character-v2/sandbox/visual/physchar2/vendor/jolt-physics.wasm-compat.js:75:64)
    at wasm://wasm/007b6306:wasm-function[296]:0x1d9b4
    at wasm://wasm/007b6306:wasm-function[53]:0xe03e
    at wasm://wasm/007b6306:wasm-function[1167]:0x75caf
    at wasm://wasm/007b6306:wasm-function[106]:0x141df
    at wasm://wasm/007b6306:wasm-function[3590]:0x1a4544
    at new $$ (file:///Users/zainrahman/Downloads/FC%20Simulator%20worktrees/physical-character-v2/sandbox/visual/physchar2/vendor/jolt-physics.wasm-compat.js:1847:1)
    at new V2JoltWorld (file:///Users/zainrahman/Downloads/FC%20Simulator%20worktrees/physical-character-v2/sandbox/visual/physchar2/core/v2_jolt.js:53:17)
    at new G1Sim (file:///Users/zainrahman/Downloads/FC%20Simulator%20worktrees/physical-character-v2/sandbox/visual/physchar2/gates/v2_g1.js:140:14)

Node.js v22.19.0
FAIL rx_airborne
rx_early_stance    L1     kp 56 lead 0.5    v2     s 0.328 vY0 -1.39 dur 1.00 coherent 1 (NM2_Bsat5pct) PR2 rev2/pi1 36.5/52.1
rx_early_stance    L1     kp 56 lead 0.5    smooth s 0.328 vY0 0.16 dur 1.00 coherent 1 (NM2_Bsat5pct) PR2 rev2/pi1 60/35.3
rx_early_stance    L1     kp 56 lead 0.5    vert0  s 0.328 vY0 -1.39 dur 1.00 coherent 1 (NM2_Bsat5pct) PR2 rev2/pi1 41.9/35.5
rx_early_stance    L2     kp 55 lead 1.5    v2     s 0.216 vY0 -1.76 dur 1.50 coherent 1 (NM2_Bsat5pct) PR2 rev2/pi1 48.4/39.4
rx_early_stance    L2     kp 55 lead 1.5    smooth s 0.216 vY0 0.25 dur 1.50 coherent 1 (NM2_Bsat5pct) PR2 rev2/pi1 41.4/53.6
rx_early_stance    L2     kp 55 lead 1.5    vert0  s 0.216 vY0 -1.76 dur 1.50 coherent 1 (NM2_Bsat5pct) PR2 rev2/pi1 43.6/44.2
Aborted(OOM)
file:///Users/zainrahman/Downloads/FC%20Simulator%20worktrees/physical-character-v2/sandbox/visual/physchar2/vendor/jolt-physics.wasm-compat.js:5
console.log.bind(console),fa=console.error.bind(console),ha=!1;function caa(a){for(var b=0,d=a.length,c=new Uint8Array(d),f;b<d;++b)f=a.charCodeAt(b),c[b]=~f>>8&f;return c}var ia=!1;function daa(){var a=Module.preRun;a&&(typeof a=="function"&&(a=[a]),ja.push(...a));ka(ja)}function eaa(){var a=Module.postRun;a&&(typeof a=="function"&&(a=[a]),la.push(...a));ka(la)}function ma(a){Module.onAbort?.(a);a=`Aborted(${a})`;fa(a);ha=!0;throw new WebAssembly.RuntimeError(a+". Build with -sASSERTIONS for more info.");
                                                                                                                                                                                                                                                                                                                                                                                                                                                    ^

RuntimeError: Aborted(OOM). Build with -sASSERTIONS for more info.
    at ma (file:///Users/zainrahman/Downloads/FC%20Simulator%20worktrees/physical-character-v2/sandbox/visual/physchar2/vendor/jolt-physics.wasm-compat.js:5:437)
    at h (file:///Users/zainrahman/Downloads/FC%20Simulator%20worktrees/physical-character-v2/sandbox/visual/physchar2/vendor/jolt-physics.wasm-compat.js:75:64)
    at wasm://wasm/007b6306:wasm-function[296]:0x1d9b4
    at wasm://wasm/007b6306:wasm-function[53]:0xe03e
    at wasm://wasm/007b6306:wasm-function[1167]:0x75caf
    at wasm://wasm/007b6306:wasm-function[106]:0x141df
    at wasm://wasm/007b6306:wasm-function[3590]:0x1a4544
    at new $$ (file:///Users/zainrahman/Downloads/FC%20Simulator%20worktrees/physical-character-v2/sandbox/visual/physchar2/vendor/jolt-physics.wasm-compat.js:1847:1)
    at new V2JoltWorld (file:///Users/zainrahman/Downloads/FC%20Simulator%20worktrees/physical-character-v2/sandbox/visual/physchar2/core/v2_jolt.js:53:17)
    at new G1Sim (file:///Users/zainrahman/Downloads/FC%20Simulator%20worktrees/physical-character-v2/sandbox/visual/physchar2/gates/v2_g1.js:140:14)

Node.js v22.19.0
FAIL rx_early_stance
rx_late_stance     L1     kp 54 lead 0.75   v2     s 0.220 vY0 -1.07 dur 1.00 coherent 1 (NM2_Bsat5pct) PR2 rev2/pi1 34.2/72.5
rx_late_stance     L1     kp 54 lead 0.75   smooth s 0.220 vY0 -0.01 dur 1.00 coherent 1 (NM2_Bsat5pct) PR2 rev2/pi1 47.5/43.2
rx_late_stance     L1     kp 54 lead 0.75   vert0  s 0.220 vY0 -1.07 dur 1.00 coherent 1 (NM2_Bsat5pct) PR2 rev2/pi1 36.9/59
rx_late_stance     L2     kp 53 lead 1.75   v2     s 0.218 vY0 -2.05 dur 1.75 coherent 1 (NM2_Bsat5pct) PR2 rev2/pi1 38.6/35.2
rx_late_stance     L2     kp 53 lead 1.75   smooth s 0.218 vY0 0.16 dur 1.75 coherent 1 (NM2_Bsat5pct) PR2 rev2/pi1 38.1/52.9
rx_late_stance     L2     kp 53 lead 1.75   vert0  s 0.218 vY0 -2.05 dur 1.75 coherent 1 (NM2_Bsat5pct) PR2 rev2/pi1 39.1/42.7
Aborted(OOM)
file:///Users/zainrahman/Downloads/FC%20Simulator%20worktrees/physical-character-v2/sandbox/visual/physchar2/vendor/jolt-physics.wasm-compat.js:5
console.log.bind(console),fa=console.error.bind(console),ha=!1;function caa(a){for(var b=0,d=a.length,c=new Uint8Array(d),f;b<d;++b)f=a.charCodeAt(b),c[b]=~f>>8&f;return c}var ia=!1;function daa(){var a=Module.preRun;a&&(typeof a=="function"&&(a=[a]),ja.push(...a));ka(ja)}function eaa(){var a=Module.postRun;a&&(typeof a=="function"&&(a=[a]),la.push(...a));ka(la)}function ma(a){Module.onAbort?.(a);a=`Aborted(${a})`;fa(a);ha=!0;throw new WebAssembly.RuntimeError(a+". Build with -sASSERTIONS for more info.");
                                                                                                                                                                                                                                                                                                                                                                                                                                                    ^

RuntimeError: Aborted(OOM). Build with -sASSERTIONS for more info.
    at ma (file:///Users/zainrahman/Downloads/FC%20Simulator%20worktrees/physical-character-v2/sandbox/visual/physchar2/vendor/jolt-physics.wasm-compat.js:5:437)
    at h (file:///Users/zainrahman/Downloads/FC%20Simulator%20worktrees/physical-character-v2/sandbox/visual/physchar2/vendor/jolt-physics.wasm-compat.js:75:64)
    at wasm://wasm/007b6306:wasm-function[296]:0x1d9b4
    at wasm://wasm/007b6306:wasm-function[53]:0xe03e
    at wasm://wasm/007b6306:wasm-function[1167]:0x75caf
    at wasm://wasm/007b6306:wasm-function[106]:0x141df
    at wasm://wasm/007b6306:wasm-function[3590]:0x1a4544
    at new $$ (file:///Users/zainrahman/Downloads/FC%20Simulator%20worktrees/physical-character-v2/sandbox/visual/physchar2/vendor/jolt-physics.wasm-compat.js:1847:1)
    at new V2JoltWorld (file:///Users/zainrahman/Downloads/FC%20Simulator%20worktrees/physical-character-v2/sandbox/visual/physchar2/core/v2_jolt.js:53:17)
    at new G1Sim (file:///Users/zainrahman/Downloads/FC%20Simulator%20worktrees/physical-character-v2/sandbox/visual/physchar2/gates/v2_g1.js:140:14)

Node.js v22.19.0
FAIL rx_late_stance
rx_facing_front    L1     kp 50 lead 1.25   v2     s 0.000 vY0 0.00 dur 1.25 coherent through end PR2 rev2/pi1 0.7/0.7
rx_facing_front    L1     kp 50 lead 1.25   smooth s 0.000 vY0 0.00 dur 1.25 coherent through end PR2 rev2/pi1 0.7/0.7
rx_facing_front    L1     kp 50 lead 1.25   vert0  s 0.000 vY0 0.00 dur 1.25 coherent through end PR2 rev2/pi1 0.7/0.7
rx_facing_front    L2     kp 49 lead 2.25   v2     s 0.000 vY0 0.00 dur 2.25 coherent through end PR2 rev2/pi1 0.7/0.7
rx_facing_front    L2     kp 49 lead 2.25   smooth s 0.000 vY0 0.00 dur 2.25 coherent through end PR2 rev2/pi1 0.7/0.7
rx_facing_front    L2     kp 49 lead 2.25   vert0  s 0.000 vY0 0.00 dur 2.25 coherent through end PR2 rev2/pi1 0.7/0.7
Aborted(OOM)
file:///Users/zainrahman/Downloads/FC%20Simulator%20worktrees/physical-character-v2/sandbox/visual/physchar2/vendor/jolt-physics.wasm-compat.js:5
console.log.bind(console),fa=console.error.bind(console),ha=!1;function caa(a){for(var b=0,d=a.length,c=new Uint8Array(d),f;b<d;++b)f=a.charCodeAt(b),c[b]=~f>>8&f;return c}var ia=!1;function daa(){var a=Module.preRun;a&&(typeof a=="function"&&(a=[a]),ja.push(...a));ka(ja)}function eaa(){var a=Module.postRun;a&&(typeof a=="function"&&(a=[a]),la.push(...a));ka(la)}function ma(a){Module.onAbort?.(a);a=`Aborted(${a})`;fa(a);ha=!0;throw new WebAssembly.RuntimeError(a+". Build with -sASSERTIONS for more info.");
                                                                                                                                                                                                                                                                                                                                                                                                                                                    ^

RuntimeError: Aborted(OOM). Build with -sASSERTIONS for more info.
    at ma (file:///Users/zainrahman/Downloads/FC%20Simulator%20worktrees/physical-character-v2/sandbox/visual/physchar2/vendor/jolt-physics.wasm-compat.js:5:437)
    at h (file:///Users/zainrahman/Downloads/FC%20Simulator%20worktrees/physical-character-v2/sandbox/visual/physchar2/vendor/jolt-physics.wasm-compat.js:75:64)
    at wasm://wasm/007b6306:wasm-function[296]:0x1d9b4
    at wasm://wasm/007b6306:wasm-function[53]:0xe03e
    at wasm://wasm/007b6306:wasm-function[1167]:0x75caf
    at wasm://wasm/007b6306:wasm-function[106]:0x141df
    at wasm://wasm/007b6306:wasm-function[3590]:0x1a4544
    at new $$ (file:///Users/zainrahman/Downloads/FC%20Simulator%20worktrees/physical-character-v2/sandbox/visual/physchar2/vendor/jolt-physics.wasm-compat.js:1847:1)
    at new V2JoltWorld (file:///Users/zainrahman/Downloads/FC%20Simulator%20worktrees/physical-character-v2/sandbox/visual/physchar2/core/v2_jolt.js:53:17)
    at new G1Sim (file:///Users/zainrahman/Downloads/FC%20Simulator%20worktrees/physical-character-v2/sandbox/visual/physchar2/gates/v2_g1.js:140:14)

Node.js v22.19.0
FAIL rx_facing_front
rx_side_standing   L1     kp 59 lead 0.5    v2     s 0.000 vY0 0.00 dur 1.00 coherent through end PR2 rev2/pi1 0.6/0.6
rx_side_standing   L1     kp 59 lead 0.5    smooth s 0.000 vY0 -0.04 dur 1.00 coherent 1 (NM2_slip) PR2 rev2/pi1 23.8/23.8
rx_side_standing   L1     kp 59 lead 0.5    vert0  s 0.000 vY0 0.00 dur 1.00 coherent through end PR2 rev2/pi1 0.6/0.6
rx_side_standing   L2     kp 58 lead 1.5    v2     s 0.000 vY0 0.00 dur 1.50 coherent through end PR2 rev2/pi1 0.6/0.6
rx_side_standing   L2     kp 58 lead 1.5    smooth s 0.000 vY0 0.00 dur 1.50 coherent through end PR2 rev2/pi1 0.6/0.6
rx_side_standing   L2     kp 58 lead 1.5    vert0  s 0.000 vY0 0.00 dur 1.50 coherent through end PR2 rev2/pi1 0.6/0.6
Aborted(OOM)
file:///Users/zainrahman/Downloads/FC%20Simulator%20worktrees/physical-character-v2/sandbox/visual/physchar2/vendor/jolt-physics.wasm-compat.js:5
console.log.bind(console),fa=console.error.bind(console),ha=!1;function caa(a){for(var b=0,d=a.length,c=new Uint8Array(d),f;b<d;++b)f=a.charCodeAt(b),c[b]=~f>>8&f;return c}var ia=!1;function daa(){var a=Module.preRun;a&&(typeof a=="function"&&(a=[a]),ja.push(...a));ka(ja)}function eaa(){var a=Module.postRun;a&&(typeof a=="function"&&(a=[a]),la.push(...a));ka(la)}function ma(a){Module.onAbort?.(a);a=`Aborted(${a})`;fa(a);ha=!0;throw new WebAssembly.RuntimeError(a+". Build with -sASSERTIONS for more info.");
                                                                                                                                                                                                                                                                                                                                                                                                                                                    ^

RuntimeError: Aborted(OOM). Build with -sASSERTIONS for more info.
    at ma (file:///Users/zainrahman/Downloads/FC%20Simulator%20worktrees/physical-character-v2/sandbox/visual/physchar2/vendor/jolt-physics.wasm-compat.js:5:437)
    at h (file:///Users/zainrahman/Downloads/FC%20Simulator%20worktrees/physical-character-v2/sandbox/visual/physchar2/vendor/jolt-physics.wasm-compat.js:75:64)
    at wasm://wasm/007b6306:wasm-function[296]:0x1d9b4
    at wasm://wasm/007b6306:wasm-function[53]:0xe03e
    at wasm://wasm/007b6306:wasm-function[1167]:0x75caf
    at wasm://wasm/007b6306:wasm-function[106]:0x141df
    at wasm://wasm/007b6306:wasm-function[3590]:0x1a4544
    at new $$ (file:///Users/zainrahman/Downloads/FC%20Simulator%20worktrees/physical-character-v2/sandbox/visual/physchar2/vendor/jolt-physics.wasm-compat.js:1847:1)
    at new V2JoltWorld (file:///Users/zainrahman/Downloads/FC%20Simulator%20worktrees/physical-character-v2/sandbox/visual/physchar2/core/v2_jolt.js:53:17)
    at new G1Sim (file:///Users/zainrahman/Downloads/FC%20Simulator%20worktrees/physical-character-v2/sandbox/visual/physchar2/gates/v2_g1.js:140:14)

Node.js v22.19.0
FAIL rx_side_standing
rx_behind_standing L1     kp 50 lead 0.5    v2     s 0.000 vY0 0.00 dur 1.00 coherent through end PR2 rev2/pi1 0.7/0.7
rx_behind_standing L1     kp 50 lead 0.5    smooth s 0.000 vY0 -0.02 dur 1.00 coherent through end PR2 rev2/pi1 7.7/7.7
rx_behind_standing L1     kp 50 lead 0.5    vert0  s 0.000 vY0 0.00 dur 1.00 coherent through end PR2 rev2/pi1 0.7/0.7
rx_behind_standing L2     kp 49 lead 1.5    v2     s 0.000 vY0 0.00 dur 1.50 coherent through end PR2 rev2/pi1 0.7/0.7
rx_behind_standing L2     kp 49 lead 1.5    smooth s 0.000 vY0 0.00 dur 1.50 coherent through end PR2 rev2/pi1 0.7/0.7
rx_behind_standing L2     kp 49 lead 1.5    vert0  s 0.000 vY0 0.00 dur 1.50 coherent through end PR2 rev2/pi1 0.7/0.7
Aborted(OOM)
file:///Users/zainrahman/Downloads/FC%20Simulator%20worktrees/physical-character-v2/sandbox/visual/physchar2/vendor/jolt-physics.wasm-compat.js:5
console.log.bind(console),fa=console.error.bind(console),ha=!1;function caa(a){for(var b=0,d=a.length,c=new Uint8Array(d),f;b<d;++b)f=a.charCodeAt(b),c[b]=~f>>8&f;return c}var ia=!1;function daa(){var a=Module.preRun;a&&(typeof a=="function"&&(a=[a]),ja.push(...a));ka(ja)}function eaa(){var a=Module.postRun;a&&(typeof a=="function"&&(a=[a]),la.push(...a));ka(la)}function ma(a){Module.onAbort?.(a);a=`Aborted(${a})`;fa(a);ha=!0;throw new WebAssembly.RuntimeError(a+". Build with -sASSERTIONS for more info.");
                                                                                                                                                                                                                                                                                                                                                                                                                                                    ^

RuntimeError: Aborted(OOM). Build with -sASSERTIONS for more info.
    at ma (file:///Users/zainrahman/Downloads/FC%20Simulator%20worktrees/physical-character-v2/sandbox/visual/physchar2/vendor/jolt-physics.wasm-compat.js:5:437)
    at h (file:///Users/zainrahman/Downloads/FC%20Simulator%20worktrees/physical-character-v2/sandbox/visual/physchar2/vendor/jolt-physics.wasm-compat.js:75:64)
    at wasm://wasm/007b6306:wasm-function[296]:0x1d9b4
    at wasm://wasm/007b6306:wasm-function[53]:0xe03e
    at wasm://wasm/007b6306:wasm-function[1167]:0x75caf
    at wasm://wasm/007b6306:wasm-function[106]:0x141df
    at wasm://wasm/007b6306:wasm-function[3590]:0x1a4544
    at new $$ (file:///Users/zainrahman/Downloads/FC%20Simulator%20worktrees/physical-character-v2/sandbox/visual/physchar2/vendor/jolt-physics.wasm-compat.js:1847:1)
    at new V2JoltWorld (file:///Users/zainrahman/Downloads/FC%20Simulator%20worktrees/physical-character-v2/sandbox/visual/physchar2/core/v2_jolt.js:53:17)
    at new G1Sim (file:///Users/zainrahman/Downloads/FC%20Simulator%20worktrees/physical-character-v2/sandbox/visual/physchar2/gates/v2_g1.js:140:14)

Node.js v22.19.0
FAIL rx_behind_standing
rx_heavy           L1     kp 66 lead 0.5    v2     s 0.623 vY0 -6.66 dur 30.00 coherent 1 (RC4_pelvisHeight) PR2 rev2/pi1 120.6/153.2
rx_heavy           L1     kp 66 lead 0.5    smooth s 0.623 vY0 -0.16 dur 30.00 coherent 1 (NM2_Bsat5pct) PR2 rev2/pi1 105.4/54.7
rx_heavy           L1     kp 66 lead 0.5    vert0  s 0.623 vY0 -6.66 dur 30.00 coherent 1 (NM2_Bsat5pct) PR2 rev2/pi1 110/114.4
rx_heavy           L2     kp 65 lead 1.5    v2     s 0.365 vY0 2.73 dur 30.00 coherent 1 (NM2_Bsat5pct) PR2 rev2/pi1 43/131.1
rx_heavy           L2     kp 65 lead 1.5    smooth s 0.365 vY0 -0.51 dur 30.00 coherent 1 (NM2_Bsat5pct) PR2 rev2/pi1 49.7/85.2
rx_heavy           L2     kp 65 lead 1.5    vert0  s 0.365 vY0 2.73 dur 30.00 coherent 1 (NM2_Bsat5pct) PR2 rev2/pi1 35.9/85.9
Aborted(OOM)
file:///Users/zainrahman/Downloads/FC%20Simulator%20worktrees/physical-character-v2/sandbox/visual/physchar2/vendor/jolt-physics.wasm-compat.js:5
console.log.bind(console),fa=console.error.bind(console),ha=!1;function caa(a){for(var b=0,d=a.length,c=new Uint8Array(d),f;b<d;++b)f=a.charCodeAt(b),c[b]=~f>>8&f;return c}var ia=!1;function daa(){var a=Module.preRun;a&&(typeof a=="function"&&(a=[a]),ja.push(...a));ka(ja)}function eaa(){var a=Module.postRun;a&&(typeof a=="function"&&(a=[a]),la.push(...a));ka(la)}function ma(a){Module.onAbort?.(a);a=`Aborted(${a})`;fa(a);ha=!0;throw new WebAssembly.RuntimeError(a+". Build with -sASSERTIONS for more info.");
                                                                                                                                                                                                                                                                                                                                                                                                                                                    ^

RuntimeError: Aborted(OOM). Build with -sASSERTIONS for more info.
    at ma (file:///Users/zainrahman/Downloads/FC%20Simulator%20worktrees/physical-character-v2/sandbox/visual/physchar2/vendor/jolt-physics.wasm-compat.js:5:437)
    at h (file:///Users/zainrahman/Downloads/FC%20Simulator%20worktrees/physical-character-v2/sandbox/visual/physchar2/vendor/jolt-physics.wasm-compat.js:75:64)
    at wasm://wasm/007b6306:wasm-function[296]:0x1d9b4
    at wasm://wasm/007b6306:wasm-function[53]:0xe03e
    at wasm://wasm/007b6306:wasm-function[1167]:0x75caf
    at wasm://wasm/007b6306:wasm-function[106]:0x141df
    at wasm://wasm/007b6306:wasm-function[3590]:0x1a4544
    at new $$ (file:///Users/zainrahman/Downloads/FC%20Simulator%20worktrees/physical-character-v2/sandbox/visual/physchar2/vendor/jolt-physics.wasm-compat.js:1847:1)
    at new V2JoltWorld (file:///Users/zainrahman/Downloads/FC%20Simulator%20worktrees/physical-character-v2/sandbox/visual/physchar2/core/v2_jolt.js:53:17)
    at new G1Sim (file:///Users/zainrahman/Downloads/FC%20Simulator%20worktrees/physical-character-v2/sandbox/visual/physchar2/gates/v2_g1.js:140:14)

Node.js v22.19.0
FAIL rx_heavy
rx_light           L1     kp 66 lead 0.5    v2     s 0.623 vY0 -6.66 dur 30.00 coherent 1 (RC4_pelvisHeight) PR2 rev2/pi1 120.6/153.2
rx_light           L1     kp 66 lead 0.5    smooth s 0.623 vY0 -0.16 dur 30.00 coherent 1 (NM2_Bsat5pct) PR2 rev2/pi1 105.4/54.7
rx_light           L1     kp 66 lead 0.5    vert0  s 0.623 vY0 -6.66 dur 30.00 coherent 1 (NM2_Bsat5pct) PR2 rev2/pi1 110/114.4
rx_light           L2     kp 65 lead 1.5    v2     s 0.365 vY0 2.73 dur 30.00 coherent 1 (NM2_Bsat5pct) PR2 rev2/pi1 43/131.1
rx_light           L2     kp 65 lead 1.5    smooth s 0.365 vY0 -0.51 dur 30.00 coherent 1 (NM2_Bsat5pct) PR2 rev2/pi1 49.7/85.2
rx_light           L2     kp 65 lead 1.5    vert0  s 0.365 vY0 2.73 dur 30.00 coherent 1 (NM2_Bsat5pct) PR2 rev2/pi1 35.9/85.9
Aborted(OOM)
file:///Users/zainrahman/Downloads/FC%20Simulator%20worktrees/physical-character-v2/sandbox/visual/physchar2/vendor/jolt-physics.wasm-compat.js:5
console.log.bind(console),fa=console.error.bind(console),ha=!1;function caa(a){for(var b=0,d=a.length,c=new Uint8Array(d),f;b<d;++b)f=a.charCodeAt(b),c[b]=~f>>8&f;return c}var ia=!1;function daa(){var a=Module.preRun;a&&(typeof a=="function"&&(a=[a]),ja.push(...a));ka(ja)}function eaa(){var a=Module.postRun;a&&(typeof a=="function"&&(a=[a]),la.push(...a));ka(la)}function ma(a){Module.onAbort?.(a);a=`Aborted(${a})`;fa(a);ha=!0;throw new WebAssembly.RuntimeError(a+". Build with -sASSERTIONS for more info.");
                                                                                                                                                                                                                                                                                                                                                                                                                                                    ^

RuntimeError: Aborted(OOM). Build with -sASSERTIONS for more info.
    at ma (file:///Users/zainrahman/Downloads/FC%20Simulator%20worktrees/physical-character-v2/sandbox/visual/physchar2/vendor/jolt-physics.wasm-compat.js:5:437)
    at h (file:///Users/zainrahman/Downloads/FC%20Simulator%20worktrees/physical-character-v2/sandbox/visual/physchar2/vendor/jolt-physics.wasm-compat.js:75:64)
    at wasm://wasm/007b6306:wasm-function[296]:0x1d9b4
    at wasm://wasm/007b6306:wasm-function[53]:0xe03e
    at wasm://wasm/007b6306:wasm-function[1167]:0x75caf
    at wasm://wasm/007b6306:wasm-function[106]:0x141df
    at wasm://wasm/007b6306:wasm-function[3590]:0x1a4544
    at new $$ (file:///Users/zainrahman/Downloads/FC%20Simulator%20worktrees/physical-character-v2/sandbox/visual/physchar2/vendor/jolt-physics.wasm-compat.js:1847:1)
    at new V2JoltWorld (file:///Users/zainrahman/Downloads/FC%20Simulator%20worktrees/physical-character-v2/sandbox/visual/physchar2/core/v2_jolt.js:53:17)
    at new G1Sim (file:///Users/zainrahman/Downloads/FC%20Simulator%20worktrees/physical-character-v2/sandbox/visual/physchar2/gates/v2_g1.js:140:14)

Node.js v22.19.0
FAIL rx_light
sl_win             L1     kp 71 lead 0.75   v2     s 0.190 vY0 1.34 dur 1.00 coherent 1 (NM2_Bsat5pct) PR2 rev2/pi1 36.7/42.1
sl_win             L1     kp 71 lead 0.75   smooth s 0.190 vY0 1.29 dur 1.00 coherent 1 (NM2_Bsat5pct) PR2 rev2/pi1 44.2/45.4
sl_win             L1     kp 71 lead 0.75   vert0  s 0.190 vY0 1.34 dur 1.00 coherent 1 (NM2_Bsat5pct) PR2 rev2/pi1 26.4/32.3
sl_win             L2     kp 70 lead 1.75   v2     s 0.282 vY0 -0.44 dur 1.75 coherent 1 (NM2_Bsat5pct) PR2 rev2/pi1 15.3/26.9
sl_win             L2     kp 70 lead 1.75   smooth s 0.282 vY0 -0.15 dur 1.75 coherent 1 (NM2_Bsat5pct) PR2 rev2/pi1 18.8/22.7
sl_win             L2     kp 70 lead 1.75   vert0  s 0.282 vY0 -0.44 dur 1.75 coherent 1 (NM2_Bsat5pct) PR2 rev2/pi1 20.5/25.9
Aborted(OOM)
file:///Users/zainrahman/Downloads/FC%20Simulator%20worktrees/physical-character-v2/sandbox/visual/physchar2/vendor/jolt-physics.wasm-compat.js:5
console.log.bind(console),fa=console.error.bind(console),ha=!1;function caa(a){for(var b=0,d=a.length,c=new Uint8Array(d),f;b<d;++b)f=a.charCodeAt(b),c[b]=~f>>8&f;return c}var ia=!1;function daa(){var a=Module.preRun;a&&(typeof a=="function"&&(a=[a]),ja.push(...a));ka(ja)}function eaa(){var a=Module.postRun;a&&(typeof a=="function"&&(a=[a]),la.push(...a));ka(la)}function ma(a){Module.onAbort?.(a);a=`Aborted(${a})`;fa(a);ha=!0;throw new WebAssembly.RuntimeError(a+". Build with -sASSERTIONS for more info.");
                                                                                                                                                                                                                                                                                                                                                                                                                                                    ^

RuntimeError: Aborted(OOM). Build with -sASSERTIONS for more info.
    at ma (file:///Users/zainrahman/Downloads/FC%20Simulator%20worktrees/physical-character-v2/sandbox/visual/physchar2/vendor/jolt-physics.wasm-compat.js:5:437)
    at h (file:///Users/zainrahman/Downloads/FC%20Simulator%20worktrees/physical-character-v2/sandbox/visual/physchar2/vendor/jolt-physics.wasm-compat.js:75:64)
    at wasm://wasm/007b6306:wasm-function[296]:0x1d9b4
    at wasm://wasm/007b6306:wasm-function[53]:0xe03e
    at wasm://wasm/007b6306:wasm-function[1167]:0x75caf
    at wasm://wasm/007b6306:wasm-function[106]:0x141df
    at wasm://wasm/007b6306:wasm-function[3590]:0x1a4544
    at new $$ (file:///Users/zainrahman/Downloads/FC%20Simulator%20worktrees/physical-character-v2/sandbox/visual/physchar2/vendor/jolt-physics.wasm-compat.js:1847:1)
    at new V2JoltWorld (file:///Users/zainrahman/Downloads/FC%20Simulator%20worktrees/physical-character-v2/sandbox/visual/physchar2/core/v2_jolt.js:53:17)
    at new G1Sim (file:///Users/zainrahman/Downloads/FC%20Simulator%20worktrees/physical-character-v2/sandbox/visual/physchar2/gates/v2_g1.js:140:14)

Node.js v22.19.0
FAIL sl_win
sl_early           L1     kp 104 lead 0.5    v2     s 0.040 vY0 -0.40 dur 30.00 coherent 1 (NM2_Bsat5pct) PR2 rev2/pi1 12.4/20.9
sl_early           L1     kp 104 lead 0.5    smooth s 0.040 vY0 -0.54 dur 30.00 coherent 1 (NM2_Bsat5pct) PR2 rev2/pi1 11.5/20
sl_early           L1     kp 104 lead 0.5    vert0  s 0.040 vY0 -0.40 dur 30.00 coherent 1 (NM2_Bsat5pct) PR2 rev2/pi1 17.7/26.3
sl_early           L2     kp 103 lead 1.5    v2     s 0.044 vY0 -0.27 dur 30.00 coherent 1 (NM2_Bsat5pct) PR2 rev2/pi1 7/15.1
sl_early           L2     kp 103 lead 1.5    smooth s 0.044 vY0 -0.26 dur 30.00 coherent 1 (NM2_Bsat5pct) PR2 rev2/pi1 7.2/15.3
sl_early           L2     kp 103 lead 1.5    vert0  s 0.044 vY0 -0.27 dur 30.00 coherent 1 (NM2_Bsat5pct) PR2 rev2/pi1 9.8/18.6
Aborted(OOM)
file:///Users/zainrahman/Downloads/FC%20Simulator%20worktrees/physical-character-v2/sandbox/visual/physchar2/vendor/jolt-physics.wasm-compat.js:5
console.log.bind(console),fa=console.error.bind(console),ha=!1;function caa(a){for(var b=0,d=a.length,c=new Uint8Array(d),f;b<d;++b)f=a.charCodeAt(b),c[b]=~f>>8&f;return c}var ia=!1;function daa(){var a=Module.preRun;a&&(typeof a=="function"&&(a=[a]),ja.push(...a));ka(ja)}function eaa(){var a=Module.postRun;a&&(typeof a=="function"&&(a=[a]),la.push(...a));ka(la)}function ma(a){Module.onAbort?.(a);a=`Aborted(${a})`;fa(a);ha=!0;throw new WebAssembly.RuntimeError(a+". Build with -sASSERTIONS for more info.");
                                                                                                                                                                                                                                                                                                                                                                                                                                                    ^

RuntimeError: Aborted(OOM). Build with -sASSERTIONS for more info.
    at ma (file:///Users/zainrahman/Downloads/FC%20Simulator%20worktrees/physical-character-v2/sandbox/visual/physchar2/vendor/jolt-physics.wasm-compat.js:5:437)
    at h (file:///Users/zainrahman/Downloads/FC%20Simulator%20worktrees/physical-character-v2/sandbox/visual/physchar2/vendor/jolt-physics.wasm-compat.js:75:64)
    at wasm://wasm/007b6306:wasm-function[296]:0x1d9b4
    at wasm://wasm/007b6306:wasm-function[53]:0xe03e
    at wasm://wasm/007b6306:wasm-function[1167]:0x75caf
    at wasm://wasm/007b6306:wasm-function[106]:0x141df
    at wasm://wasm/007b6306:wasm-function[3590]:0x1a4544
    at new $$ (file:///Users/zainrahman/Downloads/FC%20Simulator%20worktrees/physical-character-v2/sandbox/visual/physchar2/vendor/jolt-physics.wasm-compat.js:1847:1)
    at new V2JoltWorld (file:///Users/zainrahman/Downloads/FC%20Simulator%20worktrees/physical-character-v2/sandbox/visual/physchar2/core/v2_jolt.js:53:17)
    at new G1Sim (file:///Users/zainrahman/Downloads/FC%20Simulator%20worktrees/physical-character-v2/sandbox/visual/physchar2/gates/v2_g1.js:140:14)

Node.js v22.19.0
FAIL sl_early
sl_late            L1     kp 157 lead 0.5    v2     s 0.068 vY0 0.04 dur 30.00 coherent 1 (NM2_Bsat5pct) PR2 rev2/pi1 13.8/7.4
sl_late            L1     kp 157 lead 0.5    smooth s 0.068 vY0 0.05 dur 30.00 coherent 1 (NM2_Bsat5pct) PR2 rev2/pi1 13.7/7.6
sl_late            L1     kp 157 lead 0.5    vert0  s 0.068 vY0 0.04 dur 30.00 coherent 1 (NM2_Bsat5pct) PR2 rev2/pi1 14.6/7.6
sl_late            L2     kp 156 lead 1.5    v2     s 0.024 vY0 0.20 dur 30.00 coherent 1 (NM2_Bsat5pct) PR2 rev2/pi1 18.5/14.5
sl_late            L2     kp 156 lead 1.5    smooth s 0.024 vY0 0.21 dur 30.00 coherent 1 (NM2_Bsat5pct) PR2 rev2/pi1 18.8/10.8
sl_late            L2     kp 156 lead 1.5    vert0  s 0.024 vY0 0.20 dur 30.00 coherent 1 (NM2_Bsat5pct) PR2 rev2/pi1 21.9/16.2
Aborted(OOM)
file:///Users/zainrahman/Downloads/FC%20Simulator%20worktrees/physical-character-v2/sandbox/visual/physchar2/vendor/jolt-physics.wasm-compat.js:5
console.log.bind(console),fa=console.error.bind(console),ha=!1;function caa(a){for(var b=0,d=a.length,c=new Uint8Array(d),f;b<d;++b)f=a.charCodeAt(b),c[b]=~f>>8&f;return c}var ia=!1;function daa(){var a=Module.preRun;a&&(typeof a=="function"&&(a=[a]),ja.push(...a));ka(ja)}function eaa(){var a=Module.postRun;a&&(typeof a=="function"&&(a=[a]),la.push(...a));ka(la)}function ma(a){Module.onAbort?.(a);a=`Aborted(${a})`;fa(a);ha=!0;throw new WebAssembly.RuntimeError(a+". Build with -sASSERTIONS for more info.");
                                                                                                                                                                                                                                                                                                                                                                                                                                                    ^

RuntimeError: Aborted(OOM). Build with -sASSERTIONS for more info.
    at ma (file:///Users/zainrahman/Downloads/FC%20Simulator%20worktrees/physical-character-v2/sandbox/visual/physchar2/vendor/jolt-physics.wasm-compat.js:5:437)
    at h (file:///Users/zainrahman/Downloads/FC%20Simulator%20worktrees/physical-character-v2/sandbox/visual/physchar2/vendor/jolt-physics.wasm-compat.js:75:64)
    at wasm://wasm/007b6306:wasm-function[296]:0x1d9b4
    at wasm://wasm/007b6306:wasm-function[53]:0xe03e
    at wasm://wasm/007b6306:wasm-function[1167]:0x75caf
    at wasm://wasm/007b6306:wasm-function[106]:0x141df
    at wasm://wasm/007b6306:wasm-function[3590]:0x1a4544
    at new $$ (file:///Users/zainrahman/Downloads/FC%20Simulator%20worktrees/physical-character-v2/sandbox/visual/physchar2/vendor/jolt-physics.wasm-compat.js:1847:1)
    at new V2JoltWorld (file:///Users/zainrahman/Downloads/FC%20Simulator%20worktrees/physical-character-v2/sandbox/visual/physchar2/core/v2_jolt.js:53:17)
    at new G1Sim (file:///Users/zainrahman/Downloads/FC%20Simulator%20worktrees/physical-character-v2/sandbox/visual/physchar2/gates/v2_g1.js:140:14)

Node.js v22.19.0
FAIL sl_late
sl_from_behind     L1     kp 84 lead 1.25   v2     s 0.047 vY0 -0.19 dur 1.25 coherent 1 (NM2_Bsat5pct) PR2 rev2/pi1 6.7/13.1
sl_from_behind     L1     kp 84 lead 1.25   smooth s 0.047 vY0 -0.18 dur 1.25 coherent 1 (NM2_Bsat5pct) PR2 rev2/pi1 6.7/13.3
sl_from_behind     L1     kp 84 lead 1.25   vert0  s 0.047 vY0 -0.19 dur 1.25 coherent 1 (NM2_Bsat5pct) PR2 rev2/pi1 7.2/15.5
sl_from_behind     L2     kp 83 lead 2.25   v2     s 0.063 vY0 0.00 dur 2.25 coherent 1 (NM2_Bsat5pct) PR2 rev2/pi1 9.3/6.9
sl_from_behind     L2     kp 83 lead 2.25   smooth s 0.063 vY0 -0.06 dur 2.25 coherent 1 (NM2_Bsat5pct) PR2 rev2/pi1 10.6/6.7
sl_from_behind     L2     kp 83 lead 2.25   vert0  s 0.063 vY0 0.00 dur 2.25 coherent 1 (NM2_Bsat5pct) PR2 rev2/pi1 9.4/6.8
Aborted(OOM)
file:///Users/zainrahman/Downloads/FC%20Simulator%20worktrees/physical-character-v2/sandbox/visual/physchar2/vendor/jolt-physics.wasm-compat.js:5
console.log.bind(console),fa=console.error.bind(console),ha=!1;function caa(a){for(var b=0,d=a.length,c=new Uint8Array(d),f;b<d;++b)f=a.charCodeAt(b),c[b]=~f>>8&f;return c}var ia=!1;function daa(){var a=Module.preRun;a&&(typeof a=="function"&&(a=[a]),ja.push(...a));ka(ja)}function eaa(){var a=Module.postRun;a&&(typeof a=="function"&&(a=[a]),la.push(...a));ka(la)}function ma(a){Module.onAbort?.(a);a=`Aborted(${a})`;fa(a);ha=!0;throw new WebAssembly.RuntimeError(a+". Build with -sASSERTIONS for more info.");
                                                                                                                                                                                                                                                                                                                                                                                                                                                    ^

RuntimeError: Aborted(OOM). Build with -sASSERTIONS for more info.
    at ma (file:///Users/zainrahman/Downloads/FC%20Simulator%20worktrees/physical-character-v2/sandbox/visual/physchar2/vendor/jolt-physics.wasm-compat.js:5:437)
    at h (file:///Users/zainrahman/Downloads/FC%20Simulator%20worktrees/physical-character-v2/sandbox/visual/physchar2/vendor/jolt-physics.wasm-compat.js:75:64)
    at wasm://wasm/007b6306:wasm-function[296]:0x1d9b4
    at wasm://wasm/007b6306:wasm-function[53]:0xe03e
    at wasm://wasm/007b6306:wasm-function[1167]:0x75caf
    at wasm://wasm/007b6306:wasm-function[106]:0x141df
    at wasm://wasm/007b6306:wasm-function[3590]:0x1a4544
    at new $$ (file:///Users/zainrahman/Downloads/FC%20Simulator%20worktrees/physical-character-v2/sandbox/visual/physchar2/vendor/jolt-physics.wasm-compat.js:1847:1)
    at new V2JoltWorld (file:///Users/zainrahman/Downloads/FC%20Simulator%20worktrees/physical-character-v2/sandbox/visual/physchar2/core/v2_jolt.js:53:17)
    at new G1Sim (file:///Users/zainrahman/Downloads/FC%20Simulator%20worktrees/physical-character-v2/sandbox/visual/physchar2/gates/v2_g1.js:140:14)

Node.js v22.19.0
FAIL sl_from_behind
sl_left            L1     kp 73 lead 0.5    v2     s 0.479 vY0 5.19 dur 1.00 coherent 1 (NM2_Bsat5pct) PR2 rev2/pi1 80.1/101.7
sl_left            L1     kp 73 lead 0.5    smooth s 0.479 vY0 0.64 dur 1.00 coherent 1 (NM2_slip) PR2 rev2/pi1 72.8/35.2
sl_left            L1     kp 73 lead 0.5    vert0  s 0.479 vY0 5.19 dur 1.00 coherent 1 (NM2_slip) PR2 rev2/pi1 58.2/64.1
sl_left            L2     kp 72 lead 1.5    v2     s 0.454 vY0 -2.19 dur 1.50 coherent 1 (NM2_slip) PR2 rev2/pi1 74.1/90.9
sl_left            L2     kp 72 lead 1.5    smooth s 0.454 vY0 0.80 dur 1.50 coherent 1 (NM2_slip) PR2 rev2/pi1 49.4/59.1
sl_left            L2     kp 72 lead 1.5    vert0  s 0.454 vY0 -2.19 dur 1.50 coherent 1 (NM2_slip) PR2 rev2/pi1 34.9/75.5
Aborted(OOM)
file:///Users/zainrahman/Downloads/FC%20Simulator%20worktrees/physical-character-v2/sandbox/visual/physchar2/vendor/jolt-physics.wasm-compat.js:5
console.log.bind(console),fa=console.error.bind(console),ha=!1;function caa(a){for(var b=0,d=a.length,c=new Uint8Array(d),f;b<d;++b)f=a.charCodeAt(b),c[b]=~f>>8&f;return c}var ia=!1;function daa(){var a=Module.preRun;a&&(typeof a=="function"&&(a=[a]),ja.push(...a));ka(ja)}function eaa(){var a=Module.postRun;a&&(typeof a=="function"&&(a=[a]),la.push(...a));ka(la)}function ma(a){Module.onAbort?.(a);a=`Aborted(${a})`;fa(a);ha=!0;throw new WebAssembly.RuntimeError(a+". Build with -sASSERTIONS for more info.");
                                                                                                                                                                                                                                                                                                                                                                                                                                                    ^

RuntimeError: Aborted(OOM). Build with -sASSERTIONS for more info.
    at ma (file:///Users/zainrahman/Downloads/FC%20Simulator%20worktrees/physical-character-v2/sandbox/visual/physchar2/vendor/jolt-physics.wasm-compat.js:5:437)
    at h (file:///Users/zainrahman/Downloads/FC%20Simulator%20worktrees/physical-character-v2/sandbox/visual/physchar2/vendor/jolt-physics.wasm-compat.js:75:64)
    at wasm://wasm/007b6306:wasm-function[296]:0x1d9b4
    at wasm://wasm/007b6306:wasm-function[53]:0xe03e
    at wasm://wasm/007b6306:wasm-function[1167]:0x75caf
    at wasm://wasm/007b6306:wasm-function[106]:0x141df
    at wasm://wasm/007b6306:wasm-function[3590]:0x1a4544
    at new $$ (file:///Users/zainrahman/Downloads/FC%20Simulator%20worktrees/physical-character-v2/sandbox/visual/physchar2/vendor/jolt-physics.wasm-compat.js:1847:1)
    at new V2JoltWorld (file:///Users/zainrahman/Downloads/FC%20Simulator%20worktrees/physical-character-v2/sandbox/visual/physchar2/core/v2_jolt.js:53:17)
    at new G1Sim (file:///Users/zainrahman/Downloads/FC%20Simulator%20worktrees/physical-character-v2/sandbox/visual/physchar2/gates/v2_g1.js:140:14)

Node.js v22.19.0
FAIL sl_left
sl_loose           L1     kp 143 lead 1.25   v2     s 0.113 vY0 0.02 dur 1.25 coherent 1 (NM2_Bmean25pct) PR2 rev2/pi1 35.9/107.2
sl_loose           L1     kp 143 lead 1.25   smooth s 0.113 vY0 -0.31 dur 1.25 coherent 1 (NM2_Bmean25pct) PR2 rev2/pi1 49.5/110
sl_loose           L1     kp 143 lead 1.25   vert0  s 0.113 vY0 0.02 dur 1.25 coherent 1 (NM2_Bmean25pct) PR2 rev2/pi1 36/106.9
sl_loose           L2     kp 142 lead 2.25   v2     s 0.559 vY0 2.47 dur 2.25 coherent 1 (NM2_Bsat5pct) PR2 rev2/pi1 38.4/65
sl_loose           L2     kp 142 lead 2.25   smooth s 0.559 vY0 -1.07 dur 2.25 coherent 1 (NM2_Bsat5pct) PR2 rev2/pi1 56/47.6
sl_loose           L2     kp 142 lead 2.25   vert0  s 0.559 vY0 2.47 dur 2.25 coherent 1 (NM2_Bsat5pct) PR2 rev2/pi1 37.9/81.1
Aborted(OOM)
file:///Users/zainrahman/Downloads/FC%20Simulator%20worktrees/physical-character-v2/sandbox/visual/physchar2/vendor/jolt-physics.wasm-compat.js:5
console.log.bind(console),fa=console.error.bind(console),ha=!1;function caa(a){for(var b=0,d=a.length,c=new Uint8Array(d),f;b<d;++b)f=a.charCodeAt(b),c[b]=~f>>8&f;return c}var ia=!1;function daa(){var a=Module.preRun;a&&(typeof a=="function"&&(a=[a]),ja.push(...a));ka(ja)}function eaa(){var a=Module.postRun;a&&(typeof a=="function"&&(a=[a]),la.push(...a));ka(la)}function ma(a){Module.onAbort?.(a);a=`Aborted(${a})`;fa(a);ha=!0;throw new WebAssembly.RuntimeError(a+". Build with -sASSERTIONS for more info.");
                                                                                                                                                                                                                                                                                                                                                                                                                                                    ^

RuntimeError: Aborted(OOM). Build with -sASSERTIONS for more info.
    at ma (file:///Users/zainrahman/Downloads/FC%20Simulator%20worktrees/physical-character-v2/sandbox/visual/physchar2/vendor/jolt-physics.wasm-compat.js:5:437)
    at h (file:///Users/zainrahman/Downloads/FC%20Simulator%20worktrees/physical-character-v2/sandbox/visual/physchar2/vendor/jolt-physics.wasm-compat.js:75:64)
    at wasm://wasm/007b6306:wasm-function[296]:0x1d9b4
    at wasm://wasm/007b6306:wasm-function[53]:0xe03e
    at wasm://wasm/007b6306:wasm-function[1167]:0x75caf
    at wasm://wasm/007b6306:wasm-function[106]:0x141df
    at wasm://wasm/007b6306:wasm-function[3590]:0x1a4544
    at new $$ (file:///Users/zainrahman/Downloads/FC%20Simulator%20worktrees/physical-character-v2/sandbox/visual/physchar2/vendor/jolt-physics.wasm-compat.js:1847:1)
    at new V2JoltWorld (file:///Users/zainrahman/Downloads/FC%20Simulator%20worktrees/physical-character-v2/sandbox/visual/physchar2/core/v2_jolt.js:53:17)
    at new G1Sim (file:///Users/zainrahman/Downloads/FC%20Simulator%20worktrees/physical-character-v2/sandbox/visual/physchar2/gates/v2_g1.js:140:14)

Node.js v22.19.0
FAIL sl_loose
