SV_static      STOOD     max RECOVERABLE_IN_PLACE  | COM exc 0.1 cm v 0 ξmin 12.1 cm trunk 4° spine 2° slip 0.05 cm | quiet drift 0.06 cm sway 0.42 mm ankle 9.8% inPlace true | root 0.018/0.06 N | sep 0.16 lim 0° | cpu 0.8277 (J 0.5908 S 0.0913 C 0.1456) | audit 0/0 fixture false | det true fe6975d2
      sensing: lever-rule share err 0.0016 (max 0.002, n 888) · grfY err 0.07 N · L+R vs total 0.15 (max 0.2) N · airborne foot - · CoP inside 100% · budget max 0.2 · sat 
QS20           STOOD     max RECOVERABLE_IN_PLACE  | COM exc 0.1 cm v 0 ξmin 12.1 cm trunk 4° spine 2° slip 0.11 cm | quiet drift 0.13 cm sway 0.91 mm ankle 9.8% inPlace true | root 0.018/0.06 N | sep 0.16 lim 0° | cpu 0.6576 (J 0.5327 S 0.0401 C 0.0848) | audit 0/0 fixture false | det true c9f8e67
      sensing: lever-rule share err 0.0016 (max 0.002, n 4728) · grfY err 0.01 N · L+R vs total 0.16 (max 0.2) N · airborne foot - · CoP inside 100% · budget max 0.2 · sat 
PF30           RECOVERED max RECOVERABLE_IN_PLACE t[hip - step - fall - ground - roll -] rec 0.329s | COM exc 4.7 cm v 0.322 ξmin 12.1 cm trunk 5.5° spine 2.8° slip 0.15 cm | root 0.023/0.33 N | sep 0.16 lim 0° | cpu 0.6859 (J 0.5454 S 0.059 C 0.0815) | audit 0/0 fixture false | det true e6d2dca8
      sensing: lever-rule share err 0.0017 (max 0.002, n 1293) · grfY err 0.46 N · L+R vs total 0.15 (max 0.2) N · airborne foot - · CoP inside 100% · budget max 0.66 · sat 
PF60           RECOVERED max RECOVERABLE_HIP      t[hip 0.033 step - fall - ground - roll 0.113] rec 2.396s | COM exc 16.6 cm v 0.684 ξmin -0.4 cm trunk 9.6° spine 3.6° slip 0.33 cm | root 0.041/0.67 N | sep 0.35 lim 0° | cpu 0.6763 (J 0.5443 S 0.0417 C 0.0903) | audit 0/0 fixture false | det true 830788b2
      sensing: lever-rule share err 0.0018 (max 0.002, n 944) · grfY err 0.2 N · L+R vs total 0.16 (max 0.2) N · airborne foot - · CoP inside 100% · budget max 0.88 · sat hip_L 13ms, ankle_L 8ms, hip_R 13ms, ankle_R 25ms
PB30           RECOVERED max RECOVERABLE_HIP      t[hip 0.029 step - fall - ground - roll -] rec 1.329s | COM exc 7.5 cm v 0.337 ξmin 0.2 cm trunk 5.9° spine 4.2° slip 0.11 cm | root 0.025/0.34 N | sep 0.16 lim 0° | cpu 0.6606 (J 0.5383 S 0.0391 C 0.0832) | audit 0/0 fixture false | det true 2d01488c
      sensing: lever-rule share err 0.0016 (max 0.002, n 1159) · grfY err 0.33 N · L+R vs total 0.16 (max 0.2) N · airborne foot - · CoP inside 100% · budget max 0.37 · sat 
PB35           FELL      max GROUNDED             t[hip 0.025 step 0.637 fall 0.696 ground 2.225 roll 0.438] rec -s | COM exc 138 cm v 3.585 ξmin -100000 cm trunk 93.3° spine 29.3° slip 0.08 cm | root 0.049/0.39 N | sep 1.56 lim 0° | cpu 0.7587 (J 0.6041 S 0.0537 C 0.1009) | audit 0/0 fixture false | det true 867c8c0f
      fall: STEP_NEEDED — no stepping in C1 — ξ 0.9 cm beyond the hip-extended support
      friction: first SLIPPING L 3.046 R 3.046 s · degraded 208 ms · μ observed 0.903 · CoP–COM friction limit min 0 cm · slid L 1.9 R 5.9 cm
      sensing: lever-rule share err 0.0016 (max 0.002, n 168) · grfY err 0.39 N · L+R vs total 0.15 (max 0.2) N · airborne foot {"mean":0,"maxAbs":0,"n":130} · CoP inside 100% · budget max 1 · sat lumbar 50ms, thoracic 8ms, neck 17ms, shoulder_L 8ms, shoulder_R 8ms, hip_L 54ms, ankle_L 38ms, hip_R 54ms, ankle_R 50ms
PR30           RECOVERED max RECOVERABLE_HIP      t[hip 0.087 step - fall - ground - roll 0.067] rec 0.254s | COM exc 4.9 cm v 0.342 ξmin -0.5 cm trunk 4.4° spine 2.6° slip 0.09 cm | root 0.022/0.34 N | sep 0.16 lim 0° | cpu 0.6633 (J 0.5415 S 0.0392 C 0.0825) | audit 0/0 fixture false | det true 7a37420c
      sensing: lever-rule share err 0.0076 (max 0.045, n 1304) · grfY err 0.31 N · L+R vs total 0.16 (max 0.2) N · airborne foot - · CoP inside 100% · budget max 0.44 · sat lumbar 8ms, ankle_L 17ms, ankle_R 58ms
PR45           RECOVERED max RECOVERABLE_HIP      t[hip 0.042 step - fall - ground - roll 0.058] rec 0.833s | COM exc 16.1 cm v 0.522 ξmin 5.6 cm trunk 4.9° spine 3.5° slip 0.24 cm | root 0.029/0.51 N | sep 0.16 lim 0° | cpu 0.6428 (J 0.5383 S 0.0337 C 0.0708) | audit 0/0 fixture false | det true 63376a5e
      sensing: lever-rule share err 0.0016 (max 0.002, n 168) · grfY err 0.26 N · L+R vs total 0.15 (max 0.2) N · airborne foot {"mean":0,"maxAbs":0,"n":809} · CoP inside 100% · budget max 0.61 · sat lumbar 17ms, hip_L 4ms, ankle_L 29ms, hip_R 21ms, ankle_R 267ms
PR50           RECOVERED max RECOVERABLE_HIP      t[hip 0.038 step - fall - ground - roll 0.058] rec 0.946s | COM exc 17.6 cm v 0.583 ξmin 3.4 cm trunk 5.1° spine 3.9° slip 0.15 cm | root 0.032/0.57 N | sep 0.16 lim 0° | cpu 0.6482 (J 0.5434 S 0.0356 C 0.0692) | audit 0/0 fixture false | det true a1d5d33a
      flags: saturation streaks > 300 ms: ankle_R 1683 ms
      sensing: lever-rule share err 0.0016 (max 0.002, n 168) · grfY err 0.35 N · L+R vs total 0.15 (max 0.2) N · airborne foot {"mean":0,"maxAbs":0,"n":1081} · CoP inside 100% · budget max 0.61 · sat lumbar 21ms, hip_L 13ms, ankle_L 29ms, hip_R 38ms, ankle_R 1842ms
G_fall         FELL      max GROUNDED             t[hip 0.021 step 0.038 fall 0.096 ground 1.217 roll 0.079] rec -s | COM exc 166.1 cm v 3.748 ξmin -100000 cm trunk 91.6° spine 18.1° slip 0.13 cm | root 0.07/1.02 N | sep 0.93 lim 0° | cpu 0.7251 (J 0.6084 S 0.0369 C 0.0798) | audit 0/0 fixture false | det true e17b4c35
      fall: STEP_NEEDED — no stepping in C1 — ξ 5.9 cm beyond the hip-extended support
      friction: first SLIPPING L 2.25 R 2.654 s · degraded 833 ms · μ observed 0.904 · CoP–COM friction limit min 0 cm · slid L 10.5 R 5 cm
      sensing: lever-rule share err 0.0016 (max 0.002, n 168) · grfY err 0.39 N · L+R vs total 0.15 (max 0.2) N · airborne foot {"mean":0,"maxAbs":0.1,"n":121} · CoP inside 100% · budget max 1 · sat lumbar 42ms, thoracic 8ms, neck 21ms, shoulder_L 17ms, shoulder_R 21ms, hip_L 42ms, knee_L 13ms, ankle_L 133ms, hip_R 29ms, knee_R 13ms, ankle_R 213ms
H_ice_quiet    STOOD     max RECOVERABLE_IN_PLACE  | COM exc 0 cm v 0 ξmin 12.1 cm trunk 4° spine 2° slip 0.07 cm | quiet drift 0.05 cm sway 0.32 mm ankle 9.7% inPlace true | root 0.018/0.06 N | sep 0.16 lim 0° | cpu 0.6622 (J 0.5401 S 0.0423 C 0.0798) | audit 0/0 fixture false | det true 60e9f000
      sensing: lever-rule share err 0.0016 (max 0.002, n 1128) · grfY err 0.05 N · L+R vs total 0.15 (max 0.2) N · airborne foot - · CoP inside 100% · budget max 0.2 · sat 
H_ice_push     RECOVERED max STEP_NEEDED          t[hip - step 0.05 fall - ground - roll -] rec 0.529s | COM exc 7.7 cm v 0.302 ξmin 12.1 cm trunk 5.2° spine 2.6° slip 7 cm | root 0.023/0.28 N | sep 0.16 lim 0° | cpu 0.6584 (J 0.5375 S 0.0388 C 0.0821) | audit 0/0 fixture false | det true 3be14bde
      flags: foot slid 7.0 cm
      fall: ξ 0.5 cm beyond the hip-extended support
      friction: first SLIPPING L 1.042 R 1.042 s · degraded 313 ms · μ observed 0.075 · CoP–COM friction limit min 3.3 cm · slid L 7 R 7 cm
      sensing: lever-rule share err 0.0017 (max 0.002, n 1256) · grfY err 0.08 N · L+R vs total 0.15 (max 0.2) N · airborne foot - · CoP inside 100% · budget max 0.46 · sat 
