A              err rms   1.72° peak     10° (knee_L    ) sat     0 ms | joint 0.19 mm lim 0° soft 0° turf 1.46/0.85 self 0 pop 0.09 | KE max 0.74 end 0 | pelvis end 12.6 mm 1.81° | sup F̄ 32.7 N pk 104 lift 1.2% T̄ 11.7 pk 12.6 sat 0 ms | cpu 0.6371 ms/frame | audit 0/0 nan false | det true 6ae27640
      holds: [3.5-4] err 1.16° ω 0.01°/s KE 0 sat 0
      joints: shoulder_L rms 1.75 pk 8.9@0 τ 18.2/70 sat 0ms · elbow_L rms 1.07 pk 8@0 τ 11.2/60 sat 0ms · shoulder_R rms 1.75 pk 8.9@0 τ 18.2/70 sat 0ms · elbow_R rms 1.07 pk 8@0 τ 11.2/60 sat 0ms · hip_L rms 1.2 pk 4@0 τ 12.6/220 sat 0ms · knee_L rms 2.52 pk 10@0 τ 20.6/190 sat 0ms · ankle_L rms 2.48 pk 8@0 τ 26.7/110 sat 0ms · hip_R rms 1.2 pk 4@0 τ 12.6/220 sat 0ms · knee_R rms 2.52 pk 10@0 τ 20.3/190 sat 0ms · ankle_R rms 2.47 pk 8@0 τ 26/110 sat 0ms
A_reduced      err rms   1.67° peak     10° (knee_L    ) sat     0 ms | joint 0.2 mm lim 0° soft 0° turf 1.51/0.76 self 0 pop 0.1 | KE max 0.73 end 0 | pelvis end 27.4 mm 1.23° | sup F̄ 16.3 N pk 58 lift 0.4% T̄ 2.8 pk 4.8 sat 0 ms | cpu 0.5928 ms/frame | audit 0/0 nan false | det true 4d2603bf
      holds: [3.5-4] err 1.03° ω 0.25°/s KE 0.001 sat 0
      joints: shoulder_L rms 1.75 pk 8.9@0 τ 18.1/70 sat 0ms · elbow_L rms 1.07 pk 8@0 τ 11.2/60 sat 0ms · shoulder_R rms 1.75 pk 8.9@0 τ 18.1/70 sat 0ms · elbow_R rms 1.07 pk 8@0 τ 11.2/60 sat 0ms · hip_L rms 0.88 pk 4@0 τ 11/220 sat 0ms · knee_L rms 2.51 pk 10@0 τ 22.6/190 sat 0ms · ankle_L rms 2.4 pk 8@0 τ 28.7/110 sat 0ms · hip_R rms 0.88 pk 4@0 τ 11/220 sat 0ms · knee_R rms 2.51 pk 10@0 τ 22.3/190 sat 0ms · ankle_R rms 2.4 pk 8@0 τ 27.8/110 sat 0ms
A_off          err rms   1.73° peak     10° (knee_L    ) sat     0 ms | joint 0.21 mm lim 0° soft 0° turf 1.59/0.4 self 0 pop 0.1 | KE max 0.74 end 0.335 | pelvis end 101.1 mm 4.88° | no support | cpu 0.5883 ms/frame | audit 0/0 nan false | det true 34705c65
      holds: [3.5-4] err 1.42° ω 5.26°/s KE 0.335 sat 0
      joints: shoulder_L rms 1.75 pk 8.9@0 τ 18/70 sat 0ms · elbow_L rms 1.06 pk 8@0 τ 11.2/60 sat 0ms · shoulder_R rms 1.75 pk 8.9@0 τ 18/70 sat 0ms · elbow_R rms 1.06 pk 8@0 τ 11.2/60 sat 0ms · hip_L rms 0.85 pk 4@0 τ 15.8/220 sat 0ms · knee_L rms 2.39 pk 10@0 τ 24.4/190 sat 0ms · ankle_L rms 2.79 pk 8@0 τ 39.7/110 sat 0ms · hip_R rms 0.85 pk 4@0 τ 15.8/220 sat 0ms · knee_R rms 2.39 pk 10@0 τ 24.1/190 sat 0ms · ankle_R rms 2.79 pk 8@0 τ 39.7/110 sat 0ms
B              err rms   2.54° peak    9.6° (hip_R     ) sat     0 ms | joint 0.36 mm lim 0° soft 0° turf 4.8/1.75 self 5.36 pop 0.24 | KE max 10.11 end 0.001 | pelvis end 21 mm 3.79° | sup F̄ 63.8 N pk 178 lift 1.6% T̄ 30.3 pk 88.3 sat 0 ms | cpu 0.6242 ms/frame | audit 0/0 nan false | det true 1dda5f4e
      holds: [0-0.5] err 0.67° ω 5.78°/s KE 0.357 sat 0  [3-3.5] err 3.12° ω 0.13°/s KE 0 sat 0  [5.5-6] err 2.34° ω 0.84°/s KE 0.004 sat 0
      joints: lumbar rms 4.48 pk 6.6@3.983 τ 67.5/200 sat 0ms · thoracic rms 2.11 pk 3.1@3.971 τ 31.3/200 sat 0ms · neck rms 2.07 pk 3.4@4.092 τ 3.9/35 sat 0ms · hip_L rms 3.57 pk 5.3@3.129 τ 60.2/220 sat 0ms · hip_R rms 4.01 pk 9.6@4.296 τ 163.8/220 sat 0ms · knee_R rms 1.78 pk 3.5@4.296 τ 162.8/190 sat 0ms · ankle_R rms 2.85 pk 6.1@1.083 τ 102.4/110 sat 0ms
B_reduced      err rms   5.25° peak   32.9° (shoulder_L) sat  1121 ms | joint 2.09 mm lim 0.27° soft 0° turf 4.84/2.84 self 0.49 pop 1.26 | KE max 249.65 end 0 | pelvis end 1635.4 mm 93.69° FELL | sup F̄ 74.2 N pk 108 lift 4.3% T̄ 23.5 pk 43.3 sat 4325 ms | cpu 0.6547 ms/frame | audit 0/0 nan false | det true 7c7f296d
      holds: [0-0.5] err 0.67° ω 5.96°/s KE 0.388 sat 0  [3-3.5] err 5.8° ω 30.33°/s KE 31.205 sat 121  [5.5-6] err 7.25° ω 0.46°/s KE 0 sat 0
      joints: lumbar rms 5.48 pk 8@3.654 τ 166.2/200 sat 0ms · thoracic rms 2.34 pk 6.8@4.133 τ 141.7/200 sat 0ms · neck rms 7.78 pk 16.9@5.058 τ 20.3/35 sat 0ms · shoulder_L rms 6.9 pk 32.9@4.129 τ 70/70 sat 138ms · elbow_L rms 5.23 pk 27.7@4.117 τ 60/60 sat 121ms · shoulder_R rms 5.11 pk 9.7@4.65 τ 59.2/70 sat 0ms · elbow_R rms 4.07 pk 8.6@4.658 τ 33.5/60 sat 0ms · hip_L rms 4.67 pk 6.7@3.546 τ 150.2/220 sat 0ms · knee_L rms 2.9 pk 7.9@3.762 τ 135.1/190 sat 0ms · ankle_L rms 8.83 pk 21.8@3.596 τ 110/110 sat 850ms · hip_R rms 5.03 pk 8.3@4.208 τ 220/220 sat 8ms · knee_R rms 2.15 pk 3.7@5.938 τ 190/190 sat 4ms · ankle_R rms 2.44 pk 6.2@1.083 τ 103.7/110 sat 0ms
B_off          err rms   5.81° peak   40.6° (neck      ) sat   767 ms | joint 1.55 mm lim 1.02° soft 0° turf 4.64/0.7 self 5.69 pop 0.75 | KE max 519.32 end 2.888 | pelvis end 1370.1 mm 87.49° FELL | no support | cpu 0.6754 ms/frame | audit 0/0 nan false | det true 63382e02
      holds: [0-0.5] err 0.66° ω 6.34°/s KE 0.42 sat 0  [3-3.5] err 4.15° ω 22.48°/s KE 2.234 sat 0  [5.5-6] err 7.23° ω 28.58°/s KE 2.888 sat 0
      joints: lumbar rms 4.41 pk 6.3@4.892 τ 200/200 sat 4ms · thoracic rms 5.57 pk 8.9@2.796 τ 200/200 sat 33ms · neck rms 6.81 pk 40.6@2.683 τ 35/35 sat 67ms · shoulder_L rms 3.34 pk 11.4@2.658 τ 70/70 sat 21ms · shoulder_R rms 13.59 pk 25.6@5.021 τ 70/70 sat 33ms · elbow_R rms 2.39 pk 5.2@5.196 τ 18.4/60 sat 0ms · hip_L rms 4.33 pk 8.9@4.817 τ 220/220 sat 17ms · knee_L rms 2 pk 5.7@4.817 τ 73.9/190 sat 0ms · ankle_L rms 7.72 pk 20.8@4.567 τ 110/110 sat 525ms · hip_R rms 6.49 pk 14.6@4.783 τ 220/220 sat 13ms · knee_R rms 2.15 pk 6.2@4.563 τ 127.8/190 sat 0ms · ankle_R rms 3.25 pk 6.4@1.063 τ 110/110 sat 54ms
C              err rms   2.76° peak   20.2° (hip_R     ) sat   287 ms | joint 0.53 mm lim 0° soft 0° turf 7.98/1.11 self 4.8 pop 0.27 | KE max 58.39 end 0.002 | pelvis end 10.8 mm 1.39° | sup F̄ 98.5 N pk 383 lift 1.9% T̄ 29.8 pk 131.6 sat 429 ms | cpu 0.6145 ms/frame | audit 0/0 nan false | det true 466afd04
      holds: [0-0.5] err 0.67° ω 5.78°/s KE 0.357 sat 0  [1.8-2.3] err 2.9° ω 0.65°/s KE 0.005 sat 0  [3.1-3.6] err 1.6° ω 4.13°/s KE 0.091 sat 0
      joints: lumbar rms 4.54 pk 9@2.487 τ 142.9/200 sat 0ms · thoracic rms 2.23 pk 4.5@2.492 τ 61.5/200 sat 0ms · neck rms 2.47 pk 7.5@2.5 τ 11.4/35 sat 0ms · shoulder_L rms 2.02 pk 5.2@0.646 τ 24/70 sat 0ms · elbow_L rms 1.63 pk 4.7@2.592 τ 13.1/60 sat 0ms · shoulder_R rms 2.12 pk 3.4@2.483 τ 15.5/70 sat 0ms · hip_L rms 2.98 pk 4.6@2.3 τ 85.8/220 sat 0ms · ankle_L rms 2.03 pk 5@2.45 τ 110/110 sat 50ms · hip_R rms 4.68 pk 20.2@2.5 τ 220/220 sat 100ms · knee_R rms 3.62 pk 12.7@2.483 τ 190/190 sat 54ms · ankle_R rms 2.18 pk 7@0.613 τ 110/110 sat 83ms
C_weak         err rms  14.99° peak   57.7° (neck      ) sat  5538 ms | joint 0.69 mm lim 0.62° soft 0° turf 2.51/1.85 self 0.66 pop 0.17 | KE max 46.36 end 0.026 | pelvis end 27.9 mm 6.49° | sup F̄ 121.1 N pk 293 lift 8.2% T̄ 56.8 pk 107.9 sat 671 ms | cpu 0.6774 ms/frame | audit 0/0 nan false | det true 207359d2
      holds: [0-0.5] err 1.74° ω 14.47°/s KE 0.354 sat 0  [1.8-2.3] err 15.62° ω 9.11°/s KE 0.311 sat 121  [3.1-3.6] err 17.36° ω 4.3°/s KE 0.09 sat 121
      joints: lumbar rms 34.25 pk 44.2@3.396 τ 50/50 sat 2858ms · thoracic rms 16.73 pk 29.3@1.392 τ 50/50 sat 596ms · neck rms 23.96 pk 57.7@1.387 τ 8.8/9 sat 454ms · shoulder_L rms 8.1 pk 17.2@2.496 τ 17.5/18 sat 96ms · elbow_L rms 4.2 pk 11.4@0.688 τ 9.9/15 sat 0ms · shoulder_R rms 11.85 pk 16.4@2.767 τ 15.8/18 sat 0ms · elbow_R rms 3.48 pk 5.4@2.742 τ 4/15 sat 0ms · hip_L rms 12.08 pk 16.7@1.558 τ 55/55 sat 183ms · knee_L rms 9.52 pk 13.2@2.421 τ 47.5/48 sat 17ms · ankle_L rms 6.35 pk 8.9@2.487 τ 27.5/28 sat 646ms · hip_R rms 15.09 pk 41@2.529 τ 55/55 sat 350ms · knee_R rms 11.09 pk 29.5@2.508 τ 47.5/48 sat 113ms · ankle_R rms 5.41 pk 9.5@0.621 τ 27.5/28 sat 225ms
C_strong       err rms   0.98° peak    9.8° (ankle_L   ) sat     0 ms | joint 0.87 mm lim 0° soft 0° turf 7.73/1.05 self 4.74 pop 0.36 | KE max 78.09 end 0.001 | pelvis end 51.7 mm 3.84° | sup F̄ 141.2 N pk 433 lift -1.5% T̄ 39.4 pk 146 sat 571 ms | cpu 0.6882 ms/frame | audit 0/0 nan false | det true 8dbab341
      holds: [0-0.5] err 0.13° ω 1.95°/s KE 0.361 sat 0  [1.8-2.3] err 0.96° ω 0.06°/s KE 0 sat 0  [3.1-3.6] err 0.48° ω 1°/s KE 0.049 sat 0
      joints: hip_L rms 1.07 pk 3.3@2.467 τ 583.1/1760 sat 0ms · ankle_L rms 2.76 pk 9.8@2.454 τ 638.4/880 sat 0ms · hip_R rms 0.6 pk 3.9@2.462 τ 880.6/1760 sat 0ms · ankle_R rms 1.32 pk 7@2.458 τ 390/880 sat 0ms
D1             err rms   1.43° peak    7.1° (ankle_R   ) sat   100 ms | joint 0.33 mm lim 0° soft 0° turf 3.55/0.87 self 0 pop 0.14 | KE max 23.11 end 0 | pelvis end 10.4 mm 0.24° | sup F̄ 59.5 N pk 346 lift 0.5% T̄ 7 pk 82 sat 133 ms | cpu 0.6445 ms/frame | audit 0/0 nan false | det true 3ad94eb0
      holds: [0-0.5] err 0.67° ω 5.78°/s KE 0.357 sat 0  [2-2.5] err 1.28° ω 0.14°/s KE 0.001 sat 0
      joints: lumbar rms 1.79 pk 3.1@0.904 τ 148.4/200 sat 0ms · shoulder_L rms 1.36 pk 4.5@0.65 τ 39/70 sat 0ms · elbow_L rms 0.85 pk 3.4@0.65 τ 27.3/60 sat 0ms · hip_R rms 1.81 pk 4.2@0.65 τ 220/220 sat 4ms · knee_R rms 1.6 pk 2.5@1.125 τ 190/190 sat 4ms · ankle_R rms 2.76 pk 7.1@0.65 τ 110/110 sat 92ms
D2             err rms   8.46° peak   70.6° (hip_R     ) sat   553 ms | joint 0.28 mm lim 0° soft 0° turf 2.66/1.39 self 0.38 pop 0.15 | KE max 45.51 end 0 | pelvis end 24 mm 15.64° | sup F̄ 94.6 N pk 354 lift 2.5% T̄ 58.2 pk 121.7 sat 1338 ms | cpu 0.6487 ms/frame | audit 0/0 nan false | det true 916c7de9
      holds: [0-0.5] err 0.67° ω 5.78°/s KE 0.357 sat 0  [1.2-1.7] err 4.91° ω 20.32°/s KE 1.682 sat 0  [2.7-3.2] err 6.43° ω 2.94°/s KE 0.081 sat 0
      joints: lumbar rms 3.67 pk 5.6@1.971 τ 154.1/200 sat 0ms · thoracic rms 1.85 pk 3.8@0.775 τ 96.7/200 sat 0ms · neck rms 2.12 pk 3.9@1.988 τ 11.4/35 sat 0ms · shoulder_L rms 9.14 pk 53.6@0.713 τ 70/70 sat 29ms · elbow_L rms 2.69 pk 18.1@0.708 τ 55/60 sat 0ms · shoulder_R rms 9.26 pk 54.6@0.713 τ 70/70 sat 33ms · elbow_R rms 4.39 pk 31.7@0.7 τ 43.5/60 sat 0ms · hip_L rms 7.08 pk 12.2@3.125 τ 152.7/220 sat 0ms · knee_L rms 2.02 pk 3.5@3.2 τ 50.9/190 sat 0ms · ankle_L rms 2.54 pk 9.1@0.7 τ 96.6/110 sat 0ms · hip_R rms 19.93 pk 70.6@0.717 τ 220/220 sat 279ms · knee_R rms 11.28 pk 33.9@0.7 τ 190/190 sat 58ms · ankle_R rms 11.36 pk 31.1@0.821 τ 110/110 sat 154ms
E              err rms   7.09° peak   33.8° (hip_R     ) sat  2863 ms | joint 0.18 mm lim 0° soft 0° turf 1.86/0.57 self 0 pop 0.09 | KE max 12.45 end 0 | pelvis end 23.3 mm 6.57° | sup F̄ 80.1 N pk 270 lift -0.1% T̄ 72.2 pk 123.9 sat 2354 ms | cpu 0.677 ms/frame | audit 0/0 nan false | det true 5ed01cbb
      holds: [0-0.5] err 0.67° ω 5.78°/s KE 0.357 sat 0  [4.5-5] err 2.86° ω 0.65°/s KE 0.002 sat 0
      joints: lumbar rms 5.95 pk 9.5@3.138 τ 117.4/200 sat 0ms · thoracic rms 2.5 pk 4.2@3.138 τ 51.2/200 sat 0ms · neck rms 3.15 pk 6.2@3.129 τ 8.5/35 sat 0ms · shoulder_R rms 2.48 pk 3.4@3.017 τ 7.9/70 sat 0ms · hip_L rms 14.93 pk 23.8@2.771 τ 220/220 sat 1613ms · knee_L rms 3.86 pk 6.7@3.008 τ 64.4/190 sat 0ms · ankle_L rms 2.56 pk 3.8@3.038 τ 43.3/110 sat 0ms · hip_R rms 17.1 pk 33.8@1.033 τ 220/220 sat 1250ms · knee_R rms 5.24 pk 8.1@2.058 τ 134.6/190 sat 0ms · ankle_R rms 5.38 pk 8.3@2.996 τ 102.3/110 sat 0ms
      block: first contact 0.9917s (foot_R) max pen -0.44 mm (listener 0.17) max F 650 N obstacle moved 0 mm removed 3
      while blocked [1.29-2.95]: hip err 23.1° τ 213 N·m sat 39% F 247 N pen -0.5 mm support 63 N; others: lumbar 7.6, thoracic 3.1, neck 4.1, shoulder_L 0.8, elbow_L 1.1, shoulder_R 3.2, elbow_R 0.6, hip_L 21.8, knee_L 5.6, ankle_L 3.6
      after removal: hip err 20.6° → within 5° in 0.367s, end 3.57°
        n 235 t 0.9792 gap 2.11 mm depth -5.19 approach 0.766 m/s F 0 N hip err 32.86° τ 220
        n 236 t 0.9833 gap 0.56 mm depth -2.08 approach 0.364 m/s F 558 N hip err 32.9° τ 220
        n 237 t 0.9875 gap 0.48 mm depth -0.54 approach 0.004 m/s F 650 N hip err 33.03° τ 220
        n 238 t 0.9917 gap 0.48 mm depth 0.13 approach -0.008 m/s F 436 N hip err 33.16° τ 220
        n 239 t 0.9958 gap 0.47 mm depth 0.13 approach -0.001 m/s F 398 N hip err 33.28° τ 220
        n 240 t 1 gap 0.45 mm depth 0.15 approach 0 m/s F 399 N hip err 33.39° τ 220
        n 241 t 1.0042 gap 0.45 mm depth 0.16 approach -0.001 m/s F 401 N hip err 33.48° τ 220
        n 242 t 1.0083 gap 0.44 mm depth 0.17 approach -0.001 m/s F 402 N hip err 33.56° τ 220
E_strong       err rms   2.03° peak   12.4° (hip_L     ) sat     0 ms | joint 0.24 mm lim 0° soft 0° turf 1.82/0.51 self 0 pop 0.09 | KE max 20.14 end 0 | pelvis end 73 mm 47.83° | sup F̄ 196.4 N pk 314 lift 2.7% T̄ 124.6 pk 154.2 sat 4346 ms | cpu 0.6567 ms/frame | audit 0/0 nan false | det true f4687a29
      holds: [0-0.5] err 0.13° ω 1.95°/s KE 0.361 sat 0  [4.5-5] err 0.75° ω 0.02°/s KE 0 sat 0
      joints: hip_L rms 4.04 pk 12.4@1.042 τ 1144.5/1760 sat 0ms · knee_L rms 2.68 pk 8.2@1.117 τ 699.4/1520 sat 0ms · ankle_L rms 1.95 pk 5.9@1.225 τ 391.3/880 sat 0ms · hip_R rms 4.12 pk 12.3@1.058 τ 1099.8/1760 sat 0ms · knee_R rms 2.09 pk 6.2@1.129 τ 528.5/1520 sat 0ms
      block: first contact 0.6583s (foot_R) max pen 0.69 mm (listener 1.02) max F 1187 N obstacle moved 0 mm removed 3
      while blocked [0.96-2.95]: hip err 3.6° τ 278.8 N·m sat 0% F 259 N pen 0.65 mm support 215 N; others: lumbar 1.1, thoracic 0.4, neck 0.6, shoulder_L 0.1, elbow_L 0.1, shoulder_R 0.4, elbow_R 0.1, hip_L 3.2, knee_L 2.4, ankle_L 1.7
      after removal: hip err 0.7° → within 5° in 0.004s, end 0.75°
        n 155 t 0.6458 gap 7.46 mm depth -11.28 approach 0.952 m/s F 0 N hip err 1.69° τ 251.2
        n 156 t 0.65 gap 3.49 mm depth -7.46 approach 0.974 m/s F 0 N hip err 1.72° τ 243.6
        n 157 t 0.6542 gap 0.02 mm depth -3.49 approach 0.853 m/s F 153 N hip err 1.78° τ 285.5
        n 158 t 0.6583 gap -0.17 mm depth -0.02 approach 0.025 m/s F 717 N hip err 1.94° τ 434.4
        n 159 t 0.6625 gap -0.25 mm depth 0.17 approach -0.011 m/s F 661 N hip err 2.14° τ 540.8
        n 160 t 0.6667 gap -0.32 mm depth 0.25 approach -0.015 m/s F 697 N hip err 2.35° τ 561.2
        n 161 t 0.6708 gap -0.38 mm depth 0.32 approach -0.029 m/s F 778 N hip err 2.55° τ 577
        n 162 t 0.675 gap -0.48 mm depth 0.38 approach -0.012 m/s F 872 N hip err 2.76° τ 598
E_push_weak    err rms  17.58° peak   51.5° (hip_L     ) sat  7422 ms | joint 0.16 mm lim 0.21° soft 0° turf 1.16/0.45 self 0 pop 0.08 | KE max 20.54 end 0 | pelvis end 23.6 mm 49.02° | sup F̄ 75.7 N pk 170 lift 4.3% T̄ 79.7 pk 101.8 sat 2625 ms | cpu 0.6359 ms/frame | audit 0/0 nan false | det true 174fb425
      holds: [0-0.5] err 1.74° ω 14.47°/s KE 0.354 sat 0  [3.5-4] err 21.12° ω 0.36°/s KE 0 sat 242
      joints: lumbar rms 34.16 pk 41.2@1.375 τ 50/50 sat 3042ms · thoracic rms 12.42 pk 20.3@1.712 τ 50/50 sat 333ms · neck rms 17.06 pk 26.1@1.754 τ 8.8/9 sat 163ms · shoulder_L rms 9.64 pk 12.6@2.362 τ 8.3/18 sat 0ms · elbow_L rms 1.93 pk 4@0.804 τ 2.6/15 sat 0ms · shoulder_R rms 13.05 pk 16.3@2.45 τ 13.3/18 sat 0ms · elbow_R rms 5.01 pk 6.6@2.237 τ 3.6/15 sat 0ms · hip_L rms 38.5 pk 51.5@4 τ 55/55 sat 2625ms · knee_L rms 5.97 pk 7.5@4 τ 30.2/48 sat 0ms · ankle_L rms 4.53 pk 6.3@4 τ 21.6/28 sat 0ms · hip_R rms 20.33 pk 43.5@1.063 τ 55/55 sat 767ms · knee_R rms 3.31 pk 6.8@1.375 τ 33.9/48 sat 0ms · ankle_R rms 12.32 pk 14.1@4 τ 27.5/28 sat 492ms
      block: first contact nulls (null) max pen -21.77 mm (listener -1000) max F 0 N obstacle moved 0 mm removed null
E_push         err rms   6.82° peak   33.3° (hip_R     ) sat   508 ms | joint 0.18 mm lim 0° soft 0° turf 1.69/1.17 self 0.1 pop 0.09 | KE max 12.45 end 0 | pelvis end 3.4 mm 16.94° | sup F̄ 44.4 N pk 270 lift 0.3% T̄ 93.1 pk 123.8 sat 3329 ms | cpu 0.6331 ms/frame | audit 0/0 nan false | det true ede10f74
      holds: [0-0.5] err 0.67° ω 5.78°/s KE 0.357 sat 0  [3.5-4] err 7.13° ω 0.02°/s KE 0 sat 0
      joints: lumbar rms 5.6 pk 6.9@1.6 τ 76.5/200 sat 0ms · thoracic rms 2.41 pk 3.1@1.483 τ 32.7/200 sat 0ms · neck rms 2.96 pk 4.1@1.462 τ 5/35 sat 0ms · hip_L rms 13.24 pk 15.8@1.313 τ 192.4/220 sat 0ms · hip_R rms 17.64 pk 33.3@1.017 τ 220/220 sat 508ms · knee_R rms 7.06 pk 8.2@2.321 τ 127.4/190 sat 0ms · ankle_R rms 2.26 pk 6@0.954 τ 102.3/110 sat 0ms
      block: first contact 0.9917s (foot_R) max pen 0.31 mm (listener 0.29) max F 193 N obstacle moved 215.8 mm removed null
      while blocked [1.29-3.95]: hip err 17.4° τ 173.5 N·m sat 0% F 181 N pen 0.3 mm support 16 N; others: lumbar 6.6, thoracic 2.8, neck 3.4, shoulder_L 1.3, elbow_L 1.2, shoulder_R 2.7, elbow_R 0.4, hip_L 15, knee_L 2.7, ankle_L 2
        n 235 t 0.9792 gap 2.11 mm depth -5.19 approach 0.766 m/s F 0 N hip err 32.86° τ 220
        n 236 t 0.9833 gap 0.59 mm depth -2.08 approach 0.438 m/s F 45 N hip err 32.89° τ 220
        n 237 t 0.9875 gap 0.55 mm depth -0.57 approach 0.154 m/s F 98 N hip err 32.98° τ 220
        n 238 t 0.9917 gap 0.83 mm depth 0.07 approach 0.11 m/s F 99 N hip err 33.08° τ 220
        n 239 t 0.9958 gap 0.65 mm depth -0.22 approach 0.206 m/s F 89 N hip err 33.14° τ 220
        n 240 t 1 gap 0.55 mm depth -0.04 approach 0.195 m/s F 98 N hip err 33.19° τ 220
        n 241 t 1.0042 gap 0.53 mm depth 0.07 approach 0.185 m/s F 107 N hip err 33.23° τ 220
        n 242 t 1.0083 gap 0.58 mm depth 0.08 approach 0.179 m/s F 110 N hip err 33.26° τ 220
E_push_strong  err rms   0.72° peak    6.1° (hip_L     ) sat     0 ms | joint 0.19 mm lim 0° soft 0° turf 2.87/1.46 self 0 pop 0.09 | KE max 31.65 end 0 | pelvis end 11.7 mm 1.6° | sup F̄ 55.7 N pk 263 lift 1% T̄ 18.1 pk 132.9 sat 196 ms | cpu 0.6116 ms/frame | audit 0/0 nan false | det true 2d290be8
      holds: [0-0.5] err 0.13° ω 1.95°/s KE 0.361 sat 0  [3.5-4] err 0.42° ω 0.02°/s KE 0 sat 0
      joints: hip_L rms 1.69 pk 6.1@0.846 τ 599.6/1760 sat 0ms · hip_R rms 1.42 pk 6.1@0.829 τ 662.6/1760 sat 0ms
      block: first contact 0.6583s (foot_R) max pen 0.83 mm (listener 0.83) max F 315 N obstacle moved 1039 mm removed null
      while blocked [0.96-3.95]: hip err 0.5° τ 43.2 N·m sat 0% F 65 N pen -0.72 mm support 46 N; others: lumbar 0.3, thoracic 0.2, neck 0.1, shoulder_L 0.3, elbow_L 0.2, shoulder_R 0.2, elbow_R 0, hip_L 1.1, knee_L 0.1, ankle_L 0.8
        n 155 t 0.6458 gap 7.46 mm depth -11.28 approach 0.952 m/s F 0 N hip err 1.69° τ 251.2
        n 156 t 0.65 gap 3.49 mm depth -7.46 approach 0.974 m/s F 0 N hip err 1.72° τ 243.6
        n 157 t 0.6542 gap 0.02 mm depth -3.49 approach 0.874 m/s F 27 N hip err 1.77° τ 282.7
        n 158 t 0.6583 gap -0.11 mm depth -0.02 approach 0.132 m/s F 61 N hip err 1.92° τ 420.4
        n 159 t 0.6625 gap -0.08 mm depth 0.1 approach 0.142 m/s F 112 N hip err 2.11° τ 521.1
        n 160 t 0.6667 gap -0.16 mm depth 0.08 approach 0.208 m/s F 138 N hip err 2.29° τ 527.7
        n 161 t 0.6708 gap -0.22 mm depth 0.16 approach 0.242 m/s F 159 N hip err 2.47° τ 531.1
        n 162 t 0.675 gap -0.29 mm depth 0.22 approach 0.287 m/s F 180 N hip err 2.64° τ 541
F_chest        err rms   1.16° peak    6.4° (neck      ) sat     0 ms | joint 0.18 mm lim 0° soft 0° turf 2.25/0.62 self 0 pop 0.09 | KE max 15.59 end 0 | pelvis end 7.5 mm 0.58° | sup F̄ 29.4 N pk 267 lift 0.8% T̄ 6.1 pk 81.2 sat 50 ms | cpu 0.5942 ms/frame | audit 0/0 nan false | det true dd16b83b
      holds: [3.5-4] err 1.1° ω 0.01°/s KE 0 sat 0
      joints: lumbar rms 2.1 pk 5.2@1.246 τ 127.3/200 sat 0ms · neck rms 1.37 pk 6.4@1.058 τ 17.8/35 sat 0ms
      disturbance 46.6 N·s @1: baseline 0.97° peak 2.19° (+0.063s) recovered in 0.45s (thr 1.47°) worst neck 6.4, lumbar 5.2, thoracic 2.6, knee_L 2.6, shoulder_R 1.7 pelvis 26.2 mm support pk 267 N
F_chest_off    err rms   4.31° peak   23.1° (ankle_L   ) sat  1075 ms | joint 1.01 mm lim 0.17° soft 0° turf 2.21/2.07 self 0 pop 0.37 | KE max 546.3 end 0.001 | pelvis end 1662.1 mm 98.33° FELL | no support | cpu 0.6343 ms/frame | audit 0/0 nan false | det true 5db2edae
      holds: [3.5-4] err 7.12° ω 172.57°/s KE 546.3 sat 26
      joints: lumbar rms 3.81 pk 8.6@3.708 τ 200/200 sat 38ms · thoracic rms 1.52 pk 4.9@3.604 τ 200/200 sat 13ms · neck rms 4.45 pk 15@4 τ 35/35 sat 33ms · shoulder_L rms 3.46 pk 13.8@3.604 τ 70/70 sat 8ms · elbow_L rms 2.98 pk 11.3@3.612 τ 48.4/60 sat 0ms · shoulder_R rms 2.98 pk 9.2@3.804 τ 70/70 sat 4ms · elbow_R rms 3.02 pk 13.1@3.696 τ 48.1/60 sat 0ms · hip_L rms 3.68 pk 7.2@3.633 τ 193.3/220 sat 0ms · knee_L rms 2.71 pk 6.5@3.279 τ 190/190 sat 8ms · ankle_L rms 11.41 pk 23.1@3.258 τ 110/110 sat 967ms · hip_R rms 2.05 pk 4.1@3.746 τ 158.1/220 sat 0ms · knee_R rms 1.53 pk 3.5@3.05 τ 190/190 sat 4ms · ankle_R rms 2.96 pk 7.5@3.025 τ 87.9/110 sat 0ms
      disturbance 46.6 N·s @1: baseline 1.09° peak 8.01° (+2.688s) recovered in nulls (thr 1.78°) worst ankle_L 23.1, neck 15, shoulder_L 13.8, elbow_R 13.1, elbow_L 11.3 pelvis 1662.1 mm support pk null N
F_pelvis       err rms      1° peak    3.1° (lumbar    ) sat     0 ms | joint 0.18 mm lim 0° soft 0° turf 1.38/0.64 self 0 pop 0.09 | KE max 5.5 end 0 | pelvis end 7 mm 0.54° | sup F̄ 24.1 N pk 253 lift 1% T̄ 4.5 pk 31.5 sat 54 ms | cpu 0.5821 ms/frame | audit 0/0 nan false | det true 3323fe7d
      holds: [3.5-4] err 1.06° ω 0.01°/s KE 0 sat 0
      joints: lumbar rms 1.62 pk 3.1@1.067 τ 92.4/200 sat 0ms
      disturbance 45 N·s @1: baseline 0.97° peak 1.51° (+0.087s) recovered in 0.117s (thr 1.47°) worst lumbar 3.1, neck 2.8, hip_L 1.8, hip_R 1.8, knee_L 1.7 pelvis 20.9 mm support pk 253 N
F_limb         err rms   1.15° peak    9.5° (elbow_L   ) sat     0 ms | joint 0.18 mm lim 0° soft 0° turf 1.32/0.67 self 0 pop 0.09 | KE max 6.26 end 0 | pelvis end 7.1 mm 0.54° | sup F̄ 21.6 N pk 96 lift 1% T̄ 4 pk 16.7 sat 0 ms | cpu 0.5783 ms/frame | audit 0/0 nan false | det true 6bb9bf0f
      holds: [3.5-4] err 1.06° ω 0.01°/s KE 0 sat 0
      joints: shoulder_L rms 1.83 pk 8.8@1.1 τ 55.9/70 sat 0ms · elbow_L rms 1.51 pk 9.5@1.071 τ 41.2/60 sat 0ms
      disturbance 7.1 N·s @1: baseline 0.97° peak 3.61° (+0.083s) recovered in 0.208s (thr 1.47°) worst elbow_L 9.5, shoulder_L 8.8, neck 2, lumbar 1.8, thoracic 1.4 pelvis 9.5 mm support pk 73 N
