SV_static      STOOD     max RECOVERABLE_IN_PLACE  | COM exc 0.1 cm v 0 ξmin 12.1 cm trunk 4° spine 2° slip 0.05 cm | quiet drift 0.06 cm sway 0.42 mm ankle 9.8% inPlace true | root 0.018/0.06 N | sep 0.16 lim 0° | cpu 0.8275 (J 0.5898 S 0.088 C 0.1497) | audit 0/0 fixture false | det true fe6975d2
      sensing: lever-rule share err 0.0016 (max 0.002, n 888) · grfY err 0.07 N · L+R vs total 0.15 (max 0.2) N · airborne foot - · CoP inside 100% · budget max 0.2 · sat 
SV_freefall    STOOD     max INIT                  | COM exc 7.7 cm v 0.198 ξmin 12.2 cm trunk 11.2° spine 4.8° slip 0.06 cm | quiet drift 7.69 cm sway 63.32 mm ankle 21.7% inPlace false | root 0.161/0.96 N | sep 2.52 lim 0° | cpu 0.7206 (J 0.588 S 0.0775 C 0.0551) | audit 0/0 fixture false | det true a2d2d89f
      sensing: lever-rule share err - · grfY err null N · L+R vs total null (max null) N · airborne foot {"mean":0.04,"maxAbs":0.1,"n":134} · CoP inside null% · budget max 1 · sat hip_L 4ms, knee_L 8ms, ankle_L 33ms, hip_R 4ms, knee_R 8ms, ankle_R 25ms
SV_shift       STOOD     max RECOVERABLE_IN_PLACE  | COM exc 5.3 cm v 0.023 ξmin 12.1 cm trunk 4° spine 2° slip 0.05 cm | quiet drift 5.31 cm sway 29.76 mm ankle 37.5% inPlace true | root 0.019/0.06 N | sep 0.16 lim 0° | cpu 0.7091 (J 0.5508 S 0.0577 C 0.1006) | audit 0/0 fixture false | det true f1ab05f0
      sensing: lever-rule share err 0.0144 (max 0.027, n 1128) · grfY err 0.06 N · L+R vs total 0.16 (max 0.2) N · airborne foot - · CoP inside 100% · budget max 0.2 · sat 
QS20           STOOD     max RECOVERABLE_IN_PLACE  | COM exc 0.1 cm v 0 ξmin 12.1 cm trunk 4° spine 2° slip 0.11 cm | quiet drift 0.13 cm sway 0.91 mm ankle 9.8% inPlace true | root 0.018/0.06 N | sep 0.16 lim 0° | cpu 0.6698 (J 0.5368 S 0.0463 C 0.0867) | audit 0/0 fixture false | det true c9f8e67
      sensing: lever-rule share err 0.0016 (max 0.002, n 4728) · grfY err 0.01 N · L+R vs total 0.16 (max 0.2) N · airborne foot - · CoP inside 100% · budget max 0.2 · sat 
QS20_delay     STOOD     max RECOVERABLE_IN_PLACE  | COM exc 0.6 cm v 0.005 ξmin 12.1 cm trunk 4.2° spine 2.1° slip 0.08 cm | quiet drift 0.63 cm sway 5.74 mm ankle 10.4% inPlace true | root 0.018/0.06 N | sep 0.17 lim 0° | cpu 0.6584 (J 0.537 S 0.0408 C 0.0806) | audit 0/0 fixture false | det true 7193ff2a
      sensing: lever-rule share err 0.0016 (max 0.002, n 4728) · grfY err 0.01 N · L+R vs total 0.16 (max 0.2) N · airborne foot - · CoP inside 100% · budget max 0.14 · sat 
G_fall         FELL      max GROUNDED             t[hip 0.021 step 0.038 fall 0.096 ground 1.217 roll 0.079] rec -s | COM exc 166.1 cm v 3.748 ξmin -100000 cm trunk 91.6° spine 18.1° slip 0.13 cm | root 0.07/1.02 N | sep 0.93 lim 0° | cpu 0.799 (J 0.6322 S 0.0556 C 0.1111) | audit 0/0 fixture false | det true e17b4c35
      fall: STEP_NEEDED — no stepping in C1 — ξ 5.9 cm beyond the hip-extended support
      friction: first SLIPPING L 2.25 R 2.654 s · degraded 833 ms · μ observed 0.904 · CoP–COM friction limit min 0 cm · slid L 10.5 R 5 cm
      sensing: lever-rule share err 0.0016 (max 0.002, n 168) · grfY err 0.39 N · L+R vs total 0.15 (max 0.2) N · airborne foot {"mean":0,"maxAbs":0.1,"n":121} · CoP inside 100% · budget max 1 · sat lumbar 42ms, thoracic 8ms, neck 21ms, shoulder_L 17ms, shoulder_R 21ms, hip_L 42ms, knee_L 13ms, ankle_L 133ms, hip_R 29ms, knee_R 13ms, ankle_R 213ms
H_ice_quiet    STOOD     max RECOVERABLE_IN_PLACE  | COM exc 0 cm v 0 ξmin 12.1 cm trunk 4° spine 2° slip 0.07 cm | quiet drift 0.05 cm sway 0.32 mm ankle 9.7% inPlace true | root 0.018/0.06 N | sep 0.16 lim 0° | cpu 0.6744 (J 0.5471 S 0.0409 C 0.0864) | audit 0/0 fixture false | det true 60e9f000
      sensing: lever-rule share err 0.0016 (max 0.002, n 1128) · grfY err 0.05 N · L+R vs total 0.15 (max 0.2) N · airborne foot - · CoP inside 100% · budget max 0.2 · sat 
H_ice_push     RECOVERED max STEP_NEEDED          t[hip - step 0.05 fall - ground - roll -] rec 0.529s | COM exc 7.7 cm v 0.302 ξmin 12.1 cm trunk 5.2° spine 2.6° slip 7 cm | root 0.023/0.28 N | sep 0.16 lim 0° | cpu 0.6614 (J 0.5374 S 0.0388 C 0.0852) | audit 0/0 fixture false | det true 3be14bde
      flags: foot slid 7.0 cm
      fall: ξ 0.5 cm beyond the hip-extended support
      friction: first SLIPPING L 1.042 R 1.042 s · degraded 313 ms · μ observed 0.075 · CoP–COM friction limit min 3.3 cm · slid L 7 R 7 cm
      sensing: lever-rule share err 0.0017 (max 0.002, n 1256) · grfY err 0.08 N · L+R vs total 0.15 (max 0.2) N · airborne foot - · CoP inside 100% · budget max 0.46 · sat 
H_patch_right  RECOVERED max RECOVERABLE_IN_PLACE t[hip - step - fall - ground - roll -] rec 0.658s | COM exc 17.5 cm v 0.371 ξmin 11.7 cm trunk 4.6° spine 3.1° slip 34.54 cm | root 0.03/0.33 N | sep 0.16 lim 0° | cpu 0.6642 (J 0.5445 S 0.0404 C 0.0793) | audit 0/0 fixture false | det true 75ab2606
      flags: foot slid 34.5 cm · saturation streaks > 300 ms: ankle_L 658 ms, ankle_R 575 ms
      friction: first SLIPPING L null R 1.042 s · degraded 733 ms · μ observed 0.049 · CoP–COM friction limit min 19 cm · slid L 0.1 R 34.5 cm
      sensing: lever-rule share err 0.0024 (max 0.017, n 1204) · grfY err 0.29 N · L+R vs total 0.16 (max 0.2) N · airborne foot - · CoP inside 100% · budget max 0.37 · sat lumbar 8ms, ankle_L 658ms, ankle_R 588ms
PF10           RECOVERED max RECOVERABLE_IN_PLACE t[hip - step - fall - ground - roll -] rec 0.171s | COM exc 1.5 cm v 0.105 ξmin 12.1 cm trunk 4.5° spine 2.3° slip 0.06 cm | root 0.019/0.11 N | sep 0.16 lim 0° | cpu 0.6573 (J 0.5403 S 0.038 C 0.079) | audit 0/0 fixture false | det true 6d08c7f9
      sensing: lever-rule share err 0.0016 (max 0.002, n 1338) · grfY err 0.19 N · L+R vs total 0.16 (max 0.2) N · airborne foot - · CoP inside 100% · budget max 0.31 · sat 
PF20           RECOVERED max RECOVERABLE_IN_PLACE t[hip - step - fall - ground - roll -] rec 0.279s | COM exc 3.1 cm v 0.208 ξmin 12.1 cm trunk 5° spine 2.5° slip 0.1 cm | root 0.021/0.22 N | sep 0.16 lim 0° | cpu 0.653 (J 0.5402 S 0.0363 C 0.0765) | audit 0/0 fixture false | det true af6670ee
      sensing: lever-rule share err 0.0016 (max 0.002, n 1309) · grfY err 0.18 N · L+R vs total 0.15 (max 0.2) N · airborne foot - · CoP inside 100% · budget max 0.52 · sat 
PF30           RECOVERED max RECOVERABLE_IN_PLACE t[hip - step - fall - ground - roll -] rec 0.329s | COM exc 4.7 cm v 0.322 ξmin 12.1 cm trunk 5.5° spine 2.8° slip 0.15 cm | root 0.023/0.33 N | sep 0.16 lim 0° | cpu 0.6553 (J 0.5413 S 0.0375 C 0.0765) | audit 0/0 fixture false | det true e6d2dca8
      sensing: lever-rule share err 0.0017 (max 0.002, n 1293) · grfY err 0.46 N · L+R vs total 0.15 (max 0.2) N · airborne foot - · CoP inside 100% · budget max 0.66 · sat 
PF40           RECOVERED max RECOVERABLE_HIP      t[hip 0.05 step - fall - ground - roll -] rec 1.35s | COM exc 6.4 cm v 0.443 ξmin 7.9 cm trunk 6.3° spine 3.2° slip 0.2 cm | root 0.026/0.45 N | sep 0.22 lim 0° | cpu 0.6613 (J 0.5403 S 0.0401 C 0.0809) | audit 0/0 fixture false | det true bbe24ef0
      sensing: lever-rule share err 0.0017 (max 0.004, n 1283) · grfY err 2.29 N · L+R vs total 0.15 (max 0.2) N · airborne foot - · CoP inside 100% · budget max 0.78 · sat 
PF50           RECOVERED max RECOVERABLE_HIP      t[hip 0.038 step - fall - ground - roll 0.158] rec 1.725s | COM exc 9.4 cm v 0.563 ξmin 3.8 cm trunk 6.6° spine 3.6° slip 0.26 cm | root 0.031/0.56 N | sep 0.25 lim 0° | cpu 0.668 (J 0.5438 S 0.0414 C 0.0828) | audit 0/0 fixture false | det true 4c010532
      sensing: lever-rule share err 0.0018 (max 0.016, n 1082) · grfY err 7.5 N · L+R vs total 0.15 (max 0.4) N · airborne foot - · CoP inside 100% · budget max 0.83 · sat hip_L 4ms, hip_R 4ms, ankle_R 4ms
PF55           RECOVERED max RECOVERABLE_HIP      t[hip 0.033 step - fall - ground - roll 0.142] rec 1.937s | COM exc 12.2 cm v 0.623 ξmin 1.7 cm trunk 7.2° spine 3.7° slip 0.28 cm | root 0.035/0.61 N | sep 0.28 lim 0° | cpu 0.6647 (J 0.5432 S 0.0375 C 0.084) | audit 0/0 fixture false | det true fb0dc575
      sensing: lever-rule share err 0.0017 (max 0.002, n 1008) · grfY err 0.33 N · L+R vs total 0.16 (max 0.3) N · airborne foot - · CoP inside 100% · budget max 0.86 · sat hip_L 8ms, ankle_L 4ms, hip_R 8ms, ankle_R 17ms
PF60           RECOVERED max RECOVERABLE_HIP      t[hip 0.033 step - fall - ground - roll 0.113] rec 2.396s | COM exc 16.6 cm v 0.684 ξmin -0.4 cm trunk 9.6° spine 3.6° slip 0.33 cm | root 0.041/0.67 N | sep 0.35 lim 0° | cpu 0.6654 (J 0.5433 S 0.0394 C 0.0827) | audit 0/0 fixture false | det true 830788b2
      sensing: lever-rule share err 0.0018 (max 0.002, n 944) · grfY err 0.2 N · L+R vs total 0.16 (max 0.2) N · airborne foot - · CoP inside 100% · budget max 0.88 · sat hip_L 13ms, ankle_L 8ms, hip_R 13ms, ankle_R 25ms
PF65           FELL      max GROUNDED             t[hip 0.029 step 0.7 fall 0.758 ground 2.183 roll 0.104] rec -s | COM exc 166 cm v 3.64 ξmin -100000 cm trunk 91.6° spine 18.9° slip 0.14 cm | root 0.082/0.72 N | sep 0.96 lim 0° | cpu 0.7331 (J 0.5978 S 0.0505 C 0.0848) | audit 0/0 fixture false | det true 773e6262
      fall: STEP_NEEDED — no stepping in C1 — ξ 0.9 cm beyond the hip-extended support
      friction: first SLIPPING L 3.221 R 3.217 s · degraded 846 ms · μ observed 0.904 · CoP–COM friction limit min 0 cm · slid L 9.8 R 9.2 cm
      sensing: lever-rule share err 0.0016 (max 0.002, n 168) · grfY err 0.39 N · L+R vs total 0.15 (max 0.2) N · airborne foot {"mean":0,"maxAbs":0.1,"n":120} · CoP inside 100% · budget max 1 · sat lumbar 25ms, thoracic 21ms, neck 17ms, shoulder_L 21ms, shoulder_R 17ms, hip_L 38ms, knee_L 13ms, ankle_L 163ms, hip_R 25ms, knee_R 13ms, ankle_R 183ms
PF70           FELL      max GROUNDED             t[hip 0.025 step 0.05 fall 0.392 ground 1.729 roll 0.096] rec -s | COM exc 165.5 cm v 3.622 ξmin -100000 cm trunk 91.7° spine 18.8° slip 0.11 cm | root 0.083/0.78 N | sep 0.97 lim 0° | cpu 0.7282 (J 0.6023 S 0.0406 C 0.0853) | audit 0/0 fixture false | det true c7d781a
      fall: STEP_NEEDED — no stepping in C1 — ξ 1.4 cm beyond the hip-extended support
      friction: first SLIPPING L 2.758 R 2.779 s · degraded 963 ms · μ observed 0.92 · CoP–COM friction limit min 0 cm · slid L 12 R 8.3 cm
      sensing: lever-rule share err 0.0016 (max 0.002, n 168) · grfY err 0.39 N · L+R vs total 0.15 (max 0.2) N · airborne foot {"mean":0,"maxAbs":0.1,"n":110} · CoP inside 100% · budget max 1 · sat lumbar 17ms, thoracic 8ms, neck 17ms, shoulder_L 17ms, shoulder_R 21ms, hip_L 33ms, knee_L 8ms, ankle_L 108ms, hip_R 29ms, knee_R 8ms, ankle_R 113ms
PB10           RECOVERED max RECOVERABLE_IN_PLACE t[hip - step - fall - ground - roll -] rec 0.171s | COM exc 1.6 cm v 0.106 ξmin 8.3 cm trunk 4.6° spine 2.6° slip 0.06 cm | root 0.019/0.11 N | sep 0.16 lim 0° | cpu 0.6887 (J 0.5456 S 0.0509 C 0.0922) | audit 0/0 fixture false | det true b794621
      sensing: lever-rule share err 0.0016 (max 0.002, n 1337) · grfY err 0.17 N · L+R vs total 0.15 (max 0.2) N · airborne foot - · CoP inside 100% · budget max 0.2 · sat 
PB20           RECOVERED max RECOVERABLE_HIP      t[hip 0.05 step - fall - ground - roll -] rec 0.275s | COM exc 3.2 cm v 0.216 ξmin 4.4 cm trunk 5.3° spine 3.1° slip 0.1 cm | root 0.021/0.22 N | sep 0.16 lim 0° | cpu 0.6826 (J 0.5541 S 0.0397 C 0.0888) | audit 0/0 fixture false | det true 5f65803d
      sensing: lever-rule share err 0.0016 (max 0.002, n 1311) · grfY err 0.81 N · L+R vs total 0.15 (max 0.2) N · airborne foot - · CoP inside 100% · budget max 0.23 · sat 
PB30           RECOVERED max RECOVERABLE_HIP      t[hip 0.029 step - fall - ground - roll -] rec 1.329s | COM exc 7.5 cm v 0.337 ξmin 0.2 cm trunk 5.9° spine 4.2° slip 0.11 cm | root 0.025/0.34 N | sep 0.16 lim 0° | cpu 0.6663 (J 0.5382 S 0.0419 C 0.0862) | audit 0/0 fixture false | det true 2d01488c
      sensing: lever-rule share err 0.0016 (max 0.002, n 1159) · grfY err 0.33 N · L+R vs total 0.16 (max 0.2) N · airborne foot - · CoP inside 100% · budget max 0.37 · sat 
PB35           FELL      max GROUNDED             t[hip 0.025 step 0.637 fall 0.696 ground 2.225 roll 0.438] rec -s | COM exc 138 cm v 3.585 ξmin -100000 cm trunk 93.3° spine 29.3° slip 0.08 cm | root 0.049/0.39 N | sep 1.56 lim 0° | cpu 0.7095 (J 0.5936 S 0.0377 C 0.0782) | audit 0/0 fixture false | det true 867c8c0f
      fall: STEP_NEEDED — no stepping in C1 — ξ 0.9 cm beyond the hip-extended support
      friction: first SLIPPING L 3.046 R 3.046 s · degraded 208 ms · μ observed 0.903 · CoP–COM friction limit min 0 cm · slid L 1.9 R 5.9 cm
      sensing: lever-rule share err 0.0016 (max 0.002, n 168) · grfY err 0.39 N · L+R vs total 0.15 (max 0.2) N · airborne foot {"mean":0,"maxAbs":0,"n":130} · CoP inside 100% · budget max 1 · sat lumbar 50ms, thoracic 8ms, neck 17ms, shoulder_L 8ms, shoulder_R 8ms, hip_L 54ms, ankle_L 38ms, hip_R 54ms, ankle_R 50ms
PB40           FELL      max GROUNDED             t[hip 0.021 step 0.296 fall 0.354 ground 1.813 roll 0.308] rec -s | COM exc 136.9 cm v 3.582 ξmin -100000 cm trunk 93.5° spine 29.2° slip 0.07 cm | root 0.05/0.44 N | sep 1.59 lim 0° | cpu 0.7164 (J 0.5979 S 0.0367 C 0.0818) | audit 0/0 fixture false | det true 64e3e392
      fall: STEP_NEEDED — no stepping in C1 — ξ 1.3 cm beyond the hip-extended support
      friction: first SLIPPING L 2.563 R 2.629 s · degraded 533 ms · μ observed 0.879 · CoP–COM friction limit min 0 cm · slid L 5.4 R 5.1 cm
      sensing: lever-rule share err 0.0016 (max 0.002, n 168) · grfY err 0.39 N · L+R vs total 0.15 (max 0.2) N · airborne foot {"mean":0,"maxAbs":0,"n":153} · CoP inside 100% · budget max 1 · sat lumbar 58ms, thoracic 8ms, neck 17ms, shoulder_L 8ms, shoulder_R 8ms, hip_L 63ms, ankle_L 33ms, hip_R 50ms, ankle_R 21ms
PB50           FELL      max GROUNDED             t[hip 0.017 step 0.042 fall 0.1 ground 1.487 roll 0.512] rec -s | COM exc 136.4 cm v 3.614 ξmin -100000 cm trunk 93.4° spine 28.4° slip 0.07 cm | root 0.046/0.55 N | sep 1.59 lim 0° | cpu 0.7086 (J 0.5971 S 0.0361 C 0.0754) | audit 0/0 fixture false | det true d20092d6
      fall: STEP_NEEDED — no stepping in C1 — ξ 2.4 cm beyond the hip-extended support
      friction: first SLIPPING L 2.242 R 2.304 s · degraded 325 ms · μ observed 0.88 · CoP–COM friction limit min 0 cm · slid L 7.5 R 2.3 cm
      sensing: lever-rule share err 0.0016 (max 0.002, n 168) · grfY err 0.39 N · L+R vs total 0.15 (max 0.2) N · airborne foot {"mean":0,"maxAbs":0,"n":148} · CoP inside 100% · budget max 0.9 · sat lumbar 46ms, thoracic 13ms, neck 17ms, shoulder_L 4ms, shoulder_R 8ms, hip_L 67ms, ankle_L 129ms, hip_R 71ms, ankle_R 54ms
PB60           FELL      max GROUNDED             t[hip 0.017 step 0.033 fall 0.092 ground 1.263 roll 0.1] rec -s | COM exc 134.9 cm v 3.64 ξmin -100000 cm trunk 93.1° spine 28.4° slip 0.08 cm | root 0.05/0.66 N | sep 1.68 lim 0° | cpu 0.783 (J 0.6554 S 0.0436 C 0.084) | audit 0/0 fixture false | det true 2244ddbe
      fall: STEP_NEEDED — no stepping in C1 — ξ 6.8 cm beyond the hip-extended support
      friction: first SLIPPING L 2.092 R 2.108 s · degraded 400 ms · μ observed 0.883 · CoP–COM friction limit min 0 cm · slid L 5.2 R 2.3 cm
      sensing: lever-rule share err 0.0016 (max 0.002, n 168) · grfY err 0.39 N · L+R vs total 0.15 (max 0.2) N · airborne foot {"mean":0,"maxAbs":0,"n":114} · CoP inside 100% · budget max 0.88 · sat lumbar 46ms, thoracic 4ms, neck 17ms, shoulder_L 4ms, shoulder_R 4ms, hip_L 50ms, ankle_L 63ms, hip_R 42ms, ankle_R 58ms
PB70           FELL      max GROUNDED             t[hip 0.012 step 0.029 fall 0.087 ground 1.15 roll 0.083] rec -s | COM exc 135.7 cm v 3.638 ξmin -100000 cm trunk 93.3° spine 28.7° slip 0.08 cm | root 0.055/0.77 N | sep 1.67 lim 0° | cpu 0.7123 (J 0.5993 S 0.0368 C 0.0762) | audit 0/0 fixture false | det true a42550b6
      fall: STEP_NEEDED — no stepping in C1 — ξ 11.2 cm beyond the hip-extended support
      friction: first SLIPPING L 2.104 R 2.025 s · degraded 333 ms · μ observed 0.911 · CoP–COM friction limit min 0 cm · slid L 1.1 R 6.3 cm
      sensing: lever-rule share err 0.0016 (max 0.002, n 168) · grfY err 0.39 N · L+R vs total 0.15 (max 0.2) N · airborne foot {"mean":0,"maxAbs":0,"n":133} · CoP inside 100% · budget max 0.98 · sat lumbar 58ms, thoracic 13ms, neck 17ms, shoulder_L 4ms, shoulder_R 8ms, hip_L 63ms, ankle_L 125ms, hip_R 75ms, ankle_R 75ms
PR10           RECOVERED max RECOVERABLE_IN_PLACE t[hip - step - fall - ground - roll -] rec 0.087s | COM exc 1 cm v 0.112 ξmin 12.1 cm trunk 4° spine 2° slip 0.06 cm | root 0.019/0.11 N | sep 0.16 lim 0° | cpu 0.7474 (J 0.5941 S 0.0522 C 0.101) | audit 0/0 fixture false | det true 59f9ac9
      sensing: lever-rule share err 0.0039 (max 0.076, n 1343) · grfY err 0.11 N · L+R vs total 0.15 (max 0.2) N · airborne foot - · CoP inside 100% · budget max 0.2 · sat 
PR20           RECOVERED max RECOVERABLE_HIP      t[hip 0.092 step - fall - ground - roll 0.092] rec 0.15s | COM exc 2.3 cm v 0.225 ξmin -1.7 cm trunk 4.2° spine 2.2° slip 0.08 cm | root 0.02/0.22 N | sep 0.16 lim 0° | cpu 0.675 (J 0.5517 S 0.044 C 0.0793) | audit 0/0 fixture false | det true 7df8b194
      sensing: lever-rule share err 0.0063 (max 0.071, n 1327) · grfY err 0.89 N · L+R vs total 0.16 (max 0.2) N · airborne foot - · CoP inside 100% · budget max 0.24 · sat ankle_L 58ms, ankle_R 75ms
PR30           RECOVERED max RECOVERABLE_HIP      t[hip 0.087 step - fall - ground - roll 0.067] rec 0.254s | COM exc 4.9 cm v 0.342 ξmin -0.5 cm trunk 4.4° spine 2.6° slip 0.09 cm | root 0.022/0.34 N | sep 0.16 lim 0° | cpu 0.7066 (J 0.5659 S 0.0446 C 0.0961) | audit 0/0 fixture false | det true 7a37420c
      sensing: lever-rule share err 0.0076 (max 0.045, n 1304) · grfY err 0.31 N · L+R vs total 0.16 (max 0.2) N · airborne foot - · CoP inside 100% · budget max 0.44 · sat lumbar 8ms, ankle_L 17ms, ankle_R 58ms
PR40           RECOVERED max RECOVERABLE_HIP      t[hip 0.05 step - fall - ground - roll 0.063] rec 0.708s | COM exc 10.6 cm v 0.465 ξmin 0 cm trunk 4.8° spine 3.1° slip 0.26 cm | root 0.029/0.45 N | sep 0.16 lim 0° | cpu 0.6663 (J 0.5439 S 0.0382 C 0.0842) | audit 0/0 fixture false | det true fac5d55
      flags: saturation streaks > 300 ms: ankle_R 783 ms
      sensing: lever-rule share err 0.0332 (max 0.128, n 1040) · grfY err 0.59 N · L+R vs total 0.16 (max 0.2) N · airborne foot - · CoP inside 100% · budget max 0.53 · sat lumbar 17ms, ankle_L 75ms, hip_R 8ms, ankle_R 1250ms
PR45           RECOVERED max RECOVERABLE_HIP      t[hip 0.042 step - fall - ground - roll 0.058] rec 0.833s | COM exc 16.1 cm v 0.522 ξmin 5.6 cm trunk 4.9° spine 3.5° slip 0.24 cm | root 0.029/0.51 N | sep 0.16 lim 0° | cpu 0.7377 (J 0.5957 S 0.0537 C 0.0883) | audit 0/0 fixture false | det true 63376a5e
      sensing: lever-rule share err 0.0016 (max 0.002, n 168) · grfY err 0.26 N · L+R vs total 0.15 (max 0.2) N · airborne foot {"mean":0,"maxAbs":0,"n":809} · CoP inside 100% · budget max 0.61 · sat lumbar 17ms, hip_L 4ms, ankle_L 29ms, hip_R 21ms, ankle_R 267ms
PR50           RECOVERED max RECOVERABLE_HIP      t[hip 0.038 step - fall - ground - roll 0.058] rec 0.946s | COM exc 17.6 cm v 0.583 ξmin 3.4 cm trunk 5.1° spine 3.9° slip 0.15 cm | root 0.032/0.57 N | sep 0.16 lim 0° | cpu 0.6439 (J 0.5346 S 0.0373 C 0.072) | audit 0/0 fixture false | det true a1d5d33a
      flags: saturation streaks > 300 ms: ankle_R 1683 ms
      sensing: lever-rule share err 0.0016 (max 0.002, n 168) · grfY err 0.35 N · L+R vs total 0.15 (max 0.2) N · airborne foot {"mean":0,"maxAbs":0,"n":1081} · CoP inside 100% · budget max 0.61 · sat lumbar 21ms, hip_L 13ms, ankle_L 29ms, hip_R 38ms, ankle_R 1842ms
PR60           FELL      max GROUNDED             t[hip 0.033 step 0.529 fall 0.587 ground 1.708 roll 0.063] rec -s | COM exc 172.7 cm v 3.247 ξmin -100000 cm trunk 98.9° spine 24.2° slip 0.12 cm | root 0.082/0.7 N | sep 1.82 lim 0.29° | cpu 0.7523 (J 0.6221 S 0.0535 C 0.0768) | audit 0/0 fixture false | det true 8f921664
      flags: saturation streaks > 300 ms: ankle_R 583 ms
      fall: STEP_NEEDED — no stepping in C1 — ξ 1.7 cm beyond the hip-extended support
      friction: first SLIPPING L 3.642 R 2.671 s · degraded 513 ms · μ observed 0.944 · CoP–COM friction limit min 0 cm · slid L 1.4 R 12.2 cm
      sensing: lever-rule share err 0.0016 (max 0.002, n 168) · grfY err 0.39 N · L+R vs total 0.15 (max 0.2) N · airborne foot {"mean":4.42,"maxAbs":450.6,"n":751} · CoP inside 100% · budget max 0.68 · sat lumbar 192ms, thoracic 254ms, neck 163ms, shoulder_L 63ms, shoulder_R 71ms, hip_L 54ms, ankle_L 92ms, hip_R 179ms, ankle_R 1821ms
PR70           FELL      max GROUNDED             t[hip 0.025 step 0.05 fall 0.108 ground 1.313 roll 0.071] rec -s | COM exc 181.8 cm v 3.228 ξmin -100000 cm trunk 109.1° spine 26.5° slip 0.09 cm | root 0.064/0.83 N | sep 1.91 lim 0.24° | cpu 0.7309 (J 0.6243 S 0.0352 C 0.0714) | audit 0/0 fixture false | det true 1658a096
      flags: saturation streaks > 300 ms: ankle_R 1121 ms
      fall: STEP_NEEDED — no stepping in C1 — ξ 0.5 cm beyond the hip-extended support
      friction: first SLIPPING L 3.317 R 2.275 s · degraded 529 ms · μ observed 0.933 · CoP–COM friction limit min 0 cm · slid L 1.3 R 10.5 cm
      sensing: lever-rule share err 0.0016 (max 0.002, n 168) · grfY err 0.39 N · L+R vs total 0.15 (max 0.2) N · airborne foot {"mean":5.19,"maxAbs":689.4,"n":614} · CoP inside 100% · budget max 0.79 · sat lumbar 242ms, thoracic 350ms, neck 92ms, shoulder_L 29ms, shoulder_R 83ms, hip_L 133ms, ankle_L 146ms, hip_R 271ms, ankle_R 1325ms
PL20           RECOVERED max RECOVERABLE_IN_PLACE t[hip - step - fall - ground - roll -] rec 0.15s | COM exc 2.3 cm v 0.225 ξmin 12.1 cm trunk 4.2° spine 2.2° slip 0.15 cm | root 0.02/0.22 N | sep 0.16 lim 0° | cpu 0.6522 (J 0.5351 S 0.0404 C 0.0767) | audit 0/0 fixture false | det true f59b3cac
      sensing: lever-rule share err 0.0037 (max 0.074, n 1327) · grfY err 0.96 N · L+R vs total 0.16 (max 0.2) N · airborne foot - · CoP inside 100% · budget max 0.24 · sat ankle_L 79ms, ankle_R 67ms
PL40           RECOVERED max RECOVERABLE_HIP      t[hip 0.05 step - fall - ground - roll 0.063] rec 1.233s | COM exc 10 cm v 0.466 ξmin 0.1 cm trunk 4.8° spine 3.1° slip 0.28 cm | root 0.028/0.45 N | sep 0.16 lim 0° | cpu 0.6612 (J 0.5468 S 0.0387 C 0.0758) | audit 0/0 fixture false | det true 3b284b48
      flags: saturation streaks > 300 ms: ankle_L 438 ms
      sensing: lever-rule share err 0.0325 (max 0.129, n 1127) · grfY err 0.86 N · L+R vs total 0.16 (max 0.2) N · airborne foot - · CoP inside 100% · budget max 0.53 · sat lumbar 17ms, hip_L 8ms, ankle_L 763ms, ankle_R 21ms
PL60           FELL      max GROUNDED             t[hip 0.033 step 0.538 fall 0.596 ground 1.712 roll 0.063] rec -s | COM exc 175.1 cm v 3.237 ξmin -100000 cm trunk 99.2° spine 23.8° slip 0.11 cm | root 0.082/0.7 N | sep 2.28 lim 0.31° | cpu 0.7253 (J 0.6172 S 0.0359 C 0.0723) | audit 0/0 fixture false | det true 7a24c111
      flags: saturation streaks > 300 ms: ankle_L 592 ms
      fall: STEP_NEEDED — no stepping in C1 — ξ 1.8 cm beyond the hip-extended support
      friction: first SLIPPING L 2.679 R 3.658 s · degraded 408 ms · μ observed 1.032 · CoP–COM friction limit min 0 cm · slid L 9.2 R 0.6 cm
      sensing: lever-rule share err 0.0016 (max 0.002, n 168) · grfY err 0.39 N · L+R vs total 0.15 (max 0.2) N · airborne foot {"mean":4.05,"maxAbs":446.2,"n":756} · CoP inside 100% · budget max 0.66 · sat lumbar 146ms, thoracic 292ms, neck 171ms, shoulder_L 71ms, shoulder_R 75ms, hip_L 188ms, ankle_L 1808ms, hip_R 58ms, ankle_R 129ms
DF20           RECOVERED max RECOVERABLE_IN_PLACE t[hip - step - fall - ground - roll -] rec 0.275s | COM exc 3.4 cm v 0.224 ξmin 12.2 cm trunk 6.3° spine 3.1° slip 0.07 cm | root 0.021/0.23 N | sep 0.17 lim 0° | cpu 0.6528 (J 0.5349 S 0.0399 C 0.078) | audit 0/0 fixture false | det true b3d403d4
      sensing: lever-rule share err 0.0016 (max 0.002, n 1305) · grfY err 0.25 N · L+R vs total 0.15 (max 0.2) N · airborne foot - · CoP inside 100% · budget max 0.46 · sat 
DF30           RECOVERED max RECOVERABLE_IN_PLACE t[hip - step - fall - ground - roll -] rec 1.062s | COM exc 5.2 cm v 0.336 ξmin 11.2 cm trunk 7.4° spine 3.7° slip 0.1 cm | root 0.024/0.34 N | sep 0.17 lim 0° | cpu 0.6577 (J 0.5395 S 0.0392 C 0.079) | audit 0/0 fixture false | det true d3715763
      sensing: lever-rule share err 0.0016 (max 0.003, n 1227) · grfY err 0.26 N · L+R vs total 0.15 (max 0.2) N · airborne foot - · CoP inside 100% · budget max 0.61 · sat 
DF40           RECOVERED max RECOVERABLE_HIP      t[hip 0.046 step - fall - ground - roll -] rec 1.233s | COM exc 7.2 cm v 0.452 ξmin 7.1 cm trunk 8.6° spine 4.3° slip 0.12 cm | root 0.026/0.46 N | sep 0.17 lim 0° | cpu 0.6586 (J 0.54 S 0.04 C 0.0786) | audit 0/0 fixture false | det true e5706c53
      sensing: lever-rule share err 0.0017 (max 0.006, n 1173) · grfY err 0.94 N · L+R vs total 0.15 (max 0.2) N · airborne foot - · CoP inside 100% · budget max 0.71 · sat 
DF50           RECOVERED max RECOVERABLE_HIP      t[hip 0.038 step - fall - ground - roll -] rec 1.775s | COM exc 10.7 cm v 0.571 ξmin 2.8 cm trunk 10.6° spine 4.9° slip 0.15 cm | root 0.032/0.58 N | sep 0.17 lim 0° | cpu 0.6562 (J 0.5377 S 0.0385 C 0.08) | audit 0/0 fixture false | det true 6d530d6a
      sensing: lever-rule share err 0.0017 (max 0.002, n 1103) · grfY err 0.63 N · L+R vs total 0.16 (max 0.2) N · airborne foot - · CoP inside 100% · budget max 0.84 · sat hip_L 8ms, ankle_L 17ms, hip_R 8ms, ankle_R 4ms
DF55           RECOVERED max RECOVERABLE_HIP      t[hip 0.033 step - fall - ground - roll -] rec 2.071s | COM exc 12.9 cm v 0.632 ξmin 0.6 cm trunk 12° spine 4.9° slip 0.16 cm | root 0.035/0.63 N | sep 0.17 lim 0° | cpu 0.6594 (J 0.5392 S 0.0396 C 0.0805) | audit 0/0 fixture false | det true c49e9aa1
      sensing: lever-rule share err 0.0017 (max 0.003, n 1086) · grfY err 0.38 N · L+R vs total 0.16 (max 0.2) N · airborne foot - · CoP inside 100% · budget max 0.86 · sat hip_L 8ms, ankle_L 25ms, hip_R 8ms, ankle_R 25ms
DF60           RECOVERED max RECOVERABLE_HIP      t[hip 0.029 step - fall - ground - roll 0.675] rec 2.779s | COM exc 18.3 cm v 0.693 ξmin -1.5 cm trunk 13.7° spine 4.6° slip 0.24 cm | root 0.043/0.69 N | sep 0.22 lim 0° | cpu 0.669 (J 0.5435 S 0.0401 C 0.0854) | audit 0/0 fixture false | det true 278e9fd2
      sensing: lever-rule share err 0.0017 (max 0.005, n 981) · grfY err 0.59 N · L+R vs total 0.16 (max 0.2) N · airborne foot - · CoP inside 100% · budget max 0.85 · sat hip_L 13ms, ankle_L 33ms, hip_R 13ms, ankle_R 29ms
DB20           RECOVERED max RECOVERABLE_HIP      t[hip 0.046 step - fall - ground - roll -] rec 0.883s | COM exc 4.1 cm v 0.233 ξmin 4.1 cm trunk 5.2° spine 3.7° slip 0.06 cm | root 0.021/0.23 N | sep 0.17 lim 0° | cpu 0.654 (J 0.5369 S 0.0381 C 0.079) | audit 0/0 fixture false | det true 5d356953
      sensing: lever-rule share err 0.0016 (max 0.002, n 1300) · grfY err 0.09 N · L+R vs total 0.15 (max 0.2) N · airborne foot - · CoP inside 100% · budget max 0.25 · sat 
DB30           RECOVERED max RECOVERABLE_HIP      t[hip 0.029 step - fall - ground - roll -] rec 1.375s | COM exc 8.6 cm v 0.348 ξmin 0 cm trunk 6.1° spine 4.6° slip 0.09 cm | root 0.026/0.35 N | sep 0.17 lim 0° | cpu 0.6567 (J 0.537 S 0.0401 C 0.0795) | audit 0/0 fixture false | det true 953c83e1
      sensing: lever-rule share err 0.0016 (max 0.002, n 1124) · grfY err 0.18 N · L+R vs total 0.15 (max 0.2) N · airborne foot - · CoP inside 100% · budget max 0.34 · sat 
DB35           FELL      max GROUNDED             t[hip 0.025 step 0.633 fall 0.692 ground 2.321 roll 0.667] rec -s | COM exc 136.8 cm v 3.583 ξmin -100000 cm trunk 93.6° spine 26.8° slip 0.06 cm | root 0.05/0.41 N | sep 1.59 lim 0° | cpu 0.738 (J 0.6168 S 0.039 C 0.0822) | audit 0/0 fixture false | det true c438bfb4
      fall: STEP_NEEDED — no stepping in C1 — ξ 0.9 cm beyond the hip-extended support
      friction: first SLIPPING L 3 R 2.996 s · degraded 550 ms · μ observed 0.736 · CoP–COM friction limit min 0 cm · slid L 23.6 R 28.5 cm
      sensing: lever-rule share err 0.0016 (max 0.002, n 168) · grfY err 0.63 N · L+R vs total 4.79 (max 784.4) N · airborne foot {"mean":0.01,"maxAbs":0,"n":564} · CoP inside 99.4% · budget max 0.92 · sat lumbar 50ms, thoracic 4ms, neck 17ms, shoulder_L 4ms, shoulder_R 4ms, hip_L 258ms, knee_L 4ms, ankle_L 488ms, hip_R 308ms, knee_R 4ms, ankle_R 517ms
DR30           RECOVERED max RECOVERABLE_HIP      t[hip 0.154 step - fall - ground - roll 0.1] rec 0.733s | COM exc 6.7 cm v 0.364 ξmin -2.3 cm trunk 4.7° spine 2.8° slip 0.14 cm | root 0.024/0.36 N | sep 0.17 lim 0° | cpu 0.7213 (J 0.579 S 0.0496 C 0.0926) | audit 0/0 fixture false | det true ddf97190
      friction: first SLIPPING L 1.308 R null s · degraded 29 ms · μ observed 0.212 · CoP–COM friction limit min 52.7 cm · slid L 0.1 R 0.1 cm
      sensing: lever-rule share err 0.0161 (max 0.069, n 1230) · grfY err 0.77 N · L+R vs total 0.16 (max 0.2) N · airborne foot - · CoP inside 100% · budget max 0.4 · sat lumbar 17ms, ankle_L 29ms, ankle_R 296ms
DR40           RECOVERED max RECOVERABLE_HIP      t[hip 0.046 step - fall - ground - roll 0.083] rec 1.179s | COM exc 10.8 cm v 0.488 ξmin 1.2 cm trunk 6.2° spine 3.5° slip 0.2 cm | root 0.028/0.48 N | sep 0.17 lim 0° | cpu 0.6929 (J 0.5665 S 0.0423 C 0.0841) | audit 0/0 fixture false | det true 7751a550
      flags: saturation streaks > 300 ms: ankle_R 379 ms
      sensing: lever-rule share err 0.0586 (max 0.186, n 1188) · grfY err 1.42 N · L+R vs total 0.16 (max 0.2) N · airborne foot - · CoP inside 100% · budget max 0.52 · sat lumbar 17ms, ankle_L 33ms, hip_R 8ms, ankle_R 729ms
DR45           RECOVERED max RECOVERABLE_HIP      t[hip 0.042 step - fall - ground - roll 0.079] rec 0.775s | COM exc 16 cm v 0.551 ξmin 4.5 cm trunk 6.5° spine 3.9° slip 0.18 cm | root 0.03/0.54 N | sep 0.17 lim 0° | cpu 0.6523 (J 0.5417 S 0.0381 C 0.0725) | audit 0/0 fixture false | det true e274fba4
      flags: saturation streaks > 300 ms: ankle_R 996 ms
      sensing: lever-rule share err 0.0016 (max 0.002, n 168) · grfY err 0.53 N · L+R vs total 0.15 (max 0.2) N · airborne foot {"mean":0,"maxAbs":0,"n":606} · CoP inside 100% · budget max 0.61 · sat lumbar 21ms, hip_L 8ms, ankle_L 42ms, hip_R 17ms, ankle_R 1300ms
S_weak_QS      STOOD     max RECOVERABLE_IN_PLACE  | COM exc 0.1 cm v 0 ξmin 12.1 cm trunk 4° spine 2° slip 0.06 cm | quiet drift 0.08 cm sway 0.57 mm ankle 19.5% inPlace true | root 0.018/0.06 N | sep 0.16 lim 0° | cpu 0.662 (J 0.5327 S 0.0408 C 0.0884) | audit 0/0 fixture false | det true ae3f1502
      sensing: lever-rule share err 0.0016 (max 0.002, n 2328) · grfY err 0.01 N · L+R vs total 0.16 (max 0.2) N · airborne foot - · CoP inside 100% · budget max 0.37 · sat 
S_weak_PF30    RECOVERED max RECOVERABLE_IN_PLACE t[hip - step - fall - ground - roll -] rec 0.358s | COM exc 5.5 cm v 0.338 ξmin 11.5 cm trunk 5.9° spine 3.2° slip 0.09 cm | root 0.024/0.36 N | sep 0.16 lim 0° | cpu 0.6567 (J 0.5402 S 0.0389 C 0.0775) | audit 0/0 fixture false | det true 519a9742
      sensing: lever-rule share err 0.0017 (max 0.002, n 1287) · grfY err 0.11 N · L+R vs total 0.15 (max 0.2) N · airborne foot - · CoP inside 100% · budget max 1 · sat ankle_L 96ms, ankle_R 100ms
S_weak_PF50    FELL      max GROUNDED             t[hip 0.038 step 0.683 fall 0.742 ground 1.833 roll 1.304] rec -s | COM exc 153 cm v 3.638 ξmin -100000 cm trunk 91.6° spine 21° slip 0.1 cm | root 0.073/0.62 N | sep 0.92 lim 0.18° | cpu 0.795 (J 0.6653 S 0.0374 C 0.0924) | audit 0/0 fixture false | det true 8060f036
      flags: saturation streaks > 300 ms: ankle_L 821 ms, ankle_R 821 ms
      fall: STEP_NEEDED — no stepping in C1 — ξ 2.4 cm beyond the hip-extended support
      friction: first SLIPPING L 2.696 R 2.692 s · degraded 42 ms · μ observed 0.883 · CoP–COM friction limit min 0 cm · slid L 0.7 R 0.7 cm
      sensing: lever-rule share err 0.0016 (max 0.002, n 168) · grfY err 0.09 N · L+R vs total 0.15 (max 0.2) N · airborne foot {"mean":0,"maxAbs":0.1,"n":98} · CoP inside 100% · budget max 1 · sat lumbar 33ms, thoracic 13ms, neck 54ms, shoulder_L 54ms, shoulder_R 54ms, hip_L 417ms, knee_L 21ms, ankle_L 1392ms, hip_R 525ms, knee_R 33ms, ankle_R 1392ms
S_weak_PR40    RECOVERED max RECOVERABLE_HIP      t[hip 0.046 step - fall - ground - roll 0.2] rec 1.129s | COM exc 9.9 cm v 0.486 ξmin -3.4 cm trunk 6.2° spine 4.1° slip 0.09 cm | root 0.029/0.5 N | sep 0.16 lim 0° | cpu 0.707 (J 0.566 S 0.0465 C 0.0945) | audit 0/0 fixture false | det true 741e8972
      flags: saturation streaks > 300 ms: hip_R 492 ms, ankle_R 654 ms
      friction: first SLIPPING L 1.875 R null s · degraded 50 ms · μ observed 0.081 · CoP–COM friction limit min 46.3 cm · slid L 0.1 R 0.1 cm
      sensing: lever-rule share err 0.0157 (max 0.05, n 1170) · grfY err 0.48 N · L+R vs total 0.15 (max 0.2) N · airborne foot - · CoP inside 100% · budget max 0.62 · sat lumbar 46ms, thoracic 13ms, shoulder_L 13ms, hip_L 67ms, ankle_L 329ms, hip_R 492ms, ankle_R 1079ms
S_weak_PR60    FELL      max GROUNDED             t[hip 0.029 step 0.108 fall 0.167 ground 1.292 roll 0.167] rec -s | COM exc 172.4 cm v 2.93 ξmin -100000 cm trunk 103.6° spine 35.5° slip 0.1 cm | root 0.08/0.79 N | sep 1 lim 0.72° | cpu 0.8657 (J 0.745 S 0.0413 C 0.0793) | audit 0/0 fixture false | det true f875bc60
      flags: saturation streaks > 300 ms: lumbar 2588 ms, hip_R 1267 ms, ankle_R 1354 ms
      fall: STEP_NEEDED — no stepping in C1 — ξ 1.1 cm beyond the hip-extended support
      friction: first SLIPPING L 1.25 R 2.292 s · degraded 117 ms · μ observed 0.966 · CoP–COM friction limit min 0 cm · slid L 3.2 R 1.9 cm
      sensing: lever-rule share err 0.0016 (max 0.002, n 168) · grfY err 0.09 N · L+R vs total 0.15 (max 0.2) N · airborne foot {"mean":12.96,"maxAbs":880.8,"n":447} · CoP inside 100% · budget max 0.9 · sat lumbar 3563ms, thoracic 525ms, neck 158ms, shoulder_L 83ms, shoulder_R 254ms, elbow_R 58ms, hip_L 717ms, ankle_L 271ms, hip_R 2317ms, ankle_R 1787ms
S_strong_QS    STOOD     max RECOVERABLE_IN_PLACE  | COM exc 0.1 cm v 0 ξmin 12.1 cm trunk 4° spine 2° slip 0.09 cm | quiet drift 0.12 cm sway 0.89 mm ankle 3.3% inPlace true | root 0.018/0.06 N | sep 0.17 lim 0° | cpu 0.7558 (J 0.6043 S 0.0532 C 0.0982) | audit 0/0 fixture false | det true 24548e9c
      sensing: lever-rule share err 0.0016 (max 0.002, n 2328) · grfY err 0.08 N · L+R vs total 0.16 (max 0.2) N · airborne foot - · CoP inside 100% · budget max 0.07 · sat 
S_strong_PF30  RECOVERED max RECOVERABLE_IN_PLACE t[hip - step - fall - ground - roll -] rec 0.267s | COM exc 4 cm v 0.306 ξmin 12.1 cm trunk 5.1° spine 2.5° slip 0.16 cm | root 0.022/0.3 N | sep 0.17 lim 0° | cpu 0.6593 (J 0.5405 S 0.0412 C 0.0776) | audit 0/0 fixture false | det true dc2d606
      sensing: lever-rule share err 0.0017 (max 0.002, n 1303) · grfY err 0.99 N · L+R vs total 0.15 (max 0.2) N · airborne foot - · CoP inside 100% · budget max 0.22 · sat 
S_strong_PF50  RECOVERED max RECOVERABLE_HIP      t[hip 0.042 step - fall - ground - roll 0.212] rec 1.333s | COM exc 9.3 cm v 0.538 ξmin 4.8 cm trunk 5.3° spine 2.7° slip 0.26 cm | root 0.032/0.51 N | sep 0.24 lim 0° | cpu 0.6553 (J 0.5404 S 0.0383 C 0.0767) | audit 0/0 fixture false | det true edc4a890
      sensing: lever-rule share err 0.0018 (max 0.002, n 1107) · grfY err 0.2 N · L+R vs total 0.16 (max 0.2) N · airborne foot - · CoP inside 100% · budget max 0.28 · sat 
S_strong_PR40  RECOVERED max RECOVERABLE_HIP      t[hip 0.05 step - fall - ground - roll 0.058] rec 0.629s | COM exc 7.8 cm v 0.445 ξmin 0.1 cm trunk 4.6° spine 2.5° slip 0.25 cm | root 0.026/0.41 N | sep 0.17 lim 0° | cpu 0.6618 (J 0.5455 S 0.0389 C 0.0773) | audit 0/0 fixture false | det true 62371263
      sensing: lever-rule share err 0.0324 (max 0.076, n 1265) · grfY err 0.9 N · L+R vs total 0.16 (max 0.2) N · airborne foot - · CoP inside 100% · budget max 0.17 · sat ankle_R 33ms
S_strong_PR60  RECOVERED max RECOVERABLE_HIP      t[hip 0.033 step - fall - ground - roll 0.05] rec 0.917s | COM exc 18.1 cm v 0.675 ξmin 0.2 cm trunk 4.5° spine 3.1° slip 0.5 cm | root 0.035/0.62 N | sep 0.47 lim 0° | cpu 0.6455 (J 0.5377 S 0.0373 C 0.0706) | audit 0/0 fixture false | det true 4b3def0a
      sensing: lever-rule share err 0.0016 (max 0.002, n 168) · grfY err 8.01 N · L+R vs total 0.15 (max 0.4) N · airborne foot {"mean":0,"maxAbs":0,"n":1135} · CoP inside 100% · budget max 0.31 · sat ankle_R 108ms
