far crossing         yaw  45 h 0 drop 0: warm residual 2.22e-2 → PROVEN-INFEASIBLE (6806847 cells, 3197 ms, 0 cells still open)
medium forward       yaw  45 h 0.05 drop 0: warm residual 1.56e-2 → PROVEN-INFEASIBLE (8532435 cells, 4039 ms, 0 cells still open)
far outward          yaw -45 h 0.05 drop 0: warm residual 5.33e-2 → PROVEN-INFEASIBLE (3290881 cells, 1601 ms, 0 cells still open)
diagonal in          yaw  45 h 0.05 drop 0: warm residual 4.17e-2 → PROVEN-INFEASIBLE (4582771 cells, 2275 ms, 0 cells still open)
medium forward       yaw  45 h 0.1 drop 0: warm residual 2.85e-3 → PROVEN-INFEASIBLE (14727959 cells, 7533 ms, 0 cells still open)
far outward          yaw -45 h 0.1 drop 0: warm residual 4.93e-2 → PROVEN-INFEASIBLE (3412707 cells, 1781 ms, 0 cells still open)
diagonal out         yaw -45 h 0.1 drop 0: warm residual 6.86e-3 → PROVEN-INFEASIBLE (12807727 cells, 6790 ms, 0 cells still open)
diagonal in          yaw  45 h 0.1 drop 0: warm residual 3.36e-2 → PROVEN-INFEASIBLE (5510903 cells, 2940 ms, 0 cells still open)
medium forward       yaw  45 h 0 drop 0.05: warm residual 1.56e-2 → PROVEN-INFEASIBLE (8532435 cells, 4631 ms, 0 cells still open)
far outward          yaw -45 h 0 drop 0.05: warm residual 5.33e-2 → PROVEN-INFEASIBLE (3290881 cells, 1799 ms, 0 cells still open)
diagonal in          yaw  45 h 0 drop 0.05: warm residual 4.17e-2 → PROVEN-INFEASIBLE (4582771 cells, 2518 ms, 0 cells still open)
medium forward       yaw  45 h 0.05 drop 0.05: warm residual 2.85e-3 → PROVEN-INFEASIBLE (14727959 cells, 8120 ms, 0 cells still open)
far outward          yaw -45 h 0.05 drop 0.05: warm residual 4.93e-2 → PROVEN-INFEASIBLE (3412707 cells, 1935 ms, 0 cells still open)
diagonal out         yaw -45 h 0.05 drop 0.05: warm residual 6.86e-3 → PROVEN-INFEASIBLE (12807727 cells, 7111 ms, 0 cells still open)
diagonal in          yaw  45 h 0.05 drop 0.05: warm residual 3.36e-2 → PROVEN-INFEASIBLE (5510903 cells, 3094 ms, 0 cells still open)
long forward         yaw  45 h 0.1 drop 0.05: warm residual 7.38e-2 → PROVEN-INFEASIBLE (3293059 cells, 1842 ms, 0 cells still open)
slight backward      yaw -30 h 0.1 drop 0.05: warm residual 1.25e-3 → PROVEN-INFEASIBLE (18554329 cells, 10467 ms, 0 cells still open)
slight backward      yaw -45 h 0.1 drop 0.05: warm residual 5.36e-3 → PROVEN-INFEASIBLE (12505875 cells, 7079 ms, 0 cells still open)
far outward          yaw -45 h 0.1 drop 0.05: warm residual 5.12e-2 → PROVEN-INFEASIBLE (2921557 cells, 1666 ms, 0 cells still open)
diagonal out         yaw -45 h 0.1 drop 0.05: warm residual 2.32e-2 → PROVEN-INFEASIBLE (7121261 cells, 4081 ms, 0 cells still open)
diagonal in          yaw  45 h 0.1 drop 0.05: warm residual 3.20e-2 → PROVEN-INFEASIBLE (5873353 cells, 3361 ms, 0 cells still open)
medium forward       yaw  45 h 0 drop 0.1: warm residual 2.85e-3 → PROVEN-INFEASIBLE (14727959 cells, 8458 ms, 0 cells still open)
far outward          yaw -45 h 0 drop 0.1: warm residual 4.93e-2 → PROVEN-INFEASIBLE (3412707 cells, 1981 ms, 0 cells still open)
diagonal out         yaw -45 h 0 drop 0.1: warm residual 6.86e-3 → PROVEN-INFEASIBLE (12807727 cells, 7553 ms, 0 cells still open)
diagonal in          yaw  45 h 0 drop 0.1: warm residual 3.36e-2 → PROVEN-INFEASIBLE (5510903 cells, 3362 ms, 0 cells still open)
long forward         yaw  45 h 0.05 drop 0.1: warm residual 7.38e-2 → PROVEN-INFEASIBLE (3293059 cells, 2008 ms, 0 cells still open)
slight backward      yaw -30 h 0.05 drop 0.1: warm residual 1.25e-3 → PROVEN-INFEASIBLE (18554329 cells, 11726 ms, 0 cells still open)
slight backward      yaw -45 h 0.05 drop 0.1: warm residual 5.36e-3 → PROVEN-INFEASIBLE (12505875 cells, 8465 ms, 0 cells still open)
far outward          yaw -45 h 0.05 drop 0.1: warm residual 5.12e-2 → PROVEN-INFEASIBLE (2921557 cells, 2051 ms, 0 cells still open)
diagonal out         yaw -45 h 0.05 drop 0.1: warm residual 2.32e-2 → PROVEN-INFEASIBLE (7121261 cells, 5007 ms, 0 cells still open)
diagonal in          yaw  45 h 0.05 drop 0.1: warm residual 3.20e-2 → PROVEN-INFEASIBLE (5873353 cells, 4277 ms, 0 cells still open)
medium forward       yaw  45 h 0.1 drop 0.1: warm residual 8.10e-4 → PROVEN-INFEASIBLE (19344889 cells, 15187 ms, 0 cells still open)
long forward         yaw  45 h 0.1 drop 0.1: warm residual 8.10e-2 → PROVEN-INFEASIBLE (3376689 cells, 2644 ms, 0 cells still open)
slight backward      yaw   0 h 0.1 drop 0.1: warm residual 1.86e-2 → PROVEN-INFEASIBLE (9145795 cells, 7206 ms, 0 cells still open)
slight backward      yaw -30 h 0.1 drop 0.1: warm residual 4.42e-2 → PROVEN-INFEASIBLE (6087009 cells, 4874 ms, 0 cells still open)
slight backward      yaw -45 h 0.1 drop 0.1: warm residual 4.87e-2 → PROVEN-INFEASIBLE (4911685 cells, 3931 ms, 0 cells still open)
outward              yaw -30 h 0.1 drop 0.1: warm residual 4.49e-3 → PROVEN-INFEASIBLE (13278007 cells, 10136 ms, 0 cells still open)
outward              yaw -45 h 0.1 drop 0.1: warm residual 2.69e-2 → PROVEN-INFEASIBLE (5169779 cells, 3653 ms, 0 cells still open)
far outward          yaw -45 h 0.1 drop 0.1: warm residual 6.23e-2 → PROVEN-INFEASIBLE (2256825 cells, 1591 ms, 0 cells still open)
diagonal out         yaw -45 h 0.1 drop 0.1: warm residual 3.98e-2 → PROVEN-INFEASIBLE (5328651 cells, 3734 ms, 0 cells still open)
diagonal in          yaw  45 h 0.1 drop 0.1: warm residual 3.43e-2 → PROVEN-INFEASIBLE (5952999 cells, 4308 ms, 0 cells still open)
V2-REF U:R: 41 invalid targets → {"PROVEN-INFEASIBLE":41} (cap 100000000 cells)
