inward (crossing)    yaw  45 h 0 drop 0: warm residual 1.07e-2 → PROVEN-INFEASIBLE (11662403 cells, 5841 ms, 0 cells still open)
far crossing         yaw  45 h 0 drop 0: warm residual 6.68e-2 → PROVEN-INFEASIBLE (3038687 cells, 1536 ms, 0 cells still open)
medium forward       yaw  45 h 0.05 drop 0: warm residual 7.50e-2 → PROVEN-INFEASIBLE (3082483 cells, 1614 ms, 0 cells still open)
far crossing         yaw  45 h 0.05 drop 0: warm residual 4.16e-2 → PROVEN-INFEASIBLE (4374845 cells, 2320 ms, 0 cells still open)
far outward          yaw -45 h 0.05 drop 0: warm residual 1.43e-2 → PROVEN-INFEASIBLE (9905931 cells, 5308 ms, 0 cells still open)
diagonal in          yaw  45 h 0.05 drop 0: warm residual 1.03e-1 → PROVEN-INFEASIBLE (2289197 cells, 1251 ms, 0 cells still open)
narrower short step  yaw  45 h 0.05 drop 0: warm residual 1.25e-2 → PROVEN-INFEASIBLE (9229393 cells, 5129 ms, 0 cells still open)
medium forward       yaw  45 h 0.1 drop 0: warm residual 6.31e-2 → PROVEN-INFEASIBLE (3846999 cells, 2158 ms, 0 cells still open)
far crossing         yaw  45 h 0.1 drop 0: warm residual 2.39e-2 → PROVEN-INFEASIBLE (6077139 cells, 3444 ms, 0 cells still open)
far outward          yaw -45 h 0.1 drop 0: warm residual 1.86e-2 → PROVEN-INFEASIBLE (7615693 cells, 4336 ms, 0 cells still open)
diagonal out         yaw  45 h 0.1 drop 0: warm residual 1.80e-2 → PROVEN-INFEASIBLE (8557409 cells, 4954 ms, 0 cells still open)
diagonal in          yaw  45 h 0.1 drop 0: warm residual 9.37e-2 → PROVEN-INFEASIBLE (2710175 cells, 1580 ms, 0 cells still open)
medium forward       yaw  45 h 0 drop 0.05: warm residual 7.50e-2 → PROVEN-INFEASIBLE (3082483 cells, 1812 ms, 0 cells still open)
far crossing         yaw  45 h 0 drop 0.05: warm residual 4.16e-2 → PROVEN-INFEASIBLE (4374845 cells, 2601 ms, 0 cells still open)
far outward          yaw -45 h 0 drop 0.05: warm residual 1.43e-2 → PROVEN-INFEASIBLE (9905931 cells, 5902 ms, 0 cells still open)
diagonal in          yaw  45 h 0 drop 0.05: warm residual 1.03e-1 → PROVEN-INFEASIBLE (2289197 cells, 1352 ms, 0 cells still open)
narrower short step  yaw  45 h 0 drop 0.05: warm residual 1.25e-2 → PROVEN-INFEASIBLE (9229393 cells, 5539 ms, 0 cells still open)
medium forward       yaw  45 h 0.05 drop 0.05: warm residual 6.31e-2 → PROVEN-INFEASIBLE (3846999 cells, 2315 ms, 0 cells still open)
far crossing         yaw  45 h 0.05 drop 0.05: warm residual 2.39e-2 → PROVEN-INFEASIBLE (6077139 cells, 3649 ms, 0 cells still open)
far outward          yaw -45 h 0.05 drop 0.05: warm residual 1.86e-2 → PROVEN-INFEASIBLE (7615693 cells, 4592 ms, 0 cells still open)
diagonal out         yaw  45 h 0.05 drop 0.05: warm residual 1.80e-2 → PROVEN-INFEASIBLE (8557409 cells, 5217 ms, 0 cells still open)
diagonal in          yaw  45 h 0.05 drop 0.05: warm residual 9.37e-2 → PROVEN-INFEASIBLE (2710175 cells, 1657 ms, 0 cells still open)
medium forward       yaw  45 h 0.1 drop 0.05: warm residual 5.79e-2 → PROVEN-INFEASIBLE (4414055 cells, 2693 ms, 0 cells still open)
long forward         yaw  45 h 0.1 drop 0.05: warm residual 1.43e-1 → PROVEN-INFEASIBLE (1795987 cells, 1087 ms, 0 cells still open)
slight backward      yaw -30 h 0.1 drop 0.05: warm residual 1.59e-2 → PROVEN-INFEASIBLE (10736811 cells, 6567 ms, 0 cells still open)
slight backward      yaw -45 h 0.1 drop 0.05: warm residual 2.06e-2 → PROVEN-INFEASIBLE (9069765 cells, 5543 ms, 0 cells still open)
far crossing         yaw  45 h 0.1 drop 0.05: warm residual 1.23e-2 → PROVEN-INFEASIBLE (8107297 cells, 4997 ms, 0 cells still open)
far outward          yaw -45 h 0.1 drop 0.05: warm residual 2.82e-2 → PROVEN-INFEASIBLE (4806349 cells, 2974 ms, 0 cells still open)
diagonal out         yaw  45 h 0.1 drop 0.05: warm residual 8.00e-3 → PROVEN-INFEASIBLE (12136987 cells, 7710 ms, 0 cells still open)
diagonal in          yaw  45 h 0.1 drop 0.05: warm residual 8.99e-2 → PROVEN-INFEASIBLE (3021617 cells, 1953 ms, 0 cells still open)
medium forward       yaw  45 h 0 drop 0.1: warm residual 6.31e-2 → PROVEN-INFEASIBLE (3846999 cells, 2539 ms, 0 cells still open)
far crossing         yaw  45 h 0 drop 0.1: warm residual 2.39e-2 → PROVEN-INFEASIBLE (6077139 cells, 3994 ms, 0 cells still open)
far outward          yaw -45 h 0 drop 0.1: warm residual 1.86e-2 → PROVEN-INFEASIBLE (7615693 cells, 5158 ms, 0 cells still open)
diagonal out         yaw  45 h 0 drop 0.1: warm residual 1.80e-2 → PROVEN-INFEASIBLE (8557409 cells, 6003 ms, 0 cells still open)
diagonal in          yaw  45 h 0 drop 0.1: warm residual 9.37e-2 → PROVEN-INFEASIBLE (2710175 cells, 1982 ms, 0 cells still open)
medium forward       yaw  45 h 0.05 drop 0.1: warm residual 5.79e-2 → PROVEN-INFEASIBLE (4414055 cells, 3220 ms, 0 cells still open)
long forward         yaw  45 h 0.05 drop 0.1: warm residual 1.43e-1 → PROVEN-INFEASIBLE (1795987 cells, 1401 ms, 0 cells still open)
slight backward      yaw -30 h 0.05 drop 0.1: warm residual 1.59e-2 → PROVEN-INFEASIBLE (10736811 cells, 8103 ms, 0 cells still open)
slight backward      yaw -45 h 0.05 drop 0.1: warm residual 2.06e-2 → PROVEN-INFEASIBLE (9069765 cells, 7403 ms, 0 cells still open)
far crossing         yaw  45 h 0.05 drop 0.1: warm residual 1.23e-2 → PROVEN-INFEASIBLE (8107297 cells, 6880 ms, 0 cells still open)
far outward          yaw -45 h 0.05 drop 0.1: warm residual 2.82e-2 → PROVEN-INFEASIBLE (4806349 cells, 3995 ms, 0 cells still open)
diagonal out         yaw  45 h 0.05 drop 0.1: warm residual 8.00e-3 → PROVEN-INFEASIBLE (12136987 cells, 10297 ms, 0 cells still open)
diagonal in          yaw  45 h 0.05 drop 0.1: warm residual 8.99e-2 → PROVEN-INFEASIBLE (3021617 cells, 2603 ms, 0 cells still open)
medium forward       yaw  45 h 0.1 drop 0.1: warm residual 5.71e-2 → PROVEN-INFEASIBLE (4772791 cells, 4108 ms, 0 cells still open)
long forward         yaw  45 h 0.1 drop 0.1: warm residual 1.47e-1 → PROVEN-INFEASIBLE (1931645 cells, 1664 ms, 0 cells still open)
slight backward      yaw   0 h 0.1 drop 0.1: warm residual 3.26e-2 → PROVEN-INFEASIBLE (8059337 cells, 6844 ms, 0 cells still open)
slight backward      yaw -30 h 0.1 drop 0.1: warm residual 5.94e-2 → PROVEN-INFEASIBLE (5740013 cells, 4317 ms, 0 cells still open)
slight backward      yaw -45 h 0.1 drop 0.1: warm residual 6.46e-2 → PROVEN-INFEASIBLE (4805259 cells, 3635 ms, 0 cells still open)
inward (crossing)    yaw   0 h 0.1 drop 0.1: warm residual 1.35e-3 → PROVEN-INFEASIBLE (21211795 cells, 14608 ms, 0 cells still open)
inward (crossing)    yaw -30 h 0.1 drop 0.1: warm residual 5.10e-3 → PROVEN-INFEASIBLE (15757525 cells, 9404 ms, 0 cells still open)
inward (crossing)    yaw -45 h 0.1 drop 0.1: warm residual 4.49e-3 → PROVEN-INFEASIBLE (16007599 cells, 9522 ms, 0 cells still open)
far crossing         yaw  45 h 0.1 drop 0.1: warm residual 5.58e-3 → PROVEN-INFEASIBLE (9222345 cells, 5446 ms, 0 cells still open)
outward              yaw -30 h 0.1 drop 0.1: warm residual 1.35e-2 → PROVEN-INFEASIBLE (10698425 cells, 6261 ms, 0 cells still open)
outward              yaw -45 h 0.1 drop 0.1: warm residual 3.69e-2 → PROVEN-INFEASIBLE (5558001 cells, 3273 ms, 0 cells still open)
far outward          yaw -30 h 0.1 drop 0.1: warm residual 3.22e-3 → PROVEN-INFEASIBLE (14928831 cells, 8791 ms, 0 cells still open)
far outward          yaw -45 h 0.1 drop 0.1: warm residual 5.06e-2 → PROVEN-INFEASIBLE (2991109 cells, 1740 ms, 0 cells still open)
diagonal out         yaw  45 h 0.1 drop 0.1: warm residual 5.03e-3 → PROVEN-INFEASIBLE (14674061 cells, 9195 ms, 0 cells still open)
diagonal out         yaw -45 h 0.1 drop 0.1: warm residual 1.40e-2 → PROVEN-INFEASIBLE (10101003 cells, 5878 ms, 0 cells still open)
diagonal in          yaw  45 h 0.1 drop 0.1: warm residual 8.98e-2 → PROVEN-INFEASIBLE (3218207 cells, 1889 ms, 0 cells still open)
V2-165-62 U:R: 59 invalid targets → {"PROVEN-INFEASIBLE":59} (cap 100000000 cells)
