A              err rms   1.76° peak     10° (knee_L    ) sat     0 ms | joint 0.19 mm lim 0° soft 0° turf 1.4/0.83 self 0 pop 0.09 | KE max 0.73 end 0 | pelvis end 12.8 mm 1.73° | sup F̄ 33.4 N pk 102 lift 1.1% T̄ 11.2 pk 13.8 sat 0 ms | cpu 0.6118 ms/frame | audit 0/0 nan false | det true c4b8638e
      holds: [3.5-4] err 1.19° ω 0.01°/s KE 0 sat 0
      joints: shoulder_L rms 1.92 pk 8.9@0.004 τ 19.3/70 sat 0ms · elbow_L rms 1.06 pk 8@0 τ 10.6/60 sat 0ms · shoulder_R rms 1.92 pk 8.9@0.004 τ 19.3/70 sat 0ms · elbow_R rms 1.06 pk 8@0 τ 10.6/60 sat 0ms · hip_L rms 1.22 pk 4@0 τ 13/220 sat 0ms · knee_L rms 2.51 pk 10@0 τ 20.3/190 sat 0ms · ankle_L rms 2.48 pk 8@0 τ 26.3/110 sat 0ms · hip_R rms 1.22 pk 4@0 τ 13/220 sat 0ms · knee_R rms 2.51 pk 10@0 τ 20.4/190 sat 0ms · ankle_R rms 2.48 pk 8@0 τ 26.4/110 sat 0ms
A_reduced      err rms    1.7° peak     10° (knee_L    ) sat     0 ms | joint 0.2 mm lim 0° soft 0° turf 1.45/0.74 self 0 pop 0.1 | KE max 0.7 end 0.001 | pelvis end 29.3 mm 0.99° | sup F̄ 17.3 N pk 57 lift 0.3% T̄ 2.5 pk 5.6 sat 0 ms | cpu 0.5599 ms/frame | audit 0/0 nan false | det true 3c39d780
      holds: [3.5-4] err 1.06° ω 0.27°/s KE 0.001 sat 0
      joints: shoulder_L rms 1.92 pk 8.9@0.004 τ 19.2/70 sat 0ms · elbow_L rms 1.06 pk 8@0 τ 10.6/60 sat 0ms · shoulder_R rms 1.92 pk 8.9@0.004 τ 19.2/70 sat 0ms · elbow_R rms 1.06 pk 8@0 τ 10.6/60 sat 0ms · hip_L rms 0.92 pk 4@0 τ 10.3/220 sat 0ms · knee_L rms 2.48 pk 10@0 τ 22.4/190 sat 0ms · ankle_L rms 2.4 pk 8@0 τ 28.1/110 sat 0ms · hip_R rms 0.92 pk 4@0 τ 10.2/220 sat 0ms · knee_R rms 2.48 pk 10@0 τ 22.4/190 sat 0ms · ankle_R rms 2.4 pk 8@0 τ 28.1/110 sat 0ms
A_off          err rms   1.82° peak     10° (knee_L    ) sat     0 ms | joint 0.21 mm lim 0° soft 0° turf 1.52/0.37 self 0 pop 0.1 | KE max 0.71 end 0.494 | pelvis end 123.6 mm 6.95° | no support | cpu 0.5623 ms/frame | audit 0/0 nan false | det true 6af843bf
      holds: [3.5-4] err 1.8° ω 6.33°/s KE 0.494 sat 0
      joints: shoulder_L rms 1.91 pk 8.9@0.004 τ 19.2/70 sat 0ms · elbow_L rms 1.04 pk 8@0 τ 10.6/60 sat 0ms · shoulder_R rms 1.91 pk 8.9@0.004 τ 19.2/70 sat 0ms · elbow_R rms 1.04 pk 8@0 τ 10.6/60 sat 0ms · hip_L rms 0.96 pk 4@0 τ 19.9/220 sat 0ms · knee_L rms 2.32 pk 10@0 τ 24.3/190 sat 0ms · ankle_L rms 2.95 pk 8@0 τ 50.5/110 sat 0ms · hip_R rms 0.96 pk 4@0 τ 19.8/220 sat 0ms · knee_R rms 2.32 pk 10@0 τ 24.3/190 sat 0ms · ankle_R rms 2.95 pk 8@0 τ 50.6/110 sat 0ms
B              err rms   3.03° peak    7.9° (ankle_R   ) sat   250 ms | joint 0.24 mm lim 0° soft 0° turf 1.85/0.82 self 0.45 pop 0.1 | KE max 5.54 end 0 | pelvis end 14 mm 1.35° | sup F̄ 62.8 N pk 131 lift 2.7% T̄ 30.3 pk 63.7 sat 0 ms | cpu 0.6036 ms/frame | audit 0/0 nan false | det true 9ac89218
      holds: [0-0.5] err 0.69° ω 6.1°/s KE 0.359 sat 0  [3-3.5] err 3.72° ω 0.12°/s KE 0 sat 0  [5.5-6] err 2.77° ω 0.28°/s KE 0.001 sat 0
      joints: lumbar rms 4.91 pk 7.3@4.167 τ 88.6/200 sat 0ms · thoracic rms 2.4 pk 3.4@4.171 τ 38/200 sat 0ms · neck rms 2.22 pk 4.1@4.196 τ 5.2/35 sat 0ms · shoulder_R rms 2.78 pk 4.1@2.433 τ 11.8/70 sat 0ms · hip_L rms 4.34 pk 6.3@4.046 τ 64.6/220 sat 0ms · hip_R rms 5.6 pk 7.7@5.021 τ 94.3/220 sat 0ms · knee_R rms 1.71 pk 3.8@4.933 τ 115.6/190 sat 0ms · ankle_R rms 3.86 pk 7.9@4.463 τ 110/110 sat 250ms
B_reduced      err rms   5.18° peak   21.7° (shoulder_L) sat   592 ms | joint 0.23 mm lim 0.43° soft 0° turf 5.02/0.02 self 1.69 pop 0.11 | KE max 328.19 end 0 | pelvis end 1644.8 mm 93.69° FELL | sup F̄ 73.5 N pk 108 lift 4.4% T̄ 23.5 pk 43.3 sat 4508 ms | cpu 0.6363 ms/frame | audit 0/0 nan false | det true 8f0bec3e
      holds: [0-0.5] err 0.68° ω 6.3°/s KE 0.389 sat 0  [3-3.5] err 5.69° ω 25.83°/s KE 11.321 sat 68  [5.5-6] err 6.89° ω 0.09°/s KE 0 sat 0
      joints: lumbar rms 6.05 pk 9.6@3.6 τ 200/200 sat 38ms · thoracic rms 2.63 pk 4.2@3.479 τ 181.9/200 sat 0ms · neck rms 8.06 pk 15.1@5 τ 35/35 sat 13ms · shoulder_L rms 7.15 pk 21.7@4.417 τ 70/70 sat 129ms · elbow_L rms 4.81 pk 19.2@4.246 τ 51/60 sat 0ms · shoulder_R rms 5.37 pk 9.4@4.992 τ 70/70 sat 4ms · elbow_R rms 3.93 pk 9.2@4.375 τ 60/60 sat 4ms · hip_L rms 5.65 pk 7.9@3.575 τ 114/220 sat 0ms · knee_L rms 3.68 pk 9.7@3.833 τ 117.3/190 sat 0ms · ankle_L rms 6.34 pk 12.5@3.521 τ 110/110 sat 404ms · hip_R rms 5.04 pk 7.4@1.908 τ 205.8/220 sat 0ms · knee_R rms 2.05 pk 3.8@6 τ 155.3/190 sat 0ms · ankle_R rms 2.66 pk 6.5@1.108 τ 105.8/110 sat 0ms
B_off          err rms   6.34° peak   39.7° (neck      ) sat  1960 ms | joint 3.15 mm lim 0.11° soft 0° turf 4.1/0.01 self 5.32 pop 1.4 | KE max 498.43 end 0.001 | pelvis end 1422.4 mm 118.04° FELL | no support | cpu 0.6744 ms/frame | audit 0/0 nan false | det true c5d5f4ad
      holds: [0-0.5] err 0.68° ω 6.7°/s KE 0.422 sat 0  [3-3.5] err 3.9° ω 35.09°/s KE 7.868 sat 0  [5.5-6] err 10.9° ω 50.9°/s KE 12.806 sat 121
      joints: lumbar rms 4.76 pk 7.9@6 τ 200/200 sat 13ms · thoracic rms 4.17 pk 7@3.887 τ 200/200 sat 13ms · neck rms 7.87 pk 39.7@2.758 τ 35/35 sat 58ms · shoulder_L rms 4.29 pk 9.9@2.758 τ 70/70 sat 25ms · elbow_L rms 2.59 pk 9@5.642 τ 26.4/60 sat 0ms · shoulder_R rms 10.18 pk 23.1@2.733 τ 70/70 sat 79ms · elbow_R rms 2.5 pk 8.3@5.742 τ 32.2/60 sat 0ms · hip_L rms 6.48 pk 11.4@6 τ 220/220 sat 25ms · knee_L rms 3.15 pk 8@6 τ 109.5/190 sat 0ms · ankle_L rms 10.62 pk 22@6 τ 110/110 sat 1692ms · hip_R rms 10.13 pk 18.9@4.996 τ 220/220 sat 17ms · knee_R rms 2.79 pk 6.8@4.604 τ 160.9/190 sat 0ms · ankle_R rms 3.36 pk 6.6@1.087 τ 108.6/110 sat 38ms
C              err rms   6.13° peak   32.6° (hip_R     ) sat   546 ms | joint 0.58 mm lim 0° soft 0° turf 7.99/1.71 self 5.37 pop 0.15 | KE max 59.82 end 0.035 | pelvis end 66.2 mm 13.61° | sup F̄ 152.5 N pk 372 lift -0.1% T̄ 60.1 pk 108 sat 1104 ms | cpu 0.6024 ms/frame | audit 0/0 nan false | det true f12c4f02
      holds: [0-0.5] err 0.69° ω 6.1°/s KE 0.359 sat 0  [1.8-2.3] err 3.38° ω 0.82°/s KE 0.007 sat 0  [3.1-3.6] err 9.13° ω 7.18°/s KE 0.808 sat 0
      joints: lumbar rms 4.97 pk 9.5@2.492 τ 137.9/200 sat 0ms · thoracic rms 2.51 pk 5@2.483 τ 63.7/200 sat 0ms · neck rms 2.72 pk 7.6@2.483 τ 11.4/35 sat 0ms · shoulder_L rms 2.4 pk 6.3@0.654 τ 32.1/70 sat 0ms · elbow_L rms 1.69 pk 4.9@2.6 τ 13.7/60 sat 0ms · shoulder_R rms 3.01 pk 4.4@2.638 τ 21.6/70 sat 0ms · elbow_R rms 0.99 pk 3.1@2.458 τ 7.5/60 sat 0ms · hip_L rms 6.14 pk 9.9@3.6 τ 97.9/220 sat 0ms · ankle_L rms 3.67 pk 6.1@2.571 τ 110/110 sat 75ms · hip_R rms 14.25 pk 32.6@2.558 τ 220/220 sat 192ms · knee_R rms 11.49 pk 30.5@2.558 τ 190/190 sat 133ms · ankle_R rms 6.41 pk 14.7@3.6 τ 110/110 sat 146ms
C_weak         err rms   18.2° peak   57.5° (neck      ) sat  7719 ms | joint 0.49 mm lim 0.43° soft 0° turf 2.43/1.67 self 2.12 pop 0.12 | KE max 49.35 end 0.048 | pelvis end 40 mm 8.62° | sup F̄ 146.2 N pk 295 lift 11.9% T̄ 66.9 pk 118.5 sat 692 ms | cpu 0.6567 ms/frame | audit 0/0 nan false | det true eb9cbdb9
      holds: [0-0.5] err 1.73° ω 15.21°/s KE 0.355 sat 0  [1.8-2.3] err 16.44° ω 9.33°/s KE 0.233 sat 121  [3.1-3.6] err 24.44° ω 6.72°/s KE 0.344 sat 363
      joints: lumbar rms 35.43 pk 46.4@3.596 τ 50/50 sat 2863ms · thoracic rms 18.88 pk 31.4@2.533 τ 50/50 sat 667ms · neck rms 23.12 pk 57.5@1.333 τ 8.8/9 sat 321ms · shoulder_L rms 13.19 pk 34.7@2.521 τ 17.5/18 sat 263ms · elbow_L rms 4.08 pk 10.8@0.696 τ 8.8/15 sat 0ms · shoulder_R rms 15.94 pk 21.2@2.763 τ 17.5/18 sat 79ms · elbow_R rms 3.32 pk 5.5@1.221 τ 4.1/15 sat 0ms · hip_L rms 12.34 pk 17.5@2.479 τ 55/55 sat 138ms · knee_L rms 7.53 pk 10.7@2.375 τ 39.1/48 sat 0ms · ankle_L rms 5.16 pk 8.1@2.487 τ 27.5/28 sat 583ms · hip_R rms 27.89 pk 53.2@2.579 τ 55/55 sat 1463ms · knee_R rms 25.34 pk 50.8@2.583 τ 47.5/48 sat 1221ms · ankle_R rms 6.95 pk 12.3@0.633 τ 27.5/28 sat 121ms
C_strong       err rms   1.08° peak   10.5° (ankle_L   ) sat     0 ms | joint 0.73 mm lim 0° soft 0° turf 6.3/0.81 self 4.53 pop 0.37 | KE max 91.23 end 0.001 | pelvis end 46.4 mm 4.94° | sup F̄ 141.8 N pk 433 lift -1.1% T̄ 43.5 pk 156 sat 483 ms | cpu 0.5883 ms/frame | audit 0/0 nan false | det true 812b7374
      holds: [0-0.5] err 0.13° ω 2°/s KE 0.363 sat 0  [1.8-2.3] err 1.05° ω 0.07°/s KE 0 sat 0  [3.1-3.6] err 0.62° ω 1.15°/s KE 0.066 sat 0
      joints: hip_L rms 1.55 pk 3.6@2.467 τ 590/1760 sat 0ms · ankle_L rms 2.95 pk 10.5@2.458 τ 638.5/880 sat 0ms · hip_R rms 0.7 pk 4.8@2.467 τ 848.2/1760 sat 0ms · ankle_R rms 1.31 pk 7.1@2.462 τ 388.4/880 sat 0ms
D1             err rms   1.59° peak      8° (ankle_R   ) sat   108 ms | joint 0.32 mm lim 0° soft 0° turf 2.9/0.96 self 0 pop 0.14 | KE max 23.79 end 0 | pelvis end 11.1 mm 0.43° | sup F̄ 64.3 N pk 358 lift 1% T̄ 9.8 pk 94.8 sat 142 ms | cpu 0.6207 ms/frame | audit 0/0 nan false | det true dfc57ad8
      holds: [0-0.5] err 0.69° ω 6.1°/s KE 0.359 sat 0  [2-2.5] err 1.46° ω 0.24°/s KE 0.002 sat 0
      joints: lumbar rms 1.87 pk 3.2@0.883 τ 155.3/200 sat 0ms · shoulder_L rms 1.5 pk 5.3@0.65 τ 46.4/70 sat 0ms · elbow_L rms 0.86 pk 3.5@0.65 τ 26.7/60 sat 0ms · hip_R rms 2.38 pk 4@0.65 τ 220/220 sat 4ms · knee_R rms 1.62 pk 2.4@0.646 τ 190/190 sat 4ms · ankle_R rms 3.13 pk 8@0.65 τ 110/110 sat 100ms
D2             err rms   9.28° peak   70.6° (hip_R     ) sat   751 ms | joint 0.25 mm lim 0° soft 0° turf 2.19/1.05 self 0.26 pop 0.13 | KE max 46.86 end 0.002 | pelvis end 28.9 mm 17.58° | sup F̄ 107.3 N pk 358 lift 4.7% T̄ 65.9 pk 128.5 sat 1421 ms | cpu 0.6177 ms/frame | audit 0/0 nan false | det true aa96c5a3
      holds: [0-0.5] err 0.69° ω 6.1°/s KE 0.359 sat 0  [1.2-1.7] err 5.83° ω 29.23°/s KE 3.087 sat 0  [2.7-3.2] err 6.72° ω 3.71°/s KE 0.132 sat 0
      joints: lumbar rms 3.9 pk 5.8@3.2 τ 155.7/200 sat 0ms · thoracic rms 2.05 pk 4@0.8 τ 99.6/200 sat 0ms · neck rms 2.21 pk 3.8@1.979 τ 10.9/35 sat 0ms · shoulder_L rms 10.42 pk 53.4@0.721 τ 70/70 sat 42ms · elbow_L rms 2.6 pk 17.7@0.704 τ 52.9/60 sat 0ms · shoulder_R rms 10.54 pk 54.6@0.721 τ 70/70 sat 46ms · elbow_R rms 4.31 pk 31.3@0.7 τ 40.7/60 sat 0ms · hip_L rms 7.89 pk 13.5@3.2 τ 159.6/220 sat 0ms · knee_L rms 2.21 pk 4.1@3.2 τ 51.1/190 sat 0ms · ankle_L rms 2.45 pk 9@0.7 τ 100.9/110 sat 0ms · hip_R rms 21.56 pk 70.6@0.717 τ 220/220 sat 388ms · knee_R rms 11.54 pk 33.7@0.7 τ 190/190 sat 58ms · ankle_R rms 13.35 pk 35.2@0.846 τ 110/110 sat 217ms
E              err rms   7.25° peak   33.8° (hip_R     ) sat  2808 ms | joint 0.22 mm lim 0° soft 0° turf 1.55/0.44 self 0 pop 0.09 | KE max 13.25 end 0 | pelvis end 33 mm 8.63° | sup F̄ 106.9 N pk 289 lift 0.6% T̄ 80.1 pk 129.4 sat 2367 ms | cpu 0.6199 ms/frame | audit 0/0 nan false | det true 4aa1d385
      holds: [0-0.5] err 0.69° ω 6.1°/s KE 0.359 sat 0  [4.5-5] err 3.38° ω 0.77°/s KE 0.004 sat 0
      joints: lumbar rms 6.28 pk 9.3@3.104 τ 109.2/200 sat 0ms · thoracic rms 2.75 pk 4.2@3.112 τ 50.8/200 sat 0ms · neck rms 3.24 pk 5.7@3.112 τ 7.8/35 sat 0ms · shoulder_R rms 3.39 pk 4.5@2.583 τ 10.4/70 sat 0ms · hip_L rms 15.25 pk 23.1@2.438 τ 220/220 sat 1671ms · knee_L rms 4.45 pk 7.6@3.008 τ 73.9/190 sat 0ms · ankle_L rms 2.13 pk 3.1@3.112 τ 43.5/110 sat 0ms · hip_R rms 16.76 pk 33.8@1.012 τ 220/220 sat 933ms · knee_R rms 5.22 pk 7.9@2.996 τ 155.5/190 sat 0ms · ankle_R rms 6.71 pk 10.3@2.996 τ 110/110 sat 204ms
      block: first contact 1.0417s (foot_R) max pen -0.06 mm (listener 0.23) max F 885 N obstacle moved 0 mm removed 3
      while blocked [1.35-2.95]: hip err 22.1° τ 207.9 N·m sat 17% F 122 N pen -0.32 mm support 96 N; others: lumbar 8.1, thoracic 3.5, neck 4.3, shoulder_L 0.7, elbow_L 1.1, shoulder_R 4.4, elbow_R 0.6, hip_L 21.9, knee_L 6.7, ankle_L 2.7
      after removal: hip err 20.6° → within 5° in 0.446s, end 3.55°
        n 247 t 1.0292 gap 5.24 mm depth -8.72 approach 0.874 m/s F 0 N hip err 33.43° τ 220
        n 248 t 1.0333 gap 1.13 mm depth -5.2 approach 1.016 m/s F 0 N hip err 33.19° τ 208.5
        n 249 t 1.0375 gap 0.14 mm depth -1.09 approach 0.217 m/s F 885 N hip err 33.11° τ 220
        n 250 t 1.0417 gap 0.06 mm depth 0.15 approach 0.004 m/s F 634 N hip err 33.11° τ 220
        n 251 t 1.0458 gap 0.11 mm depth -0.04 approach 0 m/s F 376 N hip err 33.11° τ 220
        n 252 t 1.05 gap 0.16 mm depth 0.23 approach -0.004 m/s F 305 N hip err 33.1° τ 220
        n 253 t 1.0542 gap 0.23 mm depth -0.1 approach -0.02 m/s F 304 N hip err 33.08° τ 220
        n 254 t 1.0583 gap 0.27 mm depth 0.12 approach -0.014 m/s F 300 N hip err 33.05° τ 220
E_strong       err rms    1.7° peak   11.2° (hip_L     ) sat     0 ms | joint 0.21 mm lim 0° soft 0° turf 2.11/0.07 self 0 pop 0.09 | KE max 21.73 end 0 | pelvis end 73.6 mm 47.93° | sup F̄ 198.7 N pk 339 lift 0.4% T̄ 124.7 pk 149.9 sat 4346 ms | cpu 0.6061 ms/frame | audit 0/0 nan false | det true 8a5c379f
      holds: [0-0.5] err 0.13° ω 2°/s KE 0.363 sat 0  [4.5-5] err 0.76° ω 0.03°/s KE 0 sat 0
      joints: hip_L rms 3.33 pk 11.2@1.042 τ 1048.9/1760 sat 0ms · knee_L rms 2.19 pk 7.5@1.087 τ 653.4/1520 sat 0ms · ankle_L rms 1.55 pk 5.2@1.071 τ 378.9/880 sat 0ms · hip_R rms 3.37 pk 11.1@1.046 τ 1007.5/1760 sat 0ms · knee_R rms 1.71 pk 5.6@1.096 τ 484.6/1520 sat 0ms
      block: first contact 0.675s (foot_R) max pen 0.74 mm (listener 0.96) max F 1086 N obstacle moved 0 mm removed 3
      while blocked [0.98-2.95]: hip err 2.5° τ 183.5 N·m sat 0% F 159 N pen 0.74 mm support 216 N; others: lumbar 1.2, thoracic 0.5, neck 0.6, shoulder_L 0.1, elbow_L 0.1, shoulder_R 0.6, elbow_R 0.1, hip_L 2.3, knee_L 1.7, ankle_L 1.2
      after removal: hip err 0.7° → within 5° in 0.004s, end 0.68°
        n 159 t 0.6625 gap 5.36 mm depth -8.62 approach 0.806 m/s F 0 N hip err 1.99° τ 322.9
        n 160 t 0.6667 gap 1.8 mm depth -5.36 approach 0.882 m/s F 0 N hip err 2.05° τ 337.8
        n 161 t 0.6708 gap 0.03 mm depth -1.8 approach 0.427 m/s F 417 N hip err 2.17° τ 422.9
        n 162 t 0.675 gap -0.11 mm depth -0.03 approach 0.017 m/s F 592 N hip err 2.37° τ 555.9
        n 163 t 0.6792 gap -0.18 mm depth 0.11 approach -0.005 m/s F 566 N hip err 2.58° τ 617.7
        n 164 t 0.6833 gap -0.24 mm depth 0.18 approach -0.012 m/s F 610 N hip err 2.79° τ 634.5
        n 165 t 0.6875 gap -0.3 mm depth 0.24 approach -0.017 m/s F 682 N hip err 3° τ 640.8
        n 166 t 0.6917 gap -0.46 mm depth 0.3 approach -0.003 m/s F 773 N hip err 3.19° τ 637.9
E_push_weak    err rms  17.87° peak   48.3° (hip_L     ) sat  7855 ms | joint 0.16 mm lim 0.23° soft 0° turf 1.12/0.36 self 0 pop 0.08 | KE max 22.45 end 0 | pelvis end 30.6 mm 49.05° | sup F̄ 89.8 N pk 178 lift 0.8% T̄ 82.8 pk 103.2 sat 2667 ms | cpu 0.6246 ms/frame | audit 0/0 nan false | det true 3c0ade9a
      holds: [0-0.5] err 1.73° ω 15.21°/s KE 0.355 sat 0  [3.5-4] err 21.22° ω 0.42°/s KE 0 sat 242
      joints: lumbar rms 34.47 pk 41.3@1.712 τ 50/50 sat 3075ms · thoracic rms 14.68 pk 28.9@1.738 τ 50/50 sat 442ms · neck rms 16.82 pk 25.7@1.817 τ 8.8/9 sat 21ms · shoulder_L rms 13.11 pk 17.5@2.304 τ 11/18 sat 0ms · elbow_L rms 1.69 pk 4.1@0.804 τ 2.7/15 sat 0ms · shoulder_R rms 17.06 pk 21.6@2.621 τ 16/18 sat 0ms · elbow_R rms 4.99 pk 6.7@2.225 τ 3.4/15 sat 0ms · hip_L rms 36.37 pk 48.3@4 τ 55/55 sat 2658ms · knee_L rms 2.71 pk 3.8@1.371 τ 29.8/48 sat 0ms · ankle_L rms 3.79 pk 5.2@4 τ 21.5/28 sat 0ms · hip_R rms 19.14 pk 41.9@1.058 τ 55/55 sat 738ms · knee_R rms 4.49 pk 8.8@1.333 τ 42.6/48 sat 0ms · ankle_R rms 15.61 pk 18.4@1.821 τ 27.5/28 sat 921ms
      block: first contact nulls (null) max pen -21.32 mm (listener -1000) max F 0 N obstacle moved 0 mm removed null
E_push         err rms   7.44° peak   33.8° (hip_R     ) sat   646 ms | joint 0.22 mm lim 0° soft 0° turf 1.5/1.06 self 0 pop 0.09 | KE max 13.25 end 0 | pelvis end 17.6 mm 19.86° | sup F̄ 71.3 N pk 289 lift -1.2% T̄ 95.2 pk 129.4 sat 3333 ms | cpu 0.6144 ms/frame | audit 0/0 nan false | det true 2f49d213
      holds: [0-0.5] err 0.69° ω 6.1°/s KE 0.359 sat 0  [3.5-4] err 8.06° ω 0.03°/s KE 0 sat 0
      joints: lumbar rms 6.15 pk 7.5@1.933 τ 77.9/200 sat 0ms · thoracic rms 2.73 pk 3.3@1.796 τ 33.7/200 sat 0ms · neck rms 3.2 pk 4@1.729 τ 4.8/35 sat 0ms · shoulder_R rms 3.39 pk 4.1@1.617 τ 9.8/70 sat 0ms · hip_L rms 14.63 pk 17.1@2.046 τ 190/220 sat 0ms · knee_L rms 4.02 pk 5.1@4 τ 63/190 sat 0ms · hip_R rms 18.5 pk 33.8@1.012 τ 220/220 sat 442ms · knee_R rms 7.64 pk 9.1@3.121 τ 147.5/190 sat 0ms · ankle_R rms 3.84 pk 7.9@1 τ 110/110 sat 204ms
      block: first contact 1.0417s (foot_R) max pen 0.3 mm (listener 0.3) max F 196 N obstacle moved 138.8 mm removed null
      while blocked [1.35-3.95]: hip err 18.6° τ 186.6 N·m sat 0% F 190 N pen 0.3 mm support 49 N; others: lumbar 7.3, thoracic 3.2, neck 3.7, shoulder_L 1.1, elbow_L 1.2, shoulder_R 4, elbow_R 0.5, hip_L 16.9, knee_L 4.7, ankle_L 2.6
        n 247 t 1.0292 gap 5.24 mm depth -8.72 approach 0.874 m/s F 0 N hip err 33.43° τ 220
        n 248 t 1.0333 gap 1.13 mm depth -5.2 approach 1.016 m/s F 0 N hip err 33.19° τ 208.5
        n 249 t 1.0375 gap 0.18 mm depth -1.09 approach 0.336 m/s F 71 N hip err 33.08° τ 220
        n 250 t 1.0417 gap 0.14 mm depth 0.11 approach 0.192 m/s F 121 N hip err 33.04° τ 220
        n 251 t 1.0458 gap 0.17 mm depth -0.12 approach 0.214 m/s F 133 N hip err 32.98° τ 220
        n 252 t 1.05 gap 0.19 mm depth 0.15 approach 0.235 m/s F 140 N hip err 32.91° τ 220
        n 253 t 1.0542 gap 0.19 mm depth 0.14 approach 0.255 m/s F 153 N hip err 32.82° τ 220
        n 254 t 1.0583 gap 0.19 mm depth 0.13 approach 0.272 m/s F 164 N hip err 32.72° τ 220
E_push_strong  err rms   0.97° peak    6.8° (hip_L     ) sat     0 ms | joint 0.19 mm lim 0° soft 0° turf 2.44/0.79 self 0 pop 0.09 | KE max 27.23 end 0 | pelvis end 16.2 mm 3.15° | sup F̄ 65.6 N pk 313 lift 1.5% T̄ 26.7 pk 136.2 sat 204 ms | cpu 0.6067 ms/frame | audit 0/0 nan false | det true f1d23fe5
      holds: [0-0.5] err 0.13° ω 2°/s KE 0.363 sat 0  [3.5-4] err 0.76° ω 0.02°/s KE 0 sat 0
      joints: hip_L rms 2.03 pk 6.8@0.858 τ 701/1760 sat 0ms · hip_R rms 1.56 pk 6.7@0.85 τ 737.4/1760 sat 0ms · knee_R rms 0.79 pk 3.3@0.875 τ 370.7/1520 sat 0ms
      block: first contact 0.675s (foot_R) max pen 0.76 mm (listener 0.76) max F 326 N obstacle moved 970.3 mm removed null
      while blocked [0.98-3.95]: hip err 0.5° τ 42.8 N·m sat 0% F 63 N pen -0.24 mm support 58 N; others: lumbar 0.4, thoracic 0.2, neck 0.1, shoulder_L 0.3, elbow_L 0.2, shoulder_R 0.3, elbow_R 0, hip_L 1.5, knee_L 0.6, ankle_L 2.1
        n 159 t 0.6625 gap 5.36 mm depth -8.62 approach 0.806 m/s F 0 N hip err 1.99° τ 322.9
        n 160 t 0.6667 gap 1.8 mm depth -5.36 approach 0.882 m/s F 0 N hip err 2.05° τ 337.8
        n 161 t 0.6708 gap 0.05 mm depth -1.8 approach 0.481 m/s F 34 N hip err 2.17° τ 417.2
        n 162 t 0.675 gap -0.06 mm depth -0.06 approach 0.145 m/s F 100 N hip err 2.35° τ 535.2
        n 163 t 0.6792 gap -0.01 mm depth 0.06 approach 0.141 m/s F 122 N hip err 2.55° τ 592.2
        n 164 t 0.6833 gap -0.04 mm depth 0.01 approach 0.185 m/s F 132 N hip err 2.74° τ 602.5
        n 165 t 0.6875 gap -0.16 mm depth 0.03 approach 0.243 m/s F 157 N hip err 2.92° τ 603.9
        n 166 t 0.6917 gap -0.29 mm depth 0.16 approach 0.287 m/s F 182 N hip err 3.09° τ 602.5
F_chest        err rms   1.28° peak    8.3° (neck      ) sat     0 ms | joint 0.18 mm lim 0° soft 0° turf 1.94/0.54 self 0 pop 0.09 | KE max 22.84 end 0 | pelvis end 8.1 mm 0.59° | sup F̄ 32.1 N pk 263 lift 0.9% T̄ 6 pk 70.5 sat 63 ms | cpu 0.588 ms/frame | audit 0/0 nan false | det true 3f52a75
      holds: [3.5-4] err 1.15° ω 0.01°/s KE 0 sat 0
      joints: lumbar rms 2.47 pk 6.7@1.238 τ 177.3/200 sat 0ms · thoracic rms 1.43 pk 4.1@1.204 τ 78.2/200 sat 0ms · neck rms 1.63 pk 8.3@1.058 τ 23.2/35 sat 0ms
      disturbance 46.6 N·s @1: baseline 1.01° peak 2.76° (+0.254s) recovered in 0.483s (thr 1.51°) worst neck 8.3, lumbar 6.7, thoracic 4.1, knee_L 2.4, shoulder_R 2 pelvis 30.6 mm support pk 263 N
F_chest_off    err rms   3.71° peak   40.7° (neck      ) sat   581 ms | joint 3.43 mm lim 0.67° soft 0° turf 3.03/0.06 self 1.89 pop 1.06 | KE max 497.57 end 0 | pelvis end 1806.3 mm 133.02° FELL | no support | cpu 0.6435 ms/frame | audit 0/0 nan false | det true 84de6cbf
      holds: [3.5-4] err 3.42° ω 10.77°/s KE 0.318 sat 0
      joints: lumbar rms 3.58 pk 5.7@3.821 τ 200/200 sat 42ms · thoracic rms 2.4 pk 7@2.9 τ 200/200 sat 21ms · neck rms 6.91 pk 40.7@2.854 τ 35/35 sat 75ms · shoulder_L rms 4.38 pk 16@2.804 τ 70/70 sat 63ms · shoulder_R rms 4.33 pk 15.3@2.842 τ 70/70 sat 42ms · elbow_R rms 1.16 pk 4.8@3.421 τ 16.9/60 sat 0ms · hip_L rms 5.65 pk 9.6@2.438 τ 163/220 sat 0ms · knee_L rms 1.36 pk 3.5@2.625 τ 65.2/190 sat 0ms · ankle_L rms 5.84 pk 12.7@2.571 τ 110/110 sat 313ms · hip_R rms 1.94 pk 4.2@3.367 τ 220/220 sat 25ms
      disturbance 46.6 N·s @1: baseline 1.14° peak 12.93° (+1.854s) recovered in nulls (thr 2.32°) worst neck 40.7, shoulder_L 16, shoulder_R 15.3, ankle_L 12.7, hip_L 9.6 pelvis 1806.3 mm support pk null N
F_pelvis       err rms   1.04° peak    3.3° (lumbar    ) sat     0 ms | joint 0.18 mm lim 0° soft 0° turf 1.33/0.62 self 0 pop 0.09 | KE max 5.45 end 0 | pelvis end 7.4 mm 0.63° | sup F̄ 24.8 N pk 253 lift 0.9% T̄ 4.9 pk 30.6 sat 54 ms | cpu 0.5713 ms/frame | audit 0/0 nan false | det true 5a2411be
      holds: [3.5-4] err 1.1° ω 0.01°/s KE 0 sat 0
      joints: lumbar rms 1.77 pk 3.3@1.067 τ 95.7/200 sat 0ms
      disturbance 45 N·s @1: baseline 1.01° peak 1.57° (+0.083s) recovered in 0.117s (thr 1.51°) worst lumbar 3.3, neck 2.9, hip_L 1.8, hip_R 1.8, thoracic 1.7 pelvis 20.5 mm support pk 253 N
F_limb         err rms   1.18° peak    9.2° (elbow_L   ) sat     0 ms | joint 0.18 mm lim 0° soft 0° turf 1.27/0.65 self 0 pop 0.09 | KE max 6.46 end 0 | pelvis end 7.5 mm 0.63° | sup F̄ 22.6 N pk 97 lift 1% T̄ 4.5 pk 15.7 sat 0 ms | cpu 0.5739 ms/frame | audit 0/0 nan false | det true 9b5d28a4
      holds: [3.5-4] err 1.1° ω 0.01°/s KE 0 sat 0
      joints: shoulder_L rms 1.89 pk 8.4@1.113 τ 59.4/70 sat 0ms · elbow_L rms 1.47 pk 9.2@1.067 τ 39.9/60 sat 0ms
      disturbance 7.1 N·s @1: baseline 1.01° peak 3.36° (+0.083s) recovered in 0.229s (thr 1.51°) worst elbow_L 9.2, shoulder_L 8.4, neck 2.1, lumbar 1.9, thoracic 1.3 pelvis 9.5 mm support pk 65 N
