PASS KV1a anatomical (φ, θ) round trip through PassiveLayer.anat, both knees: max 1.07e-13° (limit ≤ 1e-6°)
PASS KV1b layer knee-axial soft/hard = kneeEnvelopeV2K(φ), both knees: max 1.78e-14° (limit ≤ 1e-6°)
PASS KV1c axial law term: restoring sign outside the zero-torque range, zero inside: 0 violations / 600 (report: x-row rounding from the joint's other terms ≤ 2.3e-5 N·m) (limit 0)
PASS KV1d L/R mirror: anatomical torque and energy: |Δτ| 3.24e-8 N·m, |ΔU| 5.51e-14 J (limit ≤ 1e-6 N·m, ≤ 1e-9 J)
PASS KV1e layer axial generalised torque = independent spec law (kneeAxialTorque): all within (limit ≤ 1e-4 N·m + 0.1 %)
PASS KV1a′ +θ (internal rotation) turns the toes toward the midline on both legs: R: foot x 0.208 m, Δtoe-x -0.1727; L: foot x -0.208 m, Δtoe-x 0.1727 (limit medial on both)
PASS KV2a generalised power: Σ τ·Δq + ΔU over 40 random flexion–axial paths (incl. end-stop): worst |W + ΔU| / limit = 0.002 ({"side":"L","p":19,"W":-4.764443818601551,"dU":4.764009483826165,"err":0.0004343347753863469,"lim":0.24577287191470762}) (limit ≤ 1e-3 J + 0.5 % of Σ|τ·Δq|)
PASS KV3a closed flexion–axial loops: ∮ τ·dq (full gradient incl. flexion reaction): worst |∮| / limit = 0.004 ({"side":"L","f0":0,"f1":150,"a":28,"shape":"rectangle","W":-0.0015621680501864965,"lim":0.420223746329141}) (limit ≤ 1e-3 J + 0.5 % of ∮|τ·dq|)
     report: NAIVE variant (axial-row torque only, no flexion reaction): largest |∮| = 17.0002 J per loop (R rectangle φ 0–150°, ±28°) vs full gradient -1.56e-3 J
     φ   0°: IR 4.8 / 7.5 / 8.4 / 11.3 / 14.0  ER 4.4 / 7.1 / 8.0 / 11.0 / 13.7  (at 2.5 / 5 / 6 / 10 / 15 N·m)
     φ   5°: IR 4.8 / 7.5 / 8.4 / 11.3 / 14.0  ER 4.7 / 7.6 / 8.6 / 11.7 / 14.5  (at 2.5 / 5 / 6 / 10 / 15 N·m)
     φ  10°: IR 4.8 / 7.5 / 8.4 / 11.3 / 14.0  ER 5.7 / 9.1 / 10.1 / 13.5 / 16.5  (at 2.5 / 5 / 6 / 10 / 15 N·m)
     φ  15°: IR 4.8 / 7.5 / 8.4 / 11.3 / 14.0  ER 7.2 / 11.1 / 12.3 / 15.9 / 19.2  (at 2.5 / 5 / 6 / 10 / 15 N·m)
     φ  20°: IR 4.8 / 7.5 / 8.4 / 11.3 / 14.0  ER 9.1 / 13.5 / 14.8 / 18.7 / 22.1  (at 2.5 / 5 / 6 / 10 / 15 N·m)
     φ  25°: IR 4.8 / 7.5 / 8.4 / 11.3 / 14.0  ER 10.9 / 15.7 / 17.1 / 21.3 / 24.8  (at 2.5 / 5 / 6 / 10 / 15 N·m)
     φ  30°: IR 4.8 / 7.5 / 8.4 / 11.3 / 14.0  ER 12.4 / 17.4 / 18.9 / 23.2 / 26.7  (at 2.5 / 5 / 6 / 10 / 15 N·m)
     φ  35°: IR 4.8 / 7.5 / 8.4 / 11.3 / 14.0  ER 13.0 / 18.1 / 19.6 / 23.9 / 27.5  (at 2.5 / 5 / 6 / 10 / 15 N·m)
     φ  40°: IR 4.8 / 7.5 / 8.4 / 11.3 / 14.0  ER 13.0 / 18.1 / 19.6 / 23.9 / 27.5  (at 2.5 / 5 / 6 / 10 / 15 N·m)
     φ  60°: IR 4.8 / 7.5 / 8.4 / 11.3 / 14.0  ER 13.0 / 18.1 / 19.6 / 23.9 / 27.5  (at 2.5 / 5 / 6 / 10 / 15 N·m)
     φ  90°: IR 4.8 / 7.5 / 8.4 / 11.3 / 14.0  ER 13.0 / 18.1 / 19.6 / 23.9 / 27.5  (at 2.5 / 5 / 6 / 10 / 15 N·m)
     φ 120°: IR 4.8 / 7.5 / 8.4 / 11.3 / 14.0  ER 13.0 / 18.1 / 19.6 / 23.9 / 27.5  (at 2.5 / 5 / 6 / 10 / 15 N·m)
FAIL KV4a.1 every in-vivo laxity point reproduced: max |z| 1.51 (IR0@5:-0.60 IR20@5:-0.84 IR30@5:-0.32 IR30@2.5:0.76 IR90@2.5:0.38 IR90@6:-0.41 IR30@10:0.09 IR30@15:0.66 ER0@5:0.19 ER20@5:1.51 ER30@5:0.61 ER30@2.5:1.37 ER90@2.5:0.96 ER90@6:0.90 ER30@5:-0.18 ER30@10:0.22 ER30@15:0.74) (limit |z| ≤ 1.5)
PASS KV4a.2 rotation strictly increasing with torque: yes (limit strict)
FAIL KV4a.3 continuity across the 0–40° grid (5° steps): max adjacent change 2.93° (limit ≤ 2.5°)
PASS KV6a zero-torque interval = [θ0 − s·f_ER, θ0 + s·f_IR] for φ ∈ [−5, 40]°, both knees: max end error 7.99e-15°, 0 interval violations (limit ≤ 1e-6°, 0)
PASS KV7a Jolt stop ≥ 10° beyond the calibrated bound + 3° end-stop over the engine-reachable flexion range, both knees: min margin 33.94° at {"side":"R","f":107,"engineAnat":[-60,66],"bound":[-12.44,29.06]} (limit ≥ 10°)

11 / 13 bench checks pass
