PASS KV1a anatomical (φ, θ) round trip through PassiveLayer.anat, both knees: max 1.07e-13° (limit ≤ 1e-6°)
PASS KV1b layer knee-axial soft/hard = kneeEnvelopeV2K(φ), both knees: max 1.78e-14° (limit ≤ 1e-6°)
PASS KV1c axial law term: restoring sign outside the zero-torque range, zero inside: 0 violations / 600 (report: x-row rounding from the joint's other terms ≤ 2.3e-5 N·m) (limit 0)
PASS KV1d L/R mirror: anatomical torque and energy: |Δτ| 3.24e-8 N·m, |ΔU| 5.51e-14 J (limit ≤ 1e-6 N·m, ≤ 1e-9 J)
PASS KV1e layer axial generalised torque = independent spec law (kneeAxialTorque): all within (limit ≤ 1e-4 N·m + 0.1 %)
PASS KV1a′ +θ (internal rotation) turns the toes toward the midline on both legs: R: foot x 0.208 m, Δtoe-x -0.1727; L: foot x -0.208 m, Δtoe-x 0.1727 (limit medial on both)
PASS KV2a generalised power: Σ τ·Δq + ΔU over 40 random flexion–axial paths (incl. end-stop): worst |W + ΔU| / limit = 0.002 ({"side":"L","p":19,"W":-4.588444859931142,"dU":4.588025966099323,"err":0.00041889383181903384,"lim":0.27422270791503345}) (limit ≤ 1e-3 J + 0.5 % of Σ|τ·Δq|)
PASS KV3a closed flexion–axial loops: ∮ τ·dq (full gradient incl. flexion reaction): worst |∮| / limit = 0.004 ({"side":"L","f0":0,"f1":150,"a":28,"shape":"rectangle","W":-0.0017884321242885859,"lim":0.4856523438255164}) (limit ≤ 1e-3 J + 0.5 % of ∮|τ·dq|)
     report: NAIVE variant (axial-row torque only, no flexion reaction): largest |∮| = 21.9804 J per loop (R rectangle φ 0–150°, ±28°) vs full gradient -1.79e-3 J
     φ   0°: IR 4.8 / 7.5 / 8.4 / 11.3 / 14.0  ER 3.3 / 5.5 / 6.3 / 8.8 / 11.2  (at 2.5 / 5 / 6 / 10 / 15 N·m)
     φ   5°: IR 4.8 / 7.5 / 8.4 / 11.3 / 14.0  ER 3.6 / 5.9 / 6.7 / 9.4 / 11.9  (at 2.5 / 5 / 6 / 10 / 15 N·m)
     φ  10°: IR 4.8 / 7.5 / 8.4 / 11.3 / 14.0  ER 4.3 / 7.0 / 7.9 / 10.8 / 13.5  (at 2.5 / 5 / 6 / 10 / 15 N·m)
     φ  15°: IR 4.8 / 7.5 / 8.4 / 11.3 / 14.0  ER 5.4 / 8.5 / 9.5 / 12.7 / 15.7  (at 2.5 / 5 / 6 / 10 / 15 N·m)
     φ  20°: IR 4.8 / 7.5 / 8.4 / 11.3 / 14.0  ER 6.7 / 10.3 / 11.4 / 14.9 / 18.1  (at 2.5 / 5 / 6 / 10 / 15 N·m)
     φ  25°: IR 4.8 / 7.5 / 8.4 / 11.3 / 14.0  ER 8.0 / 12.0 / 13.2 / 17.0 / 20.3  (at 2.5 / 5 / 6 / 10 / 15 N·m)
     φ  30°: IR 4.8 / 7.5 / 8.4 / 11.3 / 14.0  ER 9.0 / 13.3 / 14.6 / 18.5 / 21.9  (at 2.5 / 5 / 6 / 10 / 15 N·m)
     φ  35°: IR 4.8 / 7.5 / 8.4 / 11.3 / 14.0  ER 9.4 / 13.8 / 15.1 / 19.1 / 22.5  (at 2.5 / 5 / 6 / 10 / 15 N·m)
     φ  40°: IR 4.8 / 7.5 / 8.4 / 11.3 / 14.0  ER 9.4 / 13.8 / 15.1 / 19.1 / 22.5  (at 2.5 / 5 / 6 / 10 / 15 N·m)
     φ  60°: IR 4.8 / 7.5 / 8.4 / 11.3 / 14.0  ER 9.4 / 13.8 / 15.1 / 19.1 / 22.5  (at 2.5 / 5 / 6 / 10 / 15 N·m)
     φ  90°: IR 4.8 / 7.5 / 8.4 / 11.3 / 14.0  ER 9.4 / 13.8 / 15.1 / 19.1 / 22.5  (at 2.5 / 5 / 6 / 10 / 15 N·m)
     φ 120°: IR 4.8 / 7.5 / 8.4 / 11.3 / 14.0  ER 9.4 / 13.8 / 15.1 / 19.1 / 22.5  (at 2.5 / 5 / 6 / 10 / 15 N·m)
FAIL KV4a.1 every in-vivo laxity point reproduced: max |z| 1.56 (IR0@5:-0.60 IR20@5:-0.84 IR30@5:-0.32 IR30@2.5:0.76 IR90@2.5:0.38 IR90@6:-0.41 IR30@10:0.09 IR30@15:0.66 ER0@5:-0.38 ER20@5:0.72 ER30@5:-0.18 ER30@2.5:0.40 ER90@2.5:-0.19 ER90@6:-0.21 ER30@5:-1.56 ER30@10:-1.33 ER30@15:-0.88) (limit |z| ≤ 1.5)
PASS KV4a.2 rotation strictly increasing with torque: yes (limit strict)
PASS KV4a.3 continuity across the 0–40° grid (5° steps): max adjacent change 2.39° (limit ≤ 2.5°)
PASS KV6a zero-torque interval = [θ0 − s·f_ER, θ0 + s·f_IR] for φ ∈ [−5, 40]°, both knees: max end error 7.99e-15°, 0 interval violations (limit ≤ 1e-6°, 0)
PASS KV7a Jolt stop ≥ 10° beyond the calibrated bound + 3° end-stop over the engine-reachable flexion range, both knees: min margin 33.94° at {"side":"R","f":107,"engineAnat":[-60,66],"bound":[-7.44,29.06]} (limit ≥ 10°)

12 / 13 bench checks pass
