PASS KV1a anatomical (φ, θ) round trip through PassiveLayer.anat, both knees: max 1.07e-13° (limit ≤ 1e-6°)
PASS KV1b layer knee-axial soft/hard = kneeEnvelopeV2K(φ), both knees: max 1.78e-14° (limit ≤ 1e-6°)
PASS KV1c axial law term: restoring sign outside the zero-torque range, zero inside: 0 violations / 600 (report: x-row rounding from the joint's other terms ≤ 3.0e-5 N·m) (limit 0)
PASS KV1d L/R mirror: anatomical torque and energy: |Δτ| 3.24e-8 N·m, |ΔU| 5.51e-14 J (limit ≤ 1e-6 N·m, ≤ 1e-9 J)
PASS KV1e layer axial generalised torque = independent spec law (kneeAxialTorque): all within (limit ≤ 1e-4 N·m + 0.1 %)
PASS KV1a′ +θ (internal rotation) turns the toes toward the midline on both legs: R: foot x 0.208 m, Δtoe-x -0.1727; L: foot x -0.208 m, Δtoe-x 0.1727 (limit medial on both)
PASS KV2a generalised power: Σ τ·Δq + ΔU over 40 random flexion–axial paths (incl. end-stop): worst |W + ΔU| / limit = 0.002 ({"side":"L","p":19,"W":-4.689917222507654,"dU":4.689489426184918,"err":0.00042779632273681756,"lim":0.25781992862780506}) (limit ≤ 1e-3 J + 0.5 % of Σ|τ·Δq|)
PASS KV3a closed flexion–axial loops: ∮ τ·dq (full gradient incl. flexion reaction): worst |∮| / limit = 0.025 ({"side":"R","f0":0,"f1":150,"a":28,"shape":"rectangle","W":-0.011812271635557037,"lim":0.46401760405697695}) (limit ≤ 1e-3 J + 0.5 % of ∮|τ·dq|)
     report: NAIVE variant (axial-row torque only, no flexion reaction): largest |∮| = 17.3143 J per loop (R rectangle φ 0–150°, ±28°) vs full gradient -1.18e-2 J
     φ   0°: IR 4.8 / 7.5 / 8.4 / 11.3 / 14.0  ER 3.8 / 6.3 / 7.1 / 9.9 / 12.5  (at 2.5 / 5 / 6 / 10 / 15 N·m)
     φ   5°: IR 4.8 / 7.5 / 8.4 / 11.3 / 14.0  ER 5.4 / 8.5 / 9.6 / 12.8 / 15.7  (at 2.5 / 5 / 6 / 10 / 15 N·m)
     φ  10°: IR 4.8 / 7.5 / 8.4 / 11.3 / 14.0  ER 8.9 / 13.2 / 14.5 / 18.4 / 21.8  (at 2.5 / 5 / 6 / 10 / 15 N·m)
     φ  15°: IR 4.8 / 7.5 / 8.4 / 11.3 / 14.0  ER 11.1 / 15.9 / 17.3 / 21.5 / 25.0  (at 2.5 / 5 / 6 / 10 / 15 N·m)
     φ  20°: IR 4.8 / 7.5 / 8.4 / 11.3 / 14.0  ER 11.1 / 15.9 / 17.3 / 21.5 / 25.0  (at 2.5 / 5 / 6 / 10 / 15 N·m)
     φ  25°: IR 4.8 / 7.5 / 8.4 / 11.3 / 14.0  ER 11.1 / 15.9 / 17.3 / 21.5 / 25.0  (at 2.5 / 5 / 6 / 10 / 15 N·m)
     φ  30°: IR 4.8 / 7.5 / 8.4 / 11.3 / 14.0  ER 11.1 / 15.9 / 17.3 / 21.5 / 25.0  (at 2.5 / 5 / 6 / 10 / 15 N·m)
     φ  35°: IR 4.8 / 7.5 / 8.4 / 11.3 / 14.0  ER 11.1 / 15.9 / 17.3 / 21.5 / 25.0  (at 2.5 / 5 / 6 / 10 / 15 N·m)
     φ  40°: IR 4.8 / 7.5 / 8.4 / 11.3 / 14.0  ER 11.1 / 15.9 / 17.3 / 21.5 / 25.0  (at 2.5 / 5 / 6 / 10 / 15 N·m)
     φ  60°: IR 4.8 / 7.5 / 8.4 / 11.3 / 14.0  ER 11.1 / 15.9 / 17.3 / 21.5 / 25.0  (at 2.5 / 5 / 6 / 10 / 15 N·m)
     φ  90°: IR 4.8 / 7.5 / 8.4 / 11.3 / 14.0  ER 11.1 / 15.9 / 17.3 / 21.5 / 25.0  (at 2.5 / 5 / 6 / 10 / 15 N·m)
     φ 120°: IR 4.8 / 7.5 / 8.4 / 11.3 / 14.0  ER 11.1 / 15.9 / 17.3 / 21.5 / 25.0  (at 2.5 / 5 / 6 / 10 / 15 N·m)
FAIL KV4a.1 every in-vivo laxity point reproduced: max |z| 2.13 (IR0@5:-0.60 IR20@5:-0.84 IR30@5:-0.32 IR30@2.5:0.76 IR90@2.5:0.38 IR90@6:-0.41 IR30@10:0.09 IR30@15:0.66 ER0@5:-0.10 ER20@5:2.13 ER30@5:0.32 ER30@2.5:1.01 ER90@2.5:0.36 ER90@6:0.33 ER30@5:-0.69 ER30@10:-0.33 ER30@15:0.16) (limit |z| ≤ 1.5)
PASS KV4a.2 rotation strictly increasing with torque: yes (limit strict)
FAIL KV4a.3 continuity across the 0–40° grid (5° steps): max adjacent change 6.02° (limit ≤ 2.5°)
PASS KV6a zero-torque interval = [θ0 − s·f_ER, θ0 + s·f_IR] for φ ∈ [−5, 40]°, both knees: max end error 7.99e-15°, 0 interval violations (limit ≤ 1e-6°, 0)
PASS KV7a Jolt stop ≥ 10° beyond the calibrated bound + 3° end-stop over the engine-reachable flexion range, both knees: min margin 33.94° at {"side":"R","f":107,"engineAnat":[-60,66],"bound":[-9.94,29.06]} (limit ≥ 10°)

11 / 13 bench checks pass
