PASS KV1a anatomical (φ, θ) round trip through PassiveLayer.anat, both knees: max 1.07e-13° (limit ≤ 1e-6°)
PASS KV1b layer knee-axial soft/hard = kneeEnvelopeV2K(φ), both knees: max 1.60e-14° (limit ≤ 1e-6°)
PASS KV1c axial law term: restoring sign outside the zero-torque range, zero inside: 0 violations / 600 (report: x-row rounding from the joint's other terms ≤ 3.0e-5 N·m) (limit 0)
PASS KV1d L/R mirror: anatomical torque and energy: |Δτ| 2.44e-8 N·m, |ΔU| 4.44e-14 J (limit ≤ 1e-6 N·m, ≤ 1e-9 J)
PASS KV1e layer axial generalised torque = independent spec law (kneeAxialTorque): all within (limit ≤ 1e-4 N·m + 0.1 %)
PASS KV1a′ +θ (internal rotation) turns the toes toward the midline on both legs: R: foot x 0.208 m, Δtoe-x -0.1727; L: foot x -0.208 m, Δtoe-x 0.1727 (limit medial on both)
PASS KV2a generalised power: Σ τ·Δq + ΔU over 40 random flexion–axial paths (incl. end-stop): worst |W + ΔU| / limit = 0.001 ({"side":"L","p":19,"W":-3.358673526743841,"dU":3.358369094124163,"err":0.00030443261967816326,"lim":0.2036492512163509}) (limit ≤ 1e-3 J + 0.5 % of Σ|τ·Δq|)
PASS KV3a closed flexion–axial loops: ∮ τ·dq (full gradient incl. flexion reaction): worst |∮| / limit = 0.004 ({"side":"L","f0":0,"f1":150,"a":28,"shape":"rectangle","W":-0.0016255790487251787,"lim":0.3980295030182556}) (limit ≤ 1e-3 J + 0.5 % of ∮|τ·dq|)
     report: NAIVE variant (axial-row torque only, no flexion reaction): largest |∮| = 15.4713 J per loop (R rectangle φ 0–150°, ±28°) vs full gradient -1.63e-3 J
     φ   0°: IR 5.7 / 8.8 / 9.8 / 13.1 / 16.0  ER 3.8 / 6.3 / 7.1 / 9.9 / 12.5  (at 2.5 / 5 / 6 / 10 / 15 N·m)
     φ   5°: IR 5.7 / 8.8 / 9.8 / 13.1 / 16.0  ER 4.1 / 6.8 / 7.6 / 10.5 / 13.2  (at 2.5 / 5 / 6 / 10 / 15 N·m)
     φ  10°: IR 5.7 / 8.8 / 9.8 / 13.1 / 16.0  ER 5.0 / 8.0 / 9.0 / 12.1 / 15.0  (at 2.5 / 5 / 6 / 10 / 15 N·m)
     φ  15°: IR 5.7 / 8.8 / 9.8 / 13.1 / 16.0  ER 6.3 / 9.8 / 10.9 / 14.3 / 17.4  (at 2.5 / 5 / 6 / 10 / 15 N·m)
     φ  20°: IR 5.7 / 8.8 / 9.8 / 13.1 / 16.0  ER 7.8 / 11.8 / 13.1 / 16.8 / 20.1  (at 2.5 / 5 / 6 / 10 / 15 N·m)
     φ  25°: IR 5.7 / 8.8 / 9.8 / 13.1 / 16.0  ER 9.4 / 13.8 / 15.1 / 19.1 / 22.5  (at 2.5 / 5 / 6 / 10 / 15 N·m)
     φ  30°: IR 5.7 / 8.8 / 9.8 / 13.1 / 16.0  ER 10.6 / 15.3 / 16.7 / 20.8 / 24.3  (at 2.5 / 5 / 6 / 10 / 15 N·m)
     φ  35°: IR 5.7 / 8.8 / 9.8 / 13.1 / 16.0  ER 11.1 / 15.9 / 17.3 / 21.5 / 25.0  (at 2.5 / 5 / 6 / 10 / 15 N·m)
     φ  40°: IR 5.7 / 8.8 / 9.8 / 13.1 / 16.0  ER 11.1 / 15.9 / 17.3 / 21.5 / 25.0  (at 2.5 / 5 / 6 / 10 / 15 N·m)
     φ  60°: IR 5.7 / 8.8 / 9.8 / 13.1 / 16.0  ER 11.1 / 15.9 / 17.3 / 21.5 / 25.0  (at 2.5 / 5 / 6 / 10 / 15 N·m)
     φ  90°: IR 5.7 / 8.8 / 9.8 / 13.1 / 16.0  ER 11.1 / 15.9 / 17.3 / 21.5 / 25.0  (at 2.5 / 5 / 6 / 10 / 15 N·m)
     φ 120°: IR 5.7 / 8.8 / 9.8 / 13.1 / 16.0  ER 11.1 / 15.9 / 17.3 / 21.5 / 25.0  (at 2.5 / 5 / 6 / 10 / 15 N·m)
PASS KV4a.1 every in-vivo laxity point reproduced: max |z| 1.42 (IR0@5:-0.21 IR20@5:-0.49 IR30@5:-0.01 IR30@2.5:1.42 IR90@2.5:0.85 IR90@6:-0.04 IR30@10:0.69 IR30@15:1.33 ER0@5:-0.10 ER20@5:1.11 ER30@5:0.21 ER30@2.5:0.87 ER90@2.5:0.36 ER90@6:0.33 ER30@5:-0.89 ER30@10:-0.56 ER30@15:-0.07) (limit |z| ≤ 1.5)
PASS KV4a.2 rotation strictly increasing with torque: yes (limit strict)
FAIL KV4a.3 continuity across the 0–40° grid (5° steps): max adjacent change 2.66° (limit ≤ 2.5°)
PASS KV6a zero-torque interval = [θ0 − s·f_ER, θ0 + s·f_IR] for φ ∈ [−5, 40]°, both knees: max end error 7.99e-15°, 0 interval violations (limit ≤ 1e-6°, 0)
PASS KV7a Jolt stop ≥ 10° beyond the calibrated bound + 3° end-stop over the engine-reachable flexion range, both knees: min margin 31.94° at {"side":"R","f":107,"engineAnat":[-60,66],"bound":[-9.94,31.06]} (limit ≥ 10°)

12 / 13 bench checks pass
