     KV4b R φ 0° T 2.5: held 0.00°, rot 4.764° vs law 4.764° (Δ 0.000°)
     KV4b R φ 0° T 5: held 0.00°, rot 7.456° vs law 7.456° (Δ 0.000°)
     KV4b R φ 0° T 10: held 0.00°, rot 11.273° vs law 11.273° (Δ 0.000°)
     KV4b R φ 0° T -2.5: held -0.00°, rot -3.839° vs law -3.839° (Δ -0.000°)
     KV4b R φ 0° T -5: held 0.00°, rot -6.308° vs law -6.307° (Δ -0.000°)
     KV4b R φ 0° T -10: held 0.00°, rot -9.893° vs law -9.893° (Δ -0.000°)
     KV4b R φ 10° T 2.5: held 10.00°, rot 8.171° vs law 8.171° (Δ 0.000°)
     KV4b R φ 10° T 5: held 10.00°, rot 10.863° vs law 10.863° (Δ 0.000°)
     KV4b R φ 10° T 10: held 10.00°, rot 14.680° vs law 14.680° (Δ 0.000°)
     KV4b R φ 10° T -2.5: held 10.00°, rot -1.585° vs law -1.585° (Δ -0.000°)
     KV4b R φ 10° T -5: held 10.00°, rot -4.582° vs law -4.582° (Δ -0.000°)
     KV4b R φ 10° T -10: held 10.00°, rot -8.697° vs law -8.697° (Δ -0.000°)
     KV4b R φ 20° T 2.5: held 20.00°, rot 11.032° vs law 11.032° (Δ 0.000°)
     KV4b R φ 20° T 5: held 20.00°, rot 13.724° vs law 13.724° (Δ 0.000°)
     KV4b R φ 20° T 10: held 20.00°, rot 17.541° vs law 17.541° (Δ 0.000°)
     KV4b R φ 20° T -2.5: held 20.00°, rot -1.561° vs law -1.561° (Δ -0.000°)
     KV4b R φ 20° T -5: held 20.00°, rot -5.565° vs law -5.564° (Δ -0.000°)
     KV4b R φ 20° T -10: held 20.00°, rot -10.547° vs law -10.546° (Δ -0.000°)
     KV4b R φ 30° T 2.5: held 30.00°, rot 13.394° vs law 13.393° (Δ 0.000°)
     KV4b R φ 30° T 5: held 30.00°, rot 16.086° vs law 16.086° (Δ 0.000°)
     KV4b R φ 30° T 10: held 30.00°, rot 19.903° vs law 19.903° (Δ 0.000°)
     KV4b R φ 30° T -2.5: held 30.00°, rot -2.006° vs law -2.005° (Δ -0.000°)
     KV4b R φ 30° T -5: held 30.00°, rot -6.709° vs law -6.709° (Δ -0.000°)
     KV4b R φ 30° T -10: held 30.00°, rot -12.204° vs law -12.203° (Δ -0.000°)
     KV4b R φ 40° T 2.5: held 40.00°, rot 15.302° vs law 15.302° (Δ 0.000°)
     KV4b R φ 40° T 5: held 40.00°, rot 17.994° vs law 17.994° (Δ 0.000°)
     KV4b R φ 40° T 10: held 40.00°, rot 21.811° vs law 21.811° (Δ 0.000°)
     KV4b R φ 40° T -2.5: held 40.00°, rot -0.593° vs law -0.593° (Δ -0.000°)
     KV4b R φ 40° T -5: held 40.00°, rot -5.398° vs law -5.397° (Δ -0.000°)
     KV4b R φ 40° T -10: held 40.00°, rot -10.961° vs law -10.961° (Δ -0.000°)
     KV4b R φ 90° T 2.5: held 90.00°, rot 19.648° vs law 19.647° (Δ 0.000°)
     KV4b R φ 90° T 5: held 90.00°, rot 22.340° vs law 22.340° (Δ 0.000°)
     KV4b R φ 90° T 10: held 90.00°, rot 26.157° vs law 26.157° (Δ 0.000°)
     KV4b R φ 90° T -2.5: held 90.00°, rot 3.752° vs law 3.753° (Δ -0.000°)
     KV4b R φ 90° T -5: held 90.00°, rot -1.052° vs law -1.052° (Δ -0.000°)
     KV4b R φ 90° T -10: held 90.00°, rot -6.615° vs law -6.615° (Δ -0.000°)
     KV4b L φ 20° T 2.5: held 20.00°, rot 11.032° vs law 11.032° (Δ 0.000°)
     KV4b L φ 20° T 5: held 20.00°, rot 13.724° vs law 13.724° (Δ 0.000°)
     KV4b L φ 20° T 10: held 20.00°, rot 17.541° vs law 17.541° (Δ 0.000°)
     KV4b L φ 20° T -2.5: held 20.00°, rot -1.561° vs law -1.561° (Δ -0.000°)
     KV4b L φ 20° T -5: held 20.00°, rot -5.565° vs law -5.564° (Δ -0.000°)
     KV4b L φ 20° T -10: held 20.00°, rot -10.547° vs law -10.546° (Δ -0.000°)
PASS KV4b plant static rotation vs the bench law at the held flexion; held flexion: 0 / 42 outside (worst Δ 0.000°, worst flex error 0.00°) (limit max(0.3°, 3 %); flex ≤ 1.5°)
     KV3b φ 0–30° T 0: per cycle W_el 1.6e-2, 1.6e-2, 1.7e-2, 1.7e-2 J; closure 1.6e-2, 1.6e-2, 1.6e-2, 1.7e-2 J; [report: implicit dissipation 6.0e-3, 6.1e-3, 6.2e-3, 6.2e-3; closure + it 2.2e-2, 2.2e-2, 2.3e-2, 2.3e-2]; W_act 0.277, 0.285, 0.291, 0.296; D 0.292, 0.300, 0.307, 0.313
     KV3b φ 0–30° T 5: per cycle W_el 2.3e-2, 2.3e-2, 2.4e-2, 2.4e-2 J; closure 2.1e-2, 2.2e-2, 2.2e-2, 2.2e-2 J; [report: implicit dissipation 1.9e-2, 1.9e-2, 1.9e-2, 1.9e-2; closure + it 4.0e-2, 4.1e-2, 4.1e-2, 4.2e-2]; W_act 0.276, 0.283, 0.289, 0.294; D 0.296, 0.304, 0.310, 0.315
     KV3b φ 0–30° T -5: per cycle W_el 4.9e-3, 4.8e-3, 4.7e-3, 4.6e-3 J; closure 4.5e-3, 4.5e-3, 4.4e-3, 4.3e-3 J; [report: implicit dissipation 3.9e-3, 3.9e-3, 3.9e-3, 3.9e-3; closure + it 8.5e-3, 8.4e-3, 8.3e-3, 8.2e-3]; W_act 0.275, 0.283, 0.289, 0.294; D 0.279, 0.287, 0.293, 0.298
     KV3b φ 0–120° T 0: per cycle W_el 4.7e-2, 4.7e-2, 4.7e-2, 4.7e-2 J; closure -4.7e-2, -4.8e-2, -4.8e-2, -4.7e-2 J; [report: implicit dissipation 5.1e-2, 5.3e-2, 6.2e-2, 6.3e-2; closure + it 3.8e-3, 5.3e-3, 1.4e-2, 1.5e-2]; W_act 4.415, 4.424, 4.426, 4.425; D 4.368, 4.376, 4.378, 4.378
     KV3b φ 0–120° T 5: per cycle W_el 7.0e-2, 7.1e-2, 7.1e-2, 7.1e-2 J; closure -3.2e-2, -2.9e-2, -2.9e-2, -2.9e-2 J; [report: implicit dissipation 1.3e-1, 1.3e-1, 1.3e-1, 1.3e-1; closure + it 9.9e-2, 1.0e-1, 1.1e-1, 1.1e-1]; W_act 4.443, 4.436, 4.436, 4.436; D 4.411, 4.407, 4.407, 4.407
     KV3b φ 0–120° T -5: per cycle W_el 1.7e-2, 2.0e-2, 1.9e-2, 1.9e-2 J; closure -7.5e-2, -7.3e-2, -7.4e-2, -7.4e-2 J; [report: implicit dissipation 4.9e-2, 4.8e-2, 5.0e-2, 5.0e-2; closure + it -2.6e-2, -2.5e-2, -2.4e-2, -2.4e-2]; W_act 4.382, 4.385, 4.385, 4.385; D 4.305, 4.310, 4.309, 4.309
FAIL KV3b closed flexion cycles: elastic passive work per cycle; ledger closure; no amplitude growth: 12 cycle violations; max amplitude growth 2.06 % (limit |W_el| ≤ 0.02 J + 1 % ∮|P_el|; |closure| ≤ 0.05 J; growth ≤ 5 %)
PASS KV6b passive reference path followed with the axial free (0 → 40 → 0°): worst excess beyond slack + 1° = 0.000°; axial change 0 → 30° = 7.56° (limit ≤ 0; 8.6 ± 1.5°)
     KV7b φ 0° internal: at capacity 3.00° beyond the bound (14.00°); at 40 N·m θ 19.57°; min engine margin 46.4°; hold closure 4.9e-3 J
     KV7b φ 0° external: at capacity 3.00° beyond the bound (-12.50°); at 40 N·m θ -18.06°; min engine margin 41.9°; hold closure 5.7e-4 J
     KV7b φ 30° internal: at capacity 3.00° beyond the bound (22.63°); at 40 N·m θ 28.20°; min engine margin 37.8°; hold closure 4.0e-3 J
     KV7b φ 30° external: at capacity 3.00° beyond the bound (-15.68°); at 40 N·m θ -21.33°; min engine margin 38.7°; hold closure -4.6e-4 J
     KV7b φ 90° internal: at capacity 3.00° beyond the bound (28.88°); at 40 N·m θ 34.46°; min engine margin 31.5°; hold closure 1.2e-3 J
     KV7b φ 90° external: at capacity 3.00° beyond the bound (-10.12°); at 40 N·m θ -15.77°; min engine margin 44.2°; hold closure 5.7e-3 J
PASS KV7b end-stop engages at bound + 3°; no Jolt-stop contact; hold closure: 0 / 6 violations (limit 3 ± 0.75°; margin ≥ 0.25°; ≤ 0.05 J)
     KV8 180 Hz: KV4b true, KV3b true, KV6b true (Δ0→30 7.55°), KV7b true
     KV8 240 Hz: KV4b true, KV3b true, KV6b true (Δ0→30 7.56°), KV7b true
     KV8 480 Hz: KV4b true, KV3b true, KV6b true (Δ0→30 7.56°), KV7b true
PASS KV8 180 / 240 / 480 Hz: KV3b, KV4b, KV6b, KV7b criteria hold; KV4b static rotation spread: all criteria true; KV4b spread 0.000° (limit all; ≤ 0.3°)
     KV2b kv4b R0 240Hz: |W_pas + ΔU + D| 4.45e-1 J (signed -4.45e-1; implicit dissipation 4.84e-1; + it: 3.94e-2) (lim 0.086)
     KV2b kv4b R10 240Hz: |W_pas + ΔU + D| 4.51e-1 J (signed -4.51e-1; implicit dissipation 4.91e-1; + it: 4.05e-2) (lim 0.091)
     KV2b kv4b R20 240Hz: |W_pas + ΔU + D| 4.62e-1 J (signed -4.62e-1; implicit dissipation 5.03e-1; + it: 4.10e-2) (lim 0.100)
     KV2b kv4b R30 240Hz: |W_pas + ΔU + D| 4.69e-1 J (signed -4.69e-1; implicit dissipation 5.10e-1; + it: 4.05e-2) (lim 0.106)
     KV2b kv4b R40 240Hz: |W_pas + ΔU + D| 4.70e-1 J (signed -4.70e-1; implicit dissipation 5.11e-1; + it: 4.08e-2) (lim 0.107)
     KV2b kv4b R90 240Hz: |W_pas + ΔU + D| 4.71e-1 J (signed -4.71e-1; implicit dissipation 5.11e-1; + it: 4.00e-2) (lim 0.107)
     KV2b kv4b L20 240Hz: |W_pas + ΔU + D| 4.62e-1 J (signed -4.62e-1; implicit dissipation 5.03e-1; + it: 4.04e-2) (lim 0.100)
     KV2b kv3b 0-30 T0 240Hz: |W_pas + ΔU + D| 8.22e-2 J (signed 8.22e-2; implicit dissipation 3.05e-2; + it: 1.13e-1) (lim 0.048)
     KV2b kv4b R20 180Hz: |W_pas + ΔU + D| 5.59e-1 J (signed -5.59e-1; implicit dissipation 6.10e-1; + it: 5.14e-2) (lim 0.096)
     KV2b kv4b R20 240Hz: |W_pas + ΔU + D| 4.62e-1 J (signed -4.62e-1; implicit dissipation 5.03e-1; + it: 4.10e-2) (lim 0.100)
     KV2b kv4b R20 480Hz: |W_pas + ΔU + D| 2.62e-1 J (signed -2.62e-1; implicit dissipation 2.92e-1; + it: 3.02e-2) (lim 0.109)
FAIL KV2b passive work = −ΔU − viscous loss in every rig run: 11 / 35 runs outside (limit ≤ 0.02 J + 2 % ∫|P_pas|)
     report (erratum view): with the implicit-drive dissipation added and the strict residual dissipative (≤ 0): 23 / 35 runs within the same limit
FAIL KV2b′.ab elastic part creates no energy (W_el + ΔU ≤ 0.02 J + 0.5 % ∫|P_el|); viscous part dissipative (W_visc ≤ 0.02 J) — every rig run: kv3b_0_30_0_240: W_el + ΔU 8.20e-2 J (lim 0.020), W_visc -1.49e+0 J | kv3b_0_120_0_240: W_el + ΔU 2.32e-1 J (lim 0.025), W_visc -2.17e+1 J | kv3b_0_120_5_240: W_el + ΔU 2.31e-1 J (lim 0.094), W_visc -2.22e+1 J (limit all)
     KV2b′.c kv4b_R20: |W_el + ΔU| 6.01e-1 / 4.90e-1 / 2.71e-1 J at 180 / 240 / 480 Hz → order 0.85
     KV2b′.c kv3b_0_30_5: |W_el + ΔU| 2.29e-2 / 4.77e-3 / 2.99e-2 J at 180 / 240 / 480 Hz → order -2.65 (below 5 mJ)
     KV2b′.c kv6b: |W_el + ΔU| 5.75e-3 / 5.75e-3 / 5.75e-3 J at 180 / 240 / 480 Hz → order -0.00
     KV2b′.c kv7b_30_1: |W_el + ΔU| 3.39e-2 / 2.07e-2 / 9.48e-3 J at 180 / 240 / 480 Hz → order 1.13
     KV2b′.c kv7b_30_-1: |W_el + ΔU| 5.48e-2 / 4.19e-2 / 9.49e-3 J at 180 / 240 / 480 Hz → order 2.14
FAIL KV2b′.c consistency: the elastic energy mismatch converges with the timestep (order ≥ 0.5, monotone), or stays below 5 mJ: kv6b (limit all)
FAIL KV3b′ closed cycles: no energy creation (closure ≤ +0.05 J), no net elastic energy per cycle, no pumping (energy at the same phase non-increasing): 0-120 T0 c1: W_el 0.046 | 0-120 T0 c2: W_el 0.046 | 0-120 T0 c3: W_el 0.046 | 0-120 T0 c4: W_el 0.047 (limit all)

4 / 9 rig checks pass
