k 0.13 V2-175-70  roll 4    DECAYING  growth 0.14  fabd amp 2–7 s 2.2° → 15–20 s 0.3° (final 0.21°), pelvis yaw final 0.14°; recovered
k 0.13 V2-175-70  roll 8    DECAYING  growth 0.14  fabd amp 2–7 s 5.6° → 15–20 s 0.8° (final 0.58°), pelvis yaw final 0.36°; recovered
k 0.13 V2-175-70  yaw 4     DECAYING  growth 0.14  fabd amp 2–7 s 6.3° → 15–20 s 0.9° (final 0.63°), pelvis yaw final 0.34°; recovered
k 0.13 V2-175-70  yaw 8     DECAYING  growth 0.11  fabd amp 2–7 s 7.4° → 15–20 s 0.8° (final 0.56°), pelvis yaw final 0.36°; recovered
k 0.13 V2-175-70  pitch 8   QUIET     growth 0.00  fabd amp 2–7 s 0.0° → 15–20 s 0.0° (final 0°), pelvis yaw final 0°; recovered
k 0.13 V2-175-70  push R 15 DECAYING  growth 0.13  fabd amp 2–7 s 4.8° → 15–20 s 0.6° (final 0.47°), pelvis yaw final 0.31°; recovered
k 0.13 V2-175-70  push F 15 QUIET     growth 0.00  fabd amp 2–7 s 0.0° → 15–20 s 0.0° (final 0°), pelvis yaw final 0°; recovered
k 0.13 V2-190-85  roll 4    GROWING   growth 2.81  fabd amp 2–7 s 3.6° → 15–20 s 10.1° (final 10.34°), pelvis yaw final 4.92°; recovered
k 0.13 V2-190-85  roll 8    SUSTAINED growth 1.13  fabd amp 2–7 s 9.0° → 15–20 s 10.1° (final 10.49°), pelvis yaw final 6.42°; recovered
k 0.13 V2-190-85  yaw 4     SUSTAINED growth 1.03  fabd amp 2–7 s 9.8° → 15–20 s 10.1° (final 10.41°), pelvis yaw final 5°; recovered
k 0.13 V2-190-85  yaw 8     SUSTAINED growth 1.01  fabd amp 2–7 s 10.0° → 15–20 s 10.2° (final 10.63°), pelvis yaw final 5.82°; recovered
k 0.13 V2-190-85  pitch 8   QUIET     growth 3.95  fabd amp 2–7 s 0.0° → 15–20 s 0.1° (final 0.08°), pelvis yaw final 0.05°; recovered
k 0.13 V2-190-85  push R 15 SUSTAINED growth 1.08  fabd amp 2–7 s 9.3° → 15–20 s 10.1° (final 10.31°), pelvis yaw final 6.42°; recovered
k 0.13 V2-190-85  push F 15 QUIET     growth 0.00  fabd amp 2–7 s 0.0° → 15–20 s 0.0° (final 0°), pelvis yaw final 0°; recovered
k 0.13 V2-long-legs roll 4    DECAYING  growth 0.45  fabd amp 2–7 s 2.3° → 15–20 s 1.0° (final 0.83°), pelvis yaw final 0.59°; recovered
k 0.13 V2-long-legs roll 8    DECAYING  growth 0.45  fabd amp 2–7 s 6.8° → 15–20 s 3.1° (final 2.4°), pelvis yaw final 1.73°; recovered
k 0.13 V2-long-legs yaw 4     DECAYING  growth 0.45  fabd amp 2–7 s 8.2° → 15–20 s 3.7° (final 3.33°), pelvis yaw final 2.07°; recovered
k 0.13 V2-long-legs yaw 8     DECAYING  growth 0.45  fabd amp 2–7 s 8.8° → 15–20 s 3.9° (final 3.52°), pelvis yaw final 2.2°; recovered
k 0.13 V2-long-legs pitch 8   QUIET     growth 0.01  fabd amp 2–7 s 0.0° → 15–20 s 0.0° (final 0°), pelvis yaw final 0°; recovered
k 0.13 V2-long-legs push R 15 DECAYING  growth 0.45  fabd amp 2–7 s 6.0° → 15–20 s 2.7° (final 2.22°), pelvis yaw final 1.53°; recovered
k 0.13 V2-long-legs push F 15 QUIET     growth 0.00  fabd amp 2–7 s 0.0° → 15–20 s 0.0° (final 0°), pelvis yaw final 0°; recovered
k 0.13 V2-short-legs roll 4    GROWING   growth 2.72  fabd amp 2–7 s 3.5° → 15–20 s 9.5° (final 10.41°), pelvis yaw final 6.4°; recovered
k 0.13 V2-short-legs roll 8    SUSTAINED growth 1.20  fabd amp 2–7 s 8.3° → 15–20 s 9.9° (final 8.61°), pelvis yaw final 6.56°; recovered
k 0.13 V2-short-legs yaw 4     SUSTAINED growth 1.02  fabd amp 2–7 s 9.7° → 15–20 s 9.9° (final 10.41°), pelvis yaw final 6.57°; recovered
k 0.13 V2-short-legs yaw 8     SUSTAINED growth 1.01  fabd amp 2–7 s 9.9° → 15–20 s 9.9° (final 10.39°), pelvis yaw final 6.56°; recovered
k 0.13 V2-short-legs pitch 8   QUIET     growth 0.24  fabd amp 2–7 s 0.0° → 15–20 s 0.0° (final 0°), pelvis yaw final 0°; recovered
k 0.13 V2-short-legs push R 15 SUSTAINED growth 1.17  fabd amp 2–7 s 8.1° → 15–20 s 9.4° (final 9.83°), pelvis yaw final 5.34°; recovered
k 0.13 V2-short-legs push F 15 QUIET     growth 0.10  fabd amp 2–7 s 0.0° → 15–20 s 0.0° (final 0°), pelvis yaw final 0°; recovered
k 0.13 V1-matched roll 4    GROWING   growth 2.36  fabd amp 2–7 s 3.0° → 15–20 s 7.2° (final 7.54°), pelvis yaw final 4.96°; recovered
k 0.13 V1-matched roll 8    SUSTAINED growth 1.21  fabd amp 2–7 s 8.0° → 15–20 s 9.7° (final 10.33°), pelvis yaw final 6.33°; recovered
k 0.13 V1-matched yaw 4     SUSTAINED growth 1.03  fabd amp 2–7 s 9.5° → 15–20 s 9.8° (final 10.16°), pelvis yaw final 4.89°; recovered
k 0.13 V1-matched yaw 8     SUSTAINED growth 1.01  fabd amp 2–7 s 9.8° → 15–20 s 9.9° (final 10.31°), pelvis yaw final 5.58°; recovered
k 0.13 V1-matched pitch 8   QUIET     growth 0.34  fabd amp 2–7 s 0.0° → 15–20 s 0.0° (final 0°), pelvis yaw final 0°; recovered
k 0.13 V1-matched push R 15 SUSTAINED growth 1.19  fabd amp 2–7 s 8.3° → 15–20 s 9.8° (final 10.28°), pelvis yaw final 6.33°; recovered
k 0.13 V1-matched push F 15 QUIET     growth 0.00  fabd amp 2–7 s 0.0° → 15–20 s 0.0° (final 0°), pelvis yaw final 0°; recovered
