k 0.13 {"ikRefTwist":true} V2-175-70  roll 4    DECAYING  growth 0.00  fabd amp 2–7 s 0.3° → 15–20 s 0.0° (final 0°), pelvis yaw final 0°; recovered
k 0.13 {"ikRefTwist":true} V2-175-70  roll 8    DECAYING  growth 0.00  fabd amp 2–7 s 0.6° → 15–20 s 0.0° (final 0°), pelvis yaw final 0°; recovered
k 0.13 {"ikRefTwist":true} V2-175-70  yaw 4     DECAYING  growth 0.00  fabd amp 2–7 s 3.0° → 15–20 s 0.0° (final 0°), pelvis yaw final 0°; recovered
k 0.13 {"ikRefTwist":true} V2-175-70  yaw 8     DECAYING  growth 0.00  fabd amp 2–7 s 4.0° → 15–20 s 0.0° (final 0°), pelvis yaw final 0°; recovered
k 0.13 {"ikRefTwist":true} V2-175-70  pitch 8   QUIET     growth 0.00  fabd amp 2–7 s 0.0° → 15–20 s 0.0° (final 0°), pelvis yaw final 0°; recovered
k 0.13 {"ikRefTwist":true} V2-175-70  push R 15 DECAYING  growth 0.00  fabd amp 2–7 s 0.6° → 15–20 s 0.0° (final 0°), pelvis yaw final 0°; recovered
k 0.13 {"ikRefTwist":true} V2-175-70  push F 15 QUIET     growth 0.02  fabd amp 2–7 s 0.0° → 15–20 s 0.0° (final 0°), pelvis yaw final 0°; recovered
k 0.13 {"ikRefTwist":true} V2-190-85  roll 4    QUIET     growth 0.00  fabd amp 2–7 s 0.3° → 15–20 s 0.0° (final 0°), pelvis yaw final 0°; recovered
k 0.13 {"ikRefTwist":true} V2-190-85  roll 8    DECAYING  growth 0.00  fabd amp 2–7 s 0.6° → 15–20 s 0.0° (final 0°), pelvis yaw final 0°; recovered
k 0.13 {"ikRefTwist":true} V2-190-85  yaw 4     DECAYING  growth 0.00  fabd amp 2–7 s 2.4° → 15–20 s 0.0° (final 0°), pelvis yaw final 0°; recovered
k 0.13 {"ikRefTwist":true} V2-190-85  yaw 8     DECAYING  growth 0.00  fabd amp 2–7 s 3.4° → 15–20 s 0.0° (final 0°), pelvis yaw final 0°; recovered
k 0.13 {"ikRefTwist":true} V2-190-85  pitch 8   QUIET     growth 0.00  fabd amp 2–7 s 0.0° → 15–20 s 0.0° (final 0°), pelvis yaw final 0°; recovered
k 0.13 {"ikRefTwist":true} V2-190-85  push R 15 DECAYING  growth 0.00  fabd amp 2–7 s 1.1° → 15–20 s 0.0° (final 0°), pelvis yaw final 0°; recovered
k 0.13 {"ikRefTwist":true} V2-190-85  push F 15 QUIET     growth 0.01  fabd amp 2–7 s 0.0° → 15–20 s 0.0° (final 0°), pelvis yaw final 0°; recovered
k 0.13 {"ikRefTwist":true} V2-long-legs roll 4    DECAYING  growth 0.00  fabd amp 2–7 s 0.3° → 15–20 s 0.0° (final 0°), pelvis yaw final 0°; recovered
k 0.13 {"ikRefTwist":true} V2-long-legs roll 8    DECAYING  growth 0.00  fabd amp 2–7 s 0.6° → 15–20 s 0.0° (final 0°), pelvis yaw final 0°; recovered
k 0.13 {"ikRefTwist":true} V2-long-legs yaw 4     DECAYING  growth 0.00  fabd amp 2–7 s 2.9° → 15–20 s 0.0° (final 0°), pelvis yaw final 0°; recovered
k 0.13 {"ikRefTwist":true} V2-long-legs yaw 8     DECAYING  growth 0.00  fabd amp 2–7 s 4.0° → 15–20 s 0.0° (final 0°), pelvis yaw final 0°; recovered
k 0.13 {"ikRefTwist":true} V2-long-legs pitch 8   QUIET     growth 0.00  fabd amp 2–7 s 0.0° → 15–20 s 0.0° (final 0°), pelvis yaw final 0°; recovered
k 0.13 {"ikRefTwist":true} V2-long-legs push R 15 DECAYING  growth 0.00  fabd amp 2–7 s 0.8° → 15–20 s 0.0° (final 0°), pelvis yaw final 0°; recovered
k 0.13 {"ikRefTwist":true} V2-long-legs push F 15 QUIET     growth 0.01  fabd amp 2–7 s 0.0° → 15–20 s 0.0° (final 0°), pelvis yaw final 0°; recovered
k 0.13 {"ikRefTwist":true} V2-short-legs roll 4    QUIET     growth 0.00  fabd amp 2–7 s 0.2° → 15–20 s 0.0° (final 0°), pelvis yaw final 0°; recovered
k 0.13 {"ikRefTwist":true} V2-short-legs roll 8    DECAYING  growth 0.00  fabd amp 2–7 s 0.4° → 15–20 s 0.0° (final 0°), pelvis yaw final 0°; recovered
k 0.13 {"ikRefTwist":true} V2-short-legs yaw 4     DECAYING  growth 0.00  fabd amp 2–7 s 2.7° → 15–20 s 0.0° (final 0°), pelvis yaw final 0°; recovered
k 0.13 {"ikRefTwist":true} V2-short-legs yaw 8     DECAYING  growth 0.00  fabd amp 2–7 s 3.8° → 15–20 s 0.0° (final 0°), pelvis yaw final 0°; recovered
k 0.13 {"ikRefTwist":true} V2-short-legs pitch 8   QUIET     growth 0.02  fabd amp 2–7 s 0.0° → 15–20 s 0.0° (final 0°), pelvis yaw final 0°; recovered
k 0.13 {"ikRefTwist":true} V2-short-legs push R 15 DECAYING  growth 0.00  fabd amp 2–7 s 0.9° → 15–20 s 0.0° (final 0°), pelvis yaw final 0°; recovered
k 0.13 {"ikRefTwist":true} V2-short-legs push F 15 QUIET     growth 0.00  fabd amp 2–7 s 0.0° → 15–20 s 0.0° (final 0°), pelvis yaw final 0°; recovered
k 0.13 {"ikRefTwist":true} V1-matched roll 4    QUIET     growth 0.00  fabd amp 2–7 s 0.3° → 15–20 s 0.0° (final 0°), pelvis yaw final 0°; recovered
k 0.13 {"ikRefTwist":true} V1-matched roll 8    DECAYING  growth 0.00  fabd amp 2–7 s 0.5° → 15–20 s 0.0° (final 0°), pelvis yaw final 0°; recovered
k 0.13 {"ikRefTwist":true} V1-matched yaw 4     DECAYING  growth 0.00  fabd amp 2–7 s 2.4° → 15–20 s 0.0° (final 0°), pelvis yaw final 0°; recovered
k 0.13 {"ikRefTwist":true} V1-matched yaw 8     DECAYING  growth 0.00  fabd amp 2–7 s 3.6° → 15–20 s 0.0° (final 0°), pelvis yaw final 0°; recovered
k 0.13 {"ikRefTwist":true} V1-matched pitch 8   QUIET     growth 0.00  fabd amp 2–7 s 0.0° → 15–20 s 0.0° (final 0°), pelvis yaw final 0°; recovered
k 0.13 {"ikRefTwist":true} V1-matched push R 15 DECAYING  growth 0.00  fabd amp 2–7 s 1.0° → 15–20 s 0.0° (final 0°), pelvis yaw final 0°; recovered
k 0.13 {"ikRefTwist":true} V1-matched push F 15 QUIET     growth 0.00  fabd amp 2–7 s 0.0° → 15–20 s 0.0° (final 0°), pelvis yaw final 0°; recovered
