k 0.13 {"ikTwistBlend":0.5} V2-175-70  roll 4    DECAYING  growth 0.00  fabd amp 2–7 s 0.6° → 15–20 s 0.0° (final 0°), pelvis yaw final 0°; recovered
k 0.13 {"ikTwistBlend":0.5} V2-175-70  roll 8    DECAYING  growth 0.00  fabd amp 2–7 s 1.2° → 15–20 s 0.0° (final 0°), pelvis yaw final 0°; recovered
k 0.13 {"ikTwistBlend":0.5} V2-175-70  yaw 4     DECAYING  growth 0.00  fabd amp 2–7 s 3.6° → 15–20 s 0.0° (final 0°), pelvis yaw final 0°; recovered
k 0.13 {"ikTwistBlend":0.5} V2-175-70  yaw 8     DECAYING  growth 0.00  fabd amp 2–7 s 4.7° → 15–20 s 0.0° (final 0°), pelvis yaw final 0°; recovered
k 0.13 {"ikTwistBlend":0.5} V2-175-70  pitch 8   QUIET     growth 0.00  fabd amp 2–7 s 0.0° → 15–20 s 0.0° (final 0°), pelvis yaw final 0°; recovered
k 0.13 {"ikTwistBlend":0.5} V2-175-70  push R 15 DECAYING  growth 0.00  fabd amp 2–7 s 1.0° → 15–20 s 0.0° (final 0°), pelvis yaw final 0°; recovered
k 0.13 {"ikTwistBlend":0.5} V2-175-70  push F 15 QUIET     growth 0.00  fabd amp 2–7 s 0.0° → 15–20 s 0.0° (final 0°), pelvis yaw final 0°; recovered
k 0.13 {"ikTwistBlend":0.5} V2-190-85  roll 4    DECAYING  growth 0.01  fabd amp 2–7 s 0.6° → 15–20 s 0.0° (final 0°), pelvis yaw final 0°; recovered
k 0.13 {"ikTwistBlend":0.5} V2-190-85  roll 8    DECAYING  growth 0.01  fabd amp 2–7 s 1.4° → 15–20 s 0.0° (final 0.01°), pelvis yaw final 0°; recovered
k 0.13 {"ikTwistBlend":0.5} V2-190-85  yaw 4     DECAYING  growth 0.01  fabd amp 2–7 s 5.3° → 15–20 s 0.0° (final 0.01°), pelvis yaw final 0.01°; recovered
k 0.13 {"ikTwistBlend":0.5} V2-190-85  yaw 8     DECAYING  growth 0.01  fabd amp 2–7 s 6.6° → 15–20 s 0.1° (final 0.02°), pelvis yaw final 0.01°; recovered
k 0.13 {"ikTwistBlend":0.5} V2-190-85  pitch 8   QUIET     growth 0.00  fabd amp 2–7 s 0.0° → 15–20 s 0.0° (final 0°), pelvis yaw final 0°; recovered
k 0.13 {"ikTwistBlend":0.5} V2-190-85  push R 15 DECAYING  growth 0.01  fabd amp 2–7 s 1.4° → 15–20 s 0.0° (final 0.01°), pelvis yaw final 0°; recovered
k 0.13 {"ikTwistBlend":0.5} V2-190-85  push F 15 QUIET     growth 0.00  fabd amp 2–7 s 0.0° → 15–20 s 0.0° (final 0°), pelvis yaw final 0°; recovered
k 0.13 {"ikTwistBlend":0.5} V2-long-legs roll 4    DECAYING  growth 0.00  fabd amp 2–7 s 0.6° → 15–20 s 0.0° (final 0°), pelvis yaw final 0°; recovered
k 0.13 {"ikTwistBlend":0.5} V2-long-legs roll 8    DECAYING  growth 0.00  fabd amp 2–7 s 1.5° → 15–20 s 0.0° (final 0°), pelvis yaw final 0°; recovered
k 0.13 {"ikTwistBlend":0.5} V2-long-legs yaw 4     DECAYING  growth 0.00  fabd amp 2–7 s 4.3° → 15–20 s 0.0° (final 0°), pelvis yaw final 0°; recovered
k 0.13 {"ikTwistBlend":0.5} V2-long-legs yaw 8     DECAYING  growth 0.00  fabd amp 2–7 s 5.8° → 15–20 s 0.0° (final 0°), pelvis yaw final 0°; recovered
k 0.13 {"ikTwistBlend":0.5} V2-long-legs pitch 8   QUIET     growth 0.00  fabd amp 2–7 s 0.0° → 15–20 s 0.0° (final 0°), pelvis yaw final 0°; recovered
k 0.13 {"ikTwistBlend":0.5} V2-long-legs push R 15 DECAYING  growth 0.00  fabd amp 2–7 s 1.1° → 15–20 s 0.0° (final 0°), pelvis yaw final 0°; recovered
k 0.13 {"ikTwistBlend":0.5} V2-long-legs push F 15 QUIET     growth 0.00  fabd amp 2–7 s 0.0° → 15–20 s 0.0° (final 0°), pelvis yaw final 0°; recovered
k 0.13 {"ikTwistBlend":0.5} V2-short-legs roll 4    DECAYING  growth 0.00  fabd amp 2–7 s 0.6° → 15–20 s 0.0° (final 0°), pelvis yaw final 0°; recovered
k 0.13 {"ikTwistBlend":0.5} V2-short-legs roll 8    DECAYING  growth 0.00  fabd amp 2–7 s 1.3° → 15–20 s 0.0° (final 0°), pelvis yaw final 0°; recovered
k 0.13 {"ikTwistBlend":0.5} V2-short-legs yaw 4     DECAYING  growth 0.00  fabd amp 2–7 s 4.4° → 15–20 s 0.0° (final 0°), pelvis yaw final 0°; recovered
k 0.13 {"ikTwistBlend":0.5} V2-short-legs yaw 8     DECAYING  growth 0.00  fabd amp 2–7 s 5.6° → 15–20 s 0.0° (final 0°), pelvis yaw final 0°; recovered
k 0.13 {"ikTwistBlend":0.5} V2-short-legs pitch 8   QUIET     growth 0.00  fabd amp 2–7 s 0.0° → 15–20 s 0.0° (final 0°), pelvis yaw final 0°; recovered
k 0.13 {"ikTwistBlend":0.5} V2-short-legs push R 15 DECAYING  growth 0.00  fabd amp 2–7 s 1.3° → 15–20 s 0.0° (final 0°), pelvis yaw final 0°; recovered
k 0.13 {"ikTwistBlend":0.5} V2-short-legs push F 15 QUIET     growth 0.00  fabd amp 2–7 s 0.0° → 15–20 s 0.0° (final 0°), pelvis yaw final 0°; recovered
k 0.13 {"ikTwistBlend":0.5} V1-matched roll 4    DECAYING  growth 0.00  fabd amp 2–7 s 0.6° → 15–20 s 0.0° (final 0°), pelvis yaw final 0°; recovered
k 0.13 {"ikTwistBlend":0.5} V1-matched roll 8    DECAYING  growth 0.00  fabd amp 2–7 s 1.3° → 15–20 s 0.0° (final 0°), pelvis yaw final 0°; recovered
k 0.13 {"ikTwistBlend":0.5} V1-matched yaw 4     DECAYING  growth 0.00  fabd amp 2–7 s 4.8° → 15–20 s 0.0° (final 0.01°), pelvis yaw final 0°; recovered
k 0.13 {"ikTwistBlend":0.5} V1-matched yaw 8     DECAYING  growth 0.00  fabd amp 2–7 s 6.2° → 15–20 s 0.0° (final 0.01°), pelvis yaw final 0.01°; recovered
k 0.13 {"ikTwistBlend":0.5} V1-matched pitch 8   QUIET     growth 0.00  fabd amp 2–7 s 0.0° → 15–20 s 0.0° (final 0°), pelvis yaw final 0°; recovered
k 0.13 {"ikTwistBlend":0.5} V1-matched push R 15 DECAYING  growth 0.01  fabd amp 2–7 s 1.3° → 15–20 s 0.0° (final 0°), pelvis yaw final 0°; recovered
k 0.13 {"ikTwistBlend":0.5} V1-matched push F 15 QUIET     growth 0.00  fabd amp 2–7 s 0.0° → 15–20 s 0.0° (final 0°), pelvis yaw final 0°; recovered
