A_shift      upright final RECOVERABLE_IN_PLACE loads ΣvsBW 1.33 N maxΔ/step 27.3 N shareR [0.052,0.948] | drift L 0.01 R 0 COM 1.03 cm slid L 1.6 R 1.6 mm | root 0.031/0.07 N | sep 0.16 limMargin 1.6° | cpu 1.1924 | audit 0/0 fixture false | det true f077dea3
      #0 shift w=0.25 DONE
      #1 shift w=0.1 DONE
      #2 shift w=0.5 DONE
      #3 shift w=0.75 DONE
      #4 shift w=0.9 DONE
      #5 shift w=0.5 DONE
B_lift_R     upright final RECOVERABLE_IN_PLACE loads ΣvsBW 1.28 N maxΔ/step 35.3 N shareR [0,0.68] | drift L 0.02 R 0.06 COM 1.81 cm slid L 1.5 R 0.9 mm | root 0.028/0.11 N | sep 0.16 limMargin 0° | cpu 1.1969 | audit 0/0 fixture false | det true 9c2f56b
      #0 lift R  → REJECTED (weight transfer not achieved: swing load 86 N, ξ margin on the stance foot 6.9 cm, |v| 0.01 m/s)
         metrics: sole clearance min null / peak null cm · to stance leg null cm · swing pen null mm · stance slid 0.25 mm · leg self-contact 0 mm · limit margin 0° (ankle_L) · root max 0.11 N · class RECOVERABLE_IN_PLACE · sat {"hip_L":4}
B_hold_R     upright final RECOVERABLE_IN_PLACE loads ΣvsBW 0.48 N maxΔ/step 35.3 N shareR [0,0.68] | drift L 0.05 R 0.12 COM 0.06 cm slid L 2.2 R 1.6 mm | root 0.021/0.11 N | sep 0.16 limMargin 0° | cpu 1.0213 | audit 0/0 fixture false | det true f4e49afc
      #0 lift R  → REJECTED (weight transfer not achieved: swing load 86 N, ξ margin on the stance foot 6.9 cm, |v| 0.01 m/s)
         metrics: sole clearance min null / peak null cm · to stance leg null cm · swing pen null mm · stance slid 0.25 mm · leg self-contact 0 mm · limit margin 0° (ankle_L) · root max 0.11 N · class RECOVERABLE_IN_PLACE · sat {"hip_L":4}
B_lift_L     upright final RECOVERABLE_IN_PLACE loads ΣvsBW 1.21 N maxΔ/step 27.3 N shareR [0.32,1] | drift L 0.05 R 0.01 COM 1.79 cm slid L 0.9 R 1.5 mm | root 0.028/0.11 N | sep 0.16 limMargin 0° | cpu 1.1524 | audit 0/0 fixture false | det true 300ce354
      #0 lift L  → REJECTED (weight transfer not achieved: swing load 87 N, ξ margin on the stance foot 6.9 cm, |v| 0.01 m/s)
         metrics: sole clearance min null / peak null cm · to stance leg null cm · swing pen null mm · stance slid 0.23 mm · leg self-contact 0 mm · limit margin 0° (ankle_R) · root max 0.11 N · class RECOVERABLE_IN_PLACE · sat {"hip_R":4}
C_lat_R      upright final RECOVERABLE_IN_PLACE loads ΣvsBW 1.65 N maxΔ/step 35.3 N shareR [0,0.68] | drift L 0.02 R 0.07 COM 3.85 cm slid L 1.4 R 0.8 mm | root 0.031/0.11 N | sep 0.16 limMargin 0° | cpu 1.1809 | audit 0/0 fixture false | det true b43f4ab7
      #0 place R  → REJECTED (weight transfer not achieved: swing load 86 N, ξ margin on the stance foot 6.9 cm, |v| 0.01 m/s) · projected 1.5 cm [single support: needs 6.7 cm of pelvis drop to reach (the stance ankle allows 6.1 cm)]
         metrics: sole clearance min null / peak null cm · to stance leg null cm · swing pen null mm · stance slid 0.25 mm · leg self-contact 0 mm · limit margin 0° (ankle_L) · root max 0.11 N · class RECOVERABLE_IN_PLACE · sat {"hip_L":4}
D_fwd_R      upright final RECOVERABLE_IN_PLACE loads ΣvsBW 1.65 N maxΔ/step 35.3 N shareR [0,0.68] | drift L 0.02 R 0.07 COM 3.85 cm slid L 1.4 R 0.8 mm | root 0.031/0.11 N | sep 0.16 limMargin 0° | cpu 1.1758 | audit 0/0 fixture false | det true b43f4ab7
      #0 place R  → REJECTED (weight transfer not achieved: swing load 86 N, ξ margin on the stance foot 6.9 cm, |v| 0.01 m/s)
         metrics: sole clearance min null / peak null cm · to stance leg null cm · swing pen null mm · stance slid 0.25 mm · leg self-contact 0 mm · limit margin 0° (ankle_L) · root max 0.11 N · class RECOVERABLE_IN_PLACE · sat {"hip_L":4}
E_bwd_R      upright final RECOVERABLE_IN_PLACE loads ΣvsBW 1.65 N maxΔ/step 35.3 N shareR [0,0.68] | drift L 0.02 R 0.07 COM 3.85 cm slid L 1.4 R 0.8 mm | root 0.031/0.11 N | sep 0.16 limMargin 0° | cpu 1.1691 | audit 0/0 fixture false | det true b43f4ab7
      #0 place R  → REJECTED (weight transfer not achieved: swing load 86 N, ξ margin on the stance foot 6.9 cm, |v| 0.01 m/s)
         metrics: sole clearance min null / peak null cm · to stance leg null cm · swing pen null mm · stance slid 0.25 mm · leg self-contact 0 mm · limit margin 0° (ankle_L) · root max 0.11 N · class RECOVERABLE_IN_PLACE · sat {"hip_L":4}
F_onfoot     upright final RECOVERABLE_IN_PLACE loads ΣvsBW 1.65 N maxΔ/step 35.3 N shareR [0,0.68] | drift L 0.02 R 0.07 COM 3.85 cm slid L 1.4 R 0.8 mm | root 0.031/0.11 N | sep 0.16 limMargin 0° | cpu 1.1861 | audit 0/0 fixture false | det true b43f4ab7
      #0 place R  → REJECTED (weight transfer not achieved: swing load 86 N, ξ margin on the stance foot 6.9 cm, |v| 0.01 m/s) · projected 19.7 cm [crossover: -0 cm to its own side of the stance foot (min 10 cm); footprint overlaps the stance foot; swing path passes through the stance foot]
         metrics: sole clearance min null / peak null cm · to stance leg null cm · swing pen null mm · stance slid 0.25 mm · leg self-contact 0 mm · limit margin 0° (ankle_L) · root max 0.11 N · class RECOVERABLE_IN_PLACE · sat {"hip_L":4}
F_cross      upright final RECOVERABLE_IN_PLACE loads ΣvsBW 1.65 N maxΔ/step 35.3 N shareR [0,0.68] | drift L 0.02 R 0.07 COM 3.85 cm slid L 1.4 R 0.8 mm | root 0.031/0.11 N | sep 0.16 limMargin 0° | cpu 1.1953 | audit 0/0 fixture false | det true b43f4ab7
      #0 place R  → REJECTED (weight transfer not achieved: swing load 86 N, ξ margin on the stance foot 6.9 cm, |v| 0.01 m/s) · projected 28.1 cm [crossover: -8 cm to its own side of the stance foot (min 10 cm); footprint overlaps the stance foot; swing path passes through the stance foot]
         metrics: sole clearance min null / peak null cm · to stance leg null cm · swing pen null mm · stance slid 0.25 mm · leg self-contact 0 mm · limit margin 0° (ankle_L) · root max 0.11 N · class RECOVERABLE_IN_PLACE · sat {"hip_L":4}
G_far        upright final RECOVERABLE_IN_PLACE loads ΣvsBW 1.43 N maxΔ/step 35.3 N shareR [0,0.68] | drift L 0.01 R 0.07 COM 2.63 cm slid L 1.4 R 0.8 mm | root 0.029/0.11 N | sep 0.16 limMargin 0° | cpu 1.2226 | audit 0/0 fixture false | det true 50494636
      #0 place R  → REJECTED (weight transfer not achieved: swing load 86 N, ξ margin on the stance foot 6.9 cm, |v| 0.01 m/s) · projected 93.7 cm [needs 22 cm of pelvis drop (the stance ankle allows 6.1 cm); L hip extension 41° > 25°; beyond single-support reach; single support: R hip flexion 133° > 70°; single support: R hip abduction 167° > 35°]
         metrics: sole clearance min null / peak null cm · to stance leg null cm · swing pen null mm · stance slid 0.25 mm · leg self-contact 0 mm · limit margin 0° (ankle_L) · root max 0.11 N · class RECOVERABLE_IN_PLACE · sat {"hip_L":4}
G_far_side   upright final RECOVERABLE_IN_PLACE loads ΣvsBW 1.43 N maxΔ/step 35.3 N shareR [0,0.68] | drift L 0.01 R 0.07 COM 2.63 cm slid L 1.4 R 0.8 mm | root 0.029/0.11 N | sep 0.16 limMargin 0° | cpu 1.1652 | audit 0/0 fixture false | det true 50494636
      #0 place R  → REJECTED (weight transfer not achieved: swing load 86 N, ξ margin on the stance foot 6.9 cm, |v| 0.01 m/s) · projected 71.5 cm [needs 12 cm of pelvis drop (the stance ankle allows 6.1 cm); beyond single-support reach; single support: R hip extension 178° > 25°; single support: R hip abduction 136° > 35°]
         metrics: sole clearance min null / peak null cm · to stance leg null cm · swing pen null mm · stance slid 0.25 mm · leg self-contact 0 mm · limit margin 0° (ankle_L) · root max 0.11 N · class RECOVERABLE_IN_PLACE · sat {"hip_L":4}
H_uneven     upright final RECOVERABLE_IN_PLACE loads ΣvsBW 1.65 N maxΔ/step 35.3 N shareR [0,0.68] | drift L 0.02 R 0.07 COM 3.85 cm slid L 1.4 R 0.8 mm | root 0.031/0.11 N | sep 0.16 limMargin 0° | cpu 1.2 | audit 0/0 fixture false | det true b43f4ab7
      #0 place R  → REJECTED (weight transfer not achieved: swing load 86 N, ξ margin on the stance foot 6.9 cm, |v| 0.01 m/s)
         metrics: sole clearance min null / peak null cm · to stance leg null cm · swing pen null mm · stance slid 0.25 mm · leg self-contact 0 mm · limit margin 0° (ankle_L) · root max 0.11 N · class RECOVERABLE_IN_PLACE · sat {"hip_L":4}
I_block      upright final RECOVERABLE_IN_PLACE loads ΣvsBW 1.65 N maxΔ/step 35.3 N shareR [0,0.68] | drift L 0.02 R 0.07 COM 3.85 cm slid L 1.4 R 0.8 mm | root 0.031/0.11 N | sep 0.16 limMargin 0° | cpu 1.2424 | audit 0/0 fixture false | det true b43f4ab7
      #0 place R  → REJECTED (weight transfer not achieved: swing load 86 N, ξ margin on the stance foot 6.9 cm, |v| 0.01 m/s) · projected 3.7 cm [single support: needs 7.1 cm of pelvis drop to reach (the stance ankle allows 6.1 cm)]
         metrics: sole clearance min null / peak null cm · to stance leg null cm · swing pen null mm · stance slid 0.25 mm · leg self-contact 0 mm · limit margin 0° (ankle_L) · root max 0.11 N · class RECOVERABLE_IN_PLACE · sat {"hip_L":4}
J_repeat     upright final RECOVERABLE_IN_PLACE loads ΣvsBW 4.1 N maxΔ/step 121.1 N shareR [0,1] | drift L 20.51 R 27.87 COM 23.38 cm slid L 7.2 R 5.2 mm | root 0.03/0.14 N | sep 0.16 limMargin -0.1° | cpu 0.9912 | audit 0/0 fixture false | det true 6d3e4ce0
      #0 place R 1 R fwd → REJECTED (weight transfer not achieved: swing load 86 N, ξ margin on the stance foot 6.9 cm, |v| 0.01 m/s)
         metrics: sole clearance min null / peak null cm · to stance leg null cm · swing pen null mm · stance slid 0.25 mm · leg self-contact 0 mm · limit margin 0° (ankle_L) · root max 0.11 N · class RECOVERABLE_IN_PLACE · sat {"hip_L":4}
      #1 place L 2 L fwd → REJECTED (weight transfer not achieved: swing load 110 N, ξ margin on the stance foot 5.6 cm, |v| 0.02 m/s)
         metrics: sole clearance min null / peak null cm · to stance leg null cm · swing pen null mm · stance slid 0.43 mm · leg self-contact 0 mm · limit margin 1.2° (ankle_R) · root max 0.14 N · class RECOVERABLE_IN_PLACE · sat {"ankle_L":204}
      #2 place R 3 R out → REJECTED (weight transfer not achieved: swing load 111 N, ξ margin on the stance foot 5.8 cm, |v| 0.01 m/s)
         metrics: sole clearance min null / peak null cm · to stance leg null cm · swing pen null mm · stance slid 0.4 mm · leg self-contact 0 mm · limit margin 1° (ankle_L) · root max 0.13 N · class RECOVERABLE_IN_PLACE · sat {"ankle_R":133}
      #3 place R 4 R in → DONE (placed, loaded and accepted)
         liftoff: swing load 0 N (0% BW) · stance ξ margin 6.9 cm · COM margin 7.3 cm · |v| 0.069 · transfer 1.054 s · physical liftoff 9.679
         touchdown: single support 0.8 s · landing error 5.3 cm · v -0.038/0.509 m/s · early false (u 0.95) · ankle y planned 0.1035 actual 0.1028 · tilt 3°
         accepted: 2 s after touchdown · load 446 N · final error 6.5 cm · moved after touchdown 1.18 cm
         metrics: sole clearance min 5.3 / peak 9.2 cm · to stance leg 6.1 cm · swing pen 0.39 mm · stance slid 2.34 mm · leg self-contact 0 mm · limit margin -0.1° (ankle_L) · root max 0.08 N · class RECOVERABLE_IN_PLACE · sat {"hip_L":33,"ankle_L":1125,"ankle_R":58}
      #4 place L 5 L back → DONE (placed, loaded and accepted)
         liftoff: swing load 6 N (0.8% BW) · stance ξ margin 7.9 cm · COM margin 5.7 cm · |v| 0.07 · transfer 1.008 s · physical liftoff 14.142
         touchdown: single support 0.725 s · landing error 4.9 cm · v -0.091/0.123 m/s · early false (u 1) · ankle y planned 0.1035 actual 0.1049 · tilt 3.4°
         accepted: 2 s after touchdown · load 476 N · final error 5.4 cm · moved after touchdown 0.45 cm
         metrics: sole clearance min 5.1 / peak 7.7 cm · to stance leg 3.7 cm · swing pen 0.19 mm · stance slid 0.9 mm · leg self-contact 0 mm · limit margin 0.2° (ankle_R) · root max 0.07 N · class RECOVERABLE_IN_PLACE · sat {"ankle_L":4,"ankle_R":721}
      #5 place R 6 R back → DONE (placed, loaded and accepted)
         liftoff: swing load 5.3 N (0.7% BW) · stance ξ margin 8.1 cm · COM margin 6.3 cm · |v| 0.071 · transfer 1.108 s · physical liftoff 18.629
         touchdown: single support 0.692 s · landing error 3.8 cm · v -0.076/0.002 m/s · early false (u 1) · ankle y planned 0.1035 actual 0.1009 · tilt 2.7°
         accepted: 2 s after touchdown · load 444 N · final error 4.2 cm · moved after touchdown 0.38 cm
         metrics: sole clearance min 5 / peak 8.8 cm · to stance leg 2.8 cm · swing pen 0.01 mm · stance slid 1.05 mm · leg self-contact 0.03 mm · limit margin 0° (ankle_L) · root max 0.08 N · class RECOVERABLE_IN_PLACE · sat {"ankle_L":279}
