A_inplace_F50          RECOVERED_IN_PLACE   no step | trunk 6.6° slid - cm lim 4.7° (knee_R) sep 0.25 mm | det true 72a0bb07 cpu 0.8018
A_inplace_B30          RECOVERED_IN_PLACE   no step | trunk 5.9° slid - cm lim 9° (ankle_L) sep 0.16 mm | det true 9fb09c8b cpu 0.6654
A_inplace_R40          RECOVERED_IN_PLACE   no step | trunk 4.8° slid - cm lim 4.7° (knee_L) sep 0.16 mm | det true 1f626388 cpu 0.6979
B_F70                  RECOVERED_WITH_STEP  L step: need 1.054 · liftoff +0.029 · td +0.254 · rec +0.55 s · foothold as wanted pred ξm 10.9 cm · td err 5.4 cm · ξm@td 11.9 cm | trunk 14.6° slid 0.15 cm lim -0.1° (ankle_R) sep 0.5 mm | det true 34ab9fba cpu 1.064
B_F80                  RECOVERED_WITH_STEP  L step: need 1.05 · liftoff +0.033 · td +0.25 · rec +0.71 s · foothold as wanted pred ξm 10.4 cm · td err 7.8 cm · ξm@td 12.5 cm | trunk 19.8° slid 0.21 cm lim -0.2° (ankle_R) sep 0.64 mm | det true b6dfadf0 cpu 1.0148
B_F90                  RECOVERED_WITH_STEP  L step: need 1.042 · liftoff +0.037 · td +0.204 · rec +0.63 s · foothold PROJECTED pred ξm 10.9 cm · td err 26.6 cm · ξm@td 5.3 cm | trunk 19.8° slid 0.15 cm lim 0° (ankle_R) sep 0.63 mm | det true 7a78f940 cpu 1.0456
B_F100                 RECOVERED_WITH_STEP  L step: need 1.038 · liftoff +0.037 · td +0.246 · rec +0.75 s · foothold PROJECTED pred ξm 5.6 cm · td err 10.1 cm · ξm@td 11.6 cm | trunk 22.3° slid 0.21 cm lim -0.1° (ankle_R) sep 0.73 mm | det true 8bad2a8 cpu 1.0444
B_B40                  RECOVERED_WITH_STEP  L step: need 1.3 · liftoff +0.037 · td +0.225 · rec +0.96 s · foothold as wanted pred ξm 10.7 cm · td err 5.5 cm · ξm@td 8.9 cm | trunk 9.2° slid 0.17 cm lim 3.1° (ankle_L) sep 0.7 mm | det true 3c591079 cpu 1.0033
B_B50                  RECOVERED_WITH_STEP  L step: need 1.046 · liftoff +0.033 · td +0.196 · rec +0.91 s · foothold as wanted pred ξm 10.5 cm · td err 13.8 cm · ξm@td 7.5 cm | trunk 8° slid 0.14 cm lim 2.3° (ankle_L) sep 0.64 mm | det true 422b3dd cpu 1.0035
B_B60                  STEPPED_FELL         L step: need 1.038 · liftoff +0.037 · td +0.192 · rec +- s · foothold PROJECTED pred ξm 10.3 cm · td err 26.6 cm · ξm@td 1.8 cm · FAIL: the capture point is still outside the new support after the step (a second step would be needed; C3 takes one) | trunk 93.4° slid 0.14 cm lim -0.1° (ankle_L) sep 1.56 mm | det true a2c77d9e cpu 1.1107
B_R55                  FELL_NO_STEP         NO STEP: best foothold leaves ξ 12.7 cm outside the new support | trunk 95.6° slid - cm lim -0.3° (ankle_R) sep 1.97 mm | det true 13522dfa cpu 0.77
B_R65                  FELL_NO_STEP         NO STEP: best foothold leaves ξ 12.7 cm outside the new support | trunk 104.4° slid - cm lim -0.3° (ankle_R) sep 2.32 mm | det true 5ca84a7f cpu 0.7561
B_R75                  FELL_NO_STEP         NO STEP: best foothold leaves ξ 21.3 cm outside the new support | trunk 109.2° slid - cm lim -0.2° (ankle_R) sep 1.69 mm | det true 654226e2 cpu 0.7486
B_L55                  FELL_NO_STEP         NO STEP: best foothold leaves ξ 12.6 cm outside the new support | trunk 96.5° slid - cm lim -0.3° (ankle_L) sep 2.31 mm | det true 70ede4bc cpu 0.7317
B_L70                  FELL_NO_STEP         NO STEP: best foothold leaves ξ 15.0 cm outside the new support | trunk 103.7° slid - cm lim -0.3° (ankle_L) sep 1.9 mm | det true a18d1fb7 cpu 0.7548
B_FR70                 FELL_NO_STEP         NO STEP: no reachable foothold (neither foot) | trunk 93.1° slid - cm lim -1° (ankle_R) sep 1.3 mm | det true b755de68 cpu 0.7638
B_FR90                 FELL_NO_STEP         NO STEP: no reachable foothold (neither foot) | trunk 103.2° slid - cm lim -1.2° (ankle_R) sep 1.07 mm | det true 414b84ac cpu 0.7776
B_BL45                 STEPPED_FELL         R step: need 1.567 · liftoff +0.038 · td +0.379 · rec +- s · foothold as wanted pred ξm 10.2 cm · td err 4 cm · ξm@td 1.5 cm · FAIL: the capture point is still outside the new support after the step (a second step would be needed; C3 takes one) | trunk 97.6° slid 0.2 cm lim -0.8° (ankle_L) sep 1.81 mm | det true d1d9e6e4 cpu 0.8217
B_BL60                 STEPPED_FELL         L step: need 1.054 · liftoff +0.05 · td +0.158 · rec +- s · foothold PROJECTED pred ξm 11.3 cm · td err 43.2 cm · ξm@td 2.8 cm · FAIL: the capture point is still outside the new support after the step (a second step would be needed; C3 takes one) | trunk 93.7° slid 0.17 cm lim -0.9° (ankle_R) sep 1.43 mm | det true 30ef9702 cpu 0.9564
C_proj_F115            RECOVERED_WITH_STEP  L step: need 1.033 · liftoff +0.042 · td +0.263 · rec +0.75 s · foothold PROJECTED pred ξm 4.8 cm · td err 6.8 cm · ξm@td 8.6 cm | trunk 22.3° slid 0.27 cm lim -0.1° (ankle_R) sep 0.65 mm | det true 87bbac5b cpu 1.0933
C_proj_R90             FELL_NO_STEP         NO STEP: best foothold leaves ξ 22.4 cm outside the new support | trunk 110.5° slid - cm lim -0.3° (ankle_R) sep 2.29 mm | det true 771bf6c0 cpu 0.759
C_proj_B75             STEPPED_FELL         L step: need 1.033 · liftoff +0.038 · td +0.204 · rec +- s · foothold PROJECTED pred ξm 4.8 cm · td err 37.2 cm · ξm@td -4.8 cm · FAIL: the capture point is still outside the new support after the step (a second step would be needed; C3 takes one) | trunk 93.5° slid 0.15 cm lim -0.1° (ankle_L) sep 0.88 mm | det true a8789717 cpu 0.9575
D_late_F80_100ms       STEPPED_FELL         L step: need 1.146 · liftoff +0.133 · td +0.254 · rec +- s · foothold as wanted pred ξm 10.3 cm · td err 51.3 cm · ξm@td -16.9 cm · FAIL: the capture point is still outside the new support after the step (a second step would be needed; C3 takes one) | trunk 91.5° slid 0.17 cm lim -0.2° (ankle_L) sep 0.72 mm | det true 256b3622 cpu 0.9595
D_late_F80_150ms       STEPPED_FELL         L step: need 1.196 · liftoff +0.188 · td +0.233 · rec +- s · foothold as wanted pred ξm 10.3 cm · td err 57.3 cm · ξm@td -13.6 cm · FAIL: the capture point is still outside the new support after the step (a second step would be needed; C3 takes one) | trunk 91.5° slid 0.15 cm lim -0.1° (ankle_L) sep 1.47 mm | det true c25eb958 cpu 0.9523
D_late_R65_100ms       FELL_NO_STEP         NO STEP: best foothold leaves ξ 12.0 cm outside the new support | trunk 107.6° slid - cm lim -0.3° (ankle_R) sep 2.24 mm | det true 5badff9e cpu 0.7662
E_fric_F80_mu0.25      FELL_NO_STEP         NO STEP: no reachable foothold (neither foot) | trunk 91.5° slid - cm lim 2.6° (thoracic) sep 1.14 mm | det true 4df880c7 cpu 0.7408
E_fric_R65_mu0.2       RECOVERED_IN_PLACE   NO STEP: no reachable foothold (neither foot) | trunk 6.2° slid - cm lim 4.7° (knee_L) sep 0.16 mm | det true c1f134d8 cpu 0.6594
F_nofoot_F160          STEPPED_FELL         L step: need 1.025 · liftoff +0.046 · td +0.308 · rec +- s · foothold PROJECTED pred ξm 3.8 cm · td err 28.2 cm · ξm@td -7.4 cm · FAIL: the capture point is still outside the new support after the step (a second step would be needed; C3 takes one) | trunk 91.5° slid 0.41 cm lim -0.3° (lumbar) sep 1.14 mm | det true 6688e072 cpu 0.8923
F_nofoot_B110          STEPPED_FELL         L step: need 1.025 · liftoff +0.038 · td +0.213 · rec +- s · foothold PROJECTED pred ξm -21.9 cm · td err 27.8 cm · ξm@td -18.1 cm · FAIL: the capture point is still outside the new support after the step (a second step would be needed; C3 takes one) | trunk 93.4° slid 0.17 cm lim -0.1° (ankle_L) sep 1.29 mm | det true 3945a922 cpu 1.0558
