rx_miss            OFFNP 3c502075 [] pred@ null minSurf null
rx_miss            OFF   3c502075 [] pred@ 51 minSurf 0.1056
rx_miss            FULL  3c502075 [] pred@ 51 minSurf 0.1056
rx_miss            LOCO  3c502075 [] pred@ 51 minSurf 0.1056
rx_free_leg        OFFNP 8fb114a1 [{"tick":51,"sub":1,"prim":"LEG","seg":"foot_L","segPlanted":false,"react":"CORRECTION","J":2.82,"family":null,"tag":null},{"tick":60,"sub":3,"prim":"LEG","seg":"toe_R","segPlanted":false,"react":"STUMBLE","J":3.63,"family":null,"tag":null}] pred@ null minSurf null
rx_free_leg        OFF   8fb114a1 [{"tick":51,"sub":1,"prim":"LEG","seg":"foot_L","segPlanted":false,"react":"CORRECTION","J":2.82,"family":null,"tag":null},{"tick":60,"sub":3,"prim":"LEG","seg":"toe_R","segPlanted":false,"react":"STUMBLE","J":3.63,"family":null,"tag":null}] pred@ 41 minSurf -0.0749
rx_free_leg        FULL  8fb114a1 [{"tick":51,"sub":1,"prim":"LEG","seg":"foot_L","segPlanted":false,"react":"CORRECTION","J":2.82,"family":null,"tag":null},{"tick":60,"sub":3,"prim":"LEG","seg":"toe_R","segPlanted":false,"react":"STUMBLE","J":3.63,"family":null,"tag":null}] pred@ 41 minSurf -0.0749
rx_free_leg        LOCO  8fb114a1 [{"tick":51,"sub":1,"prim":"LEG","seg":"foot_L","segPlanted":false,"react":"CORRECTION","J":2.82,"family":null,"tag":null},{"tick":60,"sub":3,"prim":"LEG","seg":"toe_R","segPlanted":false,"react":"STUMBLE","J":3.63,"family":null,"tag":null}] pred@ 41 minSurf -0.0749
rx_planted_leg     OFFNP 18d95b1d [{"tick":49,"sub":3,"prim":"LEG","seg":"shin_L","segPlanted":true,"react":"FALL","J":144.13,"family":"SIDE","tag":null}] pred@ null minSurf null
rx_planted_leg     OFF   18d95b1d [{"tick":49,"sub":3,"prim":"LEG","seg":"shin_L","segPlanted":true,"react":"FALL","J":144.13,"family":"SIDE","tag":null}] pred@ 39 minSurf -0.0983
rx_planted_leg     FULL  18d95b1d [{"tick":49,"sub":3,"prim":"LEG","seg":"shin_L","segPlanted":true,"react":"FALL","J":144.13,"family":"SIDE","tag":null}] pred@ 39 minSurf -0.0983
rx_planted_leg     LOCO  18d95b1d [{"tick":49,"sub":3,"prim":"LEG","seg":"shin_L","segPlanted":true,"react":"FALL","J":144.13,"family":"SIDE","tag":null}] pred@ 39 minSurf -0.0983
rx_jog             OFFNP 18d95b1d [{"tick":49,"sub":3,"prim":"LEG","seg":"shin_L","segPlanted":true,"react":"FALL","J":144.13,"family":"SIDE","tag":null}] pred@ null minSurf null
rx_jog             OFF   18d95b1d [{"tick":49,"sub":3,"prim":"LEG","seg":"shin_L","segPlanted":true,"react":"FALL","J":144.13,"family":"SIDE","tag":null}] pred@ 39 minSurf -0.0983
rx_jog             FULL  18d95b1d [{"tick":49,"sub":3,"prim":"LEG","seg":"shin_L","segPlanted":true,"react":"FALL","J":144.13,"family":"SIDE","tag":null}] pred@ 39 minSurf -0.0983
rx_jog             LOCO  18d95b1d [{"tick":49,"sub":3,"prim":"LEG","seg":"shin_L","segPlanted":true,"react":"FALL","J":144.13,"family":"SIDE","tag":null}] pred@ 39 minSurf -0.0983
rx_sprint          OFFNP 5e3f29f5 [] pred@ null minSurf null
rx_sprint          OFF   5e3f29f5 [] pred@ 51 minSurf 0.0589
rx_sprint          FULL  5e3f29f5 [] pred@ 51 minSurf 0.0589
rx_sprint          LOCO  5e3f29f5 [] pred@ 51 minSurf 0.0589
rx_square          OFFNP efb4902b [{"tick":62,"sub":2,"prim":"LEG","seg":"foot_L","segPlanted":false,"react":"CORRECTION","J":5.51,"family":null,"tag":null},{"tick":66,"sub":4,"prim":"TUCK","seg":"foot_R","segPlanted":false,"react":"FALL","J":6.04,"family":"FRONT","tag":null},{"tick":69,"sub":2,"prim":"LEG","seg":"toe_R","segPlanted":false,"react":"FALL","J":4.97,"family":"FRONT","tag":null}] pred@ null minSurf null
rx_square          OFF   efb4902b [{"tick":62,"sub":2,"prim":"LEG","seg":"foot_L","segPlanted":false,"react":"CORRECTION","J":5.51,"family":null,"tag":null},{"tick":66,"sub":4,"prim":"TUCK","seg":"foot_R","segPlanted":false,"react":"FALL","J":6.04,"family":"FRONT","tag":null},{"tick":69,"sub":2,"prim":"LEG","seg":"toe_R","segPlanted":false,"react":"FALL","J":4.97,"family":"FRONT","tag":null}] pred@ 50 minSurf -0.09
rx_square          FULL  efb4902b [{"tick":62,"sub":2,"prim":"LEG","seg":"foot_L","segPlanted":false,"react":"CORRECTION","J":5.51,"family":null,"tag":null},{"tick":66,"sub":4,"prim":"TUCK","seg":"foot_R","segPlanted":false,"react":"FALL","J":6.04,"family":"FRONT","tag":null},{"tick":69,"sub":2,"prim":"LEG","seg":"toe_R","segPlanted":false,"react":"FALL","J":4.97,"family":"FRONT","tag":null}] pred@ 50 minSurf -0.09
rx_square          LOCO  efb4902b [{"tick":62,"sub":2,"prim":"LEG","seg":"foot_L","segPlanted":false,"react":"CORRECTION","J":5.51,"family":null,"tag":null},{"tick":66,"sub":4,"prim":"TUCK","seg":"foot_R","segPlanted":false,"react":"FALL","J":6.04,"family":"FRONT","tag":null},{"tick":69,"sub":2,"prim":"LEG","seg":"toe_R","segPlanted":false,"react":"FALL","J":4.97,"family":"FRONT","tag":null}] pred@ 50 minSurf -0.09
rx_glancing        OFFNP b85dde0f [{"tick":66,"sub":3,"prim":"LEG","seg":"shin_L","segPlanted":true,"react":"FALL","J":79.28,"family":"SIDE","tag":null}] pred@ null minSurf null
rx_glancing        OFF   b85dde0f [{"tick":66,"sub":3,"prim":"LEG","seg":"shin_L","segPlanted":true,"react":"FALL","J":79.28,"family":"SIDE","tag":null}] pred@ 55 minSurf -0.0912
rx_glancing        FULL  b85dde0f [{"tick":66,"sub":3,"prim":"LEG","seg":"shin_L","segPlanted":true,"react":"FALL","J":79.28,"family":"SIDE","tag":null}] pred@ 55 minSurf -0.0912
rx_glancing        LOCO  b85dde0f [{"tick":66,"sub":3,"prim":"LEG","seg":"shin_L","segPlanted":true,"react":"FALL","J":79.28,"family":"SIDE","tag":null}] pred@ 55 minSurf -0.0912
rx_lateral         OFFNP 1e1ef730 [{"tick":50,"sub":4,"prim":"LEG","seg":"foot_L","segPlanted":false,"react":"STUMBLE","J":6.16,"family":null,"tag":null},{"tick":58,"sub":1,"prim":"THIGH","seg":"foot_L","segPlanted":true,"react":"FALL","J":50.77,"family":"FRONT","tag":null}] pred@ null minSurf null
rx_lateral         OFF   1e1ef730 [{"tick":50,"sub":4,"prim":"LEG","seg":"foot_L","segPlanted":false,"react":"STUMBLE","J":6.16,"family":null,"tag":null},{"tick":58,"sub":1,"prim":"THIGH","seg":"foot_L","segPlanted":true,"react":"FALL","J":50.77,"family":"FRONT","tag":null}] pred@ 41 minSurf -0.1094
rx_lateral         FULL  1e1ef730 [{"tick":50,"sub":4,"prim":"LEG","seg":"foot_L","segPlanted":false,"react":"STUMBLE","J":6.16,"family":null,"tag":null},{"tick":58,"sub":1,"prim":"THIGH","seg":"foot_L","segPlanted":true,"react":"FALL","J":50.77,"family":"FRONT","tag":null}] pred@ 41 minSurf -0.1094
rx_lateral         LOCO  1e1ef730 [{"tick":50,"sub":4,"prim":"LEG","seg":"foot_L","segPlanted":false,"react":"STUMBLE","J":6.16,"family":null,"tag":null},{"tick":58,"sub":1,"prim":"THIGH","seg":"foot_L","segPlanted":true,"react":"FALL","J":50.77,"family":"FRONT","tag":null}] pred@ 41 minSurf -0.1094
rx_rear_diag       OFFNP 3ef87c6e [{"tick":45,"sub":4,"prim":"LEG","seg":"toe_L","segPlanted":false,"react":"CORRECTION","J":0,"family":null,"tag":null}] pred@ null minSurf null
rx_rear_diag       OFF   3ef87c6e [{"tick":45,"sub":4,"prim":"LEG","seg":"toe_L","segPlanted":false,"react":"CORRECTION","J":0,"family":null,"tag":null}] pred@ 38 minSurf -0.1844
rx_rear_diag       FULL  3ef87c6e [{"tick":45,"sub":4,"prim":"LEG","seg":"toe_L","segPlanted":false,"react":"CORRECTION","J":0,"family":null,"tag":null}] pred@ 38 minSurf -0.1844
rx_rear_diag       LOCO  3ef87c6e [{"tick":45,"sub":4,"prim":"LEG","seg":"toe_L","segPlanted":false,"react":"CORRECTION","J":0,"family":null,"tag":null}] pred@ 38 minSurf -0.1844
rx_front_diag      OFFNP fd763e29 [{"tick":57,"sub":2,"prim":"TUCKSHIN","seg":"toe_L","segPlanted":false,"react":"CORRECTION","J":13.4,"family":null,"tag":null},{"tick":61,"sub":4,"prim":"TUCK","seg":"foot_L","segPlanted":true,"react":"FALL","J":0,"family":"FRONT","tag":null}] pred@ null minSurf null
rx_front_diag      OFF   fd763e29 [{"tick":57,"sub":2,"prim":"TUCKSHIN","seg":"toe_L","segPlanted":false,"react":"CORRECTION","J":13.4,"family":null,"tag":null},{"tick":61,"sub":4,"prim":"TUCK","seg":"foot_L","segPlanted":true,"react":"FALL","J":0,"family":"FRONT","tag":null}] pred@ 49 minSurf -0.1139
rx_front_diag      FULL  fd763e29 [{"tick":57,"sub":2,"prim":"TUCKSHIN","seg":"toe_L","segPlanted":false,"react":"CORRECTION","J":13.4,"family":null,"tag":null},{"tick":61,"sub":4,"prim":"TUCK","seg":"foot_L","segPlanted":true,"react":"FALL","J":0,"family":"FRONT","tag":null}] pred@ 49 minSurf -0.1139
rx_front_diag      LOCO  fd763e29 [{"tick":57,"sub":2,"prim":"TUCKSHIN","seg":"toe_L","segPlanted":false,"react":"CORRECTION","J":13.4,"family":null,"tag":null},{"tick":61,"sub":4,"prim":"TUCK","seg":"foot_L","segPlanted":true,"react":"FALL","J":0,"family":"FRONT","tag":null}] pred@ 49 minSurf -0.1139
rx_rear            OFFNP deec64e2 [{"tick":53,"sub":3,"prim":"TUCKSHIN","seg":"foot_R","segPlanted":true,"react":"NEGLIGIBLE","J":0,"family":null,"tag":null}] pred@ null minSurf null
rx_rear            OFF   deec64e2 [{"tick":53,"sub":3,"prim":"TUCKSHIN","seg":"foot_R","segPlanted":true,"react":"NEGLIGIBLE","J":0,"family":null,"tag":null}] pred@ 30 minSurf -0.0689
rx_rear            FULL  deec64e2 [{"tick":53,"sub":3,"prim":"TUCKSHIN","seg":"foot_R","segPlanted":true,"react":"NEGLIGIBLE","J":0,"family":null,"tag":null}] pred@ 30 minSurf -0.0689
rx_rear            LOCO  deec64e2 [{"tick":53,"sub":3,"prim":"TUCKSHIN","seg":"foot_R","segPlanted":true,"react":"NEGLIGIBLE","J":0,"family":null,"tag":null}] pred@ 30 minSurf -0.0689
rx_standing        OFFNP daf802b4 [{"tick":52,"sub":2,"prim":"LEG","seg":"shin_R","segPlanted":true,"react":"STUMBLE","J":75.64,"family":null,"tag":null}] pred@ null minSurf null
rx_standing        OFF   daf802b4 [{"tick":52,"sub":2,"prim":"LEG","seg":"shin_R","segPlanted":true,"react":"STUMBLE","J":75.64,"family":null,"tag":null}] pred@ 40 minSurf -0.1353
rx_standing        FULL  daf802b4 [{"tick":52,"sub":2,"prim":"LEG","seg":"shin_R","segPlanted":true,"react":"STUMBLE","J":75.64,"family":null,"tag":null}] pred@ 40 minSurf -0.1353
rx_standing        LOCO  daf802b4 [{"tick":52,"sub":2,"prim":"LEG","seg":"shin_R","segPlanted":true,"react":"STUMBLE","J":75.64,"family":null,"tag":null}] pred@ 40 minSurf -0.1353
rx_airborne        OFFNP dafa0a26 [] pred@ null minSurf null
rx_airborne        OFF   dafa0a26 [] pred@ 50 minSurf 0.0183
rx_airborne        FULL  dafa0a26 [] pred@ 50 minSurf 0.0183
rx_airborne        LOCO  dafa0a26 [] pred@ 50 minSurf 0.0183
rx_early_stance    OFFNP 96434751 [{"tick":58,"sub":2,"prim":"LEG","seg":"toe_L","segPlanted":false,"react":"STUMBLE","J":4.22,"family":null,"tag":null},{"tick":63,"sub":2,"prim":"LEG","seg":"toe_R","segPlanted":false,"react":"FALL","J":9.76,"family":"FRONT","tag":null}] pred@ null minSurf null
rx_early_stance    OFF   96434751 [{"tick":58,"sub":2,"prim":"LEG","seg":"toe_L","segPlanted":false,"react":"STUMBLE","J":4.22,"family":null,"tag":null},{"tick":63,"sub":2,"prim":"LEG","seg":"toe_R","segPlanted":false,"react":"FALL","J":9.76,"family":"FRONT","tag":null}] pred@ 45 minSurf -0.0612
rx_early_stance    FULL  96434751 [{"tick":58,"sub":2,"prim":"LEG","seg":"toe_L","segPlanted":false,"react":"STUMBLE","J":4.22,"family":null,"tag":null},{"tick":63,"sub":2,"prim":"LEG","seg":"toe_R","segPlanted":false,"react":"FALL","J":9.76,"family":"FRONT","tag":null}] pred@ 45 minSurf -0.0612
rx_early_stance    LOCO  96434751 [{"tick":58,"sub":2,"prim":"LEG","seg":"toe_L","segPlanted":false,"react":"STUMBLE","J":4.22,"family":null,"tag":null},{"tick":63,"sub":2,"prim":"LEG","seg":"toe_R","segPlanted":false,"react":"FALL","J":9.76,"family":"FRONT","tag":null}] pred@ 45 minSurf -0.0612
rx_late_stance     OFFNP bf34c9a7 [{"tick":56,"sub":3,"prim":"LEG","seg":"toe_L","segPlanted":false,"react":"CORRECTION","J":0,"family":null,"tag":null},{"tick":61,"sub":2,"prim":"LEG","seg":"toe_R","segPlanted":false,"react":"FALL","J":12.27,"family":"FRONT","tag":null}] pred@ null minSurf null
rx_late_stance     OFF   bf34c9a7 [{"tick":56,"sub":3,"prim":"LEG","seg":"toe_L","segPlanted":false,"react":"CORRECTION","J":0,"family":null,"tag":null},{"tick":61,"sub":2,"prim":"LEG","seg":"toe_R","segPlanted":false,"react":"FALL","J":12.27,"family":"FRONT","tag":null}] pred@ 48 minSurf -0.0423
rx_late_stance     FULL  bf34c9a7 [{"tick":56,"sub":3,"prim":"LEG","seg":"toe_L","segPlanted":false,"react":"CORRECTION","J":0,"family":null,"tag":null},{"tick":61,"sub":2,"prim":"LEG","seg":"toe_R","segPlanted":false,"react":"FALL","J":12.27,"family":"FRONT","tag":null}] pred@ 48 minSurf -0.0423
rx_late_stance     LOCO  bf34c9a7 [{"tick":56,"sub":3,"prim":"LEG","seg":"toe_L","segPlanted":false,"react":"CORRECTION","J":0,"family":null,"tag":null},{"tick":61,"sub":2,"prim":"LEG","seg":"toe_R","segPlanted":false,"react":"FALL","J":12.27,"family":"FRONT","tag":null}] pred@ 48 minSurf -0.0423
rx_facing_front    OFFNP ecf58e63 [{"tick":53,"sub":1,"prim":"LEG","seg":"shin_L","segPlanted":true,"react":"FALL","J":75.42,"family":"FRONT","tag":null}] pred@ null minSurf null
rx_facing_front    OFF   ecf58e63 [{"tick":53,"sub":1,"prim":"LEG","seg":"shin_L","segPlanted":true,"react":"FALL","J":75.42,"family":"FRONT","tag":null}] pred@ 39 minSurf -0.1445
rx_facing_front    FULL  ecf58e63 [{"tick":53,"sub":1,"prim":"LEG","seg":"shin_L","segPlanted":true,"react":"FALL","J":75.42,"family":"FRONT","tag":null}] pred@ 39 minSurf -0.1445
rx_facing_front    LOCO  ecf58e63 [{"tick":53,"sub":1,"prim":"LEG","seg":"shin_L","segPlanted":true,"react":"FALL","J":75.42,"family":"FRONT","tag":null}] pred@ 39 minSurf -0.1445
rx_side_standing   OFFNP e8d28e92 [{"tick":61,"sub":2,"prim":"THIGH","seg":"shin_R","segPlanted":true,"react":"FALL","J":49,"family":"SIDE","tag":null}] pred@ null minSurf null
rx_side_standing   OFF   e8d28e92 [{"tick":61,"sub":2,"prim":"THIGH","seg":"shin_R","segPlanted":true,"react":"FALL","J":49,"family":"SIDE","tag":null}] pred@ 41 minSurf -0.0937
rx_side_standing   FULL  e8d28e92 [{"tick":61,"sub":2,"prim":"THIGH","seg":"shin_R","segPlanted":true,"react":"FALL","J":49,"family":"SIDE","tag":null}] pred@ 41 minSurf -0.0937
rx_side_standing   LOCO  e8d28e92 [{"tick":61,"sub":2,"prim":"THIGH","seg":"shin_R","segPlanted":true,"react":"FALL","J":49,"family":"SIDE","tag":null}] pred@ 41 minSurf -0.0937
rx_behind_standing OFFNP a2678624 [{"tick":52,"sub":2,"prim":"LEG","seg":"shin_R","segPlanted":true,"react":"STUMBLE","J":75.64,"family":null,"tag":null}] pred@ null minSurf null
rx_behind_standing OFF   a2678624 [{"tick":52,"sub":2,"prim":"LEG","seg":"shin_R","segPlanted":true,"react":"STUMBLE","J":75.64,"family":null,"tag":null}] pred@ 40 minSurf -0.1353
rx_behind_standing FULL  a2678624 [{"tick":52,"sub":2,"prim":"LEG","seg":"shin_R","segPlanted":true,"react":"STUMBLE","J":75.64,"family":null,"tag":null}] pred@ 40 minSurf -0.1353
rx_behind_standing LOCO  a2678624 [{"tick":52,"sub":2,"prim":"LEG","seg":"shin_R","segPlanted":true,"react":"STUMBLE","J":75.64,"family":null,"tag":null}] pred@ 40 minSurf -0.1353
rx_heavy           OFFNP eb9a52a8 [] pred@ null minSurf null
rx_heavy           OFF   eb9a52a8 [] pred@ 51 minSurf 0.0298
rx_heavy           FULL  eb9a52a8 [] pred@ 51 minSurf 0.0298
rx_heavy           LOCO  eb9a52a8 [] pred@ 51 minSurf 0.0298
rx_light           OFFNP eb9a52a8 [] pred@ null minSurf null
rx_light           OFF   eb9a52a8 [] pred@ 51 minSurf 0.0298
rx_light           FULL  eb9a52a8 [] pred@ 51 minSurf 0.0298
rx_light           LOCO  eb9a52a8 [] pred@ 51 minSurf 0.0298
page errors 0 []
