C1 PF55               no arms RECOVERED            trunk   7.2° | ARMS RECOVERED            trunk  10.1° rec 1.937 → 1.9 s
C1 PF60               no arms RECOVERED            trunk   9.6° | ARMS RECOVERED            trunk  10.6° rec 2.396 → 2.313 s
C1 PF65               no arms FELL                 trunk  91.6° | ARMS FELL                 trunk  91.6° rec - → - s
C1 PF70               no arms FELL                 trunk  91.7° | ARMS FELL                 trunk  91.6° rec - → - s
C1 PB30               no arms RECOVERED            trunk   5.9° | ARMS RECOVERED            trunk   6.5° rec 1.329 → 1.208 s
C1 PB35               no arms FELL                 trunk  93.3° | ARMS FELL                 trunk  92.9° rec - → - s
C1 PB40               no arms FELL                 trunk  93.5° | ARMS FELL                 trunk  93.2° rec - → - s
C1 PB50               no arms FELL                 trunk  93.4° | ARMS FELL                 trunk  93.5° rec - → - s
C1 PR45               no arms RECOVERED            trunk   4.9° | ARMS RECOVERED            trunk   5.4° rec 0.833 → 0.821 s
C1 PR50               no arms RECOVERED            trunk   5.1° | ARMS RECOVERED            trunk   6.2° rec 0.946 → 1.121 s
C1 PR60               no arms FELL                 trunk  98.9° | ARMS FELL                 trunk  97.3° rec - → - s
C1 PL40               no arms RECOVERED            trunk   4.8° | ARMS RECOVERED            trunk   6.1° rec 1.233 → 0.7 s
C1 PL60               no arms FELL                 trunk  99.2° | ARMS FELL                 trunk    99° rec - → - s
C1 DF55               no arms RECOVERED            trunk    12° | ARMS RECOVERED            trunk  11.9° rec 2.071 → 2.071 s
C1 DB35               no arms FELL                 trunk  93.6° | ARMS FELL                 trunk  93.6° rec - → - s
C1 DR45               no arms RECOVERED            trunk   6.5° | ARMS RECOVERED            trunk   6.4° rec 0.775 → 0.754 s
C3 B_F80              no arms RECOVERED_WITH_STEP  trunk  19.8° | ARMS RECOVERED_WITH_STEP  trunk  17.4° 
C3 B_F100             no arms RECOVERED_WITH_STEP  trunk  22.3° | ARMS RECOVERED_WITH_STEP  trunk  20.7° 
C3 B_B50              no arms RECOVERED_WITH_STEP  trunk     8° | ARMS RECOVERED_WITH_STEP  trunk  13.9° 
C3 B_B60              no arms STEPPED_FELL         trunk  93.4° | ARMS STEPPED_FELL         trunk  93.7° 
C3 C_proj_F115        no arms RECOVERED_WITH_STEP  trunk  22.3° | ARMS STEPPED_FELL         trunk  93.1°   ◀ OUTCOME CHANGED
C3 B_R65              no arms FELL_NO_STEP         trunk 104.4° | ARMS FELL_NO_STEP         trunk  97.4° 
C3 D_late_F80_100ms   no arms STEPPED_FELL         trunk  91.5° | ARMS STEPPED_FELL         trunk  91.5° 
