lc_v1.45           OFFNP d7af4d27 [] pred@ null minSurf null
lc_v1.45           OFF   d7af4d27 [] pred@ -1 minSurf 28.5257
lc_v1.45           FULL  d7af4d27 [] pred@ -1 minSurf 28.5257
lc_v1.45           LOCO  d7af4d27 [] pred@ -1 minSurf 28.5257
lc_v2.2            OFFNP 0d4e2127 [] pred@ null minSurf null
lc_v2.2            OFF   0d4e2127 [] pred@ -1 minSurf 28.1312
lc_v2.2            FULL  0d4e2127 [] pred@ -1 minSurf 28.1312
lc_v2.2            LOCO  0d4e2127 [] pred@ -1 minSurf 28.1312
lc_v3              OFFNP dc574a25 [] pred@ null minSurf null
lc_v3              OFF   dc574a25 [] pred@ -1 minSurf 28.0325
lc_v3              FULL  dc574a25 [] pred@ -1 minSurf 28.0325
lc_v3              LOCO  dc574a25 [] pred@ -1 minSurf 28.0325
lc_v4.2            OFFNP 86132514 [] pred@ null minSurf null
lc_v4.2            OFF   86132514 [] pred@ -1 minSurf 27.4095
lc_v4.2            FULL  86132514 [] pred@ -1 minSurf 27.4095
lc_v4.2            LOCO  86132514 [] pred@ -1 minSurf 27.4095
lc_v5.5            OFFNP 9b140c6d [] pred@ null minSurf null
lc_v5.5            OFF   9b140c6d [] pred@ -1 minSurf 27.0704
lc_v5.5            FULL  9b140c6d [] pred@ -1 minSurf 27.0704
lc_v5.5            LOCO  9b140c6d [] pred@ -1 minSurf 27.0704
lc_v6.5            OFFNP b2ecfd48 [] pred@ null minSurf null
lc_v6.5            OFF   b2ecfd48 [] pred@ -1 minSurf 26.4124
lc_v6.5            FULL  b2ecfd48 [] pred@ -1 minSurf 26.4124
lc_v6.5            LOCO  b2ecfd48 [] pred@ -1 minSurf 26.4124
lc_v7.5            OFFNP 05336c64 [] pred@ null minSurf null
lc_v7.5            OFF   05336c64 [] pred@ -1 minSurf 25.8149
lc_v7.5            FULL  05336c64 [] pred@ -1 minSurf 25.8149
lc_v7.5            LOCO  05336c64 [] pred@ -1 minSurf 25.8149
lc_v8.2            OFFNP 96f86704 [] pred@ null minSurf null
lc_v8.2            OFF   96f86704 [] pred@ -1 minSurf 25.5887
lc_v8.2            FULL  96f86704 [] pred@ -1 minSurf 25.5887
lc_v8.2            LOCO  96f86704 [] pred@ -1 minSurf 25.5887
page errors 0 []
