SV_static      STOOD     max RECOVERABLE_IN_PLACE  | COM exc 0.1 cm v 0 ξmin 12.2 cm trunk 4° spine 2° slip 0.05 cm | quiet drift 0.06 cm sway 0.48 mm ankle 10% inPlace true | root 0.018/0.06 N | sep 0.16 lim 0° | cpu 0.829 (J 0.5926 S 0.0928 C 0.1437) | audit 0/0 fixture false | det true 6e0ab50f
      sensing: lever-rule share err 0.0016 (max 0.002, n 888) · grfY err 0.08 N · L+R vs total 0.15 (max 0.2) N · airborne foot - · CoP inside 100% · budget max 0.2 · sat 
QS20           STOOD     max RECOVERABLE_IN_PLACE  | COM exc 0.1 cm v 0 ξmin 12.2 cm trunk 4° spine 2° slip 0.13 cm | quiet drift 0.15 cm sway 1.03 mm ankle 10% inPlace true | root 0.018/0.06 N | sep 0.16 lim 0° | cpu 0.6555 (J 0.5328 S 0.0387 C 0.084) | audit 0/0 fixture false | det true d3a31473
      sensing: lever-rule share err 0.0016 (max 0.002, n 4728) · grfY err 0.01 N · L+R vs total 0.16 (max 0.2) N · airborne foot - · CoP inside 100% · budget max 0.2 · sat 
PF30           RECOVERED max RECOVERABLE_IN_PLACE t[hip - step - fall - ground - roll -] rec 0.329s | COM exc 4.7 cm v 0.322 ξmin 12 cm trunk 5.5° spine 2.8° slip 0.16 cm | root 0.023/0.34 N | sep 0.16 lim 0° | cpu 0.6827 (J 0.5435 S 0.0577 C 0.0815) | audit 0/0 fixture false | det true 5121ddd7
      sensing: lever-rule share err 0.0017 (max 0.002, n 1293) · grfY err 0.48 N · L+R vs total 0.15 (max 0.2) N · airborne foot - · CoP inside 100% · budget max 0.67 · sat 
PF60           RECOVERED max RECOVERABLE_HIP      t[hip 0.033 step - fall - ground - roll 0.113] rec 2.417s | COM exc 16.7 cm v 0.683 ξmin -0.4 cm trunk 9.7° spine 3.6° slip 0.34 cm | root 0.041/0.67 N | sep 0.34 lim 0° | cpu 0.6692 (J 0.5431 S 0.038 C 0.0881) | audit 0/0 fixture false | det true a02dcd48
      sensing: lever-rule share err 0.0016 (max 0.002, n 944) · grfY err 0.21 N · L+R vs total 0.16 (max 0.2) N · airborne foot - · CoP inside 100% · budget max 0.87 · sat 
PB30           RECOVERED max RECOVERABLE_HIP      t[hip 0.029 step - fall - ground - roll -] rec 1.287s | COM exc 7.3 cm v 0.336 ξmin 0.3 cm trunk 5.9° spine 4.2° slip 0.12 cm | root 0.025/0.34 N | sep 0.16 lim 0° | cpu 0.6583 (J 0.5371 S 0.0375 C 0.0837) | audit 0/0 fixture false | det true ff3dd9f6
      sensing: lever-rule share err 0.0016 (max 0.002, n 1166) · grfY err 0.36 N · L+R vs total 0.16 (max 0.2) N · airborne foot - · CoP inside 100% · budget max 0.38 · sat 
PB35           FELL      max GROUNDED             t[hip 0.025 step 0.704 fall 0.762 ground 2.283 roll 0.45] rec -s | COM exc 135.2 cm v 3.593 ξmin -100000 cm trunk 93.3° spine 28° slip 0.07 cm | root 0.048/0.39 N | sep 1.49 lim 0° | cpu 0.7436 (J 0.5926 S 0.052 C 0.099) | audit 0/0 fixture false | det true bbacb5a9
      fall: STEP_NEEDED — no stepping in C1 — ξ 0.9 cm beyond the hip-extended support
      friction: first SLIPPING L 3.075 R 3.075 s · degraded 429 ms · μ observed 0.888 · CoP–COM friction limit min 0 cm · slid L 5 R 6 cm
      sensing: lever-rule share err 0.0016 (max 0.002, n 168) · grfY err 0.4 N · L+R vs total 0.15 (max 0.2) N · airborne foot {"mean":0.01,"maxAbs":0,"n":45} · CoP inside 100% · budget max 1 · sat lumbar 50ms, thoracic 4ms, neck 17ms, shoulder_L 8ms, shoulder_R 8ms, hip_L 33ms, ankle_L 171ms, hip_R 13ms, ankle_R 117ms
PR30           RECOVERED max RECOVERABLE_HIP      t[hip 0.108 step - fall - ground - roll 0.079] rec 0.287s | COM exc 5.3 cm v 0.342 ξmin 0.1 cm trunk 4.3° spine 2.8° slip 0.14 cm | root 0.023/0.33 N | sep 0.16 lim 0° | cpu 0.6649 (J 0.5428 S 0.0392 C 0.0829) | audit 0/0 fixture false | det true a5fc411c
      sensing: lever-rule share err 0.0124 (max 0.042, n 1297) · grfY err 0.29 N · L+R vs total 0.15 (max 0.2) N · airborne foot - · CoP inside 100% · budget max 0.56 · sat lumbar 17ms, ankle_L 17ms, hip_R 21ms, ankle_R 83ms
PR45           RECOVERED max RECOVERABLE_HIP      t[hip 0.042 step - fall - ground - roll 0.092] rec 2.833s | COM exc 14.4 cm v 0.527 ξmin 4.1 cm trunk 4.9° spine 3.9° slip 0.25 cm | root 0.034/0.51 N | sep 0.16 lim 0° | cpu 0.6547 (J 0.5433 S 0.0374 C 0.074) | audit 0/0 fixture false | det true fa63e694
      sensing: lever-rule share err 0.0267 (max 0.124, n 1063) · grfY err 1 N · L+R vs total 0.16 (max 0.3) N · airborne foot - · CoP inside 100% · budget max 0.56 · sat lumbar 25ms, ankle_L 50ms, hip_R 96ms, ankle_R 308ms
PR50           FELL      max GROUNDED             t[hip 0.038 step 1.958 fall 2.017 ground 3.267 roll 0.096] rec -s | COM exc 168.6 cm v 3.366 ξmin -100000 cm trunk 93.7° spine 24.5° slip 0.28 cm | root 0.058/0.58 N | sep 1.77 lim 0.46° | cpu 0.7502 (J 0.6223 S 0.0492 C 0.0786) | audit 0/0 fixture false | det true f8534af
      flags: saturation streaks > 300 ms: hip_R 525 ms, ankle_R 3096 ms
      fall: STEP_NEEDED — no stepping in C1 — ξ 0.6 cm beyond the hip-extended support
      friction: first SLIPPING L 5.021 R 4.008 s · degraded 642 ms · μ observed 0.824 · CoP–COM friction limit min 0 cm · slid L 14.3 R 10.7 cm
      sensing: lever-rule share err 0.0016 (max 0.002, n 168) · grfY err 0.4 N · L+R vs total 0.15 (max 0.2) N · airborne foot {"mean":0.14,"maxAbs":13,"n":560} · CoP inside 100% · budget max 0.75 · sat lumbar 208ms, thoracic 100ms, neck 104ms, shoulder_L 33ms, shoulder_R 21ms, hip_L 138ms, ankle_L 233ms, hip_R 1396ms, knee_R 4ms, ankle_R 3363ms
G_fall         FELL      max GROUNDED             t[hip 0.021 step 0.042 fall 0.1 ground 1.221 roll 0.079] rec -s | COM exc 164.8 cm v 3.758 ξmin -100000 cm trunk 91.6° spine 19.3° slip 0.12 cm | root 0.071/1.02 N | sep 0.9 lim 0.05° | cpu 0.7169 (J 0.6083 S 0.036 C 0.0725) | audit 0/0 fixture false | det true def24b51
      fall: STEP_NEEDED — no stepping in C1 — ξ 5.7 cm beyond the hip-extended support
      friction: first SLIPPING L 2.246 R 2.25 s · degraded 862 ms · μ observed 0.912 · CoP–COM friction limit min 0 cm · slid L 8.3 R 8.2 cm
      sensing: lever-rule share err 0.0016 (max 0.002, n 168) · grfY err 0.4 N · L+R vs total 0.15 (max 0.2) N · airborne foot {"mean":0,"maxAbs":0.1,"n":120} · CoP inside 100% · budget max 1 · sat lumbar 38ms, thoracic 13ms, neck 17ms, shoulder_L 21ms, shoulder_R 21ms, hip_L 25ms, knee_L 13ms, ankle_L 100ms, hip_R 25ms, knee_R 13ms, ankle_R 96ms
H_ice_quiet    STOOD     max RECOVERABLE_IN_PLACE  | COM exc 0.1 cm v 0 ξmin 12.2 cm trunk 4° spine 2° slip 0.07 cm | quiet drift 0.06 cm sway 0.4 mm ankle 10% inPlace true | root 0.018/0.06 N | sep 0.16 lim 0° | cpu 0.6563 (J 0.5417 S 0.0374 C 0.0772) | audit 0/0 fixture false | det true 7c0ea7bc
      sensing: lever-rule share err 0.0016 (max 0.002, n 1128) · grfY err 0.06 N · L+R vs total 0.16 (max 0.2) N · airborne foot - · CoP inside 100% · budget max 0.2 · sat 
H_ice_push     RECOVERED max STEP_NEEDED          t[hip - step 0.05 fall - ground - roll -] rec 0.529s | COM exc 7.7 cm v 0.301 ξmin 12.2 cm trunk 5.2° spine 2.6° slip 7 cm | root 0.023/0.28 N | sep 0.16 lim 0° | cpu 0.6517 (J 0.538 S 0.0384 C 0.0753) | audit 0/0 fixture false | det true 13146df0
      flags: foot slid 7.0 cm
      fall: ξ 0.5 cm beyond the hip-extended support
      friction: first SLIPPING L 1.042 R 1.042 s · degraded 313 ms · μ observed 0.075 · CoP–COM friction limit min 3.4 cm · slid L 7 R 7 cm
      sensing: lever-rule share err 0.0016 (max 0.002, n 1256) · grfY err 0.08 N · L+R vs total 0.15 (max 0.2) N · airborne foot - · CoP inside 100% · budget max 0.47 · sat 
