A_shift      upright final RECOVERABLE_IN_PLACE loads ΣvsBW 4.98 N maxΔ/step 72.8 N shareR [0.05,0.968] | drift L 0.02 R 0 COM 1.1 cm slid L 2.2 R 2.1 mm | root 0.031/0.07 N | sep 0.16 limMargin 8.7° | cpu 1.3278 | audit 0/0 fixture false | det true 3e66ad4d
      #0 shift w=0.25 DONE
      #1 shift w=0.1 DONE
      #2 shift w=0.5 DONE
      #3 shift w=0.75 DONE
      #4 shift w=0.9 DONE
      #5 shift w=0.5 DONE
B_lift_R     upright final RECOVERABLE_IN_PLACE loads ΣvsBW 3.1 N maxΔ/step 70.9 N shareR [0,0.666] | drift L 0.02 R 0.05 COM 1.91 cm slid L 1.7 R 1.1 mm | root 0.029/0.11 N | sep 0.16 limMargin 8.1° | cpu 1.2468 | audit 0/0 fixture false | det true 90d77b7b
      #0 lift R  → REJECTED (weight transfer not achieved: swing load 57 N, ξ margin on the stance foot 7.3 cm, |v| 0.01 m/s)
         metrics: sole clearance min null / peak null cm · to stance leg null cm · swing pen null mm · stance slid 0.43 mm · leg self-contact 0 mm · limit margin 8.1° (ankle_L) · root max 0.11 N · class RECOVERABLE_IN_PLACE · sat {"hip_L":4}
B_hold_R     upright final RECOVERABLE_IN_PLACE loads ΣvsBW 1.01 N maxΔ/step 70.9 N shareR [0,0.666] | drift L 0.04 R 0.06 COM 0.04 cm slid L 2.4 R 1.8 mm | root 0.021/0.11 N | sep 0.16 limMargin 8.1° | cpu 1.0459 | audit 0/0 fixture false | det true 2777f9a9
      #0 lift R  → REJECTED (weight transfer not achieved: swing load 57 N, ξ margin on the stance foot 7.3 cm, |v| 0.01 m/s)
         metrics: sole clearance min null / peak null cm · to stance leg null cm · swing pen null mm · stance slid 0.43 mm · leg self-contact 0 mm · limit margin 8.1° (ankle_L) · root max 0.11 N · class RECOVERABLE_IN_PLACE · sat {"hip_L":4}
B_lift_L     upright final RECOVERABLE_IN_PLACE loads ΣvsBW 2.94 N maxΔ/step 70.9 N shareR [0.334,1] | drift L 0.04 R 0 COM 1.9 cm slid L 1.1 R 1.7 mm | root 0.029/0.11 N | sep 0.16 limMargin 8.1° | cpu 1.2062 | audit 0/0 fixture false | det true f247c8bc
      #0 lift L  → REJECTED (weight transfer not achieved: swing load 57 N, ξ margin on the stance foot 7.4 cm, |v| 0.01 m/s)
         metrics: sole clearance min null / peak null cm · to stance leg null cm · swing pen null mm · stance slid 0.43 mm · leg self-contact 0 mm · limit margin 8.1° (ankle_R) · root max 0.11 N · class RECOVERABLE_IN_PLACE · sat {"hip_R":4}
C_lat_R      upright final RECOVERABLE_IN_PLACE loads ΣvsBW 4.11 N maxΔ/step 70.9 N shareR [0,0.666] | drift L 0.02 R 0.05 COM 4.05 cm slid L 1.6 R 1 mm | root 0.032/0.11 N | sep 0.16 limMargin 8.1° | cpu 1.2391 | audit 0/0 fixture false | det true 26e8f0c7
      #0 place R  → REJECTED (weight transfer not achieved: swing load 57 N, ξ margin on the stance foot 7.3 cm, |v| 0.01 m/s) · projected 1.7 cm [single support: needs 6.8 cm of pelvis drop to reach (the stance ankle allows 6.1 cm)]
         metrics: sole clearance min null / peak null cm · to stance leg null cm · swing pen null mm · stance slid 0.43 mm · leg self-contact 0 mm · limit margin 8.1° (ankle_L) · root max 0.11 N · class RECOVERABLE_IN_PLACE · sat {"hip_L":4}
D_fwd_R      upright final RECOVERABLE_IN_PLACE loads ΣvsBW 4.11 N maxΔ/step 70.9 N shareR [0,0.666] | drift L 0.02 R 0.05 COM 4.05 cm slid L 1.6 R 1 mm | root 0.032/0.11 N | sep 0.16 limMargin 8.1° | cpu 1.2349 | audit 0/0 fixture false | det true 26e8f0c7
      #0 place R  → REJECTED (weight transfer not achieved: swing load 57 N, ξ margin on the stance foot 7.3 cm, |v| 0.01 m/s)
         metrics: sole clearance min null / peak null cm · to stance leg null cm · swing pen null mm · stance slid 0.43 mm · leg self-contact 0 mm · limit margin 8.1° (ankle_L) · root max 0.11 N · class RECOVERABLE_IN_PLACE · sat {"hip_L":4}
E_bwd_R      upright final RECOVERABLE_IN_PLACE loads ΣvsBW 4.11 N maxΔ/step 70.9 N shareR [0,0.666] | drift L 0.02 R 0.05 COM 4.05 cm slid L 1.6 R 1 mm | root 0.032/0.11 N | sep 0.16 limMargin 8.1° | cpu 1.2358 | audit 0/0 fixture false | det true 26e8f0c7
      #0 place R  → REJECTED (weight transfer not achieved: swing load 57 N, ξ margin on the stance foot 7.3 cm, |v| 0.01 m/s)
         metrics: sole clearance min null / peak null cm · to stance leg null cm · swing pen null mm · stance slid 0.43 mm · leg self-contact 0 mm · limit margin 8.1° (ankle_L) · root max 0.11 N · class RECOVERABLE_IN_PLACE · sat {"hip_L":4}
F_onfoot     upright final RECOVERABLE_IN_PLACE loads ΣvsBW 4.11 N maxΔ/step 70.9 N shareR [0,0.666] | drift L 0.02 R 0.05 COM 4.05 cm slid L 1.6 R 1 mm | root 0.032/0.11 N | sep 0.16 limMargin 8.1° | cpu 1.2369 | audit 0/0 fixture false | det true 26e8f0c7
      #0 place R  → REJECTED (weight transfer not achieved: swing load 57 N, ξ margin on the stance foot 7.3 cm, |v| 0.01 m/s) · projected 19.7 cm [crossover: -0 cm to its own side of the stance foot (min 10 cm); footprint overlaps the stance foot; swing path passes through the stance foot]
         metrics: sole clearance min null / peak null cm · to stance leg null cm · swing pen null mm · stance slid 0.43 mm · leg self-contact 0 mm · limit margin 8.1° (ankle_L) · root max 0.11 N · class RECOVERABLE_IN_PLACE · sat {"hip_L":4}
F_cross      upright final RECOVERABLE_IN_PLACE loads ΣvsBW 4.11 N maxΔ/step 70.9 N shareR [0,0.666] | drift L 0.02 R 0.05 COM 4.05 cm slid L 1.6 R 1 mm | root 0.032/0.11 N | sep 0.16 limMargin 8.1° | cpu 1.2365 | audit 0/0 fixture false | det true 26e8f0c7
      #0 place R  → REJECTED (weight transfer not achieved: swing load 57 N, ξ margin on the stance foot 7.3 cm, |v| 0.01 m/s) · projected 28.1 cm [crossover: -8 cm to its own side of the stance foot (min 10 cm); footprint overlaps the stance foot; swing path passes through the stance foot]
         metrics: sole clearance min null / peak null cm · to stance leg null cm · swing pen null mm · stance slid 0.43 mm · leg self-contact 0 mm · limit margin 8.1° (ankle_L) · root max 0.11 N · class RECOVERABLE_IN_PLACE · sat {"hip_L":4}
G_far        upright final RECOVERABLE_IN_PLACE loads ΣvsBW 3.53 N maxΔ/step 70.9 N shareR [0,0.666] | drift L 0.02 R 0.05 COM 2.78 cm slid L 1.7 R 1 mm | root 0.03/0.11 N | sep 0.16 limMargin 8.1° | cpu 1.2128 | audit 0/0 fixture false | det true 23133fce
      #0 place R  → REJECTED (weight transfer not achieved: swing load 57 N, ξ margin on the stance foot 7.3 cm, |v| 0.01 m/s) · projected 93.9 cm [needs 22 cm of pelvis drop (the stance ankle allows 6.1 cm); L hip extension 41° > 25°; beyond single-support reach; single support: R hip flexion 133° > 70°; single support: R hip abduction 167° > 35°]
         metrics: sole clearance min null / peak null cm · to stance leg null cm · swing pen null mm · stance slid 0.43 mm · leg self-contact 0 mm · limit margin 8.1° (ankle_L) · root max 0.11 N · class RECOVERABLE_IN_PLACE · sat {"hip_L":4}
G_far_side   upright final RECOVERABLE_IN_PLACE loads ΣvsBW 3.53 N maxΔ/step 70.9 N shareR [0,0.666] | drift L 0.02 R 0.05 COM 2.78 cm slid L 1.7 R 1 mm | root 0.03/0.11 N | sep 0.16 limMargin 8.1° | cpu 1.2604 | audit 0/0 fixture false | det true 23133fce
      #0 place R  → REJECTED (weight transfer not achieved: swing load 57 N, ξ margin on the stance foot 7.3 cm, |v| 0.01 m/s) · projected 71.7 cm [needs 12 cm of pelvis drop (the stance ankle allows 6.1 cm); beyond single-support reach; single support: R hip extension 178° > 25°; single support: R hip abduction 136° > 35°]
         metrics: sole clearance min null / peak null cm · to stance leg null cm · swing pen null mm · stance slid 0.43 mm · leg self-contact 0 mm · limit margin 8.1° (ankle_L) · root max 0.11 N · class RECOVERABLE_IN_PLACE · sat {"hip_L":4}
H_uneven     upright final RECOVERABLE_IN_PLACE loads ΣvsBW 4.11 N maxΔ/step 70.9 N shareR [0,0.666] | drift L 0.02 R 0.05 COM 4.05 cm slid L 1.6 R 1 mm | root 0.032/0.11 N | sep 0.16 limMargin 8.1° | cpu 1.2597 | audit 0/0 fixture false | det true 26e8f0c7
      #0 place R  → REJECTED (weight transfer not achieved: swing load 57 N, ξ margin on the stance foot 7.3 cm, |v| 0.01 m/s)
         metrics: sole clearance min null / peak null cm · to stance leg null cm · swing pen null mm · stance slid 0.43 mm · leg self-contact 0 mm · limit margin 8.1° (ankle_L) · root max 0.11 N · class RECOVERABLE_IN_PLACE · sat {"hip_L":4}
I_block      upright final RECOVERABLE_IN_PLACE loads ΣvsBW 4.11 N maxΔ/step 70.9 N shareR [0,0.666] | drift L 0.02 R 0.05 COM 4.05 cm slid L 1.6 R 1 mm | root 0.032/0.11 N | sep 0.16 limMargin 8.1° | cpu 1.2845 | audit 0/0 fixture false | det true 26e8f0c7
      #0 place R  → REJECTED (weight transfer not achieved: swing load 57 N, ξ margin on the stance foot 7.3 cm, |v| 0.01 m/s) · projected 3.9 cm [single support: needs 7.2 cm of pelvis drop to reach (the stance ankle allows 6.1 cm)]
         metrics: sole clearance min null / peak null cm · to stance leg null cm · swing pen null mm · stance slid 0.43 mm · leg self-contact 0 mm · limit margin 8.1° (ankle_L) · root max 0.11 N · class RECOVERABLE_IN_PLACE · sat {"hip_L":4}
J_repeat     FELL final GROUNDED             loads ΣvsBW 489.5 N maxΔ/step 588.6 N shareR [-0.001,1] | drift L 54.47 R 92.48 COM 170.69 cm slid L 1105 R 1031.4 mm | root 83.203/8371.05 N | sep 2.07 limMargin -0.4° | cpu 1.16 | audit 0/0 fixture false | det true 2732274f
      #0 place R 1 R fwd → REJECTED (weight transfer not achieved: swing load 57 N, ξ margin on the stance foot 7.3 cm, |v| 0.01 m/s)
         metrics: sole clearance min null / peak null cm · to stance leg null cm · swing pen null mm · stance slid 0.43 mm · leg self-contact 0 mm · limit margin 8.1° (ankle_L) · root max 0.11 N · class RECOVERABLE_IN_PLACE · sat {"hip_L":4}
      #1 place L 2 L fwd → REJECTED (weight transfer not achieved: swing load 111 N, ξ margin on the stance foot 5.8 cm, |v| 0.02 m/s)
         metrics: sole clearance min null / peak null cm · to stance leg null cm · swing pen null mm · stance slid 0.34 mm · leg self-contact 0 mm · limit margin 8.5° (ankle_L) · root max 0.13 N · class RECOVERABLE_IN_PLACE · sat {"ankle_L":208,"hip_R":4}
      #2 place R 3 R out → REJECTED (weight transfer not achieved: swing load 98 N, ξ margin on the stance foot 6.1 cm, |v| 0.01 m/s)
         metrics: sole clearance min null / peak null cm · to stance leg null cm · swing pen null mm · stance slid 0.31 mm · leg self-contact 0 mm · limit margin 8.5° (ankle_R) · root max 0.13 N · class RECOVERABLE_IN_PLACE · sat {"ankle_L":25,"ankle_R":154}
      #3 place R 4 R in → FAILED (balance lost during ACCEPT (STEP_NEEDED) — C2 does not step to recover)
         liftoff: swing load 0 N (0% BW) · stance ξ margin 5.4 cm · COM margin 7.2 cm · |v| 0.058 · transfer 1.25 s · physical liftoff 9.875
         touchdown: single support 0.838 s · landing error 4.6 cm · v -0.041/0.52 m/s · early false (u 0.95) · ankle y planned 0.1035 actual 0.0994 · tilt 2.6°
         metrics: sole clearance min 5.6 / peak 9 cm · to stance leg 4.4 cm · swing pen 0.25 mm · stance slid 1102.2 mm · leg self-contact 0.91 mm · limit margin -0.4° (ankle_L) · root max 8371.05 N · class GROUNDED · sat {"lumbar":225,"thoracic":338,"neck":104,"shoulder_L":83,"shoulder_R":58,"hip_L":625,"ankle_L":9450,"hip_R":375,"ankle_R":6546}
