A              err rms   1.76° peak     10° (knee_L    ) sat     0 ms | joint 0.19 mm lim 0° soft 0° turf 1.4/0.83 self 0 pop 0.09 | KE max 0.73 end 0 | pelvis end 12.8 mm 1.73° | sup F̄ 33.4 N pk 102 lift 1.1% T̄ 11.2 pk 13.8 sat 0 ms | cpu 0.6317 ms/frame | audit 0/0 nan false | det true c4b8638e
      holds: [3.5-4] err 1.19° ω 0.01°/s KE 0 sat 0
      joints: shoulder_L rms 1.92 pk 8.9@0.004 τ 19.3/70 sat 0ms · elbow_L rms 1.06 pk 8@0 τ 10.6/60 sat 0ms · shoulder_R rms 1.92 pk 8.9@0.004 τ 19.3/70 sat 0ms · elbow_R rms 1.06 pk 8@0 τ 10.6/60 sat 0ms · hip_L rms 1.22 pk 4@0 τ 13/220 sat 0ms · knee_L rms 2.51 pk 10@0 τ 20.3/190 sat 0ms · ankle_L rms 2.48 pk 8@0 τ 26.3/110 sat 0ms · hip_R rms 1.22 pk 4@0 τ 13/220 sat 0ms · knee_R rms 2.51 pk 10@0 τ 20.4/190 sat 0ms · ankle_R rms 2.48 pk 8@0 τ 26.4/110 sat 0ms
C              err rms   6.13° peak   32.6° (hip_R     ) sat   546 ms | joint 0.58 mm lim 0° soft 0° turf 7.99/1.71 self 5.37 pop 0.15 | KE max 59.82 end 0.035 | pelvis end 66.2 mm 13.61° | sup F̄ 152.5 N pk 372 lift -0.1% T̄ 60.1 pk 108 sat 1104 ms | cpu 0.6241 ms/frame | audit 0/0 nan false | det true f12c4f02
      holds: [0-0.5] err 0.69° ω 6.1°/s KE 0.359 sat 0  [1.8-2.3] err 3.38° ω 0.82°/s KE 0.007 sat 0  [3.1-3.6] err 9.13° ω 7.18°/s KE 0.808 sat 0
      joints: lumbar rms 4.97 pk 9.5@2.492 τ 137.9/200 sat 0ms · thoracic rms 2.51 pk 5@2.483 τ 63.7/200 sat 0ms · neck rms 2.72 pk 7.6@2.483 τ 11.4/35 sat 0ms · shoulder_L rms 2.4 pk 6.3@0.654 τ 32.1/70 sat 0ms · elbow_L rms 1.69 pk 4.9@2.6 τ 13.7/60 sat 0ms · shoulder_R rms 3.01 pk 4.4@2.638 τ 21.6/70 sat 0ms · elbow_R rms 0.99 pk 3.1@2.458 τ 7.5/60 sat 0ms · hip_L rms 6.14 pk 9.9@3.6 τ 97.9/220 sat 0ms · ankle_L rms 3.67 pk 6.1@2.571 τ 110/110 sat 75ms · hip_R rms 14.25 pk 32.6@2.558 τ 220/220 sat 192ms · knee_R rms 11.49 pk 30.5@2.558 τ 190/190 sat 133ms · ankle_R rms 6.41 pk 14.7@3.6 τ 110/110 sat 146ms
E              err rms   7.25° peak   33.8° (hip_R     ) sat  2808 ms | joint 0.22 mm lim 0° soft 0° turf 1.55/0.44 self 0 pop 0.09 | KE max 13.25 end 0 | pelvis end 33 mm 8.63° | sup F̄ 106.9 N pk 289 lift 0.6% T̄ 80.1 pk 129.4 sat 2367 ms | cpu 0.6144 ms/frame | audit 0/0 nan false | det true 4aa1d385
      holds: [0-0.5] err 0.69° ω 6.1°/s KE 0.359 sat 0  [4.5-5] err 3.38° ω 0.77°/s KE 0.004 sat 0
      joints: lumbar rms 6.28 pk 9.3@3.104 τ 109.2/200 sat 0ms · thoracic rms 2.75 pk 4.2@3.112 τ 50.8/200 sat 0ms · neck rms 3.24 pk 5.7@3.112 τ 7.8/35 sat 0ms · shoulder_R rms 3.39 pk 4.5@2.583 τ 10.4/70 sat 0ms · hip_L rms 15.25 pk 23.1@2.438 τ 220/220 sat 1671ms · knee_L rms 4.45 pk 7.6@3.008 τ 73.9/190 sat 0ms · ankle_L rms 2.13 pk 3.1@3.112 τ 43.5/110 sat 0ms · hip_R rms 16.76 pk 33.8@1.012 τ 220/220 sat 933ms · knee_R rms 5.22 pk 7.9@2.996 τ 155.5/190 sat 0ms · ankle_R rms 6.71 pk 10.3@2.996 τ 110/110 sat 204ms
      block: first contact 1.0417s (foot_R) max pen -0.06 mm (listener 0.23) max F 885 N obstacle moved 0 mm removed 3
      while blocked [1.35-2.95]: hip err 22.1° τ 207.9 N·m sat 17% F 122 N pen -0.32 mm support 96 N; others: lumbar 8.1, thoracic 3.5, neck 4.3, shoulder_L 0.7, elbow_L 1.1, shoulder_R 4.4, elbow_R 0.6, hip_L 21.9, knee_L 6.7, ankle_L 2.7
      after removal: hip err 20.6° → within 5° in 0.446s, end 3.55°
        n 247 t 1.0292 gap 5.24 mm depth -8.72 approach 0.874 m/s F 0 N hip err 33.43° τ 220
        n 248 t 1.0333 gap 1.13 mm depth -5.2 approach 1.016 m/s F 0 N hip err 33.19° τ 208.5
        n 249 t 1.0375 gap 0.14 mm depth -1.09 approach 0.217 m/s F 885 N hip err 33.11° τ 220
        n 250 t 1.0417 gap 0.06 mm depth 0.15 approach 0.004 m/s F 634 N hip err 33.11° τ 220
        n 251 t 1.0458 gap 0.11 mm depth -0.04 approach 0 m/s F 376 N hip err 33.11° τ 220
        n 252 t 1.05 gap 0.16 mm depth 0.23 approach -0.004 m/s F 305 N hip err 33.1° τ 220
        n 253 t 1.0542 gap 0.23 mm depth -0.1 approach -0.02 m/s F 304 N hip err 33.08° τ 220
        n 254 t 1.0583 gap 0.27 mm depth 0.12 approach -0.014 m/s F 300 N hip err 33.05° τ 220
F_chest        err rms   1.28° peak    8.3° (neck      ) sat     0 ms | joint 0.18 mm lim 0° soft 0° turf 1.94/0.54 self 0 pop 0.09 | KE max 22.84 end 0 | pelvis end 8.1 mm 0.59° | sup F̄ 32.1 N pk 263 lift 0.9% T̄ 6 pk 70.5 sat 63 ms | cpu 0.5817 ms/frame | audit 0/0 nan false | det true 3f52a75
      holds: [3.5-4] err 1.15° ω 0.01°/s KE 0 sat 0
      joints: lumbar rms 2.47 pk 6.7@1.238 τ 177.3/200 sat 0ms · thoracic rms 1.43 pk 4.1@1.204 τ 78.2/200 sat 0ms · neck rms 1.63 pk 8.3@1.058 τ 23.2/35 sat 0ms
      disturbance 46.6 N·s @1: baseline 1.01° peak 2.76° (+0.254s) recovered in 0.483s (thr 1.51°) worst neck 8.3, lumbar 6.7, thoracic 4.1, knee_L 2.4, shoulder_R 2 pelvis 30.6 mm support pk 263 N
