SV_static      STOOD     max RECOVERABLE_IN_PLACE  | COM exc 0.1 cm v 0 ξmin 12.2 cm trunk 4° spine 2° slip 0.05 cm | quiet drift 0.06 cm sway 0.48 mm ankle 10% inPlace true | root 0.018/0.06 N | sep 0.16 lim 0° | cpu 0.8153 (J 0.5832 S 0.0887 C 0.1434) | audit 0/0 fixture false | det true 6e0ab50f
      sensing: lever-rule share err 0.0016 (max 0.002, n 888) · grfY err 0.08 N · L+R vs total 0.15 (max 0.2) N · airborne foot - · CoP inside 100% · budget max 0.2 · sat 
SV_freefall    STOOD     max INIT                  | COM exc 8.6 cm v 0.263 ξmin 9.9 cm trunk 12.8° spine 5.3° slip 0.07 cm | quiet drift 8.58 cm sway 70.52 mm ankle 25.1% inPlace false | root 0.164/0.96 N | sep 2.49 lim 0° | cpu 0.7144 (J 0.5828 S 0.0776 C 0.054) | audit 0/0 fixture false | det true dbfb4051
      sensing: lever-rule share err - · grfY err null N · L+R vs total null (max null) N · airborne foot {"mean":0.04,"maxAbs":0.1,"n":136} · CoP inside null% · budget max 1 · sat knee_L 8ms, ankle_L 17ms, knee_R 8ms, ankle_R 17ms
SV_shift       STOOD     max RECOVERABLE_IN_PLACE  | COM exc 6.2 cm v 0.029 ξmin 12.2 cm trunk 4° spine 2° slip 0.05 cm | quiet drift 6.24 cm sway 36.27 mm ankle 43.4% inPlace true | root 0.02/0.06 N | sep 0.16 lim 0° | cpu 0.7041 (J 0.5494 S 0.0536 C 0.1012) | audit 0/0 fixture false | det true 6c18ff5b
      sensing: lever-rule share err 0.0154 (max 0.031, n 1128) · grfY err 0.07 N · L+R vs total 0.16 (max 0.2) N · airborne foot - · CoP inside 100% · budget max 0.2 · sat 
QS20           STOOD     max RECOVERABLE_IN_PLACE  | COM exc 0.1 cm v 0 ξmin 12.2 cm trunk 4° spine 2° slip 0.13 cm | quiet drift 0.15 cm sway 1.03 mm ankle 10% inPlace true | root 0.018/0.06 N | sep 0.16 lim 0° | cpu 0.6544 (J 0.5267 S 0.0433 C 0.0844) | audit 0/0 fixture false | det true d3a31473
      sensing: lever-rule share err 0.0016 (max 0.002, n 4728) · grfY err 0.01 N · L+R vs total 0.16 (max 0.2) N · airborne foot - · CoP inside 100% · budget max 0.2 · sat 
QS20_delay     STOOD     max RECOVERABLE_IN_PLACE  | COM exc 0.7 cm v 0.006 ξmin 12.2 cm trunk 4.3° spine 2.1° slip 0.1 cm | quiet drift 0.67 cm sway 6.02 mm ankle 10.6% inPlace true | root 0.018/0.06 N | sep 0.17 lim 0° | cpu 0.638 (J 0.5201 S 0.0393 C 0.0786) | audit 0/0 fixture false | det true d82bb1dc
      sensing: lever-rule share err 0.0016 (max 0.002, n 4728) · grfY err 0.01 N · L+R vs total 0.15 (max 0.2) N · airborne foot - · CoP inside 100% · budget max 0.15 · sat 
G_fall         FELL      max GROUNDED             t[hip 0.021 step 0.042 fall 0.1 ground 1.221 roll 0.079] rec -s | COM exc 164.8 cm v 3.758 ξmin -100000 cm trunk 91.6° spine 19.3° slip 0.12 cm | root 0.071/1.02 N | sep 0.9 lim 0.05° | cpu 0.7755 (J 0.6078 S 0.0605 C 0.1072) | audit 0/0 fixture false | det true def24b51
      fall: STEP_NEEDED — no stepping in C1 — ξ 5.7 cm beyond the hip-extended support
      friction: first SLIPPING L 2.246 R 2.25 s · degraded 862 ms · μ observed 0.912 · CoP–COM friction limit min 0 cm · slid L 8.3 R 8.2 cm
      sensing: lever-rule share err 0.0016 (max 0.002, n 168) · grfY err 0.4 N · L+R vs total 0.15 (max 0.2) N · airborne foot {"mean":0,"maxAbs":0.1,"n":120} · CoP inside 100% · budget max 1 · sat lumbar 38ms, thoracic 13ms, neck 17ms, shoulder_L 21ms, shoulder_R 21ms, hip_L 25ms, knee_L 13ms, ankle_L 100ms, hip_R 25ms, knee_R 13ms, ankle_R 96ms
H_ice_quiet    STOOD     max RECOVERABLE_IN_PLACE  | COM exc 0.1 cm v 0 ξmin 12.2 cm trunk 4° spine 2° slip 0.07 cm | quiet drift 0.06 cm sway 0.4 mm ankle 10% inPlace true | root 0.018/0.06 N | sep 0.16 lim 0° | cpu 0.6635 (J 0.5392 S 0.04 C 0.0842) | audit 0/0 fixture false | det true 7c0ea7bc
      sensing: lever-rule share err 0.0016 (max 0.002, n 1128) · grfY err 0.06 N · L+R vs total 0.16 (max 0.2) N · airborne foot - · CoP inside 100% · budget max 0.2 · sat 
H_ice_push     RECOVERED max STEP_NEEDED          t[hip - step 0.05 fall - ground - roll -] rec 0.529s | COM exc 7.7 cm v 0.301 ξmin 12.2 cm trunk 5.2° spine 2.6° slip 7 cm | root 0.023/0.28 N | sep 0.16 lim 0° | cpu 0.659 (J 0.5386 S 0.0381 C 0.0823) | audit 0/0 fixture false | det true 13146df0
      flags: foot slid 7.0 cm
      fall: ξ 0.5 cm beyond the hip-extended support
      friction: first SLIPPING L 1.042 R 1.042 s · degraded 313 ms · μ observed 0.075 · CoP–COM friction limit min 3.4 cm · slid L 7 R 7 cm
      sensing: lever-rule share err 0.0016 (max 0.002, n 1256) · grfY err 0.08 N · L+R vs total 0.15 (max 0.2) N · airborne foot - · CoP inside 100% · budget max 0.47 · sat 
H_patch_right  RECOVERED max RECOVERABLE_IN_PLACE t[hip - step - fall - ground - roll -] rec 0.625s | COM exc 12.1 cm v 0.369 ξmin 11.8 cm trunk 4.3° spine 2.6° slip 24.28 cm | root 0.025/0.33 N | sep 0.16 lim 0° | cpu 0.6496 (J 0.5349 S 0.0378 C 0.0769) | audit 0/0 fixture false | det true eaa15851
      flags: foot slid 24.3 cm · saturation streaks > 300 ms: ankle_L 346 ms
      friction: first SLIPPING L null R 1.042 s · degraded 479 ms · μ observed 0.05 · CoP–COM friction limit min 18.7 cm · slid L 0.1 R 24.3 cm
      sensing: lever-rule share err 0.0035 (max 0.03, n 1236) · grfY err 0.18 N · L+R vs total 0.15 (max 0.2) N · airborne foot - · CoP inside 100% · budget max 0.48 · sat lumbar 17ms, ankle_L 375ms, hip_R 42ms, ankle_R 250ms
PF10           RECOVERED max RECOVERABLE_IN_PLACE t[hip - step - fall - ground - roll -] rec 0.171s | COM exc 1.5 cm v 0.105 ξmin 12.2 cm trunk 4.5° spine 2.3° slip 0.07 cm | root 0.019/0.11 N | sep 0.16 lim 0° | cpu 0.636 (J 0.5254 S 0.0361 C 0.0745) | audit 0/0 fixture false | det true 2c393c2a
      sensing: lever-rule share err 0.0016 (max 0.002, n 1338) · grfY err 0.2 N · L+R vs total 0.16 (max 0.2) N · airborne foot - · CoP inside 100% · budget max 0.31 · sat 
PF20           RECOVERED max RECOVERABLE_IN_PLACE t[hip - step - fall - ground - roll -] rec 0.279s | COM exc 3.1 cm v 0.208 ξmin 12.2 cm trunk 5° spine 2.5° slip 0.1 cm | root 0.021/0.22 N | sep 0.16 lim 0° | cpu 0.6371 (J 0.5269 S 0.0349 C 0.0754) | audit 0/0 fixture false | det true 5c7cdac
      sensing: lever-rule share err 0.0016 (max 0.002, n 1309) · grfY err 0.18 N · L+R vs total 0.15 (max 0.2) N · airborne foot - · CoP inside 100% · budget max 0.52 · sat 
PF30           RECOVERED max RECOVERABLE_IN_PLACE t[hip - step - fall - ground - roll -] rec 0.329s | COM exc 4.7 cm v 0.322 ξmin 12 cm trunk 5.5° spine 2.8° slip 0.16 cm | root 0.023/0.34 N | sep 0.16 lim 0° | cpu 0.6465 (J 0.5281 S 0.039 C 0.0794) | audit 0/0 fixture false | det true 5121ddd7
      sensing: lever-rule share err 0.0017 (max 0.002, n 1293) · grfY err 0.48 N · L+R vs total 0.15 (max 0.2) N · airborne foot - · CoP inside 100% · budget max 0.67 · sat 
PF40           RECOVERED max RECOVERABLE_HIP      t[hip 0.05 step - fall - ground - roll -] rec 0.35s | COM exc 6.4 cm v 0.442 ξmin 7.8 cm trunk 6.3° spine 3.2° slip 0.21 cm | root 0.026/0.45 N | sep 0.22 lim 0° | cpu 0.6485 (J 0.5301 S 0.0368 C 0.0816) | audit 0/0 fixture false | det true f7c2b518
      sensing: lever-rule share err 0.0018 (max 0.007, n 1282) · grfY err 2.36 N · L+R vs total 0.15 (max 0.2) N · airborne foot - · CoP inside 100% · budget max 0.79 · sat 
PF50           RECOVERED max RECOVERABLE_HIP      t[hip 0.038 step - fall - ground - roll 0.154] rec 1.717s | COM exc 9.4 cm v 0.563 ξmin 3.7 cm trunk 6.7° spine 3.6° slip 0.27 cm | root 0.031/0.56 N | sep 0.25 lim 0° | cpu 0.6534 (J 0.5345 S 0.0378 C 0.0812) | audit 0/0 fixture false | det true 61eeaf73
      sensing: lever-rule share err 0.0017 (max 0.015, n 1076) · grfY err 6.1 N · L+R vs total 0.16 (max 0.3) N · airborne foot - · CoP inside 100% · budget max 0.84 · sat 
PF55           RECOVERED max RECOVERABLE_HIP      t[hip 0.033 step - fall - ground - roll 0.125] rec 1.937s | COM exc 12.3 cm v 0.623 ξmin 1.6 cm trunk 7.3° spine 3.7° slip 0.29 cm | root 0.035/0.62 N | sep 0.28 lim 0° | cpu 0.6464 (J 0.5337 S 0.04 C 0.0727) | audit 0/0 fixture false | det true 7501e666
      sensing: lever-rule share err 0.0016 (max 0.002, n 1012) · grfY err 0.45 N · L+R vs total 0.16 (max 0.3) N · airborne foot - · CoP inside 100% · budget max 0.85 · sat 
PF60           RECOVERED max RECOVERABLE_HIP      t[hip 0.033 step - fall - ground - roll 0.113] rec 2.417s | COM exc 16.7 cm v 0.683 ξmin -0.4 cm trunk 9.7° spine 3.6° slip 0.34 cm | root 0.041/0.67 N | sep 0.34 lim 0° | cpu 0.6417 (J 0.5287 S 0.0419 C 0.0711) | audit 0/0 fixture false | det true a02dcd48
      sensing: lever-rule share err 0.0016 (max 0.002, n 944) · grfY err 0.21 N · L+R vs total 0.16 (max 0.2) N · airborne foot - · CoP inside 100% · budget max 0.87 · sat 
PF65           FELL      max GROUNDED             t[hip 0.029 step 0.683 fall 0.742 ground 2.183 roll 0.104] rec -s | COM exc 166 cm v 3.704 ξmin -100000 cm trunk 91.6° spine 18.7° slip 0.11 cm | root 0.082/0.73 N | sep 0.95 lim 0.09° | cpu 0.7037 (J 0.5865 S 0.0376 C 0.0796) | audit 0/0 fixture false | det true 970d00cd
      fall: STEP_NEEDED — no stepping in C1 — ξ 0.9 cm beyond the hip-extended support
      friction: first SLIPPING L 3.538 R 3.533 s · degraded 1067 ms · μ observed 0.917 · CoP–COM friction limit min 2.1 cm · slid L 5.5 R 6.3 cm
      sensing: lever-rule share err 0.0016 (max 0.002, n 168) · grfY err 0.4 N · L+R vs total 0.15 (max 0.2) N · airborne foot {"mean":0,"maxAbs":0.1,"n":94} · CoP inside 100% · budget max 1 · sat lumbar 21ms, thoracic 8ms, neck 17ms, shoulder_L 25ms, shoulder_R 29ms, hip_L 21ms, knee_L 8ms, ankle_L 33ms, hip_R 29ms, knee_R 8ms, ankle_R 29ms
PF70           FELL      max GROUNDED             t[hip 0.025 step 0.337 fall 0.396 ground 1.729 roll 0.096] rec -s | COM exc 166.5 cm v 3.706 ξmin -100000 cm trunk 91.6° spine 19° slip 0.11 cm | root 0.083/0.78 N | sep 0.95 lim 0.1° | cpu 0.7149 (J 0.5939 S 0.0351 C 0.0859) | audit 0/0 fixture false | det true d4a48842
      fall: STEP_NEEDED — no stepping in C1 — ξ 1.5 cm beyond the hip-extended support
      friction: first SLIPPING L 2.696 R 3.129 s · degraded 1133 ms · μ observed 0.911 · CoP–COM friction limit min 0 cm · slid L 8.8 R 6.1 cm
      sensing: lever-rule share err 0.0016 (max 0.002, n 168) · grfY err 0.4 N · L+R vs total 0.15 (max 0.2) N · airborne foot {"mean":0,"maxAbs":0.1,"n":120} · CoP inside 100% · budget max 1 · sat lumbar 21ms, thoracic 8ms, neck 17ms, shoulder_L 21ms, shoulder_R 21ms, hip_L 17ms, knee_L 13ms, ankle_L 33ms, hip_R 21ms, knee_R 17ms, ankle_R 29ms
PB10           RECOVERED max RECOVERABLE_IN_PLACE t[hip - step - fall - ground - roll -] rec 0.171s | COM exc 1.6 cm v 0.106 ξmin 8.5 cm trunk 4.6° spine 2.6° slip 0.07 cm | root 0.019/0.11 N | sep 0.16 lim 0° | cpu 0.6853 (J 0.5423 S 0.0565 C 0.0866) | audit 0/0 fixture false | det true b6e73944
      sensing: lever-rule share err 0.0016 (max 0.002, n 1338) · grfY err 0.18 N · L+R vs total 0.15 (max 0.2) N · airborne foot - · CoP inside 100% · budget max 0.2 · sat 
PB20           RECOVERED max RECOVERABLE_HIP      t[hip 0.05 step - fall - ground - roll -] rec 0.275s | COM exc 3.2 cm v 0.215 ξmin 4.5 cm trunk 5.3° spine 3.1° slip 0.1 cm | root 0.021/0.23 N | sep 0.16 lim 0° | cpu 0.6507 (J 0.5321 S 0.0372 C 0.0814) | audit 0/0 fixture false | det true abdf4fef
      sensing: lever-rule share err 0.0016 (max 0.003, n 1312) · grfY err 0.86 N · L+R vs total 0.15 (max 0.2) N · airborne foot - · CoP inside 100% · budget max 0.23 · sat 
PB30           RECOVERED max RECOVERABLE_HIP      t[hip 0.029 step - fall - ground - roll -] rec 1.287s | COM exc 7.3 cm v 0.336 ξmin 0.3 cm trunk 5.9° spine 4.2° slip 0.12 cm | root 0.025/0.34 N | sep 0.16 lim 0° | cpu 0.6483 (J 0.5298 S 0.0389 C 0.0797) | audit 0/0 fixture false | det true ff3dd9f6
      sensing: lever-rule share err 0.0016 (max 0.002, n 1166) · grfY err 0.36 N · L+R vs total 0.16 (max 0.2) N · airborne foot - · CoP inside 100% · budget max 0.38 · sat 
PB35           FELL      max GROUNDED             t[hip 0.025 step 0.704 fall 0.762 ground 2.283 roll 0.45] rec -s | COM exc 135.2 cm v 3.593 ξmin -100000 cm trunk 93.3° spine 28° slip 0.07 cm | root 0.048/0.39 N | sep 1.49 lim 0° | cpu 0.6865 (J 0.5762 S 0.0365 C 0.0737) | audit 0/0 fixture false | det true bbacb5a9
      fall: STEP_NEEDED — no stepping in C1 — ξ 0.9 cm beyond the hip-extended support
      friction: first SLIPPING L 3.075 R 3.075 s · degraded 429 ms · μ observed 0.888 · CoP–COM friction limit min 0 cm · slid L 5 R 6 cm
      sensing: lever-rule share err 0.0016 (max 0.002, n 168) · grfY err 0.4 N · L+R vs total 0.15 (max 0.2) N · airborne foot {"mean":0.01,"maxAbs":0,"n":45} · CoP inside 100% · budget max 1 · sat lumbar 50ms, thoracic 4ms, neck 17ms, shoulder_L 8ms, shoulder_R 8ms, hip_L 33ms, ankle_L 171ms, hip_R 13ms, ankle_R 117ms
PB40           FELL      max GROUNDED             t[hip 0.021 step 0.321 fall 0.379 ground 1.775 roll 0.258] rec -s | COM exc 139.2 cm v 3.581 ξmin -100000 cm trunk 93° spine 27.6° slip 0.07 cm | root 0.051/0.45 N | sep 1.43 lim 0° | cpu 0.6823 (J 0.5735 S 0.0354 C 0.0734) | audit 0/0 fixture false | det true 6abc316e
      fall: STEP_NEEDED — no stepping in C1 — ξ 1.3 cm beyond the hip-extended support
      friction: first SLIPPING L 3.167 R 2.733 s · degraded 625 ms · μ observed 0.861 · CoP–COM friction limit min 0 cm · slid L 1.5 R 6.6 cm
      sensing: lever-rule share err 0.0016 (max 0.002, n 168) · grfY err 0.4 N · L+R vs total 0.15 (max 0.2) N · airborne foot {"mean":0,"maxAbs":0,"n":110} · CoP inside 100% · budget max 0.88 · sat lumbar 46ms, thoracic 8ms, neck 17ms, shoulder_L 13ms, shoulder_R 13ms, hip_L 29ms, ankle_L 29ms, hip_R 21ms, ankle_R 58ms
PB50           FELL      max GROUNDED             t[hip 0.017 step 0.042 fall 0.1 ground 1.442 roll 0.533] rec -s | COM exc 138.5 cm v 3.585 ξmin -100000 cm trunk 93° spine 27.7° slip 0.07 cm | root 0.046/0.56 N | sep 1.45 lim 0° | cpu 0.6879 (J 0.5793 S 0.035 C 0.0736) | audit 0/0 fixture false | det true ed08d56c
      fall: STEP_NEEDED — no stepping in C1 — ξ 2.0 cm beyond the hip-extended support
      friction: first SLIPPING L 2.837 R 2.404 s · degraded 388 ms · μ observed 0.863 · CoP–COM friction limit min 0 cm · slid L 1.5 R 3 cm
      sensing: lever-rule share err 0.0016 (max 0.002, n 168) · grfY err 0.4 N · L+R vs total 0.15 (max 0.2) N · airborne foot {"mean":0,"maxAbs":0,"n":111} · CoP inside 100% · budget max 1 · sat lumbar 50ms, thoracic 8ms, neck 17ms, shoulder_L 8ms, shoulder_R 8ms, hip_L 21ms, ankle_L 13ms, hip_R 25ms, ankle_R 33ms
PB60           FELL      max GROUNDED             t[hip 0.017 step 0.038 fall 0.096 ground 1.271 roll 0.1] rec -s | COM exc 136 cm v 3.623 ξmin -100000 cm trunk 93.3° spine 27.7° slip 0.08 cm | root 0.051/0.67 N | sep 1.5 lim 0° | cpu 0.6871 (J 0.5789 S 0.0363 C 0.0718) | audit 0/0 fixture false | det true 89bac13c
      fall: STEP_NEEDED — no stepping in C1 — ξ 6.4 cm beyond the hip-extended support
      friction: first SLIPPING L 2.112 R 2.112 s · degraded 438 ms · μ observed 0.884 · CoP–COM friction limit min 0 cm · slid L 6.3 R 6.8 cm
      sensing: lever-rule share err 0.0016 (max 0.002, n 168) · grfY err 0.4 N · L+R vs total 0.15 (max 0.2) N · airborne foot {"mean":0.01,"maxAbs":0,"n":31} · CoP inside 100% · budget max 1 · sat lumbar 50ms, thoracic 4ms, neck 17ms, shoulder_L 8ms, shoulder_R 8ms, hip_L 33ms, ankle_L 171ms, hip_R 25ms, ankle_R 108ms
PB70           FELL      max GROUNDED             t[hip 0.012 step 0.029 fall 0.087 ground 1.212 roll 0.083] rec -s | COM exc 140.6 cm v 3.651 ξmin -100000 cm trunk 93.4° spine 27.5° slip 0.09 cm | root 0.055/0.78 N | sep 1.43 lim 0° | cpu 0.7057 (J 0.594 S 0.0359 C 0.0758) | audit 0/0 fixture false | det true 27d8f9ee
      fall: STEP_NEEDED — no stepping in C1 — ξ 10.9 cm beyond the hip-extended support
      friction: first SLIPPING L 2.533 R 2.117 s · degraded 379 ms · μ observed 0.882 · CoP–COM friction limit min 0 cm · slid L 4.4 R 9.2 cm
      sensing: lever-rule share err 0.0016 (max 0.002, n 168) · grfY err 0.4 N · L+R vs total 0.15 (max 0.2) N · airborne foot {"mean":0,"maxAbs":0,"n":2} · CoP inside 100% · budget max 1 · sat lumbar 50ms, thoracic 8ms, neck 17ms, shoulder_L 17ms, shoulder_R 17ms, hip_L 38ms, ankle_L 167ms, hip_R 38ms, ankle_R 142ms
PR10           RECOVERED max RECOVERABLE_IN_PLACE t[hip - step - fall - ground - roll -] rec 0.125s | COM exc 1.3 cm v 0.113 ξmin 12.2 cm trunk 4° spine 2.1° slip 0.07 cm | root 0.019/0.11 N | sep 0.16 lim 0° | cpu 0.6407 (J 0.5309 S 0.0365 C 0.0733) | audit 0/0 fixture false | det true aed0c86e
      sensing: lever-rule share err 0.0044 (max 0.06, n 1338) · grfY err 0.09 N · L+R vs total 0.15 (max 0.2) N · airborne foot - · CoP inside 100% · budget max 0.2 · sat 
PR20           RECOVERED max RECOVERABLE_IN_PLACE t[hip - step - fall - ground - roll -] rec 0.188s | COM exc 2.7 cm v 0.227 ξmin 12.2 cm trunk 4.1° spine 2.3° slip 0.08 cm | root 0.02/0.22 N | sep 0.16 lim 0° | cpu 0.6395 (J 0.5294 S 0.0371 C 0.073) | audit 0/0 fixture false | det true de6559e
      sensing: lever-rule share err 0.0068 (max 0.076, n 1320) · grfY err 0.71 N · L+R vs total 0.15 (max 0.2) N · airborne foot - · CoP inside 100% · budget max 0.36 · sat lumbar 8ms, ankle_L 67ms, ankle_R 79ms
PR30           RECOVERED max RECOVERABLE_HIP      t[hip 0.108 step - fall - ground - roll 0.079] rec 0.287s | COM exc 5.3 cm v 0.342 ξmin 0.1 cm trunk 4.3° spine 2.8° slip 0.14 cm | root 0.023/0.33 N | sep 0.16 lim 0° | cpu 0.6476 (J 0.5338 S 0.0357 C 0.0782) | audit 0/0 fixture false | det true a5fc411c
      sensing: lever-rule share err 0.0124 (max 0.042, n 1297) · grfY err 0.29 N · L+R vs total 0.15 (max 0.2) N · airborne foot - · CoP inside 100% · budget max 0.56 · sat lumbar 17ms, ankle_L 17ms, hip_R 21ms, ankle_R 83ms
PR40           RECOVERED max RECOVERABLE_HIP      t[hip 0.05 step - fall - ground - roll 0.083] rec 2.333s | COM exc 11.8 cm v 0.468 ξmin 2.7 cm trunk 4.7° spine 3.5° slip 0.25 cm | root 0.03/0.45 N | sep 0.16 lim 0° | cpu 0.6609 (J 0.5374 S 0.0385 C 0.085) | audit 0/0 fixture false | det true aa9061c5
      flags: saturation streaks > 300 ms: ankle_R 496 ms
      sensing: lever-rule share err 0.0331 (max 0.099, n 1178) · grfY err 0.75 N · L+R vs total 0.15 (max 0.2) N · airborne foot - · CoP inside 100% · budget max 0.56 · sat lumbar 21ms, ankle_L 38ms, hip_R 42ms, ankle_R 617ms
PR45           RECOVERED max RECOVERABLE_HIP      t[hip 0.042 step - fall - ground - roll 0.092] rec 2.833s | COM exc 14.4 cm v 0.527 ξmin 4.1 cm trunk 4.9° spine 3.9° slip 0.25 cm | root 0.034/0.51 N | sep 0.16 lim 0° | cpu 0.6434 (J 0.5338 S 0.0358 C 0.0738) | audit 0/0 fixture false | det true fa63e694
      sensing: lever-rule share err 0.0267 (max 0.124, n 1063) · grfY err 1 N · L+R vs total 0.16 (max 0.3) N · airborne foot - · CoP inside 100% · budget max 0.56 · sat lumbar 25ms, ankle_L 50ms, hip_R 96ms, ankle_R 308ms
PR50           FELL      max GROUNDED             t[hip 0.038 step 1.958 fall 2.017 ground 3.267 roll 0.096] rec -s | COM exc 168.6 cm v 3.366 ξmin -100000 cm trunk 93.7° spine 24.5° slip 0.28 cm | root 0.058/0.58 N | sep 1.77 lim 0.46° | cpu 0.7235 (J 0.6048 S 0.0449 C 0.0738) | audit 0/0 fixture false | det true f8534af
      flags: saturation streaks > 300 ms: hip_R 525 ms, ankle_R 3096 ms
      fall: STEP_NEEDED — no stepping in C1 — ξ 0.6 cm beyond the hip-extended support
      friction: first SLIPPING L 5.021 R 4.008 s · degraded 642 ms · μ observed 0.824 · CoP–COM friction limit min 0 cm · slid L 14.3 R 10.7 cm
      sensing: lever-rule share err 0.0016 (max 0.002, n 168) · grfY err 0.4 N · L+R vs total 0.15 (max 0.2) N · airborne foot {"mean":0.14,"maxAbs":13,"n":560} · CoP inside 100% · budget max 0.75 · sat lumbar 208ms, thoracic 100ms, neck 104ms, shoulder_L 33ms, shoulder_R 21ms, hip_L 138ms, ankle_L 233ms, hip_R 1396ms, knee_R 4ms, ankle_R 3363ms
PR60           FELL      max GROUNDED             t[hip 0.033 step 0.379 fall 0.438 ground 1.563 roll 0.113] rec -s | COM exc 169.3 cm v 3.121 ξmin -100000 cm trunk 97.1° spine 28.6° slip 0.12 cm | root 0.085/0.71 N | sep 3.1 lim 0.35° | cpu 0.7345 (J 0.6205 S 0.041 C 0.073) | audit 0/0 fixture false | det true da9f6318
      flags: saturation streaks > 300 ms: hip_R 500 ms, ankle_R 1496 ms
      fall: STEP_NEEDED — no stepping in C1 — ξ 1.4 cm beyond the hip-extended support
      friction: first SLIPPING L 3.563 R 2.538 s · degraded 542 ms · μ observed 0.879 · CoP–COM friction limit min 0 cm · slid L 23.7 R 7 cm
      sensing: lever-rule share err 0.0016 (max 0.002, n 168) · grfY err 0.4 N · L+R vs total 0.15 (max 0.2) N · airborne foot {"mean":5.4,"maxAbs":699,"n":681} · CoP inside 100% · budget max 0.84 · sat lumbar 354ms, thoracic 192ms, neck 121ms, shoulder_L 42ms, shoulder_R 129ms, hip_L 142ms, ankle_L 350ms, hip_R 1071ms, ankle_R 1846ms
PR70           FELL      max GROUNDED             t[hip 0.025 step 0.05 fall 0.108 ground 1.279 roll 0.121] rec -s | COM exc 175.6 cm v 3.13 ξmin -100000 cm trunk 104.8° spine 29.2° slip 0.1 cm | root 0.066/0.84 N | sep 2.69 lim 0.28° | cpu 0.7253 (J 0.6203 S 0.033 C 0.072) | audit 0/0 fixture false | det true d1d842cb
      flags: saturation streaks > 300 ms: ankle_R 954 ms
      fall: STEP_NEEDED — no stepping in C1 — ξ 1.4 cm beyond the hip-extended support
      friction: first SLIPPING L 3.283 R 2.271 s · degraded 567 ms · μ observed 0.888 · CoP–COM friction limit min 0 cm · slid L 25.2 R 6.9 cm
      sensing: lever-rule share err 0.0016 (max 0.002, n 168) · grfY err 0.4 N · L+R vs total 0.15 (max 0.2) N · airborne foot {"mean":7.36,"maxAbs":813.5,"n":566} · CoP inside 100% · budget max 0.85 · sat lumbar 379ms, thoracic 158ms, neck 83ms, shoulder_L 63ms, shoulder_R 117ms, hip_L 133ms, ankle_L 342ms, hip_R 271ms, ankle_R 1604ms
PL20           RECOVERED max RECOVERABLE_IN_PLACE t[hip - step - fall - ground - roll -] rec 0.188s | COM exc 2.7 cm v 0.227 ξmin 12.2 cm trunk 4.1° spine 2.3° slip 0.08 cm | root 0.02/0.22 N | sep 0.16 lim 0° | cpu 0.6492 (J 0.5361 S 0.0364 C 0.0767) | audit 0/0 fixture false | det true 8d916bbf
      sensing: lever-rule share err 0.0043 (max 0.079, n 1320) · grfY err 0.68 N · L+R vs total 0.15 (max 0.2) N · airborne foot - · CoP inside 100% · budget max 0.36 · sat lumbar 8ms, ankle_L 83ms, ankle_R 71ms
PL40           RECOVERED max RECOVERABLE_HIP      t[hip 0.05 step - fall - ground - roll 0.083] rec 2.329s | COM exc 11.8 cm v 0.468 ξmin 2.6 cm trunk 4.7° spine 3.5° slip 0.25 cm | root 0.03/0.45 N | sep 0.16 lim 0° | cpu 0.6499 (J 0.5389 S 0.0381 C 0.073) | audit 0/0 fixture false | det true 3be422b8
      flags: saturation streaks > 300 ms: ankle_L 496 ms
      sensing: lever-rule share err 0.031 (max 0.1, n 1178) · grfY err 0.73 N · L+R vs total 0.15 (max 0.2) N · airborne foot - · CoP inside 100% · budget max 0.56 · sat lumbar 21ms, hip_L 42ms, ankle_L 621ms, ankle_R 38ms
PL60           FELL      max GROUNDED             t[hip 0.033 step 0.387 fall 0.446 ground 1.567 roll 0.113] rec -s | COM exc 166.6 cm v 3.097 ξmin -100000 cm trunk 95.3° spine 28.3° slip 0.12 cm | root 0.086/0.71 N | sep 3.06 lim 0.41° | cpu 0.7195 (J 0.6118 S 0.0339 C 0.0738) | audit 0/0 fixture false | det true 9fbdcad6
      flags: saturation streaks > 300 ms: hip_L 500 ms, ankle_L 1504 ms
      fall: STEP_NEEDED — no stepping in C1 — ξ 1.4 cm beyond the hip-extended support
      friction: first SLIPPING L 2.542 R 3.567 s · degraded 608 ms · μ observed 0.889 · CoP–COM friction limit min 0 cm · slid L 19.1 R 10.6 cm
      sensing: lever-rule share err 0.0016 (max 0.002, n 168) · grfY err 0.4 N · L+R vs total 0.15 (max 0.2) N · airborne foot {"mean":5.74,"maxAbs":779.1,"n":684} · CoP inside 100% · budget max 0.84 · sat lumbar 363ms, thoracic 225ms, neck 146ms, shoulder_L 146ms, shoulder_R 42ms, hip_L 1079ms, ankle_L 1842ms, hip_R 146ms, ankle_R 271ms
DF20           RECOVERED max RECOVERABLE_IN_PLACE t[hip - step - fall - ground - roll -] rec 0.279s | COM exc 3.4 cm v 0.223 ξmin 12.3 cm trunk 6.3° spine 3.1° slip 0.07 cm | root 0.021/0.23 N | sep 0.17 lim 0° | cpu 0.6421 (J 0.5288 S 0.0382 C 0.0751) | audit 0/0 fixture false | det true eb6ee73d
      sensing: lever-rule share err 0.0016 (max 0.002, n 1305) · grfY err 0.26 N · L+R vs total 0.15 (max 0.2) N · airborne foot - · CoP inside 100% · budget max 0.46 · sat 
DF30           RECOVERED max RECOVERABLE_IN_PLACE t[hip - step - fall - ground - roll -] rec 1.067s | COM exc 5.2 cm v 0.335 ξmin 11.1 cm trunk 7.4° spine 3.6° slip 0.1 cm | root 0.024/0.35 N | sep 0.17 lim 0° | cpu 0.6442 (J 0.5302 S 0.0386 C 0.0754) | audit 0/0 fixture false | det true 4d91682b
      sensing: lever-rule share err 0.0016 (max 0.002, n 1226) · grfY err 0.26 N · L+R vs total 0.15 (max 0.2) N · airborne foot - · CoP inside 100% · budget max 0.61 · sat 
DF40           RECOVERED max RECOVERABLE_HIP      t[hip 0.046 step - fall - ground - roll -] rec 1.229s | COM exc 7.2 cm v 0.45 ξmin 7 cm trunk 8.6° spine 4.2° slip 0.13 cm | root 0.026/0.46 N | sep 0.17 lim 0° | cpu 0.6451 (J 0.5314 S 0.0391 C 0.0746) | audit 0/0 fixture false | det true ab2ecaf7
      sensing: lever-rule share err 0.0017 (max 0.004, n 1171) · grfY err 0.87 N · L+R vs total 0.15 (max 0.2) N · airborne foot - · CoP inside 100% · budget max 0.7 · sat 
DF50           RECOVERED max RECOVERABLE_HIP      t[hip 0.038 step - fall - ground - roll -] rec 1.754s | COM exc 10.5 cm v 0.569 ξmin 2.7 cm trunk 10.6° spine 4.9° slip 0.15 cm | root 0.031/0.58 N | sep 0.17 lim 0° | cpu 0.6649 (J 0.5454 S 0.0418 C 0.0777) | audit 0/0 fixture false | det true 5b9751b8
      sensing: lever-rule share err 0.0018 (max 0.002, n 1103) · grfY err 0.64 N · L+R vs total 0.16 (max 0.2) N · airborne foot - · CoP inside 100% · budget max 0.83 · sat 
DF55           RECOVERED max RECOVERABLE_HIP      t[hip 0.033 step - fall - ground - roll -] rec 2.075s | COM exc 12.9 cm v 0.63 ξmin 0.6 cm trunk 12° spine 4.8° slip 0.16 cm | root 0.035/0.64 N | sep 0.17 lim 0° | cpu 0.6509 (J 0.5364 S 0.0406 C 0.074) | audit 0/0 fixture false | det true ad20d781
      sensing: lever-rule share err 0.0017 (max 0.002, n 1085) · grfY err 0.38 N · L+R vs total 0.16 (max 0.2) N · airborne foot - · CoP inside 100% · budget max 0.85 · sat 
DF60           RECOVERED max RECOVERABLE_HIP      t[hip 0.029 step - fall - ground - roll 0.671] rec 2.821s | COM exc 18.4 cm v 0.69 ξmin -1.6 cm trunk 13.7° spine 4.6° slip 0.23 cm | root 0.043/0.7 N | sep 0.21 lim 0° | cpu 0.6515 (J 0.5367 S 0.0385 C 0.0763) | audit 0/0 fixture false | det true 27cdf53b
      sensing: lever-rule share err 0.0017 (max 0.002, n 974) · grfY err 0.6 N · L+R vs total 0.16 (max 0.2) N · airborne foot - · CoP inside 100% · budget max 0.85 · sat 
DB20           RECOVERED max RECOVERABLE_HIP      t[hip 0.046 step - fall - ground - roll -] rec 0.883s | COM exc 4.1 cm v 0.233 ξmin 4.2 cm trunk 5.3° spine 3.7° slip 0.07 cm | root 0.021/0.23 N | sep 0.17 lim 0° | cpu 0.644 (J 0.5316 S 0.0361 C 0.0763) | audit 0/0 fixture false | det true 21574614
      sensing: lever-rule share err 0.0016 (max 0.002, n 1300) · grfY err 0.08 N · L+R vs total 0.15 (max 0.2) N · airborne foot - · CoP inside 100% · budget max 0.26 · sat 
DB30           RECOVERED max RECOVERABLE_HIP      t[hip 0.029 step - fall - ground - roll -] rec 1.321s | COM exc 8.3 cm v 0.347 ξmin 0.1 cm trunk 6° spine 4.6° slip 0.09 cm | root 0.026/0.35 N | sep 0.17 lim 0° | cpu 0.6463 (J 0.5315 S 0.0363 C 0.0786) | audit 0/0 fixture false | det true ecde3d26
      sensing: lever-rule share err 0.0015 (max 0.002, n 1131) · grfY err 0.17 N · L+R vs total 0.15 (max 0.2) N · airborne foot - · CoP inside 100% · budget max 0.36 · sat 
DB35           FELL      max GROUNDED             t[hip 0.025 step 0.704 fall 0.762 ground 2.383 roll 0.692] rec -s | COM exc 136.9 cm v 3.564 ξmin -100000 cm trunk 93.6° spine 24.9° slip 0.07 cm | root 0.05/0.41 N | sep 1.41 lim 0° | cpu 0.7131 (J 0.5984 S 0.0342 C 0.0805) | audit 0/0 fixture false | det true a7b385de
      fall: STEP_NEEDED — no stepping in C1 — ξ 0.9 cm beyond the hip-extended support
      friction: first SLIPPING L 3.117 R 3.067 s · degraded 1204 ms · μ observed 0.888 · CoP–COM friction limit min 0 cm · slid L 29.9 R 79 cm
      sensing: lever-rule share err 0.0016 (max 0.002, n 168) · grfY err 0.18 N · L+R vs total 0.15 (max 0.2) N · airborne foot {"mean":0.01,"maxAbs":0,"n":108} · CoP inside 100% · budget max 0.98 · sat lumbar 96ms, thoracic 4ms, neck 13ms, shoulder_L 8ms, shoulder_R 8ms, hip_L 142ms, ankle_L 538ms, hip_R 142ms, ankle_R 858ms
DR30           RECOVERED max RECOVERABLE_HIP      t[hip 0.163 step - fall - ground - roll 0.133] rec 0.933s | COM exc 7 cm v 0.379 ξmin -1.3 cm trunk 4.7° spine 3.3° slip 0.18 cm | root 0.025/0.36 N | sep 0.17 lim 0° | cpu 0.6522 (J 0.5384 S 0.0368 C 0.0769) | audit 0/0 fixture false | det true 10432b62
      sensing: lever-rule share err 0.0529 (max 0.124, n 1220) · grfY err 2.8 N · L+R vs total 0.16 (max 0.3) N · airborne foot - · CoP inside 100% · budget max 0.54 · sat lumbar 21ms, ankle_L 54ms, ankle_R 475ms
DR40           RECOVERED max RECOVERABLE_HIP      t[hip 0.046 step - fall - ground - roll 0.125] rec 1.675s | COM exc 14.1 cm v 0.507 ξmin 6.2 cm trunk 6.6° spine 4.2° slip 0.17 cm | root 0.032/0.49 N | sep 0.17 lim 0° | cpu 0.6563 (J 0.5408 S 0.0386 C 0.0769) | audit 0/0 fixture false | det true d3e714be
      sensing: lever-rule share err 0.0421 (max 0.107, n 1167) · grfY err 1.3 N · L+R vs total 0.15 (max 0.3) N · airborne foot - · CoP inside 100% · budget max 0.56 · sat lumbar 29ms, ankle_L 50ms, hip_R 79ms, ankle_R 575ms
DR45           FELL      max GROUNDED             t[hip 0.038 step 1.862 fall 1.921 ground 3.275 roll 0.121] rec -s | COM exc 165.4 cm v 3.41 ξmin -100000 cm trunk 93.7° spine 24.8° slip 0.24 cm | root 0.06/0.55 N | sep 2.76 lim 0.37° | cpu 0.7203 (J 0.6101 S 0.0351 C 0.0751) | audit 0/0 fixture false | det true a19896b8
      flags: saturation streaks > 300 ms: hip_R 763 ms, ankle_R 2813 ms
      fall: STEP_NEEDED — no stepping in C1 — ξ 0.9 cm beyond the hip-extended support
      friction: first SLIPPING L 4.629 R 3.913 s · degraded 713 ms · μ observed 0.803 · CoP–COM friction limit min 0 cm · slid L 11 R 12.5 cm
      sensing: lever-rule share err 0.0016 (max 0.002, n 168) · grfY err 0.18 N · L+R vs total 0.15 (max 0.2) N · airborne foot {"mean":0.06,"maxAbs":11.4,"n":394} · CoP inside 100% · budget max 0.86 · sat lumbar 242ms, thoracic 92ms, neck 117ms, shoulder_L 54ms, shoulder_R 17ms, hip_L 192ms, ankle_L 408ms, hip_R 1742ms, ankle_R 3454ms
S_weak_QS      STOOD     max RECOVERABLE_IN_PLACE  | COM exc 0.1 cm v 0 ξmin 12.2 cm trunk 4° spine 2° slip 0.07 cm | quiet drift 0.09 cm sway 0.66 mm ankle 20.1% inPlace true | root 0.018/0.06 N | sep 0.16 lim 0° | cpu 0.6556 (J 0.5319 S 0.0374 C 0.0863) | audit 0/0 fixture false | det true b0e9a52b
      sensing: lever-rule share err 0.0016 (max 0.002, n 2328) · grfY err 0.01 N · L+R vs total 0.16 (max 0.2) N · airborne foot - · CoP inside 100% · budget max 0.37 · sat 
S_weak_PF30    RECOVERED max RECOVERABLE_IN_PLACE t[hip - step - fall - ground - roll -] rec 0.363s | COM exc 5.5 cm v 0.338 ξmin 11.4 cm trunk 5.9° spine 3.2° slip 0.09 cm | root 0.024/0.36 N | sep 0.16 lim 0° | cpu 0.654 (J 0.5398 S 0.0376 C 0.0766) | audit 0/0 fixture false | det true 4e303a7f
      sensing: lever-rule share err 0.0017 (max 0.002, n 1287) · grfY err 0.12 N · L+R vs total 0.15 (max 0.2) N · airborne foot - · CoP inside 100% · budget max 1 · sat ankle_L 100ms, ankle_R 100ms
S_weak_PF50    FELL      max GROUNDED             t[hip 0.038 step 0.679 fall 0.738 ground 1.975 roll 1.296] rec -s | COM exc 147.7 cm v 3.829 ξmin -100000 cm trunk 91.7° spine 17.5° slip 0.1 cm | root 0.073/0.61 N | sep 0.72 lim 0.21° | cpu 0.7531 (J 0.6348 S 0.0349 C 0.0834) | audit 0/0 fixture false | det true 47625041
      flags: saturation streaks > 300 ms: ankle_L 817 ms, knee_R 383 ms, ankle_R 817 ms
      fall: STEP_NEEDED — no stepping in C1 — ξ 2.3 cm beyond the hip-extended support
      friction: first SLIPPING L 2.742 R 2.742 s · degraded 21 ms · μ observed 0.746 · CoP–COM friction limit min 0 cm · slid L 1.2 R 1.2 cm
      sensing: lever-rule share err 0.0016 (max 0.002, n 168) · grfY err 0.1 N · L+R vs total 0.15 (max 0.2) N · airborne foot {"mean":0,"maxAbs":0.1,"n":81} · CoP inside 100% · budget max 1.01 · sat lumbar 29ms, thoracic 17ms, neck 33ms, shoulder_L 29ms, elbow_L 4ms, shoulder_R 29ms, elbow_R 4ms, hip_L 442ms, knee_L 433ms, ankle_L 883ms, hip_R 442ms, knee_R 458ms, ankle_R 850ms
S_weak_PR40    FELL      max GROUNDED             t[hip 0.046 step 0.446 fall 0.504 ground 1.496 roll 0.542] rec -s | COM exc 165.7 cm v 2.752 ξmin -100000 cm trunk 98.4° spine 36.1° slip 0.08 cm | root 0.082/0.53 N | sep 1.76 lim 0.81° | cpu 0.8006 (J 0.685 S 0.0339 C 0.0817) | audit 0/0 fixture false | det true 63c1c902
      flags: saturation streaks > 300 ms: lumbar 338 ms, shoulder_R 2221 ms, ankle_L 529 ms, hip_R 1521 ms, ankle_R 1504 ms
      fall: STEP_NEEDED — no stepping in C1 — ξ 3.3 cm beyond the hip-extended support
      friction: first SLIPPING L null R 2.154 s · degraded 121 ms · μ observed 0.765 · CoP–COM friction limit min 0 cm · slid L 0.3 R 2 cm
      sensing: lever-rule share err 0.0016 (max 0.002, n 168) · grfY err 0.1 N · L+R vs total 0.15 (max 0.2) N · airborne foot {"mean":1.76,"maxAbs":128.5,"n":413} · CoP inside 100% · budget max 0.86 · sat lumbar 2654ms, thoracic 529ms, neck 238ms, shoulder_L 83ms, shoulder_R 2900ms, elbow_R 104ms, hip_L 800ms, ankle_L 1013ms, hip_R 2800ms, ankle_R 2325ms
S_weak_PR60    FELL      max GROUNDED             t[hip 0.029 step 0.05 fall 0.108 ground 1.112 roll 0.292] rec -s | COM exc 160.7 cm v 2.795 ξmin -100000 cm trunk 100.6° spine 35.8° slip 0.06 cm | root 0.067/0.82 N | sep 1.23 lim 0.95° | cpu 0.7862 (J 0.6782 S 0.035 C 0.073) | audit 0/0 fixture false | det true 1fac1e17
      flags: saturation streaks > 300 ms: lumbar 433 ms, shoulder_R 2721 ms, ankle_L 958 ms, hip_R 1179 ms, ankle_R 1188 ms
      fall: STEP_NEEDED — no stepping in C1 — ξ 1.6 cm beyond the hip-extended support
      friction: first SLIPPING L 1.738 R 1.754 s · degraded 1100 ms · μ observed 0.875 · CoP–COM friction limit min 0 cm · slid L 5.1 R 1.9 cm
      sensing: lever-rule share err 0.0016 (max 0.002, n 168) · grfY err 0.1 N · L+R vs total 0.15 (max 0.2) N · airborne foot {"mean":0.86,"maxAbs":125.7,"n":458} · CoP inside 100% · budget max 1 · sat lumbar 2929ms, thoracic 1567ms, neck 213ms, shoulder_L 96ms, shoulder_R 3400ms, elbow_R 171ms, hip_L 667ms, ankle_L 1592ms, hip_R 2238ms, ankle_R 1946ms
S_strong_QS    STOOD     max RECOVERABLE_IN_PLACE  | COM exc 0.1 cm v 0.001 ξmin 12.2 cm trunk 4° spine 2° slip 0.09 cm | quiet drift 0.13 cm sway 0.97 mm ankle 3.4% inPlace true | root 0.018/0.06 N | sep 0.17 lim 0° | cpu 0.6506 (J 0.5367 S 0.0385 C 0.0754) | audit 0/0 fixture false | det true de839cd
      sensing: lever-rule share err 0.0016 (max 0.002, n 2328) · grfY err 0.08 N · L+R vs total 0.16 (max 0.2) N · airborne foot - · CoP inside 100% · budget max 0.07 · sat 
S_strong_PF30  RECOVERED max RECOVERABLE_IN_PLACE t[hip - step - fall - ground - roll -] rec 0.267s | COM exc 4 cm v 0.305 ξmin 12.3 cm trunk 5.1° spine 2.5° slip 0.16 cm | root 0.022/0.3 N | sep 0.17 lim 0° | cpu 0.646 (J 0.5334 S 0.0375 C 0.0751) | audit 0/0 fixture false | det true 1f4478df
      sensing: lever-rule share err 0.0017 (max 0.002, n 1304) · grfY err 1.05 N · L+R vs total 0.15 (max 0.2) N · airborne foot - · CoP inside 100% · budget max 0.22 · sat 
S_strong_PF50  RECOVERED max RECOVERABLE_HIP      t[hip 0.042 step - fall - ground - roll 0.208] rec 1.325s | COM exc 9.3 cm v 0.537 ξmin 4.7 cm trunk 5.3° spine 2.7° slip 0.27 cm | root 0.032/0.51 N | sep 0.24 lim 0° | cpu 0.6469 (J 0.5347 S 0.0372 C 0.075) | audit 0/0 fixture false | det true cac2412a
      sensing: lever-rule share err 0.0017 (max 0.002, n 1109) · grfY err 0.21 N · L+R vs total 0.16 (max 0.2) N · airborne foot - · CoP inside 100% · budget max 0.28 · sat 
S_strong_PR40  RECOVERED max RECOVERABLE_HIP      t[hip 0.05 step - fall - ground - roll 0.071] rec 0.75s | COM exc 8.5 cm v 0.449 ξmin -0.8 cm trunk 4.6° spine 2.6° slip 0.27 cm | root 0.027/0.41 N | sep 0.19 lim 0° | cpu 0.6504 (J 0.5382 S 0.0373 C 0.0749) | audit 0/0 fixture false | det true b72ce017
      sensing: lever-rule share err 0.0888 (max 0.171, n 1230) · grfY err 0.82 N · L+R vs total 0.16 (max 0.3) N · airborne foot - · CoP inside 100% · budget max 0.2 · sat ankle_R 108ms
S_strong_PR60  RECOVERED max RECOVERABLE_HIP      t[hip 0.033 step - fall - ground - roll 0.058] rec 2.142s | COM exc 20.1 cm v 0.681 ξmin 0 cm trunk 4.5° spine 3.3° slip 0.33 cm | root 0.041/0.62 N | sep 0.24 lim 0° | cpu 0.6489 (J 0.5379 S 0.0364 C 0.0746) | audit 0/0 fixture false | det true 6a1b7475
      sensing: lever-rule share err 0.0432 (max 0.073, n 912) · grfY err 0.66 N · L+R vs total 0.15 (max 0.2) N · airborne foot - · CoP inside 100% · budget max 0.34 · sat ankle_R 200ms
