q_sl_k015 50x1x50 base 2 P2 0
q_sl_k015 50x0.05x50 base 2 P2 0
q_sl_k015 200x1x200 base 21 P2 0
q_sl_k015 10x1x10 base 0 P2 0
q_sl_k015 4x1x4 base 0 P2 0
q_lf720_k010 50x1x50 base 4 P2 0
q_lf720_k010 50x0.05x50 base 5 P2 0
q_lf720_k010 200x1x200 base 9 P2 0
q_lf720_k010 10x1x10 base 1 P2 0
q_lf720_k010 4x1x4 base 0 P2 0
q_ll_drop_k0075 50x1x50 base 1 P2 0
q_ll_drop_k0075 50x0.05x50 base 2 P2 0
q_ll_drop_k0075 200x1x200 base 5 P2 0
q_ll_drop_k0075 10x1x10 base 236 P2 0
q_ll_drop_k0075 4x1x4 base 9 P2 0
q_drop360_k0125 50x1x50 base 3 P2 0
q_drop360_k0125 50x0.05x50 base 2 P2 0
q_drop360_k0125 200x1x200 base 21 P2 0
q_drop360_k0125 10x1x10 base 546 P2 0
q_drop360_k0125 4x1x4 base 104 P2 0
q_lf720_k05 50x1x50 base 2 P2 0
q_lf720_k05 50x0.05x50 base 0 P2 0
q_lf720_k05 200x1x200 base 7 P2 0
q_lf720_k05 10x1x10 base 265 P2 0
q_lf720_k05 4x1x4 base 19 P2 0
q_k0_singleLeg 50x1x50 base 2 P2 0
q_k0_singleLeg 50x0.05x50 base 3 P2 0
q_k0_singleLeg 200x1x200 base 9 P2 0
q_k0_singleLeg 10x1x10 base 477 P2 0
q_k0_singleLeg 4x1x4 base 119 P2 0
q_k0_awkward 50x1x50 base 6 P2 0
q_k0_awkward 50x0.05x50 base 2 P2 0
q_k0_awkward 200x1x200 base 14 P2 0
q_k0_awkward 10x1x10 base 131 P2 0
q_k0_awkward 4x1x4 base 81 P2 0
BATTERY_DONE
