q_k0_awkward     turf 50x1x50        REVERSED 6
q_k0_awkward     turf 50x0.05x50     REVERSED 2
q_k0_awkward     turf 200x1x200      REVERSED 14
q_k0_awkward     turf 10x1x10        REVERSED 131
q_k0_awkward     turf 4x1x4          REVERSED 81
q_k0_awkward     turf 50x1x50 + P2   REVERSED 0
q_lf720_k010     turf 50x1x50        REVERSED 4
q_lf720_k010     turf 50x0.05x50     REVERSED 5
q_lf720_k010     turf 200x1x200      REVERSED 9
q_lf720_k010     turf 10x1x10        REVERSED 1
q_lf720_k010     turf 4x1x4          REVERSED 0
q_lf720_k010     turf 50x1x50 + P2   REVERSED 0
q_drop360_k0125  turf 50x1x50        REVERSED 3
q_drop360_k0125  turf 50x0.05x50     REVERSED 2
q_drop360_k0125  turf 200x1x200      REVERSED 21
q_drop360_k0125  turf 10x1x10        REVERSED 546
q_drop360_k0125  turf 4x1x4          REVERSED 104
q_drop360_k0125  turf 50x1x50 + P2   REVERSED 0
q_sl_k015        turf 50x1x50        REVERSED 2
q_sl_k015        turf 50x0.05x50     REVERSED 2
q_sl_k015        turf 200x1x200      REVERSED 21
q_sl_k015        turf 10x1x10        REVERSED 0
q_sl_k015        turf 4x1x4          REVERSED 0
q_sl_k015        turf 50x1x50 + P2   REVERSED 0
q_k0_awkward     turf 10x1x10        P2: REVERSED 0
q_k0_awkward     turf 4x1x4          P2: REVERSED 0
q_k0_awkward     turf 200x1x200      P2: REVERSED 0
q_k0_awkward     turf 50x0.05x50     P2: REVERSED 0
q_drop360_k0125  turf 10x1x10        P2: REVERSED 0
q_drop360_k0125  turf 4x1x4          P2: REVERSED 0
q_drop360_k0125  turf 200x1x200      P2: REVERSED 0
q_drop360_k0125  turf 50x0.05x50     P2: REVERSED 1
