V2-REF upright: rest KE 0 J | foot_L: 0/601 offsets invalid ; foot_R: 0/601 offsets invalid
V2-REF leanF: rest KE 0 J | foot_L: 0/601 offsets invalid ; foot_R: 0/601 offsets invalid
V2-REF leanB: rest KE 0 J | foot_L: 0/601 offsets invalid ; foot_R: 0/601 offsets invalid
V2-REF leanL: rest KE 0.00001 J | foot_L: 0/601 offsets invalid ; foot_R: 0/601 offsets invalid
V2-REF leanR: rest KE 0 J | foot_L: 0/601 offsets invalid ; foot_R: 0/601 offsets invalid
V2-REF perturb: rest KE 0 J | foot_L: 0/601 offsets invalid ; foot_R: 0/601 offsets invalid
V2-REF singleLeg: rest KE 0.00007 J | foot_L: 0/601 offsets invalid ; foot_R: 0/601 offsets invalid
V2-REF dropA: rest KE 0 J | foot_L: 0/601 offsets invalid ; foot_R: 0/601 offsets invalid
V2-REF sideFirst: rest KE 0 J | foot_L: 0/601 offsets invalid ; foot_R: 0/601 offsets invalid
V2-REF shoulderFirst: rest KE 0 J | foot_L: 0/601 offsets invalid ; foot_R: 0/601 offsets invalid
V2-REF rotating: rest KE 0 J | foot_L: 0/601 offsets invalid ; foot_R: 0/601 offsets invalid
V2-REF awkward: rest KE 0 J | foot_L: 0/601 offsets invalid ; foot_R: 0/601 offsets invalid
V2-REF flatSupine: rest KE 0 J | foot_L: 0/601 offsets invalid ; foot_R: 0/601 offsets invalid
V2-REF drop1m: rest KE 0 J | foot_L: 0/601 offsets invalid ; foot_R: 0/601 offsets invalid
V2-REF impact15: rest KE 0 J | foot_L: 0/601 offsets invalid ; foot_R: 0/601 offsets invalid
V1-matched upright: rest KE 0 J | foot_L: 0/601 offsets invalid ; foot_R: 0/601 offsets invalid
V1-matched leanF: rest KE 0 J | foot_L: 0/601 offsets invalid ; foot_R: 0/601 offsets invalid
V1-matched leanB: rest KE 0 J | foot_L: 0/601 offsets invalid ; foot_R: 0/601 offsets invalid
V1-matched leanL: rest KE 0.00002 J | foot_L: 0/601 offsets invalid ; foot_R: 0/601 offsets invalid
V1-matched leanR: rest KE 0.00002 J | foot_L: 0/601 offsets invalid ; foot_R: 0/601 offsets invalid
V1-matched perturb: rest KE 0 J | foot_L: 0/601 offsets invalid ; foot_R: 0/601 offsets invalid
V1-matched singleLeg: rest KE 0 J | foot_L: 0/601 offsets invalid ; foot_R: 0/601 offsets invalid
V1-matched dropA: rest KE 0 J | foot_L: 0/601 offsets invalid ; foot_R: 0/601 offsets invalid
V1-matched sideFirst: rest KE 0 J | foot_L: 0/601 offsets invalid ; foot_R: 0/601 offsets invalid
V1-matched shoulderFirst: rest KE 0 J | foot_L: 0/601 offsets invalid ; foot_R: 0/601 offsets invalid
V1-matched rotating: rest KE 0 J | foot_L: 0/601 offsets invalid ; foot_R: 0/601 offsets invalid
V1-matched awkward: rest KE 0 J | foot_L: 0/601 offsets invalid ; foot_R: 0/601 offsets invalid
V1-matched flatSupine: rest KE 0 J | foot_L: 0/601 offsets invalid ; foot_R: 0/601 offsets invalid
V1-matched drop1m: rest KE 0 J | foot_L: 0/601 offsets invalid ; foot_R: 0/601 offsets invalid
V1-matched impact15: rest KE 0 J | foot_L: 0/601 offsets invalid ; foot_R: 0/601 offsets invalid
