V2-REF upright: scanned 4000 turf offsets | none
V2-REF leanF: scanned 4000 turf offsets | none
V2-REF leanB: scanned 4000 turf offsets | none
V2-REF leanL: scanned 4000 turf offsets | none
V2-REF leanR: scanned 4000 turf offsets | none
V2-REF perturb: scanned 4000 turf offsets | none
V2-REF singleLeg: scanned 4000 turf offsets | none
V2-REF dropA: scanned 4000 turf offsets | none
V2-REF sideFirst: scanned 4000 turf offsets | none
V2-REF shoulderFirst: scanned 4000 turf offsets | none
V2-REF rotating: scanned 4000 turf offsets | none
V2-REF awkward: scanned 4000 turf offsets | none
V2-REF flatSupine: scanned 4000 turf offsets | none
V2-REF drop1m: scanned 660 turf offsets | REVERSED at turf x -341 mm (foot_L[4], depth 0.008 mm) → STEP: {"stepEnergyJ":34300.131,"dKE":0,"dU_positionCorrection":34302.192,"bootMoveMm":159.82,"bootRotDeg":172.61,"ankleBefore":"fabd -7.3 df -26.8 inv -27.6","ankleAfter":"fabd -110.8 df 116.8 inv 91.8","sepMm":221.1,"reversedManifoldInStep":true,"maxRiseNext120":-0.031}
V2-REF impact15: scanned 4000 turf offsets | none
V1-matched upright: scanned 4000 turf offsets | none
V1-matched leanF: scanned 4000 turf offsets | none
V1-matched leanB: scanned 4000 turf offsets | none
V1-matched leanL: scanned 4000 turf offsets | none
V1-matched leanR: scanned 4000 turf offsets | none
V1-matched perturb: scanned 4000 turf offsets | none
V1-matched singleLeg: scanned 4000 turf offsets | none
V1-matched dropA: scanned 4000 turf offsets | none
V1-matched sideFirst: scanned 4000 turf offsets | none
V1-matched shoulderFirst: scanned 4000 turf offsets | none
V1-matched rotating: scanned 4000 turf offsets | none
V1-matched awkward: scanned 4000 turf offsets | none
V1-matched flatSupine: scanned 4000 turf offsets | none
V1-matched drop1m: scanned 4000 turf offsets | none
V1-matched impact15: scanned 4000 turf offsets | none
