[cand guard] k 0.5: 254 runs | runs with invalid turf manifolds 3 (ticks 3) | runs with a >1 J one-step rise 10 | errors 0 | max rise 160.759 J | 170 s
   INVALID V2-REF leanF 720 Hz: t 1.9375 foot_L[3] ny -1 turfY -2000,-2000 dE -0.288 ; maxRise 0
   INVALID V2-REF leanF@0.00001 720 Hz: t 9.6792 foot_R[1] ny -1 turfY -2000,-2000 dE 0 ; maxRise 0
   INVALID V2-REF drop1m@0.000001 720 Hz: t 0.9486 foot_L[6] ny 0.0253 turfY -0.7,-0.7 dE -0.381 ; maxRise 0
   EVENT (no invalid manifold) V2-REF leanF 180 Hz: t 0.4611 dE 17.22, t 0.4833 dE 142.431
   EVENT (no invalid manifold) V2-REF leanF@0.000001 180 Hz: t 0.4611 dE 17.973
   EVENT (no invalid manifold) V2-REF leanF@-0.000001 180 Hz: t 0.4611 dE 17.068, t 0.4833 dE 160.759
   EVENT (no invalid manifold) V2-REF leanF@0.00001 180 Hz: t 0.4611 dE 17.902
   EVENT (no invalid manifold) V2-REF leanF@-0.00001 180 Hz: t 0.4611 dE 17.158, t 0.4833 dE 142.569
   EVENT (no invalid manifold) V2-REF awkward 180 Hz: t 0.3 dE 2.366, t 0.3111 dE 6.592
   EVENT (no invalid manifold) V2-REF awkward@0.000001 180 Hz: t 0.3111 dE 6.035
   EVENT (no invalid manifold) V2-REF awkward@-0.000001 180 Hz: t 0.3111 dE 6.051
[cand guard] k 0.15: 254 runs | runs with invalid turf manifolds 2 (ticks 2) | runs with a >1 J one-step rise 2 | errors 0 | max rise 3.604 J | 344 s
   INVALID V1-matched singleLeg 240 Hz: t 3.8458 foot_L[4] ny -1 turfY -2000,-2000 dE 0 ; maxRise 0
   INVALID V1-matched rotating 240 Hz: t 0.2708 foot_R[7] ny 0.2053 turfY 0,0 dE -0.274 ; maxRise 0
   EVENT (no invalid manifold) V2-REF awkward@0.000001 180 Hz: t 0.3167 dE 3.605
   EVENT (no invalid manifold) V2-REF awkward@0.00001 180 Hz: t 0.3167 dE 3.547
[cand guard] k 0: 254 runs | runs with invalid turf manifolds 7 (ticks 10) | runs with a >1 J one-step rise 0 | errors 0 | max rise 0.721 J | 515 s
   INVALID V2-REF leanL 240 Hz: t 0.6 foot_L[6] ny 0.2317 turfY 0,0 dE -1.243 ; maxRise 0
   INVALID V2-REF rotating 240 Hz: t 0.2292 foot_R[7] ny 0.0226 turfY -1.5,-1.5 dE -0.258 | t 0.2708 foot_R[7] ny 0.2162 turfY 0,0 dE -0.318 ; maxRise 0
   INVALID V1-matched rotating 240 Hz: t 0.0875 foot_R[7] ny 0.2085 turfY 0,0 dE -0.286 ; maxRise 0
   INVALID V2-REF drop1m@-0.000001 240 Hz: t 1.6917 foot_L[6] ny 0.1721 turfY 0,0 dE -0.111 ; maxRise 0
   INVALID V2-REF drop1m@0.000001 720 Hz: t 1.0514 foot_R[7] ny 0.3279 turfY 0,0 dE -0.073 ; maxRise 0
   INVALID V2-REF drop1m@-0.000001 720 Hz: t 1.0722 foot_R[7] ny 0.3302 turfY 0,0 dE -0.093 | t 1.0903 foot_R[7] ny 0.3331 turfY 0,0 dE -0.076 ; maxRise 0
   INVALID V2-REF drop1m@-0.00001 720 Hz: t 1.0653 foot_R[7] ny 0.3285 turfY 0,0 dE -0.069 | t 1.0764 foot_R[7] ny 0.3302 turfY 0,0 dE -0.078 ; maxRise 0
