k 0.11 V2-REF     roll 4    GROWING   growth 2.13  fabd amp 2–7 s 4.6° → 15–20 s 9.9° (final 8.91°), pelvis yaw final 6.36°; recovered
k 0.11 V2-REF     roll 8    SUSTAINED growth 1.03  fabd amp 2–7 s 9.8° → 15–20 s 10.1° (final 10.6°), pelvis yaw final 6.13°; recovered
k 0.11 V2-REF     yaw 4     SUSTAINED growth 1.01  fabd amp 2–7 s 9.9° → 15–20 s 10.0° (final 8.54°), pelvis yaw final 6.16°; recovered
k 0.11 V2-REF     yaw 8     SUSTAINED growth 1.03  fabd amp 2–7 s 9.8° → 15–20 s 10.1° (final 9.51°), pelvis yaw final 5.77°; recovered
k 0.11 V2-REF     pitch 8   GROWING   growth 3.98  fabd amp 2–7 s 0.0° → 15–20 s 0.1° (final 0.08°), pelvis yaw final 0.05°; recovered
k 0.11 V2-REF     push R 15 SUSTAINED growth 1.06  fabd amp 2–7 s 9.5° → 15–20 s 10.1° (final 10.43°), pelvis yaw final 6.32°; recovered
k 0.11 V2-REF     push F 15 DECAYING  growth 0.00  fabd amp 2–7 s 0.0° → 15–20 s 0.0° (final 0°), pelvis yaw final 0°; recovered
k 0.11 V2-165-62  roll 4    DECAYING  growth 0.06  fabd amp 2–7 s 2.6° → 15–20 s 0.2° (final 0.11°), pelvis yaw final 0.07°; recovered
k 0.11 V2-165-62  roll 8    DECAYING  growth 0.06  fabd amp 2–7 s 6.6° → 15–20 s 0.4° (final 0.27°), pelvis yaw final 0.18°; recovered
k 0.11 V2-165-62  yaw 4     DECAYING  growth 0.06  fabd amp 2–7 s 6.0° → 15–20 s 0.4° (final 0.23°), pelvis yaw final 0.16°; recovered
k 0.11 V2-165-62  yaw 8     DECAYING  growth 0.04  fabd amp 2–7 s 6.9° → 15–20 s 0.3° (final 0.14°), pelvis yaw final 0.1°; recovered
k 0.11 V2-165-62  pitch 8   DECAYING  growth 0.00  fabd amp 2–7 s 0.0° → 15–20 s 0.0° (final 0°), pelvis yaw final 0°; recovered
k 0.11 V2-165-62  push R 15 DECAYING  growth 0.06  fabd amp 2–7 s 4.1° → 15–20 s 0.3° (final 0.16°), pelvis yaw final 0.11°; recovered
k 0.11 V2-165-62  push F 15 SUSTAINED growth 0.81  fabd amp 2–7 s 10.2° → 15–20 s 8.3° (final 8.3°), pelvis yaw final 5.59°; step required → fell
k 0.11 V2-198-92  roll 4    GROWING   growth 1.87  fabd amp 2–7 s 5.7° → 15–20 s 10.6° (final 11.19°), pelvis yaw final 5.72°; recovered
k 0.11 V2-198-92  roll 8    SUSTAINED growth 1.16  fabd amp 2–7 s 8.9° → 15–20 s 10.3° (final 10.07°), pelvis yaw final 6.68°; recovered
k 0.11 V2-198-92  yaw 4     SUSTAINED growth 0.99  fabd amp 2–7 s 10.6° → 15–20 s 10.5° (final 9.85°), pelvis yaw final 5.53°; recovered
k 0.11 V2-198-92  yaw 8     SUSTAINED growth 0.98  fabd amp 2–7 s 10.8° → 15–20 s 10.6° (final 10.62°), pelvis yaw final 4.84°; recovered
k 0.11 V2-198-92  pitch 8   GROWING   growth 26.42  fabd amp 2–7 s 0.0° → 15–20 s 0.5° (final 0.8°), pelvis yaw final 0.33°; recovered
k 0.11 V2-198-92  push R 15 SUSTAINED growth 1.06  fabd amp 2–7 s 9.7° → 15–20 s 10.2° (final 10.93°), pelvis yaw final 6.69°; recovered
k 0.11 V2-198-92  push F 15 GROWING   growth 9.52  fabd amp 2–7 s 0.0° → 15–20 s 0.2° (final 0.3°), pelvis yaw final 0.16°; recovered
