k 0.13 {"ikRefTwist":true} V2-REF     roll 4    QUIET     growth 0.00  fabd amp 2–7 s 0.2° → 15–20 s 0.0° (final 0°), pelvis yaw final 0°; recovered
k 0.13 {"ikRefTwist":true} V2-REF     roll 8    DECAYING  growth 0.00  fabd amp 2–7 s 0.4° → 15–20 s 0.0° (final 0°), pelvis yaw final 0°; recovered
k 0.13 {"ikRefTwist":true} V2-REF     yaw 4     DECAYING  growth 0.00  fabd amp 2–7 s 2.8° → 15–20 s 0.0° (final 0°), pelvis yaw final 0°; recovered
k 0.13 {"ikRefTwist":true} V2-REF     yaw 8     DECAYING  growth 0.00  fabd amp 2–7 s 4.0° → 15–20 s 0.0° (final 0°), pelvis yaw final 0°; recovered
k 0.13 {"ikRefTwist":true} V2-REF     pitch 8   QUIET     growth 0.00  fabd amp 2–7 s 0.0° → 15–20 s 0.0° (final 0°), pelvis yaw final 0°; recovered
k 0.13 {"ikRefTwist":true} V2-REF     push R 15 DECAYING  growth 0.00  fabd amp 2–7 s 0.8° → 15–20 s 0.0° (final 0°), pelvis yaw final 0°; recovered
k 0.13 {"ikRefTwist":true} V2-REF     push F 15 QUIET     growth 0.00  fabd amp 2–7 s 0.0° → 15–20 s 0.0° (final 0°), pelvis yaw final 0°; recovered
k 0.13 {"ikRefTwist":true} V2-165-62  roll 4    DECAYING  growth 0.00  fabd amp 2–7 s 0.3° → 15–20 s 0.0° (final 0°), pelvis yaw final 0°; recovered
k 0.13 {"ikRefTwist":true} V2-165-62  roll 8    DECAYING  growth 0.00  fabd amp 2–7 s 0.7° → 15–20 s 0.0° (final 0°), pelvis yaw final 0°; recovered
k 0.13 {"ikRefTwist":true} V2-165-62  yaw 4     DECAYING  growth 0.00  fabd amp 2–7 s 2.7° → 15–20 s 0.0° (final 0°), pelvis yaw final 0°; recovered
k 0.13 {"ikRefTwist":true} V2-165-62  yaw 8     DECAYING  growth 0.00  fabd amp 2–7 s 3.4° → 15–20 s 0.0° (final 0°), pelvis yaw final 0°; recovered
k 0.13 {"ikRefTwist":true} V2-165-62  pitch 8   QUIET     growth 0.00  fabd amp 2–7 s 0.0° → 15–20 s 0.0° (final 0°), pelvis yaw final 0°; recovered
k 0.13 {"ikRefTwist":true} V2-165-62  push R 15 DECAYING  growth 0.00  fabd amp 2–7 s 0.5° → 15–20 s 0.0° (final 0°), pelvis yaw final 0°; recovered
k 0.13 {"ikRefTwist":true} V2-165-62  push F 15 SUSTAINED growth 1.10  fabd amp 2–7 s 10.8° → 15–20 s 11.9° (final 14.16°), pelvis yaw final 179.87°; step required → fell
k 0.13 {"ikRefTwist":true} V2-198-92  roll 4    QUIET     growth 0.00  fabd amp 2–7 s 0.4° → 15–20 s 0.0° (final 0°), pelvis yaw final 0°; recovered
k 0.13 {"ikRefTwist":true} V2-198-92  roll 8    DECAYING  growth 0.00  fabd amp 2–7 s 0.8° → 15–20 s 0.0° (final 0°), pelvis yaw final 0°; recovered
k 0.13 {"ikRefTwist":true} V2-198-92  yaw 4     DECAYING  growth 0.01  fabd amp 2–7 s 2.9° → 15–20 s 0.0° (final 0°), pelvis yaw final 0°; recovered
k 0.13 {"ikRefTwist":true} V2-198-92  yaw 8     DECAYING  growth 0.01  fabd amp 2–7 s 3.5° → 15–20 s 0.0° (final 0.01°), pelvis yaw final 0.01°; recovered
k 0.13 {"ikRefTwist":true} V2-198-92  pitch 8   QUIET     growth 0.00  fabd amp 2–7 s 0.0° → 15–20 s 0.0° (final 0°), pelvis yaw final 0°; recovered
k 0.13 {"ikRefTwist":true} V2-198-92  push R 15 DECAYING  growth 0.00  fabd amp 2–7 s 1.2° → 15–20 s 0.0° (final 0°), pelvis yaw final 0°; recovered
k 0.13 {"ikRefTwist":true} V2-198-92  push F 15 QUIET     growth 0.02  fabd amp 2–7 s 0.0° → 15–20 s 0.0° (final 0°), pelvis yaw final 0°; recovered
