k 0.15 V2-REF     roll 4    DECAYING  growth 0.20  fabd amp 2–7 s 1.9° → 15–20 s 0.4° (final 0.26°), pelvis yaw final 0.19°; recovered
k 0.15 V2-REF     roll 8    DECAYING  growth 0.20  fabd amp 2–7 s 5.2° → 15–20 s 1.1° (final 0.77°), pelvis yaw final 0.53°; recovered
k 0.15 V2-REF     yaw 4     DECAYING  growth 0.20  fabd amp 2–7 s 6.5° → 15–20 s 1.3° (final 1.01°), pelvis yaw final 0.67°; recovered
k 0.15 V2-REF     yaw 8     DECAYING  growth 0.21  fabd amp 2–7 s 8.2° → 15–20 s 1.7° (final 1.26°), pelvis yaw final 0.85°; recovered
k 0.15 V2-REF     pitch 8   DECAYING  growth 0.00  fabd amp 2–7 s 0.0° → 15–20 s 0.0° (final 0°), pelvis yaw final 0°; recovered
k 0.15 V2-REF     push R 15 DECAYING  growth 0.20  fabd amp 2–7 s 4.7° → 15–20 s 0.9° (final 0.65°), pelvis yaw final 0.46°; recovered
k 0.15 V2-REF     push F 15 DECAYING  growth 0.00  fabd amp 2–7 s 0.0° → 15–20 s 0.0° (final 0°), pelvis yaw final 0°; recovered
k 0.15 V2-165-62  roll 4    DECAYING  growth 0.00  fabd amp 2–7 s 0.9° → 15–20 s 0.0° (final 0°), pelvis yaw final 0°; recovered
k 0.15 V2-165-62  roll 8    DECAYING  growth 0.00  fabd amp 2–7 s 2.4° → 15–20 s 0.0° (final 0°), pelvis yaw final 0°; recovered
k 0.15 V2-165-62  yaw 4     DECAYING  growth 0.00  fabd amp 2–7 s 2.4° → 15–20 s 0.0° (final 0°), pelvis yaw final 0°; recovered
k 0.15 V2-165-62  yaw 8     DECAYING  growth 0.00  fabd amp 2–7 s 4.0° → 15–20 s 0.0° (final 0.01°), pelvis yaw final 0°; recovered
k 0.15 V2-165-62  pitch 8   DECAYING  growth 0.00  fabd amp 2–7 s 0.0° → 15–20 s 0.0° (final 0°), pelvis yaw final 0°; recovered
k 0.15 V2-165-62  push R 15 DECAYING  growth 0.00  fabd amp 2–7 s 1.7° → 15–20 s 0.0° (final 0°), pelvis yaw final 0°; recovered
k 0.15 V2-165-62  push F 15 SUSTAINED growth 1.20  fabd amp 2–7 s 8.6° → 15–20 s 10.3° (final 8.38°), pelvis yaw final 179.86°; step required → fell
k 0.15 V2-198-92  roll 4    GROWING   growth 3.29  fabd amp 2–7 s 2.9° → 15–20 s 9.7° (final 10.69°), pelvis yaw final 6.46°; recovered
k 0.15 V2-198-92  roll 8    SUSTAINED growth 1.35  fabd amp 2–7 s 7.5° → 15–20 s 10.2° (final 9.7°), pelvis yaw final 5.58°; recovered
k 0.15 V2-198-92  yaw 4     SUSTAINED growth 1.00  fabd amp 2–7 s 9.9° → 15–20 s 9.9° (final 10.69°), pelvis yaw final 6.46°; recovered
k 0.15 V2-198-92  yaw 8     SUSTAINED growth 0.94  fabd amp 2–7 s 10.3° → 15–20 s 9.7° (final 10.69°), pelvis yaw final 6.46°; recovered
k 0.15 V2-198-92  pitch 8   GROWING   growth 3.31  fabd amp 2–7 s 0.0° → 15–20 s 0.0° (final 0.05°), pelvis yaw final 0.04°; recovered
k 0.15 V2-198-92  push R 15 SUSTAINED growth 1.22  fabd amp 2–7 s 8.3° → 15–20 s 10.1° (final 9.41°), pelvis yaw final 5.77°; recovered
k 0.15 V2-198-92  push F 15 DECAYING  growth 0.00  fabd amp 2–7 s 0.0° → 15–20 s 0.0° (final 0°), pelvis yaw final 0°; recovered
