k 0 V2-REF     roll 4    DECAYING  growth 0.00  fabd amp 2–7 s 3.8° → 15–20 s 0.0° (final 0°), pelvis yaw final 0°; recovered
k 0 V2-REF     roll 8    SUSTAINED growth 0.92  fabd amp 2–7 s 9.1° → 15–20 s 8.3° (final 7.13°), pelvis yaw final 5.65°; recovered
k 0 V2-REF     yaw 4     SUSTAINED growth 0.85  fabd amp 2–7 s 11.2° → 15–20 s 9.5° (final 7.91°), pelvis yaw final 4.97°; recovered
k 0 V2-REF     yaw 8     SUSTAINED growth 0.84  fabd amp 2–7 s 10.8° → 15–20 s 9.1° (final 7.37°), pelvis yaw final 5.12°; recovered
k 0 V2-REF     pitch 8   SUSTAINED growth 1.23  fabd amp 2–7 s 0.0° → 15–20 s 0.0° (final 0.04°), pelvis yaw final 0°; recovered
k 0 V2-REF     push R 15 SUSTAINED growth 1.04  fabd amp 2–7 s 10.4° → 15–20 s 10.9° (final 10.99°), pelvis yaw final 4.55°; recovered
k 0 V2-REF     push F 15 GROWING   growth 28.55  fabd amp 2–7 s 0.0° → 15–20 s 0.3° (final 0.56°), pelvis yaw final 0.03°; recovered
k 0 V2-165-62  roll 4    DECAYING  growth 0.00  fabd amp 2–7 s 3.5° → 15–20 s 0.0° (final 0°), pelvis yaw final 0°; recovered
k 0 V2-165-62  roll 8    DECAYING  growth 0.02  fabd amp 2–7 s 6.5° → 15–20 s 0.1° (final 0.01°), pelvis yaw final 0.01°; recovered
k 0 V2-165-62  yaw 4     DECAYING  growth 0.04  fabd amp 2–7 s 10.9° → 15–20 s 0.4° (final 0.12°), pelvis yaw final 0.03°; recovered
k 0 V2-165-62  yaw 8     DECAYING  growth 0.00  fabd amp 2–7 s 9.7° → 15–20 s 0.0° (final 0°), pelvis yaw final 0°; recovered
k 0 V2-165-62  pitch 8   GROWING   growth 3.08  fabd amp 2–7 s 0.0° → 15–20 s 0.1° (final 0.13°), pelvis yaw final 0.01°; recovered
k 0 V2-165-62  push R 15 DECAYING  growth 0.04  fabd amp 2–7 s 1.2° → 15–20 s 0.1° (final 0.03°), pelvis yaw final 0°; recovered
k 0 V2-165-62  push F 15 DECAYING  growth 0.44  fabd amp 2–7 s 11.2° → 15–20 s 4.9° (final 9.27°), pelvis yaw final 4.59°; step required → fell
k 0 V2-198-92  roll 4    DECAYING  growth 0.00  fabd amp 2–7 s 1.8° → 15–20 s 0.0° (final 0°), pelvis yaw final 0°; recovered
k 0 V2-198-92  roll 8    SUSTAINED growth 0.82  fabd amp 2–7 s 11.2° → 15–20 s 9.1° (final 10.52°), pelvis yaw final 6.87°; recovered
k 0 V2-198-92  yaw 4     SUSTAINED growth 0.81  fabd amp 2–7 s 11.6° → 15–20 s 9.4° (final 12.12°), pelvis yaw final 7.11°; recovered
k 0 V2-198-92  yaw 8     SUSTAINED growth 0.81  fabd amp 2–7 s 11.3° → 15–20 s 9.2° (final 11.46°), pelvis yaw final 7.05°; recovered
k 0 V2-198-92  pitch 8   GROWING   growth 12.53  fabd amp 2–7 s 0.1° → 15–20 s 0.7° (final 0.33°), pelvis yaw final 0.29°; recovered
k 0 V2-198-92  push R 15 SUSTAINED growth 0.99  fabd amp 2–7 s 9.9° → 15–20 s 9.8° (final 12.35°), pelvis yaw final 7.11°; recovered
k 0 V2-198-92  push F 15 GROWING   growth 15.54  fabd amp 2–7 s 0.0° → 15–20 s 0.7° (final 1.01°), pelvis yaw final 0.04°; recovered
