k 0.15 {"ikRefTwist":true} V2-REF     roll 4    QUIET     growth 0.00  fabd amp 2–7 s 0.2° → 15–20 s 0.0° (final 0°), pelvis yaw final 0°; recovered
k 0.15 {"ikRefTwist":true} V2-REF     roll 8    DECAYING  growth 0.00  fabd amp 2–7 s 0.5° → 15–20 s 0.0° (final 0°), pelvis yaw final 0°; recovered
k 0.15 {"ikRefTwist":true} V2-REF     yaw 4     DECAYING  growth 0.00  fabd amp 2–7 s 2.7° → 15–20 s 0.0° (final 0°), pelvis yaw final 0°; recovered
k 0.15 {"ikRefTwist":true} V2-REF     yaw 8     DECAYING  growth 0.00  fabd amp 2–7 s 3.9° → 15–20 s 0.0° (final 0°), pelvis yaw final 0°; recovered
k 0.15 {"ikRefTwist":true} V2-REF     pitch 8   QUIET     growth 0.00  fabd amp 2–7 s 0.0° → 15–20 s 0.0° (final 0°), pelvis yaw final 0°; recovered
k 0.15 {"ikRefTwist":true} V2-REF     push R 15 DECAYING  growth 0.00  fabd amp 2–7 s 0.5° → 15–20 s 0.0° (final 0°), pelvis yaw final 0°; recovered
k 0.15 {"ikRefTwist":true} V2-REF     push F 15 QUIET     growth 0.01  fabd amp 2–7 s 0.0° → 15–20 s 0.0° (final 0°), pelvis yaw final 0°; recovered
k 0.15 {"ikRefTwist":true} V2-165-62  roll 4    DECAYING  growth 0.00  fabd amp 2–7 s 0.3° → 15–20 s 0.0° (final 0°), pelvis yaw final 0°; recovered
k 0.15 {"ikRefTwist":true} V2-165-62  roll 8    DECAYING  growth 0.00  fabd amp 2–7 s 0.6° → 15–20 s 0.0° (final 0°), pelvis yaw final 0°; recovered
k 0.15 {"ikRefTwist":true} V2-165-62  yaw 4     DECAYING  growth 0.00  fabd amp 2–7 s 2.2° → 15–20 s 0.0° (final 0°), pelvis yaw final 0°; recovered
k 0.15 {"ikRefTwist":true} V2-165-62  yaw 8     DECAYING  growth 0.00  fabd amp 2–7 s 3.0° → 15–20 s 0.0° (final 0°), pelvis yaw final 0°; recovered
k 0.15 {"ikRefTwist":true} V2-165-62  pitch 8   QUIET     growth 0.01  fabd amp 2–7 s 0.0° → 15–20 s 0.0° (final 0°), pelvis yaw final 0°; recovered
k 0.15 {"ikRefTwist":true} V2-165-62  push R 15 DECAYING  growth 0.00  fabd amp 2–7 s 0.3° → 15–20 s 0.0° (final 0°), pelvis yaw final 0°; recovered
k 0.15 {"ikRefTwist":true} V2-165-62  push F 15 SUSTAINED growth 1.21  fabd amp 2–7 s 11.3° → 15–20 s 13.7° (final 15.91°), pelvis yaw final 179.88°; step required → fell
k 0.15 {"ikRefTwist":true} V2-198-92  roll 4    QUIET     growth 0.00  fabd amp 2–7 s 0.3° → 15–20 s 0.0° (final 0°), pelvis yaw final 0°; recovered
k 0.15 {"ikRefTwist":true} V2-198-92  roll 8    DECAYING  growth 0.00  fabd amp 2–7 s 0.6° → 15–20 s 0.0° (final 0°), pelvis yaw final 0°; recovered
k 0.15 {"ikRefTwist":true} V2-198-92  yaw 4     DECAYING  growth 0.00  fabd amp 2–7 s 2.3° → 15–20 s 0.0° (final 0°), pelvis yaw final 0°; recovered
k 0.15 {"ikRefTwist":true} V2-198-92  yaw 8     DECAYING  growth 0.00  fabd amp 2–7 s 3.2° → 15–20 s 0.0° (final 0°), pelvis yaw final 0°; recovered
k 0.15 {"ikRefTwist":true} V2-198-92  pitch 8   QUIET     growth 0.00  fabd amp 2–7 s 0.0° → 15–20 s 0.0° (final 0°), pelvis yaw final 0°; recovered
k 0.15 {"ikRefTwist":true} V2-198-92  push R 15 DECAYING  growth 0.00  fabd amp 2–7 s 0.9° → 15–20 s 0.0° (final 0°), pelvis yaw final 0°; recovered
k 0.15 {"ikRefTwist":true} V2-198-92  push F 15 QUIET     growth 0.00  fabd amp 2–7 s 0.0° → 15–20 s 0.0° (final 0°), pelvis yaw final 0°; recovered
