     KV4b R φ 0° T 2.5: held 0.00°, rot 21.252° vs law NaN° (Δ NaN°)
     KV4b R φ 0° T 5: held 0.00°, rot 27.213° vs law NaN° (Δ NaN°)
     KV4b R φ 0° T 10: held 0.00°, rot 30.503° vs law NaN° (Δ NaN°)
     KV4b R φ 0° T -2.5: held 0.00°, rot -30.747° vs law NaN° (Δ NaN°)
     KV4b R φ 0° T -5: held 0.00°, rot -37.101° vs law NaN° (Δ NaN°)
     KV4b R φ 0° T -10: held 0.00°, rot -40.505° vs law NaN° (Δ NaN°)
     KV4b R φ 10° T 2.5: held 10.01°, rot 21.372° vs law NaN° (Δ NaN°)
     KV4b R φ 10° T 5: held 10.01°, rot 27.240° vs law NaN° (Δ NaN°)
     KV4b R φ 10° T 10: held 10.01°, rot 30.503° vs law NaN° (Δ NaN°)
     KV4b R φ 10° T -2.5: held 10.00°, rot -30.824° vs law NaN° (Δ NaN°)
     KV4b R φ 10° T -5: held 10.01°, rot -37.118° vs law NaN° (Δ NaN°)
     KV4b R φ 10° T -10: held 10.01°, rot -40.505° vs law NaN° (Δ NaN°)
     KV4b R φ 20° T 2.5: held 20.01°, rot 21.747° vs law NaN° (Δ NaN°)
     KV4b R φ 20° T 5: held 20.01°, rot 27.327° vs law NaN° (Δ NaN°)
     KV4b R φ 20° T 10: held 20.01°, rot 30.501° vs law NaN° (Δ NaN°)
     KV4b R φ 20° T -2.5: held 20.01°, rot -31.098° vs law NaN° (Δ NaN°)
     KV4b R φ 20° T -5: held 20.01°, rot -37.178° vs law NaN° (Δ NaN°)
     KV4b R φ 20° T -10: held 20.01°, rot -40.504° vs law NaN° (Δ NaN°)
     KV4b R φ 30° T 2.5: held 30.01°, rot 22.254° vs law NaN° (Δ NaN°)
     KV4b R φ 30° T 5: held 30.01°, rot 27.449° vs law NaN° (Δ NaN°)
     KV4b R φ 30° T 10: held 30.01°, rot 30.498° vs law NaN° (Δ NaN°)
     KV4b R φ 30° T -2.5: held 30.01°, rot -31.545° vs law NaN° (Δ NaN°)
     KV4b R φ 30° T -5: held 30.01°, rot -37.280° vs law NaN° (Δ NaN°)
     KV4b R φ 30° T -10: held 30.01°, rot -40.502° vs law NaN° (Δ NaN°)
     KV4b R φ 40° T 2.5: held 40.01°, rot 22.931° vs law NaN° (Δ NaN°)
     KV4b R φ 40° T 5: held 40.01°, rot 27.619° vs law NaN° (Δ NaN°)
     KV4b R φ 40° T 10: held 40.01°, rot 30.495° vs law NaN° (Δ NaN°)
     KV4b R φ 40° T -2.5: held 40.01°, rot -32.255° vs law NaN° (Δ NaN°)
     KV4b R φ 40° T -5: held 40.02°, rot -37.449° vs law NaN° (Δ NaN°)
     KV4b R φ 40° T -10: held 40.02°, rot -40.498° vs law NaN° (Δ NaN°)
     KV4b R φ 90° T 2.5: held 90.00°, rot 24.940° vs law NaN° (Δ NaN°)
     KV4b R φ 90° T 5: held 90.00°, rot 28.179° vs law NaN° (Δ NaN°)
     KV4b R φ 90° T 10: held 90.00°, rot 30.477° vs law NaN° (Δ NaN°)
     KV4b R φ 90° T -2.5: held 90.00°, rot -34.940° vs law NaN° (Δ NaN°)
     KV4b R φ 90° T -5: held 90.00°, rot -38.179° vs law NaN° (Δ NaN°)
     KV4b R φ 90° T -10: held 90.00°, rot -40.476° vs law NaN° (Δ NaN°)
     KV4b L φ 20° T 2.5: held 20.01°, rot 21.747° vs law NaN° (Δ NaN°)
     KV4b L φ 20° T 5: held 20.01°, rot 27.327° vs law NaN° (Δ NaN°)
     KV4b L φ 20° T 10: held 20.01°, rot 30.501° vs law NaN° (Δ NaN°)
     KV4b L φ 20° T -2.5: held 20.01°, rot -31.098° vs law NaN° (Δ NaN°)
     KV4b L φ 20° T -5: held 20.01°, rot -37.178° vs law NaN° (Δ NaN°)
     KV4b L φ 20° T -10: held 20.01°, rot -40.504° vs law NaN° (Δ NaN°)
PASS KV4b plant static rotation vs the bench law at the held flexion; held flexion: 0 / 42 outside (worst Δ NaN°, worst flex error 0.02°) (limit max(0.3°, 3 %); flex ≤ 1.5°)
     KV2b kv4b R0 240Hz: |W_pas + ΔU + D| 5.38e-1 J (signed -5.38e-1; implicit dissipation 5.54e-1; + it: 1.56e-2) (lim 0.132)
     KV2b kv4b R10 240Hz: |W_pas + ΔU + D| 5.39e-1 J (signed -5.39e-1; implicit dissipation 5.54e-1; + it: 1.54e-2) (lim 0.130)
     KV2b kv4b R20 240Hz: |W_pas + ΔU + D| 5.48e-1 J (signed -5.48e-1; implicit dissipation 5.61e-1; + it: 1.29e-2) (lim 0.131)
     KV2b kv4b R30 240Hz: |W_pas + ΔU + D| 5.54e-1 J (signed -5.54e-1; implicit dissipation 5.69e-1; + it: 1.51e-2) (lim 0.131)
     KV2b kv4b R40 240Hz: |W_pas + ΔU + D| 5.55e-1 J (signed -5.55e-1; implicit dissipation 5.77e-1; + it: 2.20e-2) (lim 0.130)
     KV2b kv4b R90 240Hz: |W_pas + ΔU + D| 5.46e-1 J (signed -5.46e-1; implicit dissipation 5.63e-1; + it: 1.68e-2) (lim 0.123)
     KV2b kv4b L20 240Hz: |W_pas + ΔU + D| 5.46e-1 J (signed -5.46e-1; implicit dissipation 5.61e-1; + it: 1.56e-2) (lim 0.131)
FAIL KV2b passive work = −ΔU − viscous loss in every rig run: 7 / 7 runs outside (limit ≤ 0.02 J + 2 % ∫|P_pas|)
     report (erratum view): with the implicit-drive dissipation added and the strict residual dissipative (≤ 0): 7 / 7 runs within the same limit

1 / 2 rig checks pass
