     KV4b R φ 0° T 2.5: held 0.02°, rot 4.770° vs law 4.770° (Δ 0.000°)
     KV4b R φ 0° T 5: held 0.04°, rot 7.470° vs law 7.469° (Δ 0.000°)
     KV4b R φ 0° T 10: held 0.07°, rot 11.300° vs law 11.300° (Δ 0.000°)
     KV4b R φ 0° T -2.5: held -0.02°, rot -3.844° vs law -3.844° (Δ -0.000°)
     KV4b R φ 0° T -5: held -0.03°, rot -6.319° vs law -6.319° (Δ -0.000°)
     KV4b R φ 0° T -10: held -0.06°, rot -9.916° vs law -9.916° (Δ 0.000°)
     KV4b R φ 10° T 2.5: held 10.02°, rot 8.175° vs law 8.175° (Δ 0.000°)
     KV4b R φ 10° T 5: held 10.03°, rot 10.873° vs law 10.873° (Δ 0.000°)
     KV4b R φ 10° T 10: held 10.06°, rot 14.700° vs law 14.699° (Δ 0.000°)
     KV4b R φ 10° T -2.5: held 9.99°, rot -1.586° vs law -1.585° (Δ -0.000°)
     KV4b R φ 10° T -5: held 9.99°, rot -4.582° vs law -4.582° (Δ -0.000°)
     KV4b R φ 10° T -10: held 9.99°, rot -8.697° vs law -8.697° (Δ -0.000°)
     KV4b R φ 20° T 2.5: held 20.01°, rot 11.035° vs law 11.035° (Δ 0.000°)
     KV4b R φ 20° T 5: held 20.03°, rot 13.731° vs law 13.731° (Δ 0.000°)
     KV4b R φ 20° T 10: held 20.05°, rot 17.555° vs law 17.555° (Δ 0.000°)
     KV4b R φ 20° T -2.5: held 20.00°, rot -1.561° vs law -1.560° (Δ -0.000°)
     KV4b R φ 20° T -5: held 20.00°, rot -5.565° vs law -5.565° (Δ -0.000°)
     KV4b R φ 20° T -10: held 20.02°, rot -10.552° vs law -10.552° (Δ -0.000°)
     KV4b R φ 30° T 2.5: held 30.01°, rot 13.396° vs law 13.396° (Δ 0.000°)
     KV4b R φ 30° T 5: held 30.02°, rot 16.091° vs law 16.091° (Δ 0.000°)
     KV4b R φ 30° T 10: held 30.04°, rot 19.912° vs law 19.912° (Δ 0.000°)
     KV4b R φ 30° T -2.5: held 30.00°, rot -2.006° vs law -2.005° (Δ -0.000°)
     KV4b R φ 30° T -5: held 30.00°, rot -6.709° vs law -6.709° (Δ -0.000°)
     KV4b R φ 30° T -10: held 30.00°, rot -12.204° vs law -12.203° (Δ -0.000°)
     KV4b R φ 40° T 2.5: held 40.01°, rot 15.303° vs law 15.303° (Δ 0.000°)
     KV4b R φ 40° T 5: held 40.02°, rot 17.997° vs law 17.997° (Δ 0.000°)
     KV4b R φ 40° T 10: held 40.03°, rot 21.817° vs law 21.817° (Δ 0.000°)
     KV4b R φ 40° T -2.5: held 39.99°, rot -0.595° vs law -0.594° (Δ -0.000°)
     KV4b R φ 40° T -5: held 39.98°, rot -5.401° vs law -5.400° (Δ -0.000°)
     KV4b R φ 40° T -10: held 39.97°, rot -10.967° vs law -10.967° (Δ -0.000°)
     KV4b R φ 90° T 2.5: held 90.00°, rot 19.648° vs law 19.647° (Δ 0.000°)
     KV4b R φ 90° T 5: held 90.00°, rot 22.340° vs law 22.340° (Δ 0.000°)
     KV4b R φ 90° T 10: held 90.01°, rot 26.157° vs law 26.157° (Δ 0.000°)
     KV4b R φ 90° T -2.5: held 90.00°, rot 3.752° vs law 3.753° (Δ -0.000°)
     KV4b R φ 90° T -5: held 90.00°, rot -1.052° vs law -1.052° (Δ -0.000°)
     KV4b R φ 90° T -10: held 90.00°, rot -6.615° vs law -6.615° (Δ -0.000°)
     KV4b L φ 20° T 2.5: held 20.01°, rot 11.035° vs law 11.035° (Δ 0.000°)
     KV4b L φ 20° T 5: held 20.03°, rot 13.731° vs law 13.731° (Δ 0.000°)
     KV4b L φ 20° T 10: held 20.05°, rot 17.555° vs law 17.555° (Δ 0.000°)
     KV4b L φ 20° T -2.5: held 20.00°, rot -1.561° vs law -1.560° (Δ -0.000°)
     KV4b L φ 20° T -5: held 20.00°, rot -5.565° vs law -5.565° (Δ -0.000°)
     KV4b L φ 20° T -10: held 20.02°, rot -10.552° vs law -10.552° (Δ -0.000°)
PASS KV4b plant static rotation vs the bench law at the held flexion; held flexion: 0 / 42 outside (worst Δ 0.000°, worst flex error 0.07°) (limit max(0.3°, 3 %); flex ≤ 1.5°)
     KV3b φ 0–30° T 0: per cycle W_el -1.7e-4, -1.8e-4, -1.8e-4, -1.9e-4 J; closure -4.6e-4, -4.6e-4, -4.7e-4, -4.7e-4 J; [report: implicit dissipation 6.0e-3, 6.1e-3, 6.2e-3, 6.3e-3; closure + it 5.6e-3, 5.7e-3, 5.7e-3, 5.8e-3]; W_act 0.293, 0.301, 0.308, 0.314; D 0.292, 0.301, 0.307, 0.313
     KV3b φ 0–30° T 5: per cycle W_el 9.9e-5, 3.9e-4, 6.1e-4, 7.9e-4 J; closure -1.3e-3, -1.0e-3, -7.5e-4, -5.6e-4 J; [report: implicit dissipation 1.4e-2, 1.4e-2, 1.4e-2, 1.4e-2; closure + it 1.3e-2, 1.3e-2, 1.3e-2, 1.4e-2]; W_act 0.298, 0.305, 0.311, 0.317; D 0.296, 0.303, 0.310, 0.315
     KV3b φ 0–30° T -5: per cycle W_el 9.8e-3, 9.8e-3, 9.7e-3, 9.7e-3 J; closure 9.4e-3, 9.5e-3, 9.4e-3, 9.4e-3 J; [report: implicit dissipation 3.0e-3, 3.0e-3, 3.0e-3, 3.0e-3; closure + it 1.2e-2, 1.2e-2, 1.2e-2, 1.2e-2]; W_act 0.271, 0.278, 0.285, 0.290; D 0.280, 0.287, 0.293, 0.299
     KV3b φ 0–120° T 0: per cycle W_el -2.5e-2, -2.4e-2, -2.6e-2, -2.6e-2 J; closure -1.2e-1, -1.2e-1, -1.2e-1, -1.2e-1 J; [report: implicit dissipation 5.1e-2, 5.3e-2, 6.2e-2, 6.2e-2; closure + it -6.9e-2, -6.6e-2, -5.8e-2, -5.8e-2]; W_act 4.487, 4.496, 4.499, 4.498; D 4.368, 4.377, 4.378, 4.378
     KV3b φ 0–120° T 5: per cycle W_el -4.7e-2, -5.0e-2, -5.0e-2, -5.0e-2 J; closure -1.5e-1, -1.5e-1, -1.5e-1, -1.5e-1 J; [report: implicit dissipation 1.2e-1, 1.2e-1, 1.2e-1, 1.2e-1; closure + it -2.8e-2, -2.8e-2, -2.7e-2, -2.8e-2]; W_act 4.557, 4.553, 4.553, 4.553; D 4.408, 4.405, 4.404, 4.404
     KV3b φ 0–120° T -5: per cycle W_el -6.9e-3, -4.2e-3, -5.1e-3, -5.3e-3 J; closure -9.9e-2, -9.7e-2, -9.8e-2, -9.8e-2 J; [report: implicit dissipation 4.6e-2, 4.5e-2, 4.7e-2, 4.7e-2; closure + it -5.3e-2, -5.2e-2, -5.1e-2, -5.1e-2]; W_act 4.407, 4.411, 4.411, 4.411; D 4.307, 4.311, 4.310, 4.310
FAIL KV3b closed flexion cycles: elastic passive work per cycle; ledger closure; no amplitude growth: 12 cycle violations; max amplitude growth 6.55 % (limit |W_el| ≤ 0.02 J + 1 % ∮|P_el|; |closure| ≤ 0.05 J; growth ≤ 5 %)
PASS KV6b passive reference path followed with the axial free (0 → 40 → 0°): worst excess beyond slack + 1° = 0.000°; axial change 0 → 30° = 7.57° (limit ≤ 0; 8.6 ± 1.5°)
     KV7b φ 0° internal: at capacity 3.00° beyond the bound (14.07°); at 40 N·m θ 19.68°; min engine margin 46.3°; hold closure 3.1e-3 J
     KV7b φ 0° external: at capacity 3.00° beyond the bound (-12.57°); at 40 N·m θ -18.16°; min engine margin 41.8°; hold closure 2.7e-3 J
     KV7b φ 30° internal: at capacity 3.00° beyond the bound (22.66°); at 40 N·m θ 28.24°; min engine margin 37.7°; hold closure -8.7e-4 J
     KV7b φ 30° external: at capacity 3.00° beyond the bound (-15.68°); at 40 N·m θ -21.33°; min engine margin 38.7°; hold closure -1.3e-4 J
     KV7b φ 90° internal: at capacity 3.00° beyond the bound (28.88°); at 40 N·m θ 34.46°; min engine margin 31.5°; hold closure 2.3e-3 J
     KV7b φ 90° external: at capacity 3.00° beyond the bound (-10.12°); at 40 N·m θ -15.77°; min engine margin 44.2°; hold closure -1.0e-2 J
PASS KV7b end-stop engages at bound + 3°; no Jolt-stop contact; hold closure: 0 / 6 violations (limit 3 ± 0.75°; margin ≥ 0.25°; ≤ 0.05 J)
     KV8 180 Hz: KV4b true, KV3b true, KV6b true (Δ0→30 7.57°), KV7b true
     KV8 240 Hz: KV4b true, KV3b true, KV6b true (Δ0→30 7.57°), KV7b true
     KV8 480 Hz: KV4b true, KV3b true, KV6b true (Δ0→30 7.57°), KV7b true
PASS KV8 180 / 240 / 480 Hz: KV3b, KV4b, KV6b, KV7b criteria hold; KV4b static rotation spread: all criteria true; KV4b spread 0.000° (limit all; ≤ 0.3°)
     KV2b kv4b R0 240Hz: |W_pas + ΔU + D| 4.43e-1 J (signed -4.43e-1; implicit dissipation 4.84e-1; + it: 4.11e-2) (lim 0.086)
     KV2b kv4b R10 240Hz: |W_pas + ΔU + D| 4.50e-1 J (signed -4.50e-1; implicit dissipation 4.91e-1; + it: 4.11e-2) (lim 0.091)
     KV2b kv4b R20 240Hz: |W_pas + ΔU + D| 4.61e-1 J (signed -4.61e-1; implicit dissipation 5.02e-1; + it: 4.12e-2) (lim 0.100)
     KV2b kv4b R30 240Hz: |W_pas + ΔU + D| 4.69e-1 J (signed -4.69e-1; implicit dissipation 5.10e-1; + it: 4.11e-2) (lim 0.106)
     KV2b kv4b R40 240Hz: |W_pas + ΔU + D| 4.71e-1 J (signed -4.71e-1; implicit dissipation 5.11e-1; + it: 4.05e-2) (lim 0.107)
     KV2b kv4b R90 240Hz: |W_pas + ΔU + D| 4.71e-1 J (signed -4.71e-1; implicit dissipation 5.11e-1; + it: 4.06e-2) (lim 0.107)
     KV2b kv4b L20 240Hz: |W_pas + ΔU + D| 4.61e-1 J (signed -4.61e-1; implicit dissipation 5.02e-1; + it: 4.12e-2) (lim 0.100)
     KV2b kv3b 0-30 T5 240Hz: |W_pas + ΔU + D| 1.09e-1 J (signed -1.09e-1; implicit dissipation 1.82e-1; + it: 7.33e-2) (lim 0.067)
     KV2b kv4b R20 180Hz: |W_pas + ΔU + D| 5.58e-1 J (signed -5.58e-1; implicit dissipation 6.10e-1; + it: 5.23e-2) (lim 0.096)
     KV2b kv3b 0-30 T5 180Hz: |W_pas + ΔU + D| 1.29e-1 J (signed -1.29e-1; implicit dissipation 2.33e-1; + it: 1.04e-1) (lim 0.066)
     KV2b kv4b R20 240Hz: |W_pas + ΔU + D| 4.61e-1 J (signed -4.61e-1; implicit dissipation 5.02e-1; + it: 4.12e-2) (lim 0.100)
     KV2b kv3b 0-30 T5 240Hz: |W_pas + ΔU + D| 1.09e-1 J (signed -1.09e-1; implicit dissipation 1.82e-1; + it: 7.33e-2) (lim 0.067)
     KV2b kv4b R20 480Hz: |W_pas + ΔU + D| 2.62e-1 J (signed -2.62e-1; implicit dissipation 2.92e-1; + it: 3.01e-2) (lim 0.109)
     KV2b kv3b 0-30 T5 480Hz: |W_pas + ΔU + D| 7.17e-2 J (signed -7.17e-2; implicit dissipation 1.03e-1; + it: 3.10e-2) (lim 0.069)
FAIL KV2b passive work = −ΔU − viscous loss in every rig run: 14 / 35 runs outside (limit ≤ 0.02 J + 2 % ∫|P_pas|)
     report (erratum view): with the implicit-drive dissipation added and the strict residual dissipative (≤ 0): 31 / 35 runs within the same limit

4 / 6 rig checks pass
