k 0 {"ikTwistBlend":1,"ikTwistTau":0.5} V2-REF     roll 4    DECAYING  growth 0.01  fabd amp 2–7 s 0.8° → 15–20 s 0.0° (final 0°), pelvis yaw final 0°; recovered
k 0 {"ikTwistBlend":1,"ikTwistTau":0.5} V2-REF     roll 8    DECAYING  growth 0.01  fabd amp 2–7 s 1.9° → 15–20 s 0.0° (final 0°), pelvis yaw final 0°; recovered
k 0 {"ikTwistBlend":1,"ikTwistTau":0.5} V2-REF     yaw 4     DECAYING  growth 0.01  fabd amp 2–7 s 6.1° → 15–20 s 0.1° (final 0.01°), pelvis yaw final 0.05°; recovered
k 0 {"ikTwistBlend":1,"ikTwistTau":0.5} V2-REF     yaw 8     DECAYING  growth 0.06  fabd amp 2–7 s 6.3° → 15–20 s 0.4° (final 0.35°), pelvis yaw final 0.02°; recovered
k 0 {"ikTwistBlend":1,"ikTwistTau":0.5} V2-REF     pitch 8   QUIET     growth 2.78  fabd amp 2–7 s 0.0° → 15–20 s 0.1° (final 0.07°), pelvis yaw final 0°; recovered
k 0 {"ikTwistBlend":1,"ikTwistTau":0.5} V2-REF     push R 15 DECAYING  growth 0.01  fabd amp 2–7 s 2.3° → 15–20 s 0.0° (final 0°), pelvis yaw final 0.01°; recovered
k 0 {"ikTwistBlend":1,"ikTwistTau":0.5} V2-REF     push F 15 QUIET     growth 1.22  fabd amp 2–7 s 0.0° → 15–20 s 0.0° (final 0.02°), pelvis yaw final 0°; recovered
k 0 {"ikTwistBlend":1,"ikTwistTau":0.5} V2-165-62  roll 4    DECAYING  growth 0.00  fabd amp 2–7 s 0.9° → 15–20 s 0.0° (final 0°), pelvis yaw final 0°; recovered
k 0 {"ikTwistBlend":1,"ikTwistTau":0.5} V2-165-62  roll 8    DECAYING  growth 0.00  fabd amp 2–7 s 1.9° → 15–20 s 0.0° (final 0°), pelvis yaw final 0°; recovered
k 0 {"ikTwistBlend":1,"ikTwistTau":0.5} V2-165-62  yaw 4     DECAYING  growth 0.02  fabd amp 2–7 s 4.6° → 15–20 s 0.1° (final 0.09°), pelvis yaw final 0°; recovered
k 0 {"ikTwistBlend":1,"ikTwistTau":0.5} V2-165-62  yaw 8     DECAYING  growth 0.00  fabd amp 2–7 s 5.2° → 15–20 s 0.0° (final 0°), pelvis yaw final 0°; recovered
k 0 {"ikTwistBlend":1,"ikTwistTau":0.5} V2-165-62  pitch 8   QUIET     growth 0.88  fabd amp 2–7 s 0.0° → 15–20 s 0.0° (final 0.02°), pelvis yaw final 0°; recovered
k 0 {"ikTwistBlend":1,"ikTwistTau":0.5} V2-165-62  push R 15 DECAYING  growth 0.02  fabd amp 2–7 s 1.8° → 15–20 s 0.0° (final 0.01°), pelvis yaw final 0°; recovered
k 0 {"ikTwistBlend":1,"ikTwistTau":0.5} V2-165-62  push F 15 SUSTAINED growth 0.53  fabd amp 2–7 s 11.4° → 15–20 s 6.0° (final 8.16°), pelvis yaw final 179.8°; step required → fell
k 0 {"ikTwistBlend":1,"ikTwistTau":0.5} V2-198-92  roll 4    DECAYING  growth 0.01  fabd amp 2–7 s 0.6° → 15–20 s 0.0° (final 0°), pelvis yaw final 0°; recovered
k 0 {"ikTwistBlend":1,"ikTwistTau":0.5} V2-198-92  roll 8    DECAYING  growth 0.02  fabd amp 2–7 s 1.6° → 15–20 s 0.0° (final 0.01°), pelvis yaw final 0.02°; recovered
k 0 {"ikTwistBlend":1,"ikTwistTau":0.5} V2-198-92  yaw 4     DECAYING  growth 0.03  fabd amp 2–7 s 6.9° → 15–20 s 0.2° (final 0.11°), pelvis yaw final 0.06°; recovered
k 0 {"ikTwistBlend":1,"ikTwistTau":0.5} V2-198-92  yaw 8     DECAYING  growth 0.05  fabd amp 2–7 s 6.9° → 15–20 s 0.4° (final 0.01°), pelvis yaw final 0.17°; recovered
k 0 {"ikTwistBlend":1,"ikTwistTau":0.5} V2-198-92  pitch 8   QUIET     growth 0.94  fabd amp 2–7 s 0.0° → 15–20 s 0.0° (final 0.02°), pelvis yaw final 0°; recovered
k 0 {"ikTwistBlend":1,"ikTwistTau":0.5} V2-198-92  push R 15 DECAYING  growth 0.02  fabd amp 2–7 s 2.3° → 15–20 s 0.0° (final 0.04°), pelvis yaw final 0.02°; recovered
k 0 {"ikTwistBlend":1,"ikTwistTau":0.5} V2-198-92  push F 15 QUIET     growth 0.47  fabd amp 2–7 s 0.0° → 15–20 s 0.0° (final 0.01°), pelvis yaw final 0°; recovered
