k 0.13 V2-REF     roll 4    SUSTAINED growth 1.35  fabd amp 2–7 s 3.0° → 15–20 s 4.0° (final 4.26°), pelvis yaw final 2.28°; recovered
k 0.13 V2-REF     roll 8    SUSTAINED growth 1.24  fabd amp 2–7 s 7.9° → 15–20 s 9.7° (final 9.23°), pelvis yaw final 5.84°; recovered
k 0.13 V2-REF     yaw 4     SUSTAINED growth 1.04  fabd amp 2–7 s 9.3° → 15–20 s 9.6° (final 9.86°), pelvis yaw final 6.28°; recovered
k 0.13 V2-REF     yaw 8     SUSTAINED growth 0.98  fabd amp 2–7 s 9.5° → 15–20 s 9.3° (final 9.27°), pelvis yaw final 6.16°; recovered
k 0.13 V2-REF     pitch 8   QUIET     growth 0.00  fabd amp 2–7 s 0.0° → 15–20 s 0.0° (final 0°), pelvis yaw final 0°; recovered
k 0.13 V2-REF     push R 15 SUSTAINED growth 1.29  fabd amp 2–7 s 7.4° → 15–20 s 9.5° (final 9.91°), pelvis yaw final 5.19°; recovered
k 0.13 V2-REF     push F 15 QUIET     growth 0.00  fabd amp 2–7 s 0.0° → 15–20 s 0.0° (final 0°), pelvis yaw final 0°; recovered
k 0.13 V2-165-62  roll 4    DECAYING  growth 0.00  fabd amp 2–7 s 1.5° → 15–20 s 0.0° (final 0°), pelvis yaw final 0°; recovered
k 0.13 V2-165-62  roll 8    DECAYING  growth 0.00  fabd amp 2–7 s 4.0° → 15–20 s 0.0° (final 0°), pelvis yaw final 0°; recovered
k 0.13 V2-165-62  yaw 4     DECAYING  growth 0.00  fabd amp 2–7 s 3.7° → 15–20 s 0.0° (final 0°), pelvis yaw final 0°; recovered
k 0.13 V2-165-62  yaw 8     DECAYING  growth 0.00  fabd amp 2–7 s 5.2° → 15–20 s 0.0° (final 0.01°), pelvis yaw final 0°; recovered
k 0.13 V2-165-62  pitch 8   QUIET     growth 0.00  fabd amp 2–7 s 0.0° → 15–20 s 0.0° (final 0°), pelvis yaw final 0°; recovered
k 0.13 V2-165-62  push R 15 DECAYING  growth 0.00  fabd amp 2–7 s 2.6° → 15–20 s 0.0° (final 0°), pelvis yaw final 0°; recovered
k 0.13 V2-165-62  push F 15 SUSTAINED growth 0.88  fabd amp 2–7 s 7.9° → 15–20 s 7.0° (final 9.11°), pelvis yaw final 179.83°; step required → fell
k 0.13 V2-198-92  roll 4    GROWING   growth 2.56  fabd amp 2–7 s 3.9° → 15–20 s 10.0° (final 8.88°), pelvis yaw final 6.51°; recovered
k 0.13 V2-198-92  roll 8    SUSTAINED growth 1.19  fabd amp 2–7 s 8.9° → 15–20 s 10.5° (final 11.03°), pelvis yaw final 6.49°; recovered
k 0.13 V2-198-92  yaw 4     SUSTAINED growth 0.99  fabd amp 2–7 s 10.3° → 15–20 s 10.2° (final 10.32°), pelvis yaw final 6.57°; recovered
k 0.13 V2-198-92  yaw 8     SUSTAINED growth 0.95  fabd amp 2–7 s 10.6° → 15–20 s 10.0° (final 9.05°), pelvis yaw final 6.53°; recovered
k 0.13 V2-198-92  pitch 8   QUIET     growth 10.31  fabd amp 2–7 s 0.0° → 15–20 s 0.2° (final 0.22°), pelvis yaw final 0.15°; recovered
k 0.13 V2-198-92  push R 15 SUSTAINED growth 1.13  fabd amp 2–7 s 9.4° → 15–20 s 10.6° (final 11.03°), pelvis yaw final 6.31°; recovered
k 0.13 V2-198-92  push F 15 QUIET     growth 1.21  fabd amp 2–7 s 0.0° → 15–20 s 0.0° (final 0.03°), pelvis yaw final 0.02°; recovered
