k 0 {"ikTwistBlend":0.25} V2-REF     roll 4    DECAYING  growth 0.00  fabd amp 2–7 s 1.0° → 15–20 s 0.0° (final 0°), pelvis yaw final 0°; recovered
k 0 {"ikTwistBlend":0.25} V2-REF     roll 8    DECAYING  growth 0.00  fabd amp 2–7 s 2.5° → 15–20 s 0.0° (final 0°), pelvis yaw final 0°; recovered
k 0 {"ikTwistBlend":0.25} V2-REF     yaw 4     DECAYING  growth 0.00  fabd amp 2–7 s 5.4° → 15–20 s 0.0° (final 0°), pelvis yaw final 0°; recovered
k 0 {"ikTwistBlend":0.25} V2-REF     yaw 8     DECAYING  growth 0.00  fabd amp 2–7 s 7.0° → 15–20 s 0.0° (final 0°), pelvis yaw final 0°; recovered
k 0 {"ikTwistBlend":0.25} V2-REF     pitch 8   QUIET     growth 0.00  fabd amp 2–7 s 0.0° → 15–20 s 0.0° (final 0°), pelvis yaw final 0°; recovered
k 0 {"ikTwistBlend":0.25} V2-REF     push R 15 DECAYING  growth 0.00  fabd amp 2–7 s 2.0° → 15–20 s 0.0° (final 0°), pelvis yaw final 0°; recovered
k 0 {"ikTwistBlend":0.25} V2-REF     push F 15 QUIET     growth 0.00  fabd amp 2–7 s 0.0° → 15–20 s 0.0° (final 0°), pelvis yaw final 0°; recovered
k 0 {"ikTwistBlend":0.25} V2-165-62  roll 4    DECAYING  growth 0.00  fabd amp 2–7 s 1.4° → 15–20 s 0.0° (final 0°), pelvis yaw final 0°; recovered
k 0 {"ikTwistBlend":0.25} V2-165-62  roll 8    DECAYING  growth 0.00  fabd amp 2–7 s 2.6° → 15–20 s 0.0° (final 0°), pelvis yaw final 0°; recovered
k 0 {"ikTwistBlend":0.25} V2-165-62  yaw 4     DECAYING  growth 0.00  fabd amp 2–7 s 4.4° → 15–20 s 0.0° (final 0°), pelvis yaw final 0°; recovered
k 0 {"ikTwistBlend":0.25} V2-165-62  yaw 8     DECAYING  growth 0.00  fabd amp 2–7 s 6.4° → 15–20 s 0.0° (final 0°), pelvis yaw final 0°; recovered
k 0 {"ikTwistBlend":0.25} V2-165-62  pitch 8   QUIET     growth 0.00  fabd amp 2–7 s 0.0° → 15–20 s 0.0° (final 0°), pelvis yaw final 0°; recovered
k 0 {"ikTwistBlend":0.25} V2-165-62  push R 15 DECAYING  growth 0.00  fabd amp 2–7 s 1.0° → 15–20 s 0.0° (final 0°), pelvis yaw final 0°; recovered
k 0 {"ikTwistBlend":0.25} V2-165-62  push F 15 SUSTAINED growth 0.99  fabd amp 2–7 s 9.8° → 15–20 s 9.7° (final 12.04°), pelvis yaw final 179.97°; step required → fell
k 0 {"ikTwistBlend":0.25} V2-198-92  roll 4    DECAYING  growth 0.00  fabd amp 2–7 s 0.9° → 15–20 s 0.0° (final 0°), pelvis yaw final 0°; recovered
k 0 {"ikTwistBlend":0.25} V2-198-92  roll 8    DECAYING  growth 0.00  fabd amp 2–7 s 2.5° → 15–20 s 0.0° (final 0°), pelvis yaw final 0°; recovered
k 0 {"ikTwistBlend":0.25} V2-198-92  yaw 4     DECAYING  growth 0.00  fabd amp 2–7 s 6.8° → 15–20 s 0.0° (final 0°), pelvis yaw final 0°; recovered
k 0 {"ikTwistBlend":0.25} V2-198-92  yaw 8     DECAYING  growth 0.01  fabd amp 2–7 s 7.0° → 15–20 s 0.0° (final 0°), pelvis yaw final 0°; recovered
k 0 {"ikTwistBlend":0.25} V2-198-92  pitch 8   QUIET     growth 0.00  fabd amp 2–7 s 0.0° → 15–20 s 0.0° (final 0°), pelvis yaw final 0°; recovered
k 0 {"ikTwistBlend":0.25} V2-198-92  push R 15 DECAYING  growth 0.00  fabd amp 2–7 s 2.6° → 15–20 s 0.0° (final 0°), pelvis yaw final 0°; recovered
k 0 {"ikTwistBlend":0.25} V2-198-92  push F 15 QUIET     growth 0.60  fabd amp 2–7 s 0.0° → 15–20 s 0.0° (final 0.01°), pelvis yaw final 0°; recovered
