k 0.13 {"ikTwistBlend":0.25} V2-REF     roll 4    DECAYING  growth 0.02  fabd amp 2–7 s 1.1° → 15–20 s 0.0° (final 0.01°), pelvis yaw final 0.01°; recovered
k 0.13 {"ikTwistBlend":0.25} V2-REF     roll 8    DECAYING  growth 0.02  fabd amp 2–7 s 2.6° → 15–20 s 0.1° (final 0.03°), pelvis yaw final 0.01°; recovered
k 0.13 {"ikTwistBlend":0.25} V2-REF     yaw 4     DECAYING  growth 0.02  fabd amp 2–7 s 5.4° → 15–20 s 0.1° (final 0.05°), pelvis yaw final 0.04°; recovered
k 0.13 {"ikTwistBlend":0.25} V2-REF     yaw 8     DECAYING  growth 0.02  fabd amp 2–7 s 6.7° → 15–20 s 0.1° (final 0.06°), pelvis yaw final 0.05°; recovered
k 0.13 {"ikTwistBlend":0.25} V2-REF     pitch 8   QUIET     growth 0.00  fabd amp 2–7 s 0.0° → 15–20 s 0.0° (final 0°), pelvis yaw final 0°; recovered
k 0.13 {"ikTwistBlend":0.25} V2-REF     push R 15 DECAYING  growth 0.02  fabd amp 2–7 s 2.4° → 15–20 s 0.1° (final 0.03°), pelvis yaw final 0.01°; recovered
k 0.13 {"ikTwistBlend":0.25} V2-REF     push F 15 QUIET     growth 0.00  fabd amp 2–7 s 0.0° → 15–20 s 0.0° (final 0°), pelvis yaw final 0°; recovered
k 0.13 {"ikTwistBlend":0.25} V2-165-62  roll 4    DECAYING  growth 0.00  fabd amp 2–7 s 0.7° → 15–20 s 0.0° (final 0°), pelvis yaw final 0°; recovered
k 0.13 {"ikTwistBlend":0.25} V2-165-62  roll 8    DECAYING  growth 0.00  fabd amp 2–7 s 1.7° → 15–20 s 0.0° (final 0°), pelvis yaw final 0°; recovered
k 0.13 {"ikTwistBlend":0.25} V2-165-62  yaw 4     DECAYING  growth 0.00  fabd amp 2–7 s 2.8° → 15–20 s 0.0° (final 0°), pelvis yaw final 0°; recovered
k 0.13 {"ikTwistBlend":0.25} V2-165-62  yaw 8     DECAYING  growth 0.00  fabd amp 2–7 s 4.2° → 15–20 s 0.0° (final 0°), pelvis yaw final 0°; recovered
k 0.13 {"ikTwistBlend":0.25} V2-165-62  pitch 8   QUIET     growth 0.00  fabd amp 2–7 s 0.0° → 15–20 s 0.0° (final 0°), pelvis yaw final 0°; recovered
k 0.13 {"ikTwistBlend":0.25} V2-165-62  push R 15 DECAYING  growth 0.00  fabd amp 2–7 s 1.2° → 15–20 s 0.0° (final 0°), pelvis yaw final 0°; recovered
k 0.13 {"ikTwistBlend":0.25} V2-165-62  push F 15 SUSTAINED growth 0.98  fabd amp 2–7 s 10.6° → 15–20 s 10.3° (final 9.71°), pelvis yaw final 179.93°; step required → fell
k 0.13 {"ikTwistBlend":0.25} V2-198-92  roll 4    DECAYING  growth 0.29  fabd amp 2–7 s 1.3° → 15–20 s 0.4° (final 0.36°), pelvis yaw final 0.23°; recovered
k 0.13 {"ikTwistBlend":0.25} V2-198-92  roll 8    DECAYING  growth 0.29  fabd amp 2–7 s 3.1° → 15–20 s 0.9° (final 0.87°), pelvis yaw final 0.55°; recovered
k 0.13 {"ikTwistBlend":0.25} V2-198-92  yaw 4     DECAYING  growth 0.29  fabd amp 2–7 s 8.2° → 15–20 s 2.4° (final 2.13°), pelvis yaw final 1.1°; recovered
k 0.13 {"ikTwistBlend":0.25} V2-198-92  yaw 8     DECAYING  growth 0.29  fabd amp 2–7 s 9.2° → 15–20 s 2.6° (final 2.33°), pelvis yaw final 1.22°; recovered
k 0.13 {"ikTwistBlend":0.25} V2-198-92  pitch 8   QUIET     growth 0.00  fabd amp 2–7 s 0.0° → 15–20 s 0.0° (final 0°), pelvis yaw final 0°; recovered
k 0.13 {"ikTwistBlend":0.25} V2-198-92  push R 15 DECAYING  growth 0.29  fabd amp 2–7 s 3.5° → 15–20 s 1.0° (final 0.96°), pelvis yaw final 0.63°; recovered
k 0.13 {"ikTwistBlend":0.25} V2-198-92  push F 15 QUIET     growth 0.00  fabd amp 2–7 s 0.0° → 15–20 s 0.0° (final 0°), pelvis yaw final 0°; recovered
