k 0.13 {"ikTwistBlend":1,"ikTwistTau":0.5} V2-REF     roll 4    DECAYING  growth 0.33  fabd amp 2–7 s 0.7° → 15–20 s 0.2° (final 0.18°), pelvis yaw final 0.21°; recovered
k 0.13 {"ikTwistBlend":1,"ikTwistTau":0.5} V2-REF     roll 8    DECAYING  growth 0.33  fabd amp 2–7 s 1.6° → 15–20 s 0.5° (final 0.41°), pelvis yaw final 0.45°; recovered
k 0.13 {"ikTwistBlend":1,"ikTwistTau":0.5} V2-REF     yaw 4     DECAYING  growth 0.20  fabd amp 2–7 s 7.7° → 15–20 s 1.5° (final 1.12°), pelvis yaw final 1.07°; recovered
k 0.13 {"ikTwistBlend":1,"ikTwistTau":0.5} V2-REF     yaw 8     DECAYING  growth 0.17  fabd amp 2–7 s 9.0° → 15–20 s 1.6° (final 1.09°), pelvis yaw final 0.98°; recovered
k 0.13 {"ikTwistBlend":1,"ikTwistTau":0.5} V2-REF     pitch 8   QUIET     growth 0.02  fabd amp 2–7 s 0.0° → 15–20 s 0.0° (final 0°), pelvis yaw final 0°; recovered
k 0.13 {"ikTwistBlend":1,"ikTwistTau":0.5} V2-REF     push R 15 DECAYING  growth 0.26  fabd amp 2–7 s 2.2° → 15–20 s 0.6° (final 0.47°), pelvis yaw final 0.57°; recovered
k 0.13 {"ikTwistBlend":1,"ikTwistTau":0.5} V2-REF     push F 15 QUIET     growth 0.04  fabd amp 2–7 s 0.0° → 15–20 s 0.0° (final 0°), pelvis yaw final 0°; recovered
k 0.13 {"ikTwistBlend":1,"ikTwistTau":0.5} V2-165-62  roll 4    DECAYING  growth 0.01  fabd amp 2–7 s 0.8° → 15–20 s 0.0° (final 0°), pelvis yaw final 0°; recovered
k 0.13 {"ikTwistBlend":1,"ikTwistTau":0.5} V2-165-62  roll 8    DECAYING  growth 0.01  fabd amp 2–7 s 1.8° → 15–20 s 0.0° (final 0°), pelvis yaw final 0°; recovered
k 0.13 {"ikTwistBlend":1,"ikTwistTau":0.5} V2-165-62  yaw 4     DECAYING  growth 0.01  fabd amp 2–7 s 5.0° → 15–20 s 0.0° (final 0.01°), pelvis yaw final 0.02°; recovered
k 0.13 {"ikTwistBlend":1,"ikTwistTau":0.5} V2-165-62  yaw 8     DECAYING  growth 0.01  fabd amp 2–7 s 5.8° → 15–20 s 0.0° (final 0.01°), pelvis yaw final 0.02°; recovered
k 0.13 {"ikTwistBlend":1,"ikTwistTau":0.5} V2-165-62  pitch 8   QUIET     growth 0.00  fabd amp 2–7 s 0.0° → 15–20 s 0.0° (final 0°), pelvis yaw final 0°; recovered
k 0.13 {"ikTwistBlend":1,"ikTwistTau":0.5} V2-165-62  push R 15 DECAYING  growth 0.01  fabd amp 2–7 s 1.6° → 15–20 s 0.0° (final 0°), pelvis yaw final 0°; recovered
k 0.13 {"ikTwistBlend":1,"ikTwistTau":0.5} V2-165-62  push F 15 SUSTAINED growth 0.81  fabd amp 2–7 s 11.3° → 15–20 s 9.1° (final 9.94°), pelvis yaw final 179.88°; step required → fell
k 0.13 {"ikTwistBlend":1,"ikTwistTau":0.5} V2-198-92  roll 4    SUSTAINED growth 1.05  fabd amp 2–7 s 1.2° → 15–20 s 1.3° (final 1.4°), pelvis yaw final 1.46°; recovered
k 0.13 {"ikTwistBlend":1,"ikTwistTau":0.5} V2-198-92  roll 8    SUSTAINED growth 1.05  fabd amp 2–7 s 2.7° → 15–20 s 2.8° (final 3.2°), pelvis yaw final 3.27°; recovered
k 0.13 {"ikTwistBlend":1,"ikTwistTau":0.5} V2-198-92  yaw 4     SUSTAINED growth 0.97  fabd amp 2–7 s 6.0° → 15–20 s 5.8° (final 6.52°), pelvis yaw final 4.81°; recovered
k 0.13 {"ikTwistBlend":1,"ikTwistTau":0.5} V2-198-92  yaw 8     SUSTAINED growth 0.93  fabd amp 2–7 s 6.8° → 15–20 s 6.3° (final 4.76°), pelvis yaw final 6.46°; recovered
k 0.13 {"ikTwistBlend":1,"ikTwistTau":0.5} V2-198-92  pitch 8   QUIET     growth 0.05  fabd amp 2–7 s 0.0° → 15–20 s 0.0° (final 0°), pelvis yaw final 0°; recovered
k 0.13 {"ikTwistBlend":1,"ikTwistTau":0.5} V2-198-92  push R 15 SUSTAINED growth 1.04  fabd amp 2–7 s 4.1° → 15–20 s 4.2° (final 4.22°), pelvis yaw final 4.92°; recovered
k 0.13 {"ikTwistBlend":1,"ikTwistTau":0.5} V2-198-92  push F 15 QUIET     growth 0.07  fabd amp 2–7 s 0.0° → 15–20 s 0.0° (final 0°), pelvis yaw final 0°; recovered
