k 0 {"ikTwistBlend":1,"ikTwistTau":2} V2-REF     roll 4    DECAYING  growth 0.01  fabd amp 2–7 s 0.6° → 15–20 s 0.0° (final 0°), pelvis yaw final 0°; recovered
k 0 {"ikTwistBlend":1,"ikTwistTau":2} V2-REF     roll 8    DECAYING  growth 0.01  fabd amp 2–7 s 1.2° → 15–20 s 0.0° (final 0°), pelvis yaw final 0°; recovered
k 0 {"ikTwistBlend":1,"ikTwistTau":2} V2-REF     yaw 4     DECAYING  growth 0.01  fabd amp 2–7 s 4.1° → 15–20 s 0.1° (final 0.01°), pelvis yaw final 0.01°; recovered
k 0 {"ikTwistBlend":1,"ikTwistTau":2} V2-REF     yaw 8     DECAYING  growth 0.03  fabd amp 2–7 s 4.1° → 15–20 s 0.1° (final 0.18°), pelvis yaw final 0.04°; recovered
k 0 {"ikTwistBlend":1,"ikTwistTau":2} V2-REF     pitch 8   QUIET     growth 0.16  fabd amp 2–7 s 0.0° → 15–20 s 0.0° (final 0°), pelvis yaw final 0°; recovered
k 0 {"ikTwistBlend":1,"ikTwistTau":2} V2-REF     push R 15 DECAYING  growth 0.01  fabd amp 2–7 s 1.8° → 15–20 s 0.0° (final 0.01°), pelvis yaw final 0.01°; recovered
k 0 {"ikTwistBlend":1,"ikTwistTau":2} V2-REF     push F 15 QUIET     growth 0.00  fabd amp 2–7 s 0.0° → 15–20 s 0.0° (final 0°), pelvis yaw final 0°; recovered
k 0 {"ikTwistBlend":1,"ikTwistTau":2} V2-165-62  roll 4    DECAYING  growth 0.00  fabd amp 2–7 s 0.8° → 15–20 s 0.0° (final 0°), pelvis yaw final 0°; recovered
k 0 {"ikTwistBlend":1,"ikTwistTau":2} V2-165-62  roll 8    DECAYING  growth 0.00  fabd amp 2–7 s 1.4° → 15–20 s 0.0° (final 0°), pelvis yaw final 0°; recovered
k 0 {"ikTwistBlend":1,"ikTwistTau":2} V2-165-62  yaw 4     DECAYING  growth 0.01  fabd amp 2–7 s 3.3° → 15–20 s 0.0° (final 0.05°), pelvis yaw final 0°; recovered
k 0 {"ikTwistBlend":1,"ikTwistTau":2} V2-165-62  yaw 8     DECAYING  growth 0.05  fabd amp 2–7 s 4.0° → 15–20 s 0.2° (final 0°), pelvis yaw final 0.16°; recovered
k 0 {"ikTwistBlend":1,"ikTwistTau":2} V2-165-62  pitch 8   QUIET     growth 0.63  fabd amp 2–7 s 0.0° → 15–20 s 0.0° (final 0.01°), pelvis yaw final 0°; recovered
k 0 {"ikTwistBlend":1,"ikTwistTau":2} V2-165-62  push R 15 DECAYING  growth 0.00  fabd amp 2–7 s 1.7° → 15–20 s 0.0° (final 0°), pelvis yaw final 0°; recovered
k 0 {"ikTwistBlend":1,"ikTwistTau":2} V2-165-62  push F 15 SUSTAINED growth 0.78  fabd amp 2–7 s 11.6° → 15–20 s 9.1° (final 11.79°), pelvis yaw final 179.7°; step required → fell
k 0 {"ikTwistBlend":1,"ikTwistTau":2} V2-198-92  roll 4    DECAYING  growth 0.03  fabd amp 2–7 s 0.5° → 15–20 s 0.0° (final 0.01°), pelvis yaw final 0.01°; recovered
k 0 {"ikTwistBlend":1,"ikTwistTau":2} V2-198-92  roll 8    DECAYING  growth 0.03  fabd amp 2–7 s 1.0° → 15–20 s 0.0° (final 0.02°), pelvis yaw final 0.01°; recovered
k 0 {"ikTwistBlend":1,"ikTwistTau":2} V2-198-92  yaw 4     DECAYING  growth 0.02  fabd amp 2–7 s 4.3° → 15–20 s 0.1° (final 0.07°), pelvis yaw final 0.07°; recovered
k 0 {"ikTwistBlend":1,"ikTwistTau":2} V2-198-92  yaw 8     DECAYING  growth 0.03  fabd amp 2–7 s 4.7° → 15–20 s 0.1° (final 0.1°), pelvis yaw final 0.06°; recovered
k 0 {"ikTwistBlend":1,"ikTwistTau":2} V2-198-92  pitch 8   QUIET     growth 0.22  fabd amp 2–7 s 0.0° → 15–20 s 0.0° (final 0°), pelvis yaw final 0°; recovered
k 0 {"ikTwistBlend":1,"ikTwistTau":2} V2-198-92  push R 15 DECAYING  growth 0.03  fabd amp 2–7 s 1.8° → 15–20 s 0.1° (final 0.01°), pelvis yaw final 0.01°; recovered
k 0 {"ikTwistBlend":1,"ikTwistTau":2} V2-198-92  push F 15 QUIET     growth 0.44  fabd amp 2–7 s 0.0° → 15–20 s 0.0° (final 0.01°), pelvis yaw final 0°; recovered
