k 0 {"ikTwistBlend":0.5} V2-REF     roll 4    DECAYING  growth 0.00  fabd amp 2–7 s 1.0° → 15–20 s 0.0° (final 0°), pelvis yaw final 0°; recovered
k 0 {"ikTwistBlend":0.5} V2-REF     roll 8    DECAYING  growth 0.00  fabd amp 2–7 s 1.8° → 15–20 s 0.0° (final 0°), pelvis yaw final 0°; recovered
k 0 {"ikTwistBlend":0.5} V2-REF     yaw 4     DECAYING  growth 0.00  fabd amp 2–7 s 4.3° → 15–20 s 0.0° (final 0°), pelvis yaw final 0°; recovered
k 0 {"ikTwistBlend":0.5} V2-REF     yaw 8     DECAYING  growth 0.00  fabd amp 2–7 s 4.8° → 15–20 s 0.0° (final 0°), pelvis yaw final 0°; recovered
k 0 {"ikTwistBlend":0.5} V2-REF     pitch 8   QUIET     growth 0.00  fabd amp 2–7 s 0.0° → 15–20 s 0.0° (final 0°), pelvis yaw final 0°; recovered
k 0 {"ikTwistBlend":0.5} V2-REF     push R 15 DECAYING  growth 0.00  fabd amp 2–7 s 1.7° → 15–20 s 0.0° (final 0°), pelvis yaw final 0°; recovered
k 0 {"ikTwistBlend":0.5} V2-REF     push F 15 QUIET     growth 0.00  fabd amp 2–7 s 0.0° → 15–20 s 0.0° (final 0°), pelvis yaw final 0°; recovered
k 0 {"ikTwistBlend":0.5} V2-165-62  roll 4    DECAYING  growth 0.00  fabd amp 2–7 s 1.1° → 15–20 s 0.0° (final 0°), pelvis yaw final 0°; recovered
k 0 {"ikTwistBlend":0.5} V2-165-62  roll 8    DECAYING  growth 0.00  fabd amp 2–7 s 1.7° → 15–20 s 0.0° (final 0°), pelvis yaw final 0°; recovered
k 0 {"ikTwistBlend":0.5} V2-165-62  yaw 4     DECAYING  growth 0.00  fabd amp 2–7 s 3.5° → 15–20 s 0.0° (final 0°), pelvis yaw final 0°; recovered
k 0 {"ikTwistBlend":0.5} V2-165-62  yaw 8     DECAYING  growth 0.00  fabd amp 2–7 s 4.7° → 15–20 s 0.0° (final 0°), pelvis yaw final 0°; recovered
k 0 {"ikTwistBlend":0.5} V2-165-62  pitch 8   QUIET     growth 0.00  fabd amp 2–7 s 0.0° → 15–20 s 0.0° (final 0°), pelvis yaw final 0°; recovered
k 0 {"ikTwistBlend":0.5} V2-165-62  push R 15 DECAYING  growth 0.00  fabd amp 2–7 s 1.3° → 15–20 s 0.0° (final 0°), pelvis yaw final 0°; recovered
k 0 {"ikTwistBlend":0.5} V2-165-62  push F 15 SUSTAINED growth 0.92  fabd amp 2–7 s 10.4° → 15–20 s 9.6° (final 10.53°), pelvis yaw final 179.98°; step required → fell
k 0 {"ikTwistBlend":0.5} V2-198-92  roll 4    DECAYING  growth 0.00  fabd amp 2–7 s 0.8° → 15–20 s 0.0° (final 0°), pelvis yaw final 0°; recovered
k 0 {"ikTwistBlend":0.5} V2-198-92  roll 8    DECAYING  growth 0.00  fabd amp 2–7 s 1.6° → 15–20 s 0.0° (final 0°), pelvis yaw final 0°; recovered
k 0 {"ikTwistBlend":0.5} V2-198-92  yaw 4     DECAYING  growth 0.01  fabd amp 2–7 s 4.9° → 15–20 s 0.0° (final 0.01°), pelvis yaw final 0°; recovered
k 0 {"ikTwistBlend":0.5} V2-198-92  yaw 8     DECAYING  growth 0.01  fabd amp 2–7 s 4.9° → 15–20 s 0.0° (final 0.01°), pelvis yaw final 0°; recovered
k 0 {"ikTwistBlend":0.5} V2-198-92  pitch 8   QUIET     growth 0.00  fabd amp 2–7 s 0.0° → 15–20 s 0.0° (final 0°), pelvis yaw final 0°; recovered
k 0 {"ikTwistBlend":0.5} V2-198-92  push R 15 DECAYING  growth 0.00  fabd amp 2–7 s 2.1° → 15–20 s 0.0° (final 0°), pelvis yaw final 0°; recovered
k 0 {"ikTwistBlend":0.5} V2-198-92  push F 15 QUIET     growth 0.00  fabd amp 2–7 s 0.0° → 15–20 s 0.0° (final 0°), pelvis yaw final 0°; recovered
