k 0.13 {"ikTwistBlend":0.5} V2-REF     roll 4    DECAYING  growth 0.00  fabd amp 2–7 s 0.6° → 15–20 s 0.0° (final 0°), pelvis yaw final 0°; recovered
k 0.13 {"ikTwistBlend":0.5} V2-REF     roll 8    DECAYING  growth 0.00  fabd amp 2–7 s 1.4° → 15–20 s 0.0° (final 0°), pelvis yaw final 0°; recovered
k 0.13 {"ikTwistBlend":0.5} V2-REF     yaw 4     DECAYING  growth 0.00  fabd amp 2–7 s 4.4° → 15–20 s 0.0° (final 0°), pelvis yaw final 0°; recovered
k 0.13 {"ikTwistBlend":0.5} V2-REF     yaw 8     DECAYING  growth 0.00  fabd amp 2–7 s 5.7° → 15–20 s 0.0° (final 0°), pelvis yaw final 0°; recovered
k 0.13 {"ikTwistBlend":0.5} V2-REF     pitch 8   QUIET     growth 0.00  fabd amp 2–7 s 0.0° → 15–20 s 0.0° (final 0°), pelvis yaw final 0°; recovered
k 0.13 {"ikTwistBlend":0.5} V2-REF     push R 15 DECAYING  growth 0.00  fabd amp 2–7 s 1.2° → 15–20 s 0.0° (final 0°), pelvis yaw final 0°; recovered
k 0.13 {"ikTwistBlend":0.5} V2-REF     push F 15 QUIET     growth 0.00  fabd amp 2–7 s 0.0° → 15–20 s 0.0° (final 0°), pelvis yaw final 0°; recovered
k 0.13 {"ikTwistBlend":0.5} V2-165-62  roll 4    DECAYING  growth 0.00  fabd amp 2–7 s 0.5° → 15–20 s 0.0° (final 0°), pelvis yaw final 0°; recovered
k 0.13 {"ikTwistBlend":0.5} V2-165-62  roll 8    DECAYING  growth 0.00  fabd amp 2–7 s 1.1° → 15–20 s 0.0° (final 0°), pelvis yaw final 0°; recovered
k 0.13 {"ikTwistBlend":0.5} V2-165-62  yaw 4     DECAYING  growth 0.00  fabd amp 2–7 s 2.8° → 15–20 s 0.0° (final 0°), pelvis yaw final 0°; recovered
k 0.13 {"ikTwistBlend":0.5} V2-165-62  yaw 8     DECAYING  growth 0.00  fabd amp 2–7 s 3.7° → 15–20 s 0.0° (final 0°), pelvis yaw final 0°; recovered
k 0.13 {"ikTwistBlend":0.5} V2-165-62  pitch 8   QUIET     growth 0.00  fabd amp 2–7 s 0.0° → 15–20 s 0.0° (final 0°), pelvis yaw final 0°; recovered
k 0.13 {"ikTwistBlend":0.5} V2-165-62  push R 15 DECAYING  growth 0.00  fabd amp 2–7 s 0.7° → 15–20 s 0.0° (final 0°), pelvis yaw final 0°; recovered
k 0.13 {"ikTwistBlend":0.5} V2-165-62  push F 15 SUSTAINED growth 1.06  fabd amp 2–7 s 11.0° → 15–20 s 11.7° (final 10.97°), pelvis yaw final 179.78°; step required → fell
k 0.13 {"ikTwistBlend":0.5} V2-198-92  roll 4    QUIET     growth 0.04  fabd amp 2–7 s 0.5° → 15–20 s 0.0° (final 0.01°), pelvis yaw final 0°; recovered
k 0.13 {"ikTwistBlend":0.5} V2-198-92  roll 8    DECAYING  growth 0.04  fabd amp 2–7 s 1.1° → 15–20 s 0.0° (final 0.02°), pelvis yaw final 0.01°; recovered
k 0.13 {"ikTwistBlend":0.5} V2-198-92  yaw 4     DECAYING  growth 0.02  fabd amp 2–7 s 5.7° → 15–20 s 0.1° (final 0.05°), pelvis yaw final 0.04°; recovered
k 0.13 {"ikTwistBlend":0.5} V2-198-92  yaw 8     DECAYING  growth 0.02  fabd amp 2–7 s 6.9° → 15–20 s 0.1° (final 0.06°), pelvis yaw final 0.05°; recovered
k 0.13 {"ikTwistBlend":0.5} V2-198-92  pitch 8   QUIET     growth 0.00  fabd amp 2–7 s 0.0° → 15–20 s 0.0° (final 0°), pelvis yaw final 0°; recovered
k 0.13 {"ikTwistBlend":0.5} V2-198-92  push R 15 DECAYING  growth 0.04  fabd amp 2–7 s 1.4° → 15–20 s 0.1° (final 0.03°), pelvis yaw final 0.02°; recovered
k 0.13 {"ikTwistBlend":0.5} V2-198-92  push F 15 QUIET     growth 0.00  fabd amp 2–7 s 0.0° → 15–20 s 0.0° (final 0°), pelvis yaw final 0°; recovered
