
V2-long-legs: abort +0, contact +0.292, accept +0.342; frozen run chose Tput 0.260, TrFinal 0.1, verdict step required
  ramp stage +0.292: longest feasible Tr — frozen (margin on acceptance) none | acceptance at the measured debounce 0.22
  ramp stage +0.304: longest feasible Tr — frozen (margin on acceptance) none | acceptance at the measured debounce 0.215
  ramp stage +0.317: longest feasible Tr — frozen (margin on acceptance) none | acceptance at the measured debounce 0.215
  ramp stage +0.329: longest feasible Tr — frozen (margin on acceptance) none | acceptance at the measured debounce 0.215
  descent +0.004 rem 0.256 Tr 0.225: frozen (λ start delayed by margin) feasible | λ start at the planned touchdown feasible
  descent +0.004 rem 0.256 Tr 0.1: frozen (λ start delayed by margin) feasible | λ start at the planned touchdown feasible
  descent +0.033 rem 0.227 Tr 0.225: frozen (λ start delayed by margin) feasible | λ start at the planned touchdown feasible
  descent +0.033 rem 0.227 Tr 0.1: frozen (λ start delayed by margin) feasible | λ start at the planned touchdown feasible
  descent +0.083 rem 0.177 Tr 0.225: frozen (λ start delayed by margin) feasible | λ start at the planned touchdown feasible
  descent +0.083 rem 0.177 Tr 0.1: frozen (λ start delayed by margin) feasible | λ start at the planned touchdown feasible
  descent +0.154 rem 0.106 Tr 0.225: frozen (λ start delayed by margin) feasible | λ start at the planned touchdown feasible
  descent +0.154 rem 0.106 Tr 0.1: frozen (λ start delayed by margin) feasible | λ start at the planned touchdown feasible

V2-REF: abort +0, contact +0.292, accept +0.342; frozen run chose Tput 0.260, TrFinal 0.1, verdict step required
  ramp stage +0.296: longest feasible Tr — frozen (margin on acceptance) none | acceptance at the measured debounce 0.22
  ramp stage +0.308: longest feasible Tr — frozen (margin on acceptance) none | acceptance at the measured debounce 0.215
  ramp stage +0.321: longest feasible Tr — frozen (margin on acceptance) 0.1 | acceptance at the measured debounce 0.22
  ramp stage +0.333: longest feasible Tr — frozen (margin on acceptance) none | acceptance at the measured debounce 0.215
  descent +0.000 rem 0.260 Tr 0.225: frozen (λ start delayed by margin) feasible | λ start at the planned touchdown feasible
  descent +0.000 rem 0.260 Tr 0.1: frozen (λ start delayed by margin) feasible | λ start at the planned touchdown feasible
  descent +0.033 rem 0.227 Tr 0.225: frozen (λ start delayed by margin) feasible | λ start at the planned touchdown feasible
  descent +0.033 rem 0.227 Tr 0.1: frozen (λ start delayed by margin) feasible | λ start at the planned touchdown feasible
  descent +0.083 rem 0.177 Tr 0.225: frozen (λ start delayed by margin) feasible | λ start at the planned touchdown feasible
  descent +0.083 rem 0.177 Tr 0.1: frozen (λ start delayed by margin) feasible | λ start at the planned touchdown feasible
  descent +0.150 rem 0.110 Tr 0.225: frozen (λ start delayed by margin) feasible | λ start at the planned touchdown feasible
  descent +0.150 rem 0.110 Tr 0.1: frozen (λ start delayed by margin) feasible | λ start at the planned touchdown feasible

V2-175-70: abort +0, contact +0.221, accept +0.271; frozen run chose Tput 0.200, TrFinal 0.1, verdict step required
  ramp stage +0.221: longest feasible Tr — frozen (margin on acceptance) none | acceptance at the measured debounce 0.17
  ramp stage +0.233: longest feasible Tr — frozen (margin on acceptance) none | acceptance at the measured debounce 0.17
  ramp stage +0.246: longest feasible Tr — frozen (margin on acceptance) none | acceptance at the measured debounce 0.17
  ramp stage +0.258: longest feasible Tr — frozen (margin on acceptance) none | acceptance at the measured debounce 0.165
  descent +0.004 rem 0.196 Tr 0.225: frozen (λ start delayed by margin) feasible | λ start at the planned touchdown feasible
  descent +0.004 rem 0.196 Tr 0.1: frozen (λ start delayed by margin) feasible | λ start at the planned touchdown feasible
  descent +0.033 rem 0.167 Tr 0.225: frozen (λ start delayed by margin) feasible | λ start at the planned touchdown feasible
  descent +0.033 rem 0.167 Tr 0.1: frozen (λ start delayed by margin) feasible | λ start at the planned touchdown feasible
  descent +0.083 rem 0.117 Tr 0.225: frozen (λ start delayed by margin) infeasible | λ start at the planned touchdown feasible
  descent +0.083 rem 0.117 Tr 0.1: frozen (λ start delayed by margin) feasible | λ start at the planned touchdown feasible
  descent +0.154 rem 0.046 Tr 0.225: frozen (λ start delayed by margin) infeasible | λ start at the planned touchdown infeasible
  descent +0.154 rem 0.046 Tr 0.1: frozen (λ start delayed by margin) feasible | λ start at the planned touchdown feasible

V2-165-62: abort +0, contact +0.204, accept +0.254; frozen run chose Tput 0.200, TrFinal 0.1, verdict step required
  ramp stage +0.204: longest feasible Tr — frozen (margin on acceptance) none | acceptance at the measured debounce none
  ramp stage +0.217: longest feasible Tr — frozen (margin on acceptance) none | acceptance at the measured debounce none
  ramp stage +0.229: longest feasible Tr — frozen (margin on acceptance) none | acceptance at the measured debounce none
  ramp stage +0.242: longest feasible Tr — frozen (margin on acceptance) none | acceptance at the measured debounce none
  descent +0.004 rem 0.196 Tr 0.225: frozen (λ start delayed by margin) feasible | λ start at the planned touchdown feasible
  descent +0.004 rem 0.196 Tr 0.1: frozen (λ start delayed by margin) feasible | λ start at the planned touchdown feasible
  descent +0.033 rem 0.167 Tr 0.225: frozen (λ start delayed by margin) infeasible | λ start at the planned touchdown infeasible
  descent +0.033 rem 0.167 Tr 0.1: frozen (λ start delayed by margin) infeasible | λ start at the planned touchdown infeasible
  descent +0.083 rem 0.117 Tr 0.225: frozen (λ start delayed by margin) infeasible | λ start at the planned touchdown infeasible
  descent +0.083 rem 0.117 Tr 0.1: frozen (λ start delayed by margin) infeasible | λ start at the planned touchdown infeasible
  descent +0.154 rem 0.046 Tr 0.225: frozen (λ start delayed by margin) infeasible | λ start at the planned touchdown infeasible
  descent +0.154 rem 0.046 Tr 0.1: frozen (λ start delayed by margin) infeasible | λ start at the planned touchdown infeasible
