L@0.5 k 2 | x -0.063,0.056 v 0.42 | ctrl u 0.075,0.170,0.503 → oracle u 0.100,0.200,0.400 | next x -0.017,0.104 v 0.42 cost 0.6 | 209 s
L@0.5 k 3 | x -0.017,0.104 v 0.42 | ctrl u 0.096,0.354,0.388 → oracle u 0.220,0.354,0.400 | next x 0.010,0.108 v 0.43 cost 0.3 | 346 s
L@0.5 k 4 | x 0.013,0.109 v 0.43 | ctrl u 0.155,0.356,0.374 → oracle u 0.280,0.326,0.460 | next x -0.020,0.089 v 0.48 cost 0.8 | 496 s
L@0.5 k 5 | x -0.020,0.089 v 0.48 | ctrl u 0.087,0.299,0.411 → oracle u 0.280,0.329,0.460 | next x -0.011,0.102 v 0.45 cost 0.1 | 730 s
L@0.5 k 6 | x -0.011,0.102 v 0.45 | ctrl u 0.101,0.343,0.390 → oracle u 0.340,0.313,0.460 | next x -0.017,0.070 v 0.47 cost 1.5 | 861 s
L@0.5 k 7 | x -0.019,0.070 v 0.47 | ctrl u 0.110,0.210,0.446 → oracle u 0.340,0.210,0.460 | next x 0.013,0.088 v 0.48 cost 0.7 | 1021 s
L@0.5 k 8 | x 0.013,0.088 v 0.48 | ctrl u 0.159,0.285,0.407 → oracle u 0.400,0.255,0.400 | next x 0.007,0.061 v 0.52 cost 3.1 | 1190 s
L@0.5 k 9 | x 0.007,0.061 v 0.52 | ctrl u 0.315,0.170,0.540 → oracle u 0.520,0.170,0.460 | next x -0.044,0.117 v 0.59 cost 8.1 | 1379 s
L@0.5 k 10 | x -0.044,0.117 v 0.59 | ctrl u 0.051,0.400,0.366 → oracle u 0.400,0.400,0.400 | next x -0.001,0.093 v 0.49 cost 0.6 | 1578 s
L@0.5 k 11 | x -0.001,0.093 v 0.49 | ctrl u 0.151,0.309,0.398 → oracle u 0.460,0.279,0.400 | next x -0.008,0.070 v 0.55 cost 3.6 | 1784 s
L@0.5 k 12 | x -0.008,0.070 v 0.55 | ctrl u 0.172,0.245,0.466 → oracle u 0.520,0.215,0.400 | next x -0.052,0.090 v 0.55 cost 5.8 | 2001 s
L@0.5 k 13 | x -0.052,0.090 v 0.55 | ctrl u 0.060,0.314,0.409 → oracle u 0.340,0.314,0.340 | next x 0.039,0.102 v 0.47 cost 1.9 | 2233 s
L@0.5 k 14 | x 0.039,0.101 v 0.47 | ctrl u 0.263,0.324,0.378 → oracle u 0.460,0.324,0.340 | next x 0.015,0.091 v 0.54 cost 2.6 | 2470 s
L@0.5 k 15 | x 0.015,0.091 v 0.54 | ctrl u 0.216,0.298,0.393 → oracle u 0.400,0.298,0.340 | next x 0.048,0.086 v 0.61 cost 10.2 | 2819 s
L@0.5 k 16 | x 0.048,0.086 v 0.61 | ctrl u 0.298,0.279,0.401 → oracle u 0.520,0.279,0.400 | next x 0.016,0.044 v 0.60 cost 9.9 | 3096 s
L@0.5 k 17 | x 0.016,0.044 v 0.60 | ctrl u 0.388,0.170,0.430 → oracle u 0.520,0.140,0.400 | next x -0.027,0.099 v 0.59 cost 6.6 | 3372 s
L@0.5 k 18 | x -0.027,0.099 v 0.59 | ctrl u 0.133,0.329,0.381 → oracle u 0.460,0.359,0.400 | next x 0.001,0.072 v 0.58 cost 5.8 | 3666 s
L@0.5 k 19 | x 0.001,0.072 v 0.58 | ctrl u 0.202,0.232,0.429 → oracle u 0.520,0.172,0.400 | next x -0.054,0.114 v 0.53 cost 5.2 | 3949 s
L@0.5 k 20 | x -0.054,0.114 v 0.53 | ctrl u 0.087,0.391,0.371 → oracle u 0.400,0.361,0.400 | next x 0.000,0.073 v 0.52 cost 2.2 | 4251 s
L@0.5 k 21 | x 0.002,0.072 v 0.52 | ctrl u 0.203,0.232,0.429 → oracle u 0.460,0.172,0.400 | next x 0.007,0.082 v 0.56 cost 3.6 | 4571 s
L@0.5 k 22 | x 0.007,0.082 v 0.56 | ctrl u 0.208,0.270,0.408 → oracle u 0.520,0.270,0.400 | next x -0.011,0.099 v 0.61 cost 7.0 | 4895 s
L@0.5 k 23 | x -0.011,0.099 v 0.61 | ctrl u 0.168,0.324,0.380 → oracle u 0.460,0.384,0.400 | next x -0.005,0.092 v 0.62 cost 8.0 | 5236 s
L@0.5 k 24 | x -0.005,0.092 v 0.62 | ctrl u 0.182,0.303,0.392 → oracle u 0.460,0.243,0.340 | next x -0.028,0.082 v 0.47 cost 1.4 | 5585 s
L@0.5 k 25 | x -0.028,0.082 v 0.47 | ctrl u 0.132,0.275,0.411 → oracle u 0.400,0.245,0.340 | next x -0.015,0.092 v 0.46 cost 0.4 | 5932 s
L@0.5 k 26 | x -0.015,0.092 v 0.46 | ctrl u 0.161,0.307,0.393 → oracle u 0.460,0.307,0.400 | next x 0.003,0.135 v 0.56 cost 4.5 | 6293 s
L@0.5 k 27 | x 0.003,0.135 v 0.56 | ctrl u 0.225,0.400,0.324 → oracle u 0.400,0.400,0.340 | next x 0.047,0.100 v 0.62 cost 10.4 | 6608 s
L@0.5 k 28 | x 0.047,0.100 v 0.62 | ctrl u 0.297,0.316,0.378 → oracle u 0.520,0.286,0.340 | next x -0.047,0.093 v 0.57 cost 6.6 | 6906 s
L@0.5 k 29 | x -0.047,0.093 v 0.57 | ctrl u 0.090,0.317,0.395 → oracle u 0.340,0.317,0.340 | next x -0.001,0.066 v 0.44 cost 1.3 | 7164 s
L@0.5 FINAL: committed 28 oracle steps; upright steps in the replay 32, fall 20.68
