L@0.6 k 2 | x -0.063,0.068 v 0.41 | ctrl u 0.060,0.223,0.470 → oracle u 0.100,0.253,0.400 | next x -0.013,0.127 v 0.42 cost 1.3 | 197 s
L@0.6 k 3 | x -0.013,0.127 v 0.42 | ctrl u 0.107,0.400,0.340 → oracle u 0.220,0.370,0.340 | next x 0.013,0.101 v 0.43 cost 0.3 | 335 s
L@0.6 k 4 | x 0.013,0.101 v 0.43 | ctrl u 0.155,0.332,0.385 → oracle u 0.280,0.332,0.460 | next x -0.014,0.106 v 0.49 cost 0.7 | 473 s
L@0.6 k 5 | x -0.014,0.106 v 0.49 | ctrl u 0.096,0.362,0.386 → oracle u 0.220,0.332,0.400 | next x -0.004,0.091 v 0.47 cost 0.2 | 718 s
L@0.6 k 6 | x -0.004,0.091 v 0.47 | ctrl u 0.120,0.298,0.404 → oracle u 0.220,0.298,0.340 | next x -0.015,0.113 v 0.43 cost 0.5 | 849 s
L@0.6 k 7 | x -0.015,0.113 v 0.43 | ctrl u 0.096,0.386,0.378 → oracle u 0.340,0.386,0.460 | next x -0.016,0.079 v 0.50 cost 1.4 | 991 s
L@0.6 k 8 | x -0.016,0.079 v 0.50 | ctrl u 0.104,0.253,0.428 → oracle u 0.340,0.283,0.460 | next x 0.024,0.112 v 0.47 cost 0.9 | 1150 s
L@0.6 k 9 | x 0.024,0.112 v 0.47 | ctrl u 0.180,0.362,0.370 → oracle u 0.400,0.272,0.340 | next x 0.012,0.059 v 0.57 cost 6.2 | 1319 s
L@0.6 k 10 | x 0.012,0.059 v 0.57 | ctrl u 0.202,0.170,0.476 → oracle u 0.400,0.170,0.400 | next x 0.015,0.109 v 0.57 cost 4.5 | 1479 s
L@0.6 k 11 | x 0.015,0.109 v 0.57 | ctrl u 0.179,0.359,0.373 → oracle u 0.520,0.299,0.400 | next x -0.027,0.100 v 0.59 cost 5.9 | 1678 s
L@0.6 k 12 | x -0.027,0.100 v 0.59 | ctrl u 0.102,0.344,0.393 → oracle u 0.160,0.344,0.340 | next x 0.021,0.114 v 0.46 cost 0.8 | 1880 s
L@0.6 k 13 | x 0.021,0.114 v 0.46 | ctrl u 0.216,0.361,0.360 → oracle u 0.460,0.361,0.400 | next x -0.048,0.069 v 0.49 cost 4.0 | 2095 s
L@0.6 k 14 | x -0.048,0.069 v 0.49 | ctrl u 0.142,0.170,0.452 → oracle u 0.220,0.170,0.340 | next x -0.001,0.080 v 0.43 cost 0.6 | 2319 s
L@0.6 k 15 | x -0.001,0.080 v 0.43 | ctrl u 0.175,0.259,0.416 → oracle u 0.340,0.259,0.340 | next x -0.013,0.089 v 0.46 cost 0.4 | 2546 s
L@0.6 k 16 | x -0.013,0.089 v 0.46 | ctrl u 0.145,0.297,0.401 → oracle u 0.400,0.297,0.460 | next x -0.001,0.099 v 0.49 cost 0.4 | 2929 s
L@0.6 k 17 | x -0.001,0.099 v 0.49 | ctrl u 0.174,0.328,0.384 → oracle u 0.400,0.298,0.340 | next x 0.025,0.049 v 0.60 cost 9.6 | 3186 s
L@0.6 k 18 | x 0.025,0.049 v 0.60 | ctrl u 0.388,0.170,0.540 → oracle u 0.520,0.170,0.460 | next x -0.030,0.124 v 0.56 cost 5.0 | 3469 s
L@0.6 k 19 | x -0.030,0.124 v 0.56 | ctrl u 0.142,0.398,0.348 → oracle u 0.520,0.488,0.460 | next x -0.036,0.077 v 0.59 cost 7.4 | 3750 s
L@0.6 k 20 | x -0.035,0.077 v 0.59 | ctrl u 0.120,0.253,0.420 → oracle u 0.460,0.283,0.460 | next x -0.007,0.101 v 0.58 cost 4.5 | 4045 s
L@0.6 k 21 | x -0.007,0.101 v 0.58 | ctrl u 0.178,0.330,0.378 → oracle u 0.520,0.300,0.400 | next x -0.060,0.100 v 0.53 cost 5.6 | 4347 s
L@0.6 k 22 | x -0.060,0.100 v 0.53 | ctrl u 0.067,0.350,0.393 → oracle u 0.400,0.350,0.400 | next x -0.012,0.104 v 0.51 cost 1.2 | 4648 s
L@0.6 k 23 | x -0.012,0.104 v 0.51 | ctrl u 0.170,0.343,0.375 → oracle u 0.520,0.343,0.460 | next x -0.011,0.064 v 0.59 cost 7.3 | 4970 s
L@0.6 k 24 | x -0.011,0.064 v 0.59 | ctrl u 0.184,0.201,0.446 → oracle u 0.520,0.171,0.460 | next x -0.037,0.078 v 0.60 cost 8.1 | 5301 s
L@0.6 k 25 | x -0.037,0.078 v 0.60 | ctrl u 0.116,0.257,0.419 → oracle u 0.520,0.167,0.460 | next x 0.011,0.066 v 0.65 cost 12.0 | 5647 s
L@0.6 k 26 | x 0.011,0.066 v 0.65 | ctrl u 0.227,0.212,0.442 → oracle u 0.520,0.122,0.400 | next x -0.009,0.152 v 0.62 cost 10.9 | 6018 s
L@0.6 k 27 | x -0.009,0.152 v 0.62 | ctrl u 0.219,0.400,0.300 → oracle u 0.400,0.400,0.340 | next x -0.014,0.065 v 0.59 cost 6.9 | 6407 s
L@0.6 k 28 | x -0.014,0.065 v 0.59 | ctrl u 0.176,0.204,0.444 → oracle u 0.280,0.204,0.340 | next x 0.015,0.094 v 0.51 cost 1.3 | 6693 s
L@0.6 k 29 | x 0.015,0.094 v 0.51 | ctrl u 0.226,0.306,0.387 → oracle u 0.520,0.276,0.460 | next x -0.032,0.090 v 0.50 cost 1.9 | 6996 s
L@0.6 FINAL: committed 28 oracle steps; upright steps in the replay 34, fall 20.66
