R@0.5 k 2 | x -0.054,0.058 v 0.41 | ctrl u 0.090,0.170,0.487 → oracle u 0.100,0.140,0.340 | next x -0.013,0.100 v 0.41 cost 0.7 | 207 s
R@0.5 k 3 | x -0.013,0.100 v 0.41 | ctrl u 0.104,0.337,0.392 → oracle u 0.220,0.337,0.340 | next x -0.008,0.113 v 0.39 cost 1.4 | 343 s
R@0.5 k 4 | x -0.008,0.113 v 0.39 | ctrl u 0.112,0.382,0.375 → oracle u 0.340,0.382,0.400 | next x -0.011,0.116 v 0.43 cost 0.6 | 484 s
R@0.5 k 5 | x -0.011,0.116 v 0.43 | ctrl u 0.102,0.400,0.375 → oracle u 0.280,0.370,0.340 | next x -0.011,0.080 v 0.45 cost 0.6 | 727 s
R@0.5 k 6 | x -0.011,0.080 v 0.45 | ctrl u 0.111,0.263,0.427 → oracle u 0.340,0.263,0.400 | next x -0.009,0.102 v 0.50 cost 0.8 | 853 s
R@0.5 k 7 | x -0.009,0.102 v 0.50 | ctrl u 0.112,0.356,0.403 → oracle u 0.400,0.356,0.400 | next x -0.024,0.095 v 0.52 cost 2.2 | 998 s
R@0.5 k 8 | x -0.024,0.095 v 0.52 | ctrl u 0.091,0.338,0.422 → oracle u 0.460,0.278,0.460 | next x -0.027,0.069 v 0.56 cost 5.3 | 1157 s
R@0.5 k 9 | x -0.027,0.069 v 0.56 | ctrl u 0.102,0.212,0.449 → oracle u 0.460,0.212,0.460 | next x -0.019,0.089 v 0.55 cost 3.3 | 1340 s
R@0.5 k 10 | x -0.019,0.089 v 0.55 | ctrl u 0.106,0.304,0.411 → oracle u 0.520,0.244,0.400 | next x -0.067,0.082 v 0.56 cost 8.5 | 1518 s
R@0.5 k 11 | x -0.067,0.082 v 0.56 | ctrl u 0.023,0.286,0.437 → oracle u 0.280,0.256,0.400 | next x 0.009,0.074 v 0.44 cost 0.9 | 1708 s
R@0.5 k 12 | x 0.009,0.074 v 0.44 | ctrl u 0.191,0.234,0.430 → oracle u 0.460,0.174,0.460 | next x 0.002,0.094 v 0.52 cost 1.6 | 1910 s
R@0.5 k 13 | x 0.002,0.094 v 0.52 | ctrl u 0.168,0.309,0.393 → oracle u 0.520,0.279,0.400 | next x -0.080,0.097 v 0.50 cost 7.8 | 2119 s
R@0.5 k 14 | x -0.080,0.097 v 0.50 | ctrl u 0.017,0.357,0.421 → oracle u 0.220,0.357,0.340 | next x 0.029,0.098 v 0.45 cost 1.0 | 2342 s
R@0.5 k 15 | x 0.029,0.098 v 0.45 | ctrl u 0.240,0.314,0.383 → oracle u 0.340,0.284,0.340 | next x 0.033,0.065 v 0.48 cost 2.9 | 2574 s
R@0.5 k 16 | x 0.033,0.065 v 0.48 | ctrl u 0.265,0.211,0.446 → oracle u 0.460,0.211,0.400 | next x -0.003,0.081 v 0.57 cost 4.5 | 2955 s
R@0.5 k 17 | x -0.003,0.081 v 0.57 | ctrl u 0.183,0.267,0.410 → oracle u 0.520,0.267,0.400 | next x -0.058,0.106 v 0.60 cost 9.7 | 3203 s
R@0.5 k 18 | x -0.058,0.106 v 0.60 | ctrl u 0.071,0.363,0.379 → oracle u 0.460,0.363,0.400 | next x -0.057,0.116 v 0.54 cost 6.1 | 3465 s
R@0.5 k 19 | x -0.057,0.117 v 0.54 | ctrl u 0.077,0.400,0.365 → oracle u 0.400,0.340,0.400 | next x 0.003,0.067 v 0.52 cost 2.8 | 3754 s
R@0.5 k 20 | x 0.003,0.067 v 0.52 | ctrl u 0.211,0.213,0.440 → oracle u 0.460,0.213,0.400 | next x 0.001,0.119 v 0.57 cost 4.3 | 4056 s
R@0.5 k 21 | x 0.001,0.119 v 0.57 | ctrl u 0.207,0.376,0.353 → oracle u 0.520,0.406,0.400 | next x -0.014,0.096 v 0.60 cost 6.1 | 4342 s
R@0.5 k 22 | x -0.014,0.096 v 0.60 | ctrl u 0.162,0.317,0.386 → oracle u 0.460,0.317,0.400 | next x 0.013,0.089 v 0.61 cost 7.1 | 4652 s
R@0.5 k 23 | x 0.013,0.089 v 0.61 | ctrl u 0.220,0.290,0.396 → oracle u 0.460,0.260,0.340 | next x -0.042,0.122 v 0.57 cost 6.3 | 4972 s
R@0.5 k 24 | x -0.042,0.122 v 0.57 | ctrl u 0.114,0.400,0.353 → oracle u 0.400,0.370,0.340 | next x -0.010,0.083 v 0.51 cost 1.5 | 5307 s
R@0.5 k 25 | x -0.010,0.083 v 0.51 | ctrl u 0.172,0.275,0.407 → oracle u 0.460,0.275,0.460 | next x 0.003,0.085 v 0.51 cost 1.4 | 5644 s
R@0.5 k 26 | x 0.003,0.085 v 0.51 | ctrl u 0.199,0.278,0.404 → oracle u 0.520,0.248,0.460 | next x -0.040,0.062 v 0.53 cost 5.1 | 5991 s
R@0.5 k 27 | x -0.040,0.062 v 0.53 | ctrl u 0.222,0.170,0.540 → oracle u 0.520,0.140,0.340 | next x 0.007,0.069 v 0.47 cost 1.2 | 6304 s
R@0.5 FINAL: committed 26 oracle steps; upright steps in the replay 28, fall 19.51
