21:44:27 phase 1 start (commit 097dcb79be61b762dd0db385e2ec4e52c698b56b)
21:44:54 suite: component regressions: 50/50 pass
21:45:10 bench: 12 / 13 bench checks pass
21:45:25 rig: 4 / 6 rig checks pass
21:45:33 rig old comparators done
21:45:33 phase 1 parallel done (      72 jobs)
21:46:12 low-flexion sensitivity done
21:46:13 G0 v2k: exit 1
21:52:05 G1 k 0 v2k: 313 lines
21:56:25 G1 k 0.13 v2k: 313 lines
22:00:59 sweep v2k done
22:05:25 sweep old done
22:10:16 G2 k 0 v2k done
22:15:08 G2 k 0.13 v2k done
22:20:57 G3 v2k_k0 done
22:26:29 G3 v2k_k013 done
22:31:53 G2 E1a cfg done
22:37:54 G3 E1a cfg done
22:42:17 deep sensitivity deepdelta150-4 done
22:43:43 phase 1 parallel (after gates, 4 at a time) done:       24 ctrl,       48 yaw
22:45:14 deep sensitivity deepdelta1505 done
22:47:37 deep sensitivity deepdelta15010 done
22:50:08 deep sensitivity deepwidth1500.6 done
22:52:58 deep sensitivity deepwidth1500.3 done
22:52:58 ALL DONE
